[     944ms] TypeError: Cannot redefine property: webdriver
    at Object.defineProperty (<anonymous>)
    at <anonymous>:4:12
    at <anonymous>:19:5
    at <anonymous>:20:7
[     945ms] TypeError: Cannot redefine property: webdriver
    at Object.defineProperty (<anonymous>)
    at <anonymous>:4:12
    at <anonymous>:19:5
    at <anonymous>:20:7
[    1734ms] TypeError: Failed to execute 'sendBeacon' on 'Navigator': 1 argument required, but only 0 present.
    at https://bot.sannysoft.com/:157:40
[    1735ms] TypeError: Failed to execute 'getUserMedia' on 'Navigator': 3 arguments required, but only 0 present.
    at https://bot.sannysoft.com/:205:40
[    1741ms] TypeError: Cannot redefine property: webdriver
    at Object.defineProperty (<anonymous>)
    at <anonymous>:4:12
    at <anonymous>:19:5
    at <anonymous>:20:7
[    1742ms] TypeError: Cannot redefine property: webdriver
    at Object.defineProperty (<anonymous>)
    at <anonymous>:4:12
    at <anonymous>:19:5
    at <anonymous>:20:7
[    1785ms] TypeError: Cannot redefine property: webdriver
    at Object.defineProperty (<anonymous>)
    at <anonymous>:4:12
    at <anonymous>:19:5
    at <anonymous>:20:7
[    1786ms] TypeError: Cannot redefine property: webdriver
    at Object.defineProperty (<anonymous>)
    at <anonymous>:4:12
    at <anonymous>:19:5
    at <anonymous>:20:7
[    1791ms] TypeError: Cannot redefine property: webdriver
    at Object.defineProperty (<anonymous>)
    at <anonymous>:4:12
    at <anonymous>:19:5
    at <anonymous>:20:7
[    1791ms] TypeError: Cannot redefine property: webdriver
    at Object.defineProperty (<anonymous>)
    at <anonymous>:4:12
    at <anonymous>:19:5
    at <anonymous>:20:7
[    1819ms] TypeError: Cannot redefine property: webdriver
    at Object.defineProperty (<anonymous>)
    at <anonymous>:4:12
    at <anonymous>:19:5
    at <anonymous>:20:7
[    1821ms] TypeError: Cannot redefine property: webdriver
    at Object.defineProperty (<anonymous>)
    at <anonymous>:4:12
    at <anonymous>:19:5
    at <anonymous>:20:7
[    1911ms] TypeError: Cannot redefine property: webdriver
    at Object.defineProperty (<anonymous>)
    at <anonymous>:4:12
    at <anonymous>:19:5
    at <anonymous>:20:7
[    1913ms] TypeError: Cannot redefine property: webdriver
    at Object.defineProperty (<anonymous>)
    at <anonymous>:4:12
    at <anonymous>:19:5
    at <anonymous>:20:7
[    1919ms] TypeError: Cannot redefine property: webdriver
    at Object.defineProperty (<anonymous>)
    at <anonymous>:4:12
    at <anonymous>:19:5
    at <anonymous>:20:7
[    1921ms] TypeError: Cannot redefine property: webdriver
    at Object.defineProperty (<anonymous>)
    at <anonymous>:4:12
    at <anonymous>:19:5
    at <anonymous>:20:7
[    2455ms] [ERROR] WebSocket connection to 'wss://bot.sannysoft.com/itsgonnafail' failed: Error during WebSocket handshake: Unexpected response code: 404 @ https://bot.sannysoft.com/fpCollect.min.js:272
[    4177ms] [ERROR] Failed to load resource: the server responded with a status of 404 () @ https://bot.sannysoft.com/favicon.ico:0
