[       1ms] TypeError: Cannot redefine property: languages
    at Object.defineProperty (<anonymous>)
    at <anonymous>:28:12
    at <anonymous>:46:5
    at <anonymous>:47:7
[    1060ms] TypeError: Cannot redefine property: languages
    at Object.defineProperty (<anonymous>)
    at <anonymous>:28:12
    at <anonymous>:46:5
    at <anonymous>:47:7
[    1066ms] TypeError: Cannot redefine property: languages
    at Object.defineProperty (<anonymous>)
    at <anonymous>:28:12
    at <anonymous>:46:5
    at <anonymous>:47:7
[    1070ms] TypeError: Cannot redefine property: languages
    at Object.defineProperty (<anonymous>)
    at <anonymous>:28:12
    at <anonymous>:46:5
    at <anonymous>:47:7
[   37125ms] TypeError: Cannot redefine property: languages
    at Object.defineProperty (<anonymous>)
    at <anonymous>:28:12
    at <anonymous>:46:5
    at <anonymous>:47:7
[   37127ms] TypeError: Cannot redefine property: languages
    at Object.defineProperty (<anonymous>)
    at <anonymous>:28:12
    at <anonymous>:46:5
    at <anonymous>:47:7
[   37130ms] TypeError: Cannot redefine property: languages
    at Object.defineProperty (<anonymous>)
    at <anonymous>:28:12
    at <anonymous>:46:5
    at <anonymous>:47:7
[   37189ms] TypeError: Cannot redefine property: languages
    at Object.defineProperty (<anonymous>)
    at <anonymous>:28:12
    at <anonymous>:46:5
    at <anonymous>:47:7
    at eval (eval at <anonymous> (https://www.google.com/search?q=latest+AI+news&sca_esv=5e05885409c385ba&source=hp&ei=H-xoavqRCJyXwcsPzMPd0A8&iflsig=ABILxe8AAAAAamj6L9Q51SQpmqdKvX3fogpTPkkwnR_s&ved=0ahUKEwi6nbjn9_WVAxWcS3ADHcxhF_oQ4dUDCB4&uact=5&oq=latest+AI+news&gs_lp=Egdnd3Mtd2l6Ig5sYXRlc3QgQUkgbmV3c0gnUABYAHAAeACQAQCYAQCgAQCqAQC4AQPIAQD4AQGYAgCgAgCYAwCSBwCgBwCyBwC4BwDCBwDIBwCACAE&sclient=gws-wiz:2:451), <anonymous>:7606:22778)
    at Y$ (eval at <anonymous> (https://www.google.com/search?q=latest+AI+news&sca_esv=5e05885409c385ba&source=hp&ei=H-xoavqRCJyXwcsPzMPd0A8&iflsig=ABILxe8AAAAAamj6L9Q51SQpmqdKvX3fogpTPkkwnR_s&ved=0ahUKEwi6nbjn9_WVAxWcS3ADHcxhF_oQ4dUDCB4&uact=5&oq=latest+AI+news&gs_lp=Egdnd3Mtd2l6Ig5sYXRlc3QgQUkgbmV3c0gnUABYAHAAeACQAQCYAQCgAQCqAQC4AQPIAQD4AQGYAgCgAgCYAwCSBwCgBwCyBwC4BwDCBwDIBwCACAE&sclient=gws-wiz:2:451), <anonymous>:7606:40144)
    at D.eval [as h] (eval at <anonymous> (https://www.google.com/search?q=latest+AI+news&sca_esv=5e05885409c385ba&source=hp&ei=H-xoavqRCJyXwcsPzMPd0A8&iflsig=ABILxe8AAAAAamj6L9Q51SQpmqdKvX3fogpTPkkwnR_s&ved=0ahUKEwi6nbjn9_WVAxWcS3ADHcxhF_oQ4dUDCB4&uact=5&oq=latest+AI+news&gs_lp=Egdnd3Mtd2l6Ig5sYXRlc3QgQUkgbmV3c0gnUABYAHAAeACQAQCYAQCgAQCqAQC4AQPIAQD4AQGYAgCgAgCYAwCSBwCgBwCyBwC4BwDCBwDIBwCACAE&sclient=gws-wiz:2:451), <anonymous>:7606:56895)
    at uH (eval at <anonymous> (https://www.google.com/search?q=latest+AI+news&sca_esv=5e05885409c385ba&source=hp&ei=H-xoavqRCJyXwcsPzMPd0A8&iflsig=ABILxe8AAAAAamj6L9Q51SQpmqdKvX3fogpTPkkwnR_s&ved=0ahUKEwi6nbjn9_WVAxWcS3ADHcxhF_oQ4dUDCB4&uact=5&oq=latest+AI+news&gs_lp=Egdnd3Mtd2l6Ig5sYXRlc3QgQUkgbmV3c0gnUABYAHAAeACQAQCYAQCgAQCqAQC4AQPIAQD4AQGYAgCgAgCYAwCSBwCgBwCyBwC4BwDCBwDIBwCACAE&sclient=gws-wiz:2:451), <anonymous>:7606:27340)
    at da (eval at <anonymous> (https://www.google.com/search?q=latest+AI+news&sca_esv=5e05885409c385ba&source=hp&ei=H-xoavqRCJyXwcsPzMPd0A8&iflsig=ABILxe8AAAAAamj6L9Q51SQpmqdKvX3fogpTPkkwnR_s&ved=0ahUKEwi6nbjn9_WVAxWcS3ADHcxhF_oQ4dUDCB4&uact=5&oq=latest+AI+news&gs_lp=Egdnd3Mtd2l6Ig5sYXRlc3QgQUkgbmV3c0gnUABYAHAAeACQAQCYAQCgAQCqAQC4AQPIAQD4AQGYAgCgAgCYAwCSBwCgBwCyBwC4BwDCBwDIBwCACAE&sclient=gws-wiz:2:451), <anonymous>:7606:4396)
    at A (eval at <anonymous> (https://www.google.com/search?q=latest+AI+news&sca_esv=5e05885409c385ba&source=hp&ei=H-xoavqRCJyXwcsPzMPd0A8&iflsig=ABILxe8AAAAAamj6L9Q51SQpmqdKvX3fogpTPkkwnR_s&ved=0ahUKEwi6nbjn9_WVAxWcS3ADHcxhF_oQ4dUDCB4&uact=5&oq=latest+AI+news&gs_lp=Egdnd3Mtd2l6Ig5sYXRlc3QgQUkgbmV3c0gnUABYAHAAeACQAQCYAQCgAQCqAQC4AQPIAQD4AQGYAgCgAgCYAwCSBwCgBwCyBwC4BwDCBwDIBwCACAE&sclient=gws-wiz:2:451), <anonymous>:7606:14442)
[   37191ms] TypeError: Cannot redefine property: languages
    at Object.defineProperty (<anonymous>)
    at <anonymous>:28:12
    at <anonymous>:46:5
    at <anonymous>:47:7
    at eval (eval at <anonymous> (https://www.google.com/search?q=latest+AI+news&sca_esv=5e05885409c385ba&source=hp&ei=H-xoavqRCJyXwcsPzMPd0A8&iflsig=ABILxe8AAAAAamj6L9Q51SQpmqdKvX3fogpTPkkwnR_s&ved=0ahUKEwi6nbjn9_WVAxWcS3ADHcxhF_oQ4dUDCB4&uact=5&oq=latest+AI+news&gs_lp=Egdnd3Mtd2l6Ig5sYXRlc3QgQUkgbmV3c0gnUABYAHAAeACQAQCYAQCgAQCqAQC4AQPIAQD4AQGYAgCgAgCYAwCSBwCgBwCyBwC4BwDCBwDIBwCACAE&sclient=gws-wiz:2:451), <anonymous>:7606:22778)
    at Y$ (eval at <anonymous> (https://www.google.com/search?q=latest+AI+news&sca_esv=5e05885409c385ba&source=hp&ei=H-xoavqRCJyXwcsPzMPd0A8&iflsig=ABILxe8AAAAAamj6L9Q51SQpmqdKvX3fogpTPkkwnR_s&ved=0ahUKEwi6nbjn9_WVAxWcS3ADHcxhF_oQ4dUDCB4&uact=5&oq=latest+AI+news&gs_lp=Egdnd3Mtd2l6Ig5sYXRlc3QgQUkgbmV3c0gnUABYAHAAeACQAQCYAQCgAQCqAQC4AQPIAQD4AQGYAgCgAgCYAwCSBwCgBwCyBwC4BwDCBwDIBwCACAE&sclient=gws-wiz:2:451), <anonymous>:7606:40144)
    at D.eval [as h] (eval at <anonymous> (https://www.google.com/search?q=latest+AI+news&sca_esv=5e05885409c385ba&source=hp&ei=H-xoavqRCJyXwcsPzMPd0A8&iflsig=ABILxe8AAAAAamj6L9Q51SQpmqdKvX3fogpTPkkwnR_s&ved=0ahUKEwi6nbjn9_WVAxWcS3ADHcxhF_oQ4dUDCB4&uact=5&oq=latest+AI+news&gs_lp=Egdnd3Mtd2l6Ig5sYXRlc3QgQUkgbmV3c0gnUABYAHAAeACQAQCYAQCgAQCqAQC4AQPIAQD4AQGYAgCgAgCYAwCSBwCgBwCyBwC4BwDCBwDIBwCACAE&sclient=gws-wiz:2:451), <anonymous>:7606:56895)
    at uH (eval at <anonymous> (https://www.google.com/search?q=latest+AI+news&sca_esv=5e05885409c385ba&source=hp&ei=H-xoavqRCJyXwcsPzMPd0A8&iflsig=ABILxe8AAAAAamj6L9Q51SQpmqdKvX3fogpTPkkwnR_s&ved=0ahUKEwi6nbjn9_WVAxWcS3ADHcxhF_oQ4dUDCB4&uact=5&oq=latest+AI+news&gs_lp=Egdnd3Mtd2l6Ig5sYXRlc3QgQUkgbmV3c0gnUABYAHAAeACQAQCYAQCgAQCqAQC4AQPIAQD4AQGYAgCgAgCYAwCSBwCgBwCyBwC4BwDCBwDIBwCACAE&sclient=gws-wiz:2:451), <anonymous>:7606:27340)
    at da (eval at <anonymous> (https://www.google.com/search?q=latest+AI+news&sca_esv=5e05885409c385ba&source=hp&ei=H-xoavqRCJyXwcsPzMPd0A8&iflsig=ABILxe8AAAAAamj6L9Q51SQpmqdKvX3fogpTPkkwnR_s&ved=0ahUKEwi6nbjn9_WVAxWcS3ADHcxhF_oQ4dUDCB4&uact=5&oq=latest+AI+news&gs_lp=Egdnd3Mtd2l6Ig5sYXRlc3QgQUkgbmV3c0gnUABYAHAAeACQAQCYAQCgAQCqAQC4AQPIAQD4AQGYAgCgAgCYAwCSBwCgBwCyBwC4BwDCBwDIBwCACAE&sclient=gws-wiz:2:451), <anonymous>:7606:4396)
    at A (eval at <anonymous> (https://www.google.com/search?q=latest+AI+news&sca_esv=5e05885409c385ba&source=hp&ei=H-xoavqRCJyXwcsPzMPd0A8&iflsig=ABILxe8AAAAAamj6L9Q51SQpmqdKvX3fogpTPkkwnR_s&ved=0ahUKEwi6nbjn9_WVAxWcS3ADHcxhF_oQ4dUDCB4&uact=5&oq=latest+AI+news&gs_lp=Egdnd3Mtd2l6Ig5sYXRlc3QgQUkgbmV3c0gnUABYAHAAeACQAQCYAQCgAQCqAQC4AQPIAQD4AQGYAgCgAgCYAwCSBwCgBwCyBwC4BwDCBwDIBwCACAE&sclient=gws-wiz:2:451), <anonymous>:7606:14442)
[   37193ms] TypeError: Cannot redefine property: languages
    at Object.defineProperty (<anonymous>)
    at <anonymous>:28:12
    at <anonymous>:46:5
    at <anonymous>:47:7
    at eval (eval at <anonymous> (https://www.google.com/search?q=latest+AI+news&sca_esv=5e05885409c385ba&source=hp&ei=H-xoavqRCJyXwcsPzMPd0A8&iflsig=ABILxe8AAAAAamj6L9Q51SQpmqdKvX3fogpTPkkwnR_s&ved=0ahUKEwi6nbjn9_WVAxWcS3ADHcxhF_oQ4dUDCB4&uact=5&oq=latest+AI+news&gs_lp=Egdnd3Mtd2l6Ig5sYXRlc3QgQUkgbmV3c0gnUABYAHAAeACQAQCYAQCgAQCqAQC4AQPIAQD4AQGYAgCgAgCYAwCSBwCgBwCyBwC4BwDCBwDIBwCACAE&sclient=gws-wiz:2:451), <anonymous>:7606:22778)
    at Y$ (eval at <anonymous> (https://www.google.com/search?q=latest+AI+news&sca_esv=5e05885409c385ba&source=hp&ei=H-xoavqRCJyXwcsPzMPd0A8&iflsig=ABILxe8AAAAAamj6L9Q51SQpmqdKvX3fogpTPkkwnR_s&ved=0ahUKEwi6nbjn9_WVAxWcS3ADHcxhF_oQ4dUDCB4&uact=5&oq=latest+AI+news&gs_lp=Egdnd3Mtd2l6Ig5sYXRlc3QgQUkgbmV3c0gnUABYAHAAeACQAQCYAQCgAQCqAQC4AQPIAQD4AQGYAgCgAgCYAwCSBwCgBwCyBwC4BwDCBwDIBwCACAE&sclient=gws-wiz:2:451), <anonymous>:7606:40144)
    at D.eval [as h] (eval at <anonymous> (https://www.google.com/search?q=latest+AI+news&sca_esv=5e05885409c385ba&source=hp&ei=H-xoavqRCJyXwcsPzMPd0A8&iflsig=ABILxe8AAAAAamj6L9Q51SQpmqdKvX3fogpTPkkwnR_s&ved=0ahUKEwi6nbjn9_WVAxWcS3ADHcxhF_oQ4dUDCB4&uact=5&oq=latest+AI+news&gs_lp=Egdnd3Mtd2l6Ig5sYXRlc3QgQUkgbmV3c0gnUABYAHAAeACQAQCYAQCgAQCqAQC4AQPIAQD4AQGYAgCgAgCYAwCSBwCgBwCyBwC4BwDCBwDIBwCACAE&sclient=gws-wiz:2:451), <anonymous>:7606:56895)
    at uH (eval at <anonymous> (https://www.google.com/search?q=latest+AI+news&sca_esv=5e05885409c385ba&source=hp&ei=H-xoavqRCJyXwcsPzMPd0A8&iflsig=ABILxe8AAAAAamj6L9Q51SQpmqdKvX3fogpTPkkwnR_s&ved=0ahUKEwi6nbjn9_WVAxWcS3ADHcxhF_oQ4dUDCB4&uact=5&oq=latest+AI+news&gs_lp=Egdnd3Mtd2l6Ig5sYXRlc3QgQUkgbmV3c0gnUABYAHAAeACQAQCYAQCgAQCqAQC4AQPIAQD4AQGYAgCgAgCYAwCSBwCgBwCyBwC4BwDCBwDIBwCACAE&sclient=gws-wiz:2:451), <anonymous>:7606:27340)
    at da (eval at <anonymous> (https://www.google.com/search?q=latest+AI+news&sca_esv=5e05885409c385ba&source=hp&ei=H-xoavqRCJyXwcsPzMPd0A8&iflsig=ABILxe8AAAAAamj6L9Q51SQpmqdKvX3fogpTPkkwnR_s&ved=0ahUKEwi6nbjn9_WVAxWcS3ADHcxhF_oQ4dUDCB4&uact=5&oq=latest+AI+news&gs_lp=Egdnd3Mtd2l6Ig5sYXRlc3QgQUkgbmV3c0gnUABYAHAAeACQAQCYAQCgAQCqAQC4AQPIAQD4AQGYAgCgAgCYAwCSBwCgBwCyBwC4BwDCBwDIBwCACAE&sclient=gws-wiz:2:451), <anonymous>:7606:4396)
    at A (eval at <anonymous> (https://www.google.com/search?q=latest+AI+news&sca_esv=5e05885409c385ba&source=hp&ei=H-xoavqRCJyXwcsPzMPd0A8&iflsig=ABILxe8AAAAAamj6L9Q51SQpmqdKvX3fogpTPkkwnR_s&ved=0ahUKEwi6nbjn9_WVAxWcS3ADHcxhF_oQ4dUDCB4&uact=5&oq=latest+AI+news&gs_lp=Egdnd3Mtd2l6Ig5sYXRlc3QgQUkgbmV3c0gnUABYAHAAeACQAQCYAQCgAQCqAQC4AQPIAQD4AQGYAgCgAgCYAwCSBwCgBwCyBwC4BwDCBwDIBwCACAE&sclient=gws-wiz:2:451), <anonymous>:7606:14442)
[   37953ms] [ERROR] Failed to load resource: the server responded with a status of 429 () @ https://www.google.com/sorry/index?continue=https://www.google.com/search%3Fq%3Dlatest%2BAI%2Bnews%26sca_esv%3D5e05885409c385ba%26source%3Dhp%26ei%3DH-xoavqRCJyXwcsPzMPd0A8%26iflsig%3DABILxe8AAAAAamj6L9Q51SQpmqdKvX3fogpTPkkwnR_s%26ved%3D0ahUKEwi6nbjn9_WVAxWcS3ADHcxhF_oQ4dUDCB4%26uact%3D5%26oq%3Dlatest%2BAI%2Bnews%26gs_lp%3DEgdnd3Mtd2l6Ig5sYXRlc3QgQUkgbmV3c0gnUABYAHAAeACQAQCYAQCgAQCqAQC4AQPIAQD4AQGYAgCgAgCYAwCSBwCgBwCyBwC4BwDCBwDIBwCACAE%26sclient%3Dgws-wiz%26sei%3DQ-xoatHUFYeR4-EPhci5wQc&q=EhAkCUDlEBeGZLDW9JTGF8yJGMPYo9MGIjCnuxUk5N1Rq7iK7CYZLxQypi5nKlbpfx9bJYRgqO9EKQVaTmi5NCTrt-SOV13toNcyAVJaAUM:0
[   37970ms] TypeError: Cannot redefine property: languages
    at Object.defineProperty (<anonymous>)
    at <anonymous>:28:12
    at <anonymous>:46:5
    at <anonymous>:47:7
[   37972ms] TypeError: Cannot redefine property: languages
    at Object.defineProperty (<anonymous>)
    at <anonymous>:28:12
    at <anonymous>:46:5
    at <anonymous>:47:7
[   37974ms] TypeError: Cannot redefine property: languages
    at Object.defineProperty (<anonymous>)
    at <anonymous>:28:12
    at <anonymous>:46:5
    at <anonymous>:47:7
[   38853ms] TypeError: Cannot redefine property: languages
    at Object.defineProperty (<anonymous>)
    at <anonymous>:28:12
    at <anonymous>:46:5
    at <anonymous>:47:7
[   38853ms] TypeError: Cannot redefine property: languages
    at Object.defineProperty (<anonymous>)
    at <anonymous>:28:12
    at <anonymous>:46:5
    at <anonymous>:47:7
[   38856ms] TypeError: Cannot redefine property: languages
    at Object.defineProperty (<anonymous>)
    at <anonymous>:28:12
    at <anonymous>:46:5
    at <anonymous>:47:7
[   39007ms] [WARNING] An iframe which has both allow-scripts and allow-same-origin for its sandbox attribute can escape its sandboxing. @ https://www.google.com/recaptcha/enterprise/anchor?ar=1&k=6LdLLIMbAAAAAIl-KLj9p1ePhM-4LCCDbjtJLqRO&co=aHR0cHM6Ly93d3cuZ29vZ2xlLmNvbTo0NDM.&hl=en&v=A7KpaEASfhDcK0nXxgQEyyYv&size=normal&s=X_PIfPNdquy20vfmeeGz8hC1eAYRnQOnmsh5yB7Xe2Utw48MT1fMp7jO22QfI11La37OKtyagJKT5I-3wFlQOy0J735g8ZEsj_-0w89wRLEBIeb3ljiR_GGy_amXcuHfjeM4y1JOSIC5nZu6s7fy5oxueiTFpjPegfvHXFgYZNkNn1nI3hqjcplydcWX8nQaVI1DyWaeus4PpXEVtahNR2mALwbVB1FmZec0sUsfZtrEXB6s2dXhGvKTOZQlpQFbpk00aXD2wJV5OZQiN36h5kcgEZeCUJE&anchor-ms=20000&execute-ms=30000&cb=6sd8csbkuuxc:0
[   39238ms] TypeError: Cannot redefine property: languages
    at Object.defineProperty (<anonymous>)
    at <anonymous>:28:12
    at <anonymous>:46:5
    at <anonymous>:47:7
    at Array.<anonymous> (https://www.gstatic.com/recaptcha/releases/A7KpaEASfhDcK0nXxgQEyyYv/recaptcha__en.js:371:62)
    at Array.<anonymous> (https://www.gstatic.com/recaptcha/releases/A7KpaEASfhDcK0nXxgQEyyYv/recaptcha__en.js:374:399)
    at aN.M (https://www.gstatic.com/recaptcha/releases/A7KpaEASfhDcK0nXxgQEyyYv/recaptcha__en.js:118:303)
    at Array.<anonymous> (https://www.gstatic.com/recaptcha/releases/A7KpaEASfhDcK0nXxgQEyyYv/recaptcha__en.js:233:151)
    at B.next (https://www.gstatic.com/recaptcha/releases/A7KpaEASfhDcK0nXxgQEyyYv/recaptcha__en.js:799:238)
    at https://www.gstatic.com/recaptcha/releases/A7KpaEASfhDcK0nXxgQEyyYv/recaptcha__en.js:133:18
[   39238ms] TypeError: Cannot redefine property: languages
    at Object.defineProperty (<anonymous>)
    at <anonymous>:28:12
    at <anonymous>:46:5
    at <anonymous>:47:7
    at Array.<anonymous> (https://www.gstatic.com/recaptcha/releases/A7KpaEASfhDcK0nXxgQEyyYv/recaptcha__en.js:371:62)
    at Array.<anonymous> (https://www.gstatic.com/recaptcha/releases/A7KpaEASfhDcK0nXxgQEyyYv/recaptcha__en.js:374:399)
    at aN.M (https://www.gstatic.com/recaptcha/releases/A7KpaEASfhDcK0nXxgQEyyYv/recaptcha__en.js:118:303)
    at Array.<anonymous> (https://www.gstatic.com/recaptcha/releases/A7KpaEASfhDcK0nXxgQEyyYv/recaptcha__en.js:233:151)
    at B.next (https://www.gstatic.com/recaptcha/releases/A7KpaEASfhDcK0nXxgQEyyYv/recaptcha__en.js:799:238)
    at https://www.gstatic.com/recaptcha/releases/A7KpaEASfhDcK0nXxgQEyyYv/recaptcha__en.js:133:18
[   39240ms] TypeError: Cannot redefine property: languages
    at Object.defineProperty (<anonymous>)
    at <anonymous>:28:12
    at <anonymous>:46:5
    at <anonymous>:47:7
    at Array.<anonymous> (https://www.gstatic.com/recaptcha/releases/A7KpaEASfhDcK0nXxgQEyyYv/recaptcha__en.js:371:62)
    at Array.<anonymous> (https://www.gstatic.com/recaptcha/releases/A7KpaEASfhDcK0nXxgQEyyYv/recaptcha__en.js:374:399)
    at aN.M (https://www.gstatic.com/recaptcha/releases/A7KpaEASfhDcK0nXxgQEyyYv/recaptcha__en.js:118:303)
    at Array.<anonymous> (https://www.gstatic.com/recaptcha/releases/A7KpaEASfhDcK0nXxgQEyyYv/recaptcha__en.js:233:151)
    at B.next (https://www.gstatic.com/recaptcha/releases/A7KpaEASfhDcK0nXxgQEyyYv/recaptcha__en.js:799:238)
    at https://www.gstatic.com/recaptcha/releases/A7KpaEASfhDcK0nXxgQEyyYv/recaptcha__en.js:133:18
[   39446ms] ReferenceError: solveSimpleChallenge is not defined
    at onload (https://www.google.com/sorry/index?continue=https://www.google.com/search%3Fq%3Dlatest%2BAI%2Bnews%26sca_esv%3D5e05885409c385ba%26source%3Dhp%26ei%3DH-xoavqRCJyXwcsPzMPd0A8%26iflsig%3DABILxe8AAAAAamj6L9Q51SQpmqdKvX3fogpTPkkwnR_s%26ved%3D0ahUKEwi6nbjn9_WVAxWcS3ADHcxhF_oQ4dUDCB4%26uact%3D5%26oq%3Dlatest%2BAI%2Bnews%26gs_lp%3DEgdnd3Mtd2l6Ig5sYXRlc3QgQUkgbmV3c0gnUABYAHAAeACQAQCYAQCgAQCqAQC4AQPIAQD4AQGYAgCgAgCYAwCSBwCgBwCyBwC4BwDCBwDIBwCACAE%26sclient%3Dgws-wiz%26sei%3DQ-xoatHUFYeR4-EPhci5wQc&q=EhAkCUDlEBeGZLDW9JTGF8yJGMPYo9MGIjCnuxUk5N1Rq7iK7CYZLxQypi5nKlbpfx9bJYRgqO9EKQVaTmi5NCTrt-SOV13toNcyAVJaAUM:4:316)
