[     879ms] TypeError: Cannot redefine property: languages
    at Object.defineProperty (<anonymous>)
    at <anonymous>:28:12
    at <anonymous>:46:5
    at <anonymous>:47:7
[    4512ms] TypeError: Cannot redefine property: languages
    at Object.defineProperty (<anonymous>)
    at <anonymous>:28:12
    at <anonymous>:46:5
    at <anonymous>:47:7
[    4517ms] TypeError: Cannot redefine property: languages
    at Object.defineProperty (<anonymous>)
    at <anonymous>:28:12
    at <anonymous>:46:5
    at <anonymous>:47:7
[    5496ms] TypeError: Cannot redefine property: languages
    at Object.defineProperty (<anonymous>)
    at <anonymous>:28:12
    at <anonymous>:46:5
    at <anonymous>:47:7
[    5498ms] TypeError: Cannot redefine property: languages
    at Object.defineProperty (<anonymous>)
    at <anonymous>:28:12
    at <anonymous>:46:5
    at <anonymous>:47:7
[    5682ms] TypeError: Cannot redefine property: languages
    at Object.defineProperty (<anonymous>)
    at <anonymous>:28:12
    at <anonymous>:46:5
    at <anonymous>:47:7
[    5689ms] TypeError: Cannot redefine property: languages
    at Object.defineProperty (<anonymous>)
    at <anonymous>:28:12
    at <anonymous>:46:5
    at <anonymous>:47:7
[   16684ms] [INFO] Slow network is detected. See https://www.chromestatus.com/feature/5636954674692096 for more details. Fallback font will be used while loading: https://m.media-amazon.com/images/S/sash/pDxWAF1pBB0dzGB.woff2 @ https://m.media-amazon.com/images/I/61xJcNKKLXL.js?AUIClients/AmazonUIjQuery:198
[   16684ms] [INFO] Slow network is detected. See https://www.chromestatus.com/feature/5636954674692096 for more details. Fallback font will be used while loading: https://m.media-amazon.com/images/S/sash/KFPk-9IF4FqAqY-.woff2 @ https://m.media-amazon.com/images/I/61xJcNKKLXL.js?AUIClients/AmazonUIjQuery:198
[   16762ms] TypeError: Cannot redefine property: languages
    at Object.defineProperty (<anonymous>)
    at <anonymous>:28:12
    at <anonymous>:46:5
    at <anonymous>:47:7
[   16769ms] TypeError: Cannot redefine property: languages
    at Object.defineProperty (<anonymous>)
    at <anonymous>:28:12
    at <anonymous>:46:5
    at <anonymous>:47:7
[   17968ms] TypeError: Cannot redefine property: languages
    at Object.defineProperty (<anonymous>)
    at <anonymous>:28:12
    at <anonymous>:46:5
    at <anonymous>:47:7
[   17968ms] TypeError: Cannot redefine property: languages
    at Object.defineProperty (<anonymous>)
    at <anonymous>:28:12
    at <anonymous>:46:5
    at <anonymous>:47:7
[   20898ms] TypeError: Cannot redefine property: languages
    at Object.defineProperty (<anonymous>)
    at <anonymous>:28:12
    at <anonymous>:46:5
    at <anonymous>:47:7
[   20900ms] TypeError: Cannot redefine property: languages
    at Object.defineProperty (<anonymous>)
    at <anonymous>:28:12
    at <anonymous>:46:5
    at <anonymous>:47:7
[   22369ms] [INFO] Slow network is detected. See https://www.chromestatus.com/feature/5636954674692096 for more details. Fallback font will be used while loading: https://m.media-amazon.com/images/S/sash/Dv1WQ5DdeMS5qP7.woff2 @ https://m.media-amazon.com/images/I/11I0WXrZVoL._RC%7C61xJcNKKLXL.js,11Y+5x+kkTL.js,51DFoGfFeXL.js,115zbyk371L.js,11GgN1+C7hL.js,01+z+uIeJ-L.js,01VRMV3FBdL.js,21NadQlXUWL.js,01vRf9id2EL.js,31on-La90vL.js,11a7qqY8xXL.js,11PZSUl3FLL.js,51C4kaFbiAL.js,11FhdH2HZwL.js,11wb9K3sw0L.js,11BrgrMAHUL.js,11GPhx42StL.js,21F6z4HaEVL.js,01Svfxfy8OL.js,61lbT4bHNWL.js,01ikBbTAneL.js,31xywoXPfpL.js,01qXJuwGmxL.js,01WlsjNmqIL.js,11F929pmpYL.js,31Zn4S+IOkL.js,01rpauTep4L.js,31rqCOnXDNL.js,011FfPwYqHL.js,21P5VvHf-XL.js,01-E15R8CKL.js,21kN0q4IA-L.js,01VvIkYCafL.js,11vb6P5C5AL.js,01+2Aw8C0FL.js_.js?AUIClients/AmazonUI:388
[   22369ms] [INFO] Slow network is detected. See https://www.chromestatus.com/feature/5636954674692096 for more details. Fallback font will be used while loading: https://m.media-amazon.com/images/S/sash/VjTR4RqBzY0mUYx.woff2 @ https://m.media-amazon.com/images/I/11I0WXrZVoL._RC%7C61xJcNKKLXL.js,11Y+5x+kkTL.js,51DFoGfFeXL.js,115zbyk371L.js,11GgN1+C7hL.js,01+z+uIeJ-L.js,01VRMV3FBdL.js,21NadQlXUWL.js,01vRf9id2EL.js,31on-La90vL.js,11a7qqY8xXL.js,11PZSUl3FLL.js,51C4kaFbiAL.js,11FhdH2HZwL.js,11wb9K3sw0L.js,11BrgrMAHUL.js,11GPhx42StL.js,21F6z4HaEVL.js,01Svfxfy8OL.js,61lbT4bHNWL.js,01ikBbTAneL.js,31xywoXPfpL.js,01qXJuwGmxL.js,01WlsjNmqIL.js,11F929pmpYL.js,31Zn4S+IOkL.js,01rpauTep4L.js,31rqCOnXDNL.js,011FfPwYqHL.js,21P5VvHf-XL.js,01-E15R8CKL.js,21kN0q4IA-L.js,01VvIkYCafL.js,11vb6P5C5AL.js,01+2Aw8C0FL.js_.js?AUIClients/AmazonUI:388
[   22370ms] [INFO] Slow network is detected. See https://www.chromestatus.com/feature/5636954674692096 for more details. Fallback font will be used while loading: https://m.media-amazon.com/images/S/sash/WOnTLzkiaEccV7F.woff2 @ https://m.media-amazon.com/images/I/11I0WXrZVoL._RC%7C61xJcNKKLXL.js,11Y+5x+kkTL.js,51DFoGfFeXL.js,115zbyk371L.js,11GgN1+C7hL.js,01+z+uIeJ-L.js,01VRMV3FBdL.js,21NadQlXUWL.js,01vRf9id2EL.js,31on-La90vL.js,11a7qqY8xXL.js,11PZSUl3FLL.js,51C4kaFbiAL.js,11FhdH2HZwL.js,11wb9K3sw0L.js,11BrgrMAHUL.js,11GPhx42StL.js,21F6z4HaEVL.js,01Svfxfy8OL.js,61lbT4bHNWL.js,01ikBbTAneL.js,31xywoXPfpL.js,01qXJuwGmxL.js,01WlsjNmqIL.js,11F929pmpYL.js,31Zn4S+IOkL.js,01rpauTep4L.js,31rqCOnXDNL.js,011FfPwYqHL.js,21P5VvHf-XL.js,01-E15R8CKL.js,21kN0q4IA-L.js,01VvIkYCafL.js,11vb6P5C5AL.js,01+2Aw8C0FL.js_.js?AUIClients/AmazonUI:388
[   22371ms] [INFO] Slow network is detected. See https://www.chromestatus.com/feature/5636954674692096 for more details. Fallback font will be used while loading: https://m.media-amazon.com/images/S/sash/2SazJx$EeTHfhMN.woff2 @ https://m.media-amazon.com/images/I/11I0WXrZVoL._RC%7C61xJcNKKLXL.js,11Y+5x+kkTL.js,51DFoGfFeXL.js,115zbyk371L.js,11GgN1+C7hL.js,01+z+uIeJ-L.js,01VRMV3FBdL.js,21NadQlXUWL.js,01vRf9id2EL.js,31on-La90vL.js,11a7qqY8xXL.js,11PZSUl3FLL.js,51C4kaFbiAL.js,11FhdH2HZwL.js,11wb9K3sw0L.js,11BrgrMAHUL.js,11GPhx42StL.js,21F6z4HaEVL.js,01Svfxfy8OL.js,61lbT4bHNWL.js,01ikBbTAneL.js,31xywoXPfpL.js,01qXJuwGmxL.js,01WlsjNmqIL.js,11F929pmpYL.js,31Zn4S+IOkL.js,01rpauTep4L.js,31rqCOnXDNL.js,011FfPwYqHL.js,21P5VvHf-XL.js,01-E15R8CKL.js,21kN0q4IA-L.js,01VvIkYCafL.js,11vb6P5C5AL.js,01+2Aw8C0FL.js_.js?AUIClients/AmazonUI:388
[   22371ms] [INFO] Slow network is detected. See https://www.chromestatus.com/feature/5636954674692096 for more details. Fallback font will be used while loading: https://m.media-amazon.com/images/S/sash/ozb5-CLHQWI6Soc.woff2 @ https://m.media-amazon.com/images/I/11I0WXrZVoL._RC%7C61xJcNKKLXL.js,11Y+5x+kkTL.js,51DFoGfFeXL.js,115zbyk371L.js,11GgN1+C7hL.js,01+z+uIeJ-L.js,01VRMV3FBdL.js,21NadQlXUWL.js,01vRf9id2EL.js,31on-La90vL.js,11a7qqY8xXL.js,11PZSUl3FLL.js,51C4kaFbiAL.js,11FhdH2HZwL.js,11wb9K3sw0L.js,11BrgrMAHUL.js,11GPhx42StL.js,21F6z4HaEVL.js,01Svfxfy8OL.js,61lbT4bHNWL.js,01ikBbTAneL.js,31xywoXPfpL.js,01qXJuwGmxL.js,01WlsjNmqIL.js,11F929pmpYL.js,31Zn4S+IOkL.js,01rpauTep4L.js,31rqCOnXDNL.js,011FfPwYqHL.js,21P5VvHf-XL.js,01-E15R8CKL.js,21kN0q4IA-L.js,01VvIkYCafL.js,11vb6P5C5AL.js,01+2Aw8C0FL.js_.js?AUIClients/AmazonUI:388
[   22371ms] [INFO] Slow network is detected. See https://www.chromestatus.com/feature/5636954674692096 for more details. Fallback font will be used while loading: https://m.media-amazon.com/images/S/sash/KwhNPG8Jz-Vz2X7.woff2 @ https://m.media-amazon.com/images/I/11I0WXrZVoL._RC%7C61xJcNKKLXL.js,11Y+5x+kkTL.js,51DFoGfFeXL.js,115zbyk371L.js,11GgN1+C7hL.js,01+z+uIeJ-L.js,01VRMV3FBdL.js,21NadQlXUWL.js,01vRf9id2EL.js,31on-La90vL.js,11a7qqY8xXL.js,11PZSUl3FLL.js,51C4kaFbiAL.js,11FhdH2HZwL.js,11wb9K3sw0L.js,11BrgrMAHUL.js,11GPhx42StL.js,21F6z4HaEVL.js,01Svfxfy8OL.js,61lbT4bHNWL.js,01ikBbTAneL.js,31xywoXPfpL.js,01qXJuwGmxL.js,01WlsjNmqIL.js,11F929pmpYL.js,31Zn4S+IOkL.js,01rpauTep4L.js,31rqCOnXDNL.js,011FfPwYqHL.js,21P5VvHf-XL.js,01-E15R8CKL.js,21kN0q4IA-L.js,01VvIkYCafL.js,11vb6P5C5AL.js,01+2Aw8C0FL.js_.js?AUIClients/AmazonUI:388
[   22372ms] [INFO] Slow network is detected. See https://www.chromestatus.com/feature/5636954674692096 for more details. Fallback font will be used while loading: https://m.media-amazon.com/images/S/sash/lZemoC3awOEEzLR.woff2 @ https://m.media-amazon.com/images/I/11I0WXrZVoL._RC%7C61xJcNKKLXL.js,11Y+5x+kkTL.js,51DFoGfFeXL.js,115zbyk371L.js,11GgN1+C7hL.js,01+z+uIeJ-L.js,01VRMV3FBdL.js,21NadQlXUWL.js,01vRf9id2EL.js,31on-La90vL.js,11a7qqY8xXL.js,11PZSUl3FLL.js,51C4kaFbiAL.js,11FhdH2HZwL.js,11wb9K3sw0L.js,11BrgrMAHUL.js,11GPhx42StL.js,21F6z4HaEVL.js,01Svfxfy8OL.js,61lbT4bHNWL.js,01ikBbTAneL.js,31xywoXPfpL.js,01qXJuwGmxL.js,01WlsjNmqIL.js,11F929pmpYL.js,31Zn4S+IOkL.js,01rpauTep4L.js,31rqCOnXDNL.js,011FfPwYqHL.js,21P5VvHf-XL.js,01-E15R8CKL.js,21kN0q4IA-L.js,01VvIkYCafL.js,11vb6P5C5AL.js,01+2Aw8C0FL.js_.js?AUIClients/AmazonUI:388
[   22372ms] [INFO] Slow network is detected. See https://www.chromestatus.com/feature/5636954674692096 for more details. Fallback font will be used while loading: https://m.media-amazon.com/images/S/sash/NvWNxKhmDbgI1lq.woff2 @ https://m.media-amazon.com/images/I/11I0WXrZVoL._RC%7C61xJcNKKLXL.js,11Y+5x+kkTL.js,51DFoGfFeXL.js,115zbyk371L.js,11GgN1+C7hL.js,01+z+uIeJ-L.js,01VRMV3FBdL.js,21NadQlXUWL.js,01vRf9id2EL.js,31on-La90vL.js,11a7qqY8xXL.js,11PZSUl3FLL.js,51C4kaFbiAL.js,11FhdH2HZwL.js,11wb9K3sw0L.js,11BrgrMAHUL.js,11GPhx42StL.js,21F6z4HaEVL.js,01Svfxfy8OL.js,61lbT4bHNWL.js,01ikBbTAneL.js,31xywoXPfpL.js,01qXJuwGmxL.js,01WlsjNmqIL.js,11F929pmpYL.js,31Zn4S+IOkL.js,01rpauTep4L.js,31rqCOnXDNL.js,011FfPwYqHL.js,21P5VvHf-XL.js,01-E15R8CKL.js,21kN0q4IA-L.js,01VvIkYCafL.js,11vb6P5C5AL.js,01+2Aw8C0FL.js_.js?AUIClients/AmazonUI:388
[   22372ms] [INFO] Slow network is detected. See https://www.chromestatus.com/feature/5636954674692096 for more details. Fallback font will be used while loading: https://m.media-amazon.com/images/S/sash/1Ep1kWVX5g73xrY.woff2 @ https://m.media-amazon.com/images/I/11I0WXrZVoL._RC%7C61xJcNKKLXL.js,11Y+5x+kkTL.js,51DFoGfFeXL.js,115zbyk371L.js,11GgN1+C7hL.js,01+z+uIeJ-L.js,01VRMV3FBdL.js,21NadQlXUWL.js,01vRf9id2EL.js,31on-La90vL.js,11a7qqY8xXL.js,11PZSUl3FLL.js,51C4kaFbiAL.js,11FhdH2HZwL.js,11wb9K3sw0L.js,11BrgrMAHUL.js,11GPhx42StL.js,21F6z4HaEVL.js,01Svfxfy8OL.js,61lbT4bHNWL.js,01ikBbTAneL.js,31xywoXPfpL.js,01qXJuwGmxL.js,01WlsjNmqIL.js,11F929pmpYL.js,31Zn4S+IOkL.js,01rpauTep4L.js,31rqCOnXDNL.js,011FfPwYqHL.js,21P5VvHf-XL.js,01-E15R8CKL.js,21kN0q4IA-L.js,01VvIkYCafL.js,11vb6P5C5AL.js,01+2Aw8C0FL.js_.js?AUIClients/AmazonUI:388
[   22373ms] [INFO] Slow network is detected. See https://www.chromestatus.com/feature/5636954674692096 for more details. Fallback font will be used while loading: https://m.media-amazon.com/images/S/sash/pnZF3$c0rgepEUt.woff2 @ https://m.media-amazon.com/images/I/11I0WXrZVoL._RC%7C61xJcNKKLXL.js,11Y+5x+kkTL.js,51DFoGfFeXL.js,115zbyk371L.js,11GgN1+C7hL.js,01+z+uIeJ-L.js,01VRMV3FBdL.js,21NadQlXUWL.js,01vRf9id2EL.js,31on-La90vL.js,11a7qqY8xXL.js,11PZSUl3FLL.js,51C4kaFbiAL.js,11FhdH2HZwL.js,11wb9K3sw0L.js,11BrgrMAHUL.js,11GPhx42StL.js,21F6z4HaEVL.js,01Svfxfy8OL.js,61lbT4bHNWL.js,01ikBbTAneL.js,31xywoXPfpL.js,01qXJuwGmxL.js,01WlsjNmqIL.js,11F929pmpYL.js,31Zn4S+IOkL.js,01rpauTep4L.js,31rqCOnXDNL.js,011FfPwYqHL.js,21P5VvHf-XL.js,01-E15R8CKL.js,21kN0q4IA-L.js,01VvIkYCafL.js,11vb6P5C5AL.js,01+2Aw8C0FL.js_.js?AUIClients/AmazonUI:388
[   22373ms] [INFO] Slow network is detected. See https://www.chromestatus.com/feature/5636954674692096 for more details. Fallback font will be used while loading: https://m.media-amazon.com/images/S/sash/Wdqa3S7nfGc3Naj.woff2 @ https://m.media-amazon.com/images/I/11I0WXrZVoL._RC%7C61xJcNKKLXL.js,11Y+5x+kkTL.js,51DFoGfFeXL.js,115zbyk371L.js,11GgN1+C7hL.js,01+z+uIeJ-L.js,01VRMV3FBdL.js,21NadQlXUWL.js,01vRf9id2EL.js,31on-La90vL.js,11a7qqY8xXL.js,11PZSUl3FLL.js,51C4kaFbiAL.js,11FhdH2HZwL.js,11wb9K3sw0L.js,11BrgrMAHUL.js,11GPhx42StL.js,21F6z4HaEVL.js,01Svfxfy8OL.js,61lbT4bHNWL.js,01ikBbTAneL.js,31xywoXPfpL.js,01qXJuwGmxL.js,01WlsjNmqIL.js,11F929pmpYL.js,31Zn4S+IOkL.js,01rpauTep4L.js,31rqCOnXDNL.js,011FfPwYqHL.js,21P5VvHf-XL.js,01-E15R8CKL.js,21kN0q4IA-L.js,01VvIkYCafL.js,11vb6P5C5AL.js,01+2Aw8C0FL.js_.js?AUIClients/AmazonUI:388
[   22374ms] [INFO] Slow network is detected. See https://www.chromestatus.com/feature/5636954674692096 for more details. Fallback font will be used while loading: https://m.media-amazon.com/images/S/sash/-w6hwcDxlefrOYI.woff2 @ https://m.media-amazon.com/images/I/11I0WXrZVoL._RC%7C61xJcNKKLXL.js,11Y+5x+kkTL.js,51DFoGfFeXL.js,115zbyk371L.js,11GgN1+C7hL.js,01+z+uIeJ-L.js,01VRMV3FBdL.js,21NadQlXUWL.js,01vRf9id2EL.js,31on-La90vL.js,11a7qqY8xXL.js,11PZSUl3FLL.js,51C4kaFbiAL.js,11FhdH2HZwL.js,11wb9K3sw0L.js,11BrgrMAHUL.js,11GPhx42StL.js,21F6z4HaEVL.js,01Svfxfy8OL.js,61lbT4bHNWL.js,01ikBbTAneL.js,31xywoXPfpL.js,01qXJuwGmxL.js,01WlsjNmqIL.js,11F929pmpYL.js,31Zn4S+IOkL.js,01rpauTep4L.js,31rqCOnXDNL.js,011FfPwYqHL.js,21P5VvHf-XL.js,01-E15R8CKL.js,21kN0q4IA-L.js,01VvIkYCafL.js,11vb6P5C5AL.js,01+2Aw8C0FL.js_.js?AUIClients/AmazonUI:388
[   22374ms] [INFO] Slow network is detected. See https://www.chromestatus.com/feature/5636954674692096 for more details. Fallback font will be used while loading: https://m.media-amazon.com/images/S/sash/gyrV-mLs7VcgiFC.woff2 @ https://m.media-amazon.com/images/I/11I0WXrZVoL._RC%7C61xJcNKKLXL.js,11Y+5x+kkTL.js,51DFoGfFeXL.js,115zbyk371L.js,11GgN1+C7hL.js,01+z+uIeJ-L.js,01VRMV3FBdL.js,21NadQlXUWL.js,01vRf9id2EL.js,31on-La90vL.js,11a7qqY8xXL.js,11PZSUl3FLL.js,51C4kaFbiAL.js,11FhdH2HZwL.js,11wb9K3sw0L.js,11BrgrMAHUL.js,11GPhx42StL.js,21F6z4HaEVL.js,01Svfxfy8OL.js,61lbT4bHNWL.js,01ikBbTAneL.js,31xywoXPfpL.js,01qXJuwGmxL.js,01WlsjNmqIL.js,11F929pmpYL.js,31Zn4S+IOkL.js,01rpauTep4L.js,31rqCOnXDNL.js,011FfPwYqHL.js,21P5VvHf-XL.js,01-E15R8CKL.js,21kN0q4IA-L.js,01VvIkYCafL.js,11vb6P5C5AL.js,01+2Aw8C0FL.js_.js?AUIClients/AmazonUI:388
[   22374ms] [INFO] Slow network is detected. See https://www.chromestatus.com/feature/5636954674692096 for more details. Fallback font will be used while loading: https://m.media-amazon.com/images/S/sash/8AuIu4whVB5EMoJ.woff2 @ https://m.media-amazon.com/images/I/11I0WXrZVoL._RC%7C61xJcNKKLXL.js,11Y+5x+kkTL.js,51DFoGfFeXL.js,115zbyk371L.js,11GgN1+C7hL.js,01+z+uIeJ-L.js,01VRMV3FBdL.js,21NadQlXUWL.js,01vRf9id2EL.js,31on-La90vL.js,11a7qqY8xXL.js,11PZSUl3FLL.js,51C4kaFbiAL.js,11FhdH2HZwL.js,11wb9K3sw0L.js,11BrgrMAHUL.js,11GPhx42StL.js,21F6z4HaEVL.js,01Svfxfy8OL.js,61lbT4bHNWL.js,01ikBbTAneL.js,31xywoXPfpL.js,01qXJuwGmxL.js,01WlsjNmqIL.js,11F929pmpYL.js,31Zn4S+IOkL.js,01rpauTep4L.js,31rqCOnXDNL.js,011FfPwYqHL.js,21P5VvHf-XL.js,01-E15R8CKL.js,21kN0q4IA-L.js,01VvIkYCafL.js,11vb6P5C5AL.js,01+2Aw8C0FL.js_.js?AUIClients/AmazonUI:388
[   22374ms] [INFO] Slow network is detected. See https://www.chromestatus.com/feature/5636954674692096 for more details. Fallback font will be used while loading: https://m.media-amazon.com/images/S/sash/MexTn601PAhMvAn.woff2 @ https://m.media-amazon.com/images/I/11I0WXrZVoL._RC%7C61xJcNKKLXL.js,11Y+5x+kkTL.js,51DFoGfFeXL.js,115zbyk371L.js,11GgN1+C7hL.js,01+z+uIeJ-L.js,01VRMV3FBdL.js,21NadQlXUWL.js,01vRf9id2EL.js,31on-La90vL.js,11a7qqY8xXL.js,11PZSUl3FLL.js,51C4kaFbiAL.js,11FhdH2HZwL.js,11wb9K3sw0L.js,11BrgrMAHUL.js,11GPhx42StL.js,21F6z4HaEVL.js,01Svfxfy8OL.js,61lbT4bHNWL.js,01ikBbTAneL.js,31xywoXPfpL.js,01qXJuwGmxL.js,01WlsjNmqIL.js,11F929pmpYL.js,31Zn4S+IOkL.js,01rpauTep4L.js,31rqCOnXDNL.js,011FfPwYqHL.js,21P5VvHf-XL.js,01-E15R8CKL.js,21kN0q4IA-L.js,01VvIkYCafL.js,11vb6P5C5AL.js,01+2Aw8C0FL.js_.js?AUIClients/AmazonUI:388
[   22375ms] [INFO] Slow network is detected. See https://www.chromestatus.com/feature/5636954674692096 for more details. Fallback font will be used while loading: https://m.media-amazon.com/images/S/sash/rlTCFdyUZFR9mQI.woff2 @ https://m.media-amazon.com/images/I/11I0WXrZVoL._RC%7C61xJcNKKLXL.js,11Y+5x+kkTL.js,51DFoGfFeXL.js,115zbyk371L.js,11GgN1+C7hL.js,01+z+uIeJ-L.js,01VRMV3FBdL.js,21NadQlXUWL.js,01vRf9id2EL.js,31on-La90vL.js,11a7qqY8xXL.js,11PZSUl3FLL.js,51C4kaFbiAL.js,11FhdH2HZwL.js,11wb9K3sw0L.js,11BrgrMAHUL.js,11GPhx42StL.js,21F6z4HaEVL.js,01Svfxfy8OL.js,61lbT4bHNWL.js,01ikBbTAneL.js,31xywoXPfpL.js,01qXJuwGmxL.js,01WlsjNmqIL.js,11F929pmpYL.js,31Zn4S+IOkL.js,01rpauTep4L.js,31rqCOnXDNL.js,011FfPwYqHL.js,21P5VvHf-XL.js,01-E15R8CKL.js,21kN0q4IA-L.js,01VvIkYCafL.js,11vb6P5C5AL.js,01+2Aw8C0FL.js_.js?AUIClients/AmazonUI:388
[   22375ms] [INFO] Slow network is detected. See https://www.chromestatus.com/feature/5636954674692096 for more details. Fallback font will be used while loading: https://m.media-amazon.com/images/S/sash/ukoYNzKrqDRxhTq.woff2 @ https://m.media-amazon.com/images/I/11I0WXrZVoL._RC%7C61xJcNKKLXL.js,11Y+5x+kkTL.js,51DFoGfFeXL.js,115zbyk371L.js,11GgN1+C7hL.js,01+z+uIeJ-L.js,01VRMV3FBdL.js,21NadQlXUWL.js,01vRf9id2EL.js,31on-La90vL.js,11a7qqY8xXL.js,11PZSUl3FLL.js,51C4kaFbiAL.js,11FhdH2HZwL.js,11wb9K3sw0L.js,11BrgrMAHUL.js,11GPhx42StL.js,21F6z4HaEVL.js,01Svfxfy8OL.js,61lbT4bHNWL.js,01ikBbTAneL.js,31xywoXPfpL.js,01qXJuwGmxL.js,01WlsjNmqIL.js,11F929pmpYL.js,31Zn4S+IOkL.js,01rpauTep4L.js,31rqCOnXDNL.js,011FfPwYqHL.js,21P5VvHf-XL.js,01-E15R8CKL.js,21kN0q4IA-L.js,01VvIkYCafL.js,11vb6P5C5AL.js,01+2Aw8C0FL.js_.js?AUIClients/AmazonUI:388
[   22375ms] [INFO] Slow network is detected. See https://www.chromestatus.com/feature/5636954674692096 for more details. Fallback font will be used while loading: https://m.media-amazon.com/images/S/sash/1yLvxs7jafx7AW$.woff2 @ https://m.media-amazon.com/images/I/11I0WXrZVoL._RC%7C61xJcNKKLXL.js,11Y+5x+kkTL.js,51DFoGfFeXL.js,115zbyk371L.js,11GgN1+C7hL.js,01+z+uIeJ-L.js,01VRMV3FBdL.js,21NadQlXUWL.js,01vRf9id2EL.js,31on-La90vL.js,11a7qqY8xXL.js,11PZSUl3FLL.js,51C4kaFbiAL.js,11FhdH2HZwL.js,11wb9K3sw0L.js,11BrgrMAHUL.js,11GPhx42StL.js,21F6z4HaEVL.js,01Svfxfy8OL.js,61lbT4bHNWL.js,01ikBbTAneL.js,31xywoXPfpL.js,01qXJuwGmxL.js,01WlsjNmqIL.js,11F929pmpYL.js,31Zn4S+IOkL.js,01rpauTep4L.js,31rqCOnXDNL.js,011FfPwYqHL.js,21P5VvHf-XL.js,01-E15R8CKL.js,21kN0q4IA-L.js,01VvIkYCafL.js,11vb6P5C5AL.js,01+2Aw8C0FL.js_.js?AUIClients/AmazonUI:388
[   22425ms] A network error occurred.
[   22425ms] A network error occurred.
[   25086ms] TypeError: Cannot redefine property: languages
    at Object.defineProperty (<anonymous>)
    at <anonymous>:28:12
    at <anonymous>:46:5
    at <anonymous>:47:7
[   25091ms] TypeError: Cannot redefine property: languages
    at Object.defineProperty (<anonymous>)
    at <anonymous>:28:12
    at <anonymous>:46:5
    at <anonymous>:47:7
[   25395ms] TypeError: Cannot redefine property: languages
    at Object.defineProperty (<anonymous>)
    at <anonymous>:28:12
    at <anonymous>:46:5
    at <anonymous>:47:7
[   25400ms] TypeError: Cannot redefine property: languages
    at Object.defineProperty (<anonymous>)
    at <anonymous>:28:12
    at <anonymous>:46:5
    at <anonymous>:47:7
[   25451ms] [ERROR] Error logged with the Track&Report JS errors API(http://tiny/1covqr6l8/wamazindeClieUserJava): {"m":"ARA:RegisterTriggerResponseError:SEARCH. Error receiving response from ARAServiceFailed to execute 'json' on 'Response': Unexpected end of JSON input","name":"SyntaxError","csm":"v5 ueLogError stack","logLevel":"ERROR","attribution":"ARARegisterTrigger","pageURL":"https://www.amazon.com/s?k=wireless+mouse&ref=nb_sb_noss","f":"https://m.media-amazon.com/images/I/21vARlfe4pL._RC%7C11s0wiXngEL.js_.js?AUIClients/ARARegisterTriggerSubAssets-search","l":"7","s":["SyntaxError: Unexpected end of JSON input","at https://m.media-amazon.com/images/I/21vARlfe4pL._RC%7C11s0wiXngEL.js_.js?AUIClients/ARARegisterTriggerSubAssets-search:7:384"],"t":8712} {m: ARA:RegisterTriggerResponseError:SEARCH. Error rec…json' on 'Response': Unexpected end of JSON input, name: SyntaxError, type: undefined, csm: v5 ueLogError stack, logLevel: ERROR} @ https://images-na.ssl-images-amazon.com/images/I/215h87l68bL.js:3
[   27849ms] [ERROR] Loading the image 'https://match.adsrvr.org/track/cmf/generic?ttd_pid=stickyads&ttd_tpi=1&gdpr=0&gdpr_consent=' violates the following Content Security Policy directive: "default-src 'self' s.amazon-adsystem.com aax-eu.amazon-adsystem.com aax-fe.amazon-adsystem.com fonts.gstatic.com *.firefox.etp doubleclick.net *.stickyadstv.com *.g.doubleclick.net fout.jp ninthdecimal.com *.postrelease.com *.yahoo.com *.adnxs.com exelator.com richaudience.com *.presage.io samplicio.us *.rubiconproject.com semasio.net cm.g.doubleclick.net *.samba.tv presage.io yahoo.com *.loopme.me *.amazon-adsystem.com yahoo.net gumgum.com *.imdb.com google.com amazon-adsystem.com *.samplicio.us *.smartadserver.com loopme.me zeotap.com *.mediarithmics.com taboola.com *.bidswitch.net *.thisisdax.com *.fwmrm.net *.yahoo.net adscale.de *.ninthdecimal.com *.zeotap.com *.adscale.de fwmrm.net demdex.net *.scorecardresearch.com agkn.com *.kargo.com connatix.com *.dmxleo.com *.casalemedia.com bidswitch.net dmxleo.com imdb.com *.gumgum.com *.demdex.net *.ispot.tv *.google.com *.exelator.com *.pubmatic.com kargo.com scorecardresearch.com *.3lift.com thisisdax.com postrelease.com *.doubleclick.net stickyadstv.com yieldmo.com *.mookie1.com ispot.tv *.connatix.com *.agkn.com samba.tv pubmatic.com smartadserver.com s.amazon-adsystem.com/ecm3 *.match.360yield.com *.richaudience.com *.fout.jp casalemedia.com rubiconproject.com openx.net adnxs.com mookie1.com match.360yield.com *.taboola.com *.openx.net *.semasio.net *.yieldmo.com". Note that 'img-src' was not explicitly set, so 'default-src' is used as a fallback. The action has been blocked. @ https://s.amazon-adsystem.com/v3/pr?exlist=n-xr-HMT_n-id-HMT_n-nt-HMT_ns_n-eq-HMT3_n-ix-HMT_bsw_n-y-HMT_n-cx-HMT_n-dm2-HMT_n-dx-HMT2_n-zeotap-4_fw_imdb_n-fo-HMT_n-lucid_n-st-HMT1_n-samba.tv_n-rb-HMT3_n-fw-HMT1_n-og-HMT_adelphic_adb_mp_n-mediarithmics_g_n-comscr.com_n-lm-HMT3_ox_n-tl-HMT_n-semasio-ecm_n-kg-HMT_n-gg-HMT2_an_n-pm-HMT_n-g-hmt_nsln_nd_n-ispot_n-stroer-HMT_n-ym-HMT_n-ox-hmt_n-ex1-HMT_tbl&fv=1.0&a=cm&dmt=1&gdpr_consent=&ex-pl-n-g-hmt=geqLm3UURISg7-UP_ZoYOA&gdpr=0&ep=BFLQGmJ8X9x_OhonkkHSeRkFK-IwtFv_N6Bivl03lgTO-BcsFtgmCCsupXOUfu5aTzrh_P5JC6fLLlrEflN281qQN3lWljiBiJMOjNLh_wvduEV6Ujg0RRptzKNtf8BVyO3T4yKYmcZdYCmPSdZKbmOMnGAuBZlRyTv7DrMKIbEeaP9GSL0cWtlhjg0_8vWsstPALdNEPfvgCvkCPVtugllpdZmqQUuVj49VcTFSucVGlko86LiytxWCC5XJGmXV-gjDyuAcgFZ-IuE2n3b3ymoYpNFKdUhs5QgFI5R0WETRGALKqQHjG4xU0Z0qQvA46EHYGC031E3rpjUcavw-fksSrJc1PQsfJM6cwV5sJOlmOAUEkMHMzviasgIZi5-OZiROj06qTYN6ar8pMyByQhiLvKdW6j17BUUMszH9xMW743DoO2tqym1Ca_FMwnVsCLlylKpva4fa5OPKDfMgFiUeBYcE6tDIcD1Hgec5reNQJi7DDIDR3vpgIkjyKLjHVHW7vxupIqVd0wlnWqzHWz3h-jD-yN5_jSFSn-TLl0gSXxO1QkMOc0a2-JK3WKp7NmmTRAUUdfeR6xjFStFrNcBT53NvaM45FdcggESSNEG2yaUGEeGMTj2pZRkEyLUdyRlraAnj1HE6nnVt-_OT6E2WBV79QEVqIxhJ2UtV_rTR8pszwp6ijnDV7Ust8LWnjImmhhfwgb01AW26zTRqFFG0JJydkTkM-hF63ilJMdeOP7fsuSxuF_nmD1lgxZ-NVKrDGFAkbv8wOR5NJ98lVdz2_Y0AIMocNdmFaEJBWMoEGpyVPgl97ry4JLtjG2mq4BHwzdRUNq7UCPnC_sOK6GzPYJVZM-qu7OVuHq0He3mujXU78RxefZtoH4O7OM_bqpUQ1PdSCI0Y7u9NBtLSqvc1pPduEClhIuywB-_HtjkQWs2P13TsSDXrR9h913ugbhl7cDhVBmpzX-wueCb97aaL8bwODqzOp3hyD3h9sjAOvvEBBTD1uTQmjLOxCzGFZh_PHeUXIMQQA4ClCRONYD-FMKnIFsyO1Ty5RfwD0uDnpM0HmAOyxdbGhDNhr7jLluQhJyn1Dv5GUB-oFkAO1-j3mt2PAkWsrqDX_s3TRJ5NXHgVKSLYGhq2YYMGdOiGJaI8Zmv1ch1bVFrA43YGG6mYGufRUMFHSoCDmdoZmVyorOIrePC_2gsdOIxqiZgE5Z_OqRj4v4kj9dCHKXGOlQmBhcpEprNRjcYmF8dULACqhDIE2qHF0TqU6hqPq2EJHhgkpDTlWQh2cS3oqUTPU8NodUM6VzLWKzjJEU0wm4JqTfrMSWVpD6yvmpUZxxZ5aHnyYptgiJQ3uqfrqVYnknn7tEwpnXWYauZM9Yjy9rgezYRO3yySjuzBo_c9rToVqOhq7zVX00TojzyqupZV5gFqYg3RrsYROtsPfJM86FNwq6i5kZYuyaicn5hSRnvh:0
