[     533ms] TypeError: Cannot redefine property: languages
    at Object.defineProperty (<anonymous>)
    at <anonymous>:22:12
    at <anonymous>:32:5
    at <anonymous>:33:7
[     940ms] TypeError: Failed to execute 'sendBeacon' on 'Navigator': 1 argument required, but only 0 present.
    at https://bot.sannysoft.com/:157:40
[     944ms] TypeError: Failed to execute 'getUserMedia' on 'Navigator': 3 arguments required, but only 0 present.
    at https://bot.sannysoft.com/:205:40
[     956ms] TypeError: Cannot redefine property: languages
    at Object.defineProperty (<anonymous>)
    at <anonymous>:22:12
    at <anonymous>:32:5
    at <anonymous>:33:7
[     984ms] TypeError: Cannot redefine property: languages
    at Object.defineProperty (<anonymous>)
    at <anonymous>:22:12
    at <anonymous>:32:5
    at <anonymous>:33:7
[     992ms] TypeError: Cannot redefine property: languages
    at Object.defineProperty (<anonymous>)
    at <anonymous>:22:12
    at <anonymous>:32:5
    at <anonymous>:33:7
[    1020ms] TypeError: Cannot redefine property: languages
    at Object.defineProperty (<anonymous>)
    at <anonymous>:22:12
    at <anonymous>:32:5
    at <anonymous>:33:7
[    1086ms] TypeError: Cannot redefine property: languages
    at Object.defineProperty (<anonymous>)
    at <anonymous>:22:12
    at <anonymous>:32:5
    at <anonymous>:33:7
[    1091ms] TypeError: Cannot redefine property: languages
    at Object.defineProperty (<anonymous>)
    at <anonymous>:22:12
    at <anonymous>:32:5
    at <anonymous>:33:7
[    1346ms] [ERROR] WebSocket connection to 'wss://bot.sannysoft.com/itsgonnafail' failed: Error during WebSocket handshake: Unexpected response code: 404 @ https://bot.sannysoft.com/fpCollect.min.js:272
[    3047ms] [ERROR] Failed to load resource: the server responded with a status of 404 () @ https://bot.sannysoft.com/favicon.ico:0
