[     286ms] [WARNING] An iframe which has both allow-scripts and allow-same-origin for its sandbox attribute can escape its sandboxing. @ https://www.google.com/recaptcha/enterprise/bframe?hl=en&v=A7KpaEASfhDcK0nXxgQEyyYv&k=6LdLLIMbAAAAAIl-KLj9p1ePhM-4LCCDbjtJLqRO&bft=0dAFcWeA40DrLeQsy3JSZGbHldfbceDcR3zXuRvyrPE8Fwcmbg9NYVgr-wxFhu87FmTXLAvacm-4rYet4F5U3BPd8yEfHX0aXaaw:0
[     295ms] TypeError: Cannot redefine property: languages
    at Object.defineProperty (<anonymous>)
    at <anonymous>:28:12
    at <anonymous>:46:5
    at <anonymous>:47:7
[     297ms] TypeError: Cannot redefine property: languages
    at Object.defineProperty (<anonymous>)
    at <anonymous>:28:12
    at <anonymous>:46:5
    at <anonymous>:47:7
[     484ms] TypeError: Cannot redefine property: languages
    at Object.defineProperty (<anonymous>)
    at <anonymous>:28:12
    at <anonymous>:46:5
    at <anonymous>:47:7
    at xy.<anonymous> (https://www.gstatic.com/recaptcha/releases/A7KpaEASfhDcK0nXxgQEyyYv/recaptcha__en.js:821:387)
    at xy.K.R.<computed>.ab (https://www.gstatic.com/recaptcha/releases/A7KpaEASfhDcK0nXxgQEyyYv/recaptcha__en.js:1658:488)
    at xy.<anonymous> (https://www.gstatic.com/recaptcha/releases/A7KpaEASfhDcK0nXxgQEyyYv/recaptcha__en.js:536:82)
    at xy.K.R.<computed>.F.FX (https://www.gstatic.com/recaptcha/releases/A7KpaEASfhDcK0nXxgQEyyYv/recaptcha__en.js:1655:237)
    at https://www.gstatic.com/recaptcha/releases/A7KpaEASfhDcK0nXxgQEyyYv/recaptcha__en.js:430:184
    at Pb (https://www.gstatic.com/recaptcha/releases/A7KpaEASfhDcK0nXxgQEyyYv/recaptcha__en.js:943:79)
[     485ms] TypeError: Cannot redefine property: languages
    at Object.defineProperty (<anonymous>)
    at <anonymous>:28:12
    at <anonymous>:46:5
    at <anonymous>:47:7
    at xy.<anonymous> (https://www.gstatic.com/recaptcha/releases/A7KpaEASfhDcK0nXxgQEyyYv/recaptcha__en.js:821:387)
    at xy.K.R.<computed>.ab (https://www.gstatic.com/recaptcha/releases/A7KpaEASfhDcK0nXxgQEyyYv/recaptcha__en.js:1658:488)
    at xy.<anonymous> (https://www.gstatic.com/recaptcha/releases/A7KpaEASfhDcK0nXxgQEyyYv/recaptcha__en.js:536:82)
    at xy.K.R.<computed>.F.FX (https://www.gstatic.com/recaptcha/releases/A7KpaEASfhDcK0nXxgQEyyYv/recaptcha__en.js:1655:237)
    at https://www.gstatic.com/recaptcha/releases/A7KpaEASfhDcK0nXxgQEyyYv/recaptcha__en.js:430:184
    at Pb (https://www.gstatic.com/recaptcha/releases/A7KpaEASfhDcK0nXxgQEyyYv/recaptcha__en.js:943:79)
[    5017ms] TypeError: Cannot redefine property: languages
    at Object.defineProperty (<anonymous>)
    at <anonymous>:28:12
    at <anonymous>:46:5
    at <anonymous>:47:7
[    5018ms] TypeError: Cannot redefine property: languages
    at Object.defineProperty (<anonymous>)
    at <anonymous>:28:12
    at <anonymous>:46:5
    at <anonymous>:47:7
