[       7ms] TypeError: Cannot redefine property: languages
    at Object.defineProperty (<anonymous>)
    at <anonymous>:28:12
    at <anonymous>:46:5
    at <anonymous>:47:7
[     252ms] TypeError: Cannot redefine property: languages
    at Object.defineProperty (<anonymous>)
    at <anonymous>:28:12
    at <anonymous>:46:5
    at <anonymous>:47:7
[    2605ms] TypeError: Cannot redefine property: languages
    at Object.defineProperty (<anonymous>)
    at <anonymous>:28:12
    at <anonymous>:46:5
    at <anonymous>:47:7
[    2611ms] TypeError: Cannot redefine property: languages
    at Object.defineProperty (<anonymous>)
    at <anonymous>:28:12
    at <anonymous>:46:5
    at <anonymous>:47:7
[    6466ms] TypeError: Cannot redefine property: languages
    at Object.defineProperty (<anonymous>)
    at <anonymous>:28:12
    at <anonymous>:46:5
    at <anonymous>:47:7
[    6467ms] TypeError: Cannot redefine property: languages
    at Object.defineProperty (<anonymous>)
    at <anonymous>:28:12
    at <anonymous>:46:5
    at <anonymous>:47:7
[    6780ms] TypeError: Cannot redefine property: languages
    at Object.defineProperty (<anonymous>)
    at <anonymous>:28:12
    at <anonymous>:46:5
    at <anonymous>:47:7
[    6782ms] TypeError: Cannot redefine property: languages
    at Object.defineProperty (<anonymous>)
    at <anonymous>:28:12
    at <anonymous>:46:5
    at <anonymous>:47:7
[    7797ms] [ERROR] Loading the image 'https://match.adsrvr.org/track/cmf/generic?ttd_pid=stickyads&ttd_tpi=1&gdpr=0&gdpr_consent=' violates the following Content Security Policy directive: "default-src 'self' s.amazon-adsystem.com aax-eu.amazon-adsystem.com aax-fe.amazon-adsystem.com fonts.gstatic.com *.firefox.etp doubleclick.net *.stickyadstv.com *.g.doubleclick.net fout.jp ninthdecimal.com *.postrelease.com *.yahoo.com *.adnxs.com exelator.com richaudience.com *.presage.io samplicio.us *.rubiconproject.com semasio.net cm.g.doubleclick.net *.samba.tv presage.io yahoo.com *.loopme.me *.amazon-adsystem.com yahoo.net gumgum.com *.imdb.com google.com amazon-adsystem.com *.samplicio.us *.smartadserver.com loopme.me zeotap.com *.mediarithmics.com taboola.com *.bidswitch.net *.thisisdax.com *.fwmrm.net *.yahoo.net adscale.de *.ninthdecimal.com *.zeotap.com *.adscale.de fwmrm.net demdex.net *.scorecardresearch.com agkn.com *.kargo.com connatix.com *.dmxleo.com *.casalemedia.com bidswitch.net dmxleo.com imdb.com *.gumgum.com *.demdex.net *.ispot.tv *.google.com *.exelator.com *.pubmatic.com kargo.com scorecardresearch.com *.3lift.com thisisdax.com postrelease.com *.doubleclick.net stickyadstv.com yieldmo.com *.mookie1.com ispot.tv *.connatix.com *.agkn.com samba.tv pubmatic.com smartadserver.com s.amazon-adsystem.com/ecm3 *.match.360yield.com *.richaudience.com *.fout.jp casalemedia.com rubiconproject.com openx.net adnxs.com mookie1.com match.360yield.com *.taboola.com *.openx.net *.semasio.net *.yieldmo.com". Note that 'img-src' was not explicitly set, so 'default-src' is used as a fallback. The action has been blocked. @ https://s.amazon-adsystem.com/v3/pr?exlist=n-xr-HMT_n-id-HMT_n-nt-HMT_ns_n-eq-HMT3_n-ix-HMT_bsw_n-y-HMT_n-cx-HMT_n-dm2-HMT_n-dx-HMT2_n-zeotap-4_fw_imdb_n-fo-HMT_n-lucid_n-st-HMT1_n-samba.tv_n-rb-HMT3_n-fw-HMT1_n-og-HMT_adelphic_adb_mp_n-mediarithmics_g_n-comscr.com_n-lm-HMT3_ox_n-tl-HMT_n-semasio-ecm_n-kg-HMT_n-gg-HMT2_an_n-pm-HMT_n-g-hmt_nsln_nd_n-ispot_n-stroer-HMT_n-ym-HMT_n-ox-hmt_n-ex1-HMT_tbl&fv=1.0&a=cm&dmt=1&gdpr_consent=&ex-pl-n-g-hmt=Y8tLmX5OQhy9DDmfSxe4Xw&gdpr=0&ep=DZPB-OPT02UAcH0Hi7rgBvgIuZpicSuLMIzIKqo4kZoZnjVvT2-YzFcDPz4PPcWWSDVdPJpZrpRsfBDfVNF0HBE8API7lsiHWJoM_CcjBBbduEV6Ujg0RRptzKNtf8BV9PEjlH89K_AtXqG6jtJMCcXQmCtmN0wQvUhJUWWftl46wafIHj8viLilk_PfS_afDwiSNhAicZozUi4RmMDmTFlpdZmqQUuVj49VcTFSucVkxoaGjYMFk1oh3EwrZtZa-YaV7BKlgQheBcZqDK0KusXhpPV2TpeiqyCWwnpa9L7aUQHU7jaloWnI3fZ_hHnIJ26y6FqngqLxO8HohTlmgyY60hJHicrw3Vy_lDYKatFtoZXIr3DIPpET-EDlnp8yZiROj06qTYN6ar8pMyByQi8Nw6dQEBugH7mstHQo8ux4Er_Sa5jJoLElzCV4QINUaTwQGj7tULifMa_PsKm3o8FCz-iHV_03bDoIytg2LkFQJi7DDIDR3vpgIkjyKLjHS2EtmLKjbIdNc5UJul5jmsqb56RyjQ_Q13guiCjRBx_I4QoTYmrazI3ggdkGdBEA3c6TG8ABpB6GQx2ki7jKT5u8h1iUFAIGDLdGn_jg13WnfC4L43V-vCtx2ZwQMBIWw6wSEjYWUHXQesgP9hfPt02WBV79QEVqIxhJ2UtV_rSTvCuMFozvGCIF-F2lk22VOCYwykgkQHh7ikg0pTQNn1xaAm85iOyXjG_ywrJ995f44Wv2u7twwwjzZY1gC_VMCxMnjrhZsJpkw13zGRM45r6yVyYno0knGnr38bIwXXb-p8JbgR-H0XIlIgL3l5C84BHwzdRUNq7UCPnC_sOK6K_1zOmSrwMc7E2YSV0d_P5R4CMDQrSDimFKCJxhZjCcMROrHbWERDG2YoeOzVJ1K0TMw_fBkt5lNmwBJel98NDU7Czf9XL3K5LyF5ix6ThOzztBOBKvPFkgKfzidzq0XNLagLUv1plP4N6xJGgcfjAOvvEBBTD1uTQmjLOxCzGFrry4KZU-fNViYmI1vLSMQJs8DpQbkXrN6vh7PQCcS9Dv1oiQ36YkaUj11LLe_nnNHFJwI1x5mESDnqkYy5j9x-j3mt2PAkWsrqDX_s3TRJ7AZevSDIjW02sWA1MH28If40emkGQJnPSsgvYydNvG-nNf1Qs_CuUzBnelEi79X_1hOg-VE3w3OH236QxTeVhmJgZoi12QNIxPGeXwoO6TE7Dwa5mSnXgsJTulUAbdlZszMC-Qp_awGYNmt9klZ7kDHhgkpDTlWQh2cS3oqUTPU7Yo8TvfD9vfdu8ZC6RByzBzW_j64q4aVtPFn9HWGU9akiSoQ_nRzuLoj_z6uqGPB5_Ga_VLeGTW0dDkTKQyy7o49V-0KSp6RGMPHVuziUzolYh3xzEnaxfABWAcBuY2s89_6X27vpLlMEkvjF0Shrlwq6i5kZYuyaicn5hSRnvh:0
[   19904ms] [WARNING] The resource https://redirect.prod.experiment.routing.cloudfront.aws.a2z.com/x.png?timestamp=1785305909565 was preloaded using link preload but not used within a few seconds from the window's load event. Please make sure it has an appropriate `as` value and it is preloaded intentionally. @ https://www.amazon.com/:0
[   24592ms] [WARNING] The resource https://redirect.prod.experiment.routing.cloudfront.aws.a2z.com/x.png?timestamp=1785305909565 was preloaded using link preload but not used within a few seconds from the window's load event. Please make sure it has an appropriate `as` value and it is preloaded intentionally. @ https://www.amazon.com/:0
[   35917ms] [WARNING] The resource https://redirect.prod.experiment.routing.cloudfront.aws.a2z.com/x.png?timestamp=1785305909565 was preloaded using link preload but not used within a few seconds from the window's load event. Please make sure it has an appropriate `as` value and it is preloaded intentionally. @ https://www.amazon.com/:0
[   44807ms] TypeError: Cannot redefine property: languages
    at Object.defineProperty (<anonymous>)
    at <anonymous>:28:12
    at <anonymous>:46:5
    at <anonymous>:47:7
[   44808ms] TypeError: Cannot redefine property: languages
    at Object.defineProperty (<anonymous>)
    at <anonymous>:28:12
    at <anonymous>:46:5
    at <anonymous>:47:7
[   45454ms] TypeError: Cannot redefine property: languages
    at Object.defineProperty (<anonymous>)
    at <anonymous>:28:12
    at <anonymous>:46:5
    at <anonymous>:47:7
[   45455ms] TypeError: Cannot redefine property: languages
    at Object.defineProperty (<anonymous>)
    at <anonymous>:28:12
    at <anonymous>:46:5
    at <anonymous>:47:7
[   45477ms] TypeError: Cannot redefine property: languages
    at Object.defineProperty (<anonymous>)
    at <anonymous>:28:12
    at <anonymous>:46:5
    at <anonymous>:47:7
[   45479ms] TypeError: Cannot redefine property: languages
    at Object.defineProperty (<anonymous>)
    at <anonymous>:28:12
    at <anonymous>:46:5
    at <anonymous>:47:7
[   47049ms] TypeError: Cannot redefine property: languages
    at Object.defineProperty (<anonymous>)
    at <anonymous>:28:12
    at <anonymous>:46:5
    at <anonymous>:47:7
[   47052ms] TypeError: Cannot redefine property: languages
    at Object.defineProperty (<anonymous>)
    at <anonymous>:28:12
    at <anonymous>:46:5
    at <anonymous>:47:7
[   47328ms] TypeError: Cannot redefine property: languages
    at Object.defineProperty (<anonymous>)
    at <anonymous>:28:12
    at <anonymous>:46:5
    at <anonymous>:47:7
[   47329ms] TypeError: Cannot redefine property: languages
    at Object.defineProperty (<anonymous>)
    at <anonymous>:28:12
    at <anonymous>:46:5
    at <anonymous>:47:7
[   48382ms] [ERROR] Error logged with the Track&Report JS errors API(http://tiny/1covqr6l8/wamazindeClieUserJava): {"m":"ARA:RegisterTriggerResponseError:SEARCH. Error receiving response from ARAServiceFailed to execute 'json' on 'Response': Unexpected end of JSON input","name":"SyntaxError","csm":"v5 ueLogError stack","logLevel":"ERROR","attribution":"ARARegisterTrigger","pageURL":"https://www.amazon.com/s?k=wireless+mouse&crid=1HCRFJNZZ6Z4Z&sprefix=wireless+mouse%2Caps%2C357&ref=nb_sb_noss_1","f":"https://m.media-amazon.com/images/I/21vARlfe4pL._RC%7C11s0wiXngEL.js_.js?AUIClients/ARARegisterTriggerSubAssets-search","l":"7","s":["SyntaxError: Unexpected end of JSON input","at https://m.media-amazon.com/images/I/21vARlfe4pL._RC%7C11s0wiXngEL.js_.js?AUIClients/ARARegisterTriggerSubAssets-search:7:384"],"t":3570} {m: ARA:RegisterTriggerResponseError:SEARCH. Error rec…json' on 'Response': Unexpected end of JSON input, name: SyntaxError, type: undefined, csm: v5 ueLogError stack, logLevel: ERROR} @ https://images-na.ssl-images-amazon.com/images/I/215h87l68bL.js:3
