[     356ms] TypeError: Cannot redefine property: languages
    at Object.defineProperty (<anonymous>)
    at <anonymous>:28:12
    at <anonymous>:40:5
    at <anonymous>:41:7
[   11218ms] TypeError: Cannot redefine property: languages
    at Object.defineProperty (<anonymous>)
    at <anonymous>:28:12
    at <anonymous>:40:5
    at <anonymous>:41:7
[   11220ms] TypeError: Cannot redefine property: languages
    at Object.defineProperty (<anonymous>)
    at <anonymous>:28:12
    at <anonymous>:40:5
    at <anonymous>:41:7
[   11240ms] TypeError: Cannot redefine property: languages
    at Object.defineProperty (<anonymous>)
    at <anonymous>:28:12
    at <anonymous>:40:5
    at <anonymous>:41:7
    at eval (eval at <anonymous> (https://www.google.com/search?q=latest+AI+news&sca_esv=7653edd048582144&source=hp&ei=ClZjaovnA_iTseMP_IegsAY&iflsig=ABILxe8AAAAAamNkGiRlHGgQo1wd1PXoWum2OsTJ5v1B&ved=0ahUKEwiLlOz8o-uVAxX4SWwGHfwDCGYQ4dUDCCE&uact=5&oq=latest+AI+news&gs_lp=Egdnd3Mtd2l6Ig5sYXRlc3QgQUkgbmV3c0gZUABYAHAAeACQAQCYAQCgAQCqAQC4AQPIAQD4AQGYAgCgAgCYAwCSBwCgBwCyBwC4BwDCBwDIBwCACAE&sclient=gws-wiz:2:473), <anonymous>:4485:38177)
    at Md (eval at <anonymous> (https://www.google.com/search?q=latest+AI+news&sca_esv=7653edd048582144&source=hp&ei=ClZjaovnA_iTseMP_IegsAY&iflsig=ABILxe8AAAAAamNkGiRlHGgQo1wd1PXoWum2OsTJ5v1B&ved=0ahUKEwiLlOz8o-uVAxX4SWwGHfwDCGYQ4dUDCCE&uact=5&oq=latest+AI+news&gs_lp=Egdnd3Mtd2l6Ig5sYXRlc3QgQUkgbmV3c0gZUABYAHAAeACQAQCYAQCgAQCqAQC4AQPIAQD4AQGYAgCgAgCYAwCSBwCgBwCyBwC4BwDCBwDIBwCACAE&sclient=gws-wiz:2:473), <anonymous>:4485:39305)
    at l.eval [as W] (eval at <anonymous> (https://www.google.com/search?q=latest+AI+news&sca_esv=7653edd048582144&source=hp&ei=ClZjaovnA_iTseMP_IegsAY&iflsig=ABILxe8AAAAAamNkGiRlHGgQo1wd1PXoWum2OsTJ5v1B&ved=0ahUKEwiLlOz8o-uVAxX4SWwGHfwDCGYQ4dUDCCE&uact=5&oq=latest+AI+news&gs_lp=Egdnd3Mtd2l6Ig5sYXRlc3QgQUkgbmV3c0gZUABYAHAAeACQAQCYAQCgAQCqAQC4AQPIAQD4AQGYAgCgAgCYAwCSBwCgBwCyBwC4BwDCBwDIBwCACAE&sclient=gws-wiz:2:473), <anonymous>:4485:59719)
    at SC (eval at <anonymous> (https://www.google.com/search?q=latest+AI+news&sca_esv=7653edd048582144&source=hp&ei=ClZjaovnA_iTseMP_IegsAY&iflsig=ABILxe8AAAAAamNkGiRlHGgQo1wd1PXoWum2OsTJ5v1B&ved=0ahUKEwiLlOz8o-uVAxX4SWwGHfwDCGYQ4dUDCCE&uact=5&oq=latest+AI+news&gs_lp=Egdnd3Mtd2l6Ig5sYXRlc3QgQUkgbmV3c0gZUABYAHAAeACQAQCYAQCgAQCqAQC4AQPIAQD4AQGYAgCgAgCYAwCSBwCgBwCyBwC4BwDCBwDIBwCACAE&sclient=gws-wiz:2:473), <anonymous>:4485:28693)
    at x4 (eval at <anonymous> (https://www.google.com/search?q=latest+AI+news&sca_esv=7653edd048582144&source=hp&ei=ClZjaovnA_iTseMP_IegsAY&iflsig=ABILxe8AAAAAamNkGiRlHGgQo1wd1PXoWum2OsTJ5v1B&ved=0ahUKEwiLlOz8o-uVAxX4SWwGHfwDCGYQ4dUDCCE&uact=5&oq=latest+AI+news&gs_lp=Egdnd3Mtd2l6Ig5sYXRlc3QgQUkgbmV3c0gZUABYAHAAeACQAQCYAQCgAQCqAQC4AQPIAQD4AQGYAgCgAgCYAwCSBwCgBwCyBwC4BwDCBwDIBwCACAE&sclient=gws-wiz:2:473), <anonymous>:4485:18839)
    at ss (eval at <anonymous> (https://www.google.com/search?q=latest+AI+news&sca_esv=7653edd048582144&source=hp&ei=ClZjaovnA_iTseMP_IegsAY&iflsig=ABILxe8AAAAAamNkGiRlHGgQo1wd1PXoWum2OsTJ5v1B&ved=0ahUKEwiLlOz8o-uVAxX4SWwGHfwDCGYQ4dUDCCE&uact=5&oq=latest+AI+news&gs_lp=Egdnd3Mtd2l6Ig5sYXRlc3QgQUkgbmV3c0gZUABYAHAAeACQAQCYAQCgAQCqAQC4AQPIAQD4AQGYAgCgAgCYAwCSBwCgBwCyBwC4BwDCBwDIBwCACAE&sclient=gws-wiz:2:473), <anonymous>:4485:17369)
[   11243ms] TypeError: Cannot redefine property: languages
    at Object.defineProperty (<anonymous>)
    at <anonymous>:28:12
    at <anonymous>:40:5
    at <anonymous>:41:7
    at eval (eval at <anonymous> (https://www.google.com/search?q=latest+AI+news&sca_esv=7653edd048582144&source=hp&ei=ClZjaovnA_iTseMP_IegsAY&iflsig=ABILxe8AAAAAamNkGiRlHGgQo1wd1PXoWum2OsTJ5v1B&ved=0ahUKEwiLlOz8o-uVAxX4SWwGHfwDCGYQ4dUDCCE&uact=5&oq=latest+AI+news&gs_lp=Egdnd3Mtd2l6Ig5sYXRlc3QgQUkgbmV3c0gZUABYAHAAeACQAQCYAQCgAQCqAQC4AQPIAQD4AQGYAgCgAgCYAwCSBwCgBwCyBwC4BwDCBwDIBwCACAE&sclient=gws-wiz:2:473), <anonymous>:4485:38177)
    at Md (eval at <anonymous> (https://www.google.com/search?q=latest+AI+news&sca_esv=7653edd048582144&source=hp&ei=ClZjaovnA_iTseMP_IegsAY&iflsig=ABILxe8AAAAAamNkGiRlHGgQo1wd1PXoWum2OsTJ5v1B&ved=0ahUKEwiLlOz8o-uVAxX4SWwGHfwDCGYQ4dUDCCE&uact=5&oq=latest+AI+news&gs_lp=Egdnd3Mtd2l6Ig5sYXRlc3QgQUkgbmV3c0gZUABYAHAAeACQAQCYAQCgAQCqAQC4AQPIAQD4AQGYAgCgAgCYAwCSBwCgBwCyBwC4BwDCBwDIBwCACAE&sclient=gws-wiz:2:473), <anonymous>:4485:39305)
    at l.eval [as W] (eval at <anonymous> (https://www.google.com/search?q=latest+AI+news&sca_esv=7653edd048582144&source=hp&ei=ClZjaovnA_iTseMP_IegsAY&iflsig=ABILxe8AAAAAamNkGiRlHGgQo1wd1PXoWum2OsTJ5v1B&ved=0ahUKEwiLlOz8o-uVAxX4SWwGHfwDCGYQ4dUDCCE&uact=5&oq=latest+AI+news&gs_lp=Egdnd3Mtd2l6Ig5sYXRlc3QgQUkgbmV3c0gZUABYAHAAeACQAQCYAQCgAQCqAQC4AQPIAQD4AQGYAgCgAgCYAwCSBwCgBwCyBwC4BwDCBwDIBwCACAE&sclient=gws-wiz:2:473), <anonymous>:4485:59719)
    at SC (eval at <anonymous> (https://www.google.com/search?q=latest+AI+news&sca_esv=7653edd048582144&source=hp&ei=ClZjaovnA_iTseMP_IegsAY&iflsig=ABILxe8AAAAAamNkGiRlHGgQo1wd1PXoWum2OsTJ5v1B&ved=0ahUKEwiLlOz8o-uVAxX4SWwGHfwDCGYQ4dUDCCE&uact=5&oq=latest+AI+news&gs_lp=Egdnd3Mtd2l6Ig5sYXRlc3QgQUkgbmV3c0gZUABYAHAAeACQAQCYAQCgAQCqAQC4AQPIAQD4AQGYAgCgAgCYAwCSBwCgBwCyBwC4BwDCBwDIBwCACAE&sclient=gws-wiz:2:473), <anonymous>:4485:28693)
    at x4 (eval at <anonymous> (https://www.google.com/search?q=latest+AI+news&sca_esv=7653edd048582144&source=hp&ei=ClZjaovnA_iTseMP_IegsAY&iflsig=ABILxe8AAAAAamNkGiRlHGgQo1wd1PXoWum2OsTJ5v1B&ved=0ahUKEwiLlOz8o-uVAxX4SWwGHfwDCGYQ4dUDCCE&uact=5&oq=latest+AI+news&gs_lp=Egdnd3Mtd2l6Ig5sYXRlc3QgQUkgbmV3c0gZUABYAHAAeACQAQCYAQCgAQCqAQC4AQPIAQD4AQGYAgCgAgCYAwCSBwCgBwCyBwC4BwDCBwDIBwCACAE&sclient=gws-wiz:2:473), <anonymous>:4485:18839)
    at ss (eval at <anonymous> (https://www.google.com/search?q=latest+AI+news&sca_esv=7653edd048582144&source=hp&ei=ClZjaovnA_iTseMP_IegsAY&iflsig=ABILxe8AAAAAamNkGiRlHGgQo1wd1PXoWum2OsTJ5v1B&ved=0ahUKEwiLlOz8o-uVAxX4SWwGHfwDCGYQ4dUDCCE&uact=5&oq=latest+AI+news&gs_lp=Egdnd3Mtd2l6Ig5sYXRlc3QgQUkgbmV3c0gZUABYAHAAeACQAQCYAQCgAQCqAQC4AQPIAQD4AQGYAgCgAgCYAwCSBwCgBwCyBwC4BwDCBwDIBwCACAE&sclient=gws-wiz:2:473), <anonymous>:4485:17369)
[   11910ms] [ERROR] Failed to load resource: the server responded with a status of 429 () @ https://www.google.com/sorry/index?continue=https://www.google.com/search%3Fq%3Dlatest%2BAI%2Bnews%26sca_esv%3D7653edd048582144%26source%3Dhp%26ei%3DClZjaovnA_iTseMP_IegsAY%26iflsig%3DABILxe8AAAAAamNkGiRlHGgQo1wd1PXoWum2OsTJ5v1B%26ved%3D0ahUKEwiLlOz8o-uVAxX4SWwGHfwDCGYQ4dUDCCE%26uact%3D5%26oq%3Dlatest%2BAI%2Bnews%26gs_lp%3DEgdnd3Mtd2l6Ig5sYXRlc3QgQUkgbmV3c0gZUABYAHAAeACQAQCYAQCgAQCqAQC4AQPIAQD4AQGYAgCgAgCYAwCSBwCgBwCyBwC4BwDCBwDIBwCACAE%26sclient%3Dgws-wiz%26sei%3DFFZjasmSOsPx4-EPs4ii2Ao&q=EhAkCUDlEayogdzeG9jqqcNRGJWsjdMGIjCeQvwZ9IJiHCsRxTU75SUbrXfKp8D3-jVX1zmDpY5wtmDJTfEWH68LimzPpUSrKJ0yAVJaAUM:0
[   11927ms] TypeError: Cannot redefine property: languages
    at Object.defineProperty (<anonymous>)
    at <anonymous>:28:12
    at <anonymous>:40:5
    at <anonymous>:41:7
[   11929ms] TypeError: Cannot redefine property: languages
    at Object.defineProperty (<anonymous>)
    at <anonymous>:28:12
    at <anonymous>:40:5
    at <anonymous>:41:7
[   12409ms] TypeError: Cannot redefine property: languages
    at Object.defineProperty (<anonymous>)
    at <anonymous>:28:12
    at <anonymous>:40:5
    at <anonymous>:41:7
[   12411ms] TypeError: Cannot redefine property: languages
    at Object.defineProperty (<anonymous>)
    at <anonymous>:28:12
    at <anonymous>:40:5
    at <anonymous>:41:7
[   12573ms] [WARNING] An iframe which has both allow-scripts and allow-same-origin for its sandbox attribute can escape its sandboxing. @ https://www.google.com/recaptcha/enterprise/anchor?ar=1&k=6LdLLIMbAAAAAIl-KLj9p1ePhM-4LCCDbjtJLqRO&co=aHR0cHM6Ly93d3cuZ29vZ2xlLmNvbTo0NDM.&hl=en&v=A7KpaEASfhDcK0nXxgQEyyYv&size=normal&s=ggEHjiMF78INHSMXGnhBrHpurIULKMRYZxx7guJFLpyJQjaHRYiUqChQZhDtrSpRN2Z127YBJnb6N709-x1aV23Y9_l9RP8Ct_Llyes6No7TnVrd8iQVtnC7KfBrFY7YWdv8AGcUKDtS9tygRHnfkpCC6ZMyb6A9ltIuCj1RSp2aaaesDyg-4ix4E-VtBjl2UnH0nrrOGxylQRzVVcoKX7GeYlG99sFvPEEsFqaQPQlAEXDbxS6c6hbnHmdXrJNMStnXQf-rIjL5vpZAWzvY46FflGKE9_c&anchor-ms=20000&execute-ms=30000&cb=bpwyg9op2jtt:0
[   12748ms] TypeError: Cannot redefine property: languages
    at Object.defineProperty (<anonymous>)
    at <anonymous>:28:12
    at <anonymous>:40:5
    at <anonymous>:41:7
    at Array.<anonymous> (https://www.gstatic.com/recaptcha/releases/A7KpaEASfhDcK0nXxgQEyyYv/recaptcha__en.js:371:62)
    at Array.<anonymous> (https://www.gstatic.com/recaptcha/releases/A7KpaEASfhDcK0nXxgQEyyYv/recaptcha__en.js:374:399)
    at aN.M (https://www.gstatic.com/recaptcha/releases/A7KpaEASfhDcK0nXxgQEyyYv/recaptcha__en.js:118:303)
    at Array.<anonymous> (https://www.gstatic.com/recaptcha/releases/A7KpaEASfhDcK0nXxgQEyyYv/recaptcha__en.js:233:151)
    at B.next (https://www.gstatic.com/recaptcha/releases/A7KpaEASfhDcK0nXxgQEyyYv/recaptcha__en.js:799:238)
    at https://www.gstatic.com/recaptcha/releases/A7KpaEASfhDcK0nXxgQEyyYv/recaptcha__en.js:133:18
[   12750ms] TypeError: Cannot redefine property: languages
    at Object.defineProperty (<anonymous>)
    at <anonymous>:28:12
    at <anonymous>:40:5
    at <anonymous>:41:7
    at Array.<anonymous> (https://www.gstatic.com/recaptcha/releases/A7KpaEASfhDcK0nXxgQEyyYv/recaptcha__en.js:371:62)
    at Array.<anonymous> (https://www.gstatic.com/recaptcha/releases/A7KpaEASfhDcK0nXxgQEyyYv/recaptcha__en.js:374:399)
    at aN.M (https://www.gstatic.com/recaptcha/releases/A7KpaEASfhDcK0nXxgQEyyYv/recaptcha__en.js:118:303)
    at Array.<anonymous> (https://www.gstatic.com/recaptcha/releases/A7KpaEASfhDcK0nXxgQEyyYv/recaptcha__en.js:233:151)
    at B.next (https://www.gstatic.com/recaptcha/releases/A7KpaEASfhDcK0nXxgQEyyYv/recaptcha__en.js:799:238)
    at https://www.gstatic.com/recaptcha/releases/A7KpaEASfhDcK0nXxgQEyyYv/recaptcha__en.js:133:18
[   12827ms] ReferenceError: solveSimpleChallenge is not defined
    at onload (https://www.google.com/sorry/index?continue=https://www.google.com/search%3Fq%3Dlatest%2BAI%2Bnews%26sca_esv%3D7653edd048582144%26source%3Dhp%26ei%3DClZjaovnA_iTseMP_IegsAY%26iflsig%3DABILxe8AAAAAamNkGiRlHGgQo1wd1PXoWum2OsTJ5v1B%26ved%3D0ahUKEwiLlOz8o-uVAxX4SWwGHfwDCGYQ4dUDCCE%26uact%3D5%26oq%3Dlatest%2BAI%2Bnews%26gs_lp%3DEgdnd3Mtd2l6Ig5sYXRlc3QgQUkgbmV3c0gZUABYAHAAeACQAQCYAQCgAQCqAQC4AQPIAQD4AQGYAgCgAgCYAwCSBwCgBwCyBwC4BwDCBwDIBwCACAE%26sclient%3Dgws-wiz%26sei%3DFFZjasmSOsPx4-EPs4ii2Ao&q=EhAkCUDlEayogdzeG9jqqcNRGJWsjdMGIjCeQvwZ9IJiHCsRxTU75SUbrXfKp8D3-jVX1zmDpY5wtmDJTfEWH68LimzPpUSrKJ0yAVJaAUM:4:316)
[   13158ms] TypeError: Cannot redefine property: languages
    at Object.defineProperty (<anonymous>)
    at <anonymous>:28:12
    at <anonymous>:40:5
    at <anonymous>:41:7
    at Array.<anonymous> (https://www.gstatic.com/recaptcha/releases/A7KpaEASfhDcK0nXxgQEyyYv/recaptcha__en.js:371:62)
    at https://www.gstatic.com/recaptcha/releases/A7KpaEASfhDcK0nXxgQEyyYv/recaptcha__en.js:1205:43
    at https://www.gstatic.com/recaptcha/releases/A7KpaEASfhDcK0nXxgQEyyYv/recaptcha__en.js:1261:125
    at https://www.gstatic.com/recaptcha/releases/A7KpaEASfhDcK0nXxgQEyyYv/recaptcha__en.js:764:104
    at https://www.gstatic.com/recaptcha/releases/A7KpaEASfhDcK0nXxgQEyyYv/recaptcha__en.js:250:328
    at Array.<anonymous> (https://www.gstatic.com/recaptcha/releases/A7KpaEASfhDcK0nXxgQEyyYv/recaptcha__en.js:120:110)
[   13161ms] TypeError: Cannot redefine property: languages
    at Object.defineProperty (<anonymous>)
    at <anonymous>:28:12
    at <anonymous>:40:5
    at <anonymous>:41:7
    at Array.<anonymous> (https://www.gstatic.com/recaptcha/releases/A7KpaEASfhDcK0nXxgQEyyYv/recaptcha__en.js:371:62)
    at https://www.gstatic.com/recaptcha/releases/A7KpaEASfhDcK0nXxgQEyyYv/recaptcha__en.js:1205:43
    at https://www.gstatic.com/recaptcha/releases/A7KpaEASfhDcK0nXxgQEyyYv/recaptcha__en.js:1261:125
    at https://www.gstatic.com/recaptcha/releases/A7KpaEASfhDcK0nXxgQEyyYv/recaptcha__en.js:764:104
    at https://www.gstatic.com/recaptcha/releases/A7KpaEASfhDcK0nXxgQEyyYv/recaptcha__en.js:250:328
    at Array.<anonymous> (https://www.gstatic.com/recaptcha/releases/A7KpaEASfhDcK0nXxgQEyyYv/recaptcha__en.js:120:110)
[   13197ms] TypeError: Cannot redefine property: languages
    at Object.defineProperty (<anonymous>)
    at <anonymous>:28:12
    at <anonymous>:40:5
    at <anonymous>:41:7
    at xy.<anonymous> (https://www.gstatic.com/recaptcha/releases/A7KpaEASfhDcK0nXxgQEyyYv/recaptcha__en.js:821:387)
    at xy.K.R.<computed>.ab (https://www.gstatic.com/recaptcha/releases/A7KpaEASfhDcK0nXxgQEyyYv/recaptcha__en.js:1658:488)
    at xy.<anonymous> (https://www.gstatic.com/recaptcha/releases/A7KpaEASfhDcK0nXxgQEyyYv/recaptcha__en.js:536:82)
    at xy.K.R.<computed>.F.FX (https://www.gstatic.com/recaptcha/releases/A7KpaEASfhDcK0nXxgQEyyYv/recaptcha__en.js:1655:237)
    at https://www.gstatic.com/recaptcha/releases/A7KpaEASfhDcK0nXxgQEyyYv/recaptcha__en.js:430:184
    at Pb (https://www.gstatic.com/recaptcha/releases/A7KpaEASfhDcK0nXxgQEyyYv/recaptcha__en.js:943:79)
[   13199ms] TypeError: Cannot redefine property: languages
    at Object.defineProperty (<anonymous>)
    at <anonymous>:28:12
    at <anonymous>:40:5
    at <anonymous>:41:7
    at xy.<anonymous> (https://www.gstatic.com/recaptcha/releases/A7KpaEASfhDcK0nXxgQEyyYv/recaptcha__en.js:821:387)
    at xy.K.R.<computed>.ab (https://www.gstatic.com/recaptcha/releases/A7KpaEASfhDcK0nXxgQEyyYv/recaptcha__en.js:1658:488)
    at xy.<anonymous> (https://www.gstatic.com/recaptcha/releases/A7KpaEASfhDcK0nXxgQEyyYv/recaptcha__en.js:536:82)
    at xy.K.R.<computed>.F.FX (https://www.gstatic.com/recaptcha/releases/A7KpaEASfhDcK0nXxgQEyyYv/recaptcha__en.js:1655:237)
    at https://www.gstatic.com/recaptcha/releases/A7KpaEASfhDcK0nXxgQEyyYv/recaptcha__en.js:430:184
    at Pb (https://www.gstatic.com/recaptcha/releases/A7KpaEASfhDcK0nXxgQEyyYv/recaptcha__en.js:943:79)
[   13325ms] [WARNING] An iframe which has both allow-scripts and allow-same-origin for its sandbox attribute can escape its sandboxing. @ https://www.google.com/recaptcha/enterprise/bframe?hl=en&v=A7KpaEASfhDcK0nXxgQEyyYv&k=6LdLLIMbAAAAAIl-KLj9p1ePhM-4LCCDbjtJLqRO&bft=0dAFcWeA6uNPy-CWV-Sa1G94tuGh0tWb4CNcSErwgfiaollfWVuJtuoGlldnF0c_teFkIsl2HXdFj0UoOZVKuOBlUPVfCOlnliPA:0
[   13331ms] TypeError: Cannot redefine property: languages
    at Object.defineProperty (<anonymous>)
    at <anonymous>:28:12
    at <anonymous>:40:5
    at <anonymous>:41:7
[   13333ms] TypeError: Cannot redefine property: languages
    at Object.defineProperty (<anonymous>)
    at <anonymous>:28:12
    at <anonymous>:40:5
    at <anonymous>:41:7
[   13492ms] TypeError: Cannot redefine property: languages
    at Object.defineProperty (<anonymous>)
    at <anonymous>:28:12
    at <anonymous>:40:5
    at <anonymous>:41:7
    at xy.<anonymous> (https://www.gstatic.com/recaptcha/releases/A7KpaEASfhDcK0nXxgQEyyYv/recaptcha__en.js:821:387)
    at xy.K.R.<computed>.ab (https://www.gstatic.com/recaptcha/releases/A7KpaEASfhDcK0nXxgQEyyYv/recaptcha__en.js:1658:488)
    at xy.<anonymous> (https://www.gstatic.com/recaptcha/releases/A7KpaEASfhDcK0nXxgQEyyYv/recaptcha__en.js:536:82)
    at xy.K.R.<computed>.F.FX (https://www.gstatic.com/recaptcha/releases/A7KpaEASfhDcK0nXxgQEyyYv/recaptcha__en.js:1655:237)
    at https://www.gstatic.com/recaptcha/releases/A7KpaEASfhDcK0nXxgQEyyYv/recaptcha__en.js:430:184
    at Pb (https://www.gstatic.com/recaptcha/releases/A7KpaEASfhDcK0nXxgQEyyYv/recaptcha__en.js:943:79)
[   13494ms] TypeError: Cannot redefine property: languages
    at Object.defineProperty (<anonymous>)
    at <anonymous>:28:12
    at <anonymous>:40:5
    at <anonymous>:41:7
    at xy.<anonymous> (https://www.gstatic.com/recaptcha/releases/A7KpaEASfhDcK0nXxgQEyyYv/recaptcha__en.js:821:387)
    at xy.K.R.<computed>.ab (https://www.gstatic.com/recaptcha/releases/A7KpaEASfhDcK0nXxgQEyyYv/recaptcha__en.js:1658:488)
    at xy.<anonymous> (https://www.gstatic.com/recaptcha/releases/A7KpaEASfhDcK0nXxgQEyyYv/recaptcha__en.js:536:82)
    at xy.K.R.<computed>.F.FX (https://www.gstatic.com/recaptcha/releases/A7KpaEASfhDcK0nXxgQEyyYv/recaptcha__en.js:1655:237)
    at https://www.gstatic.com/recaptcha/releases/A7KpaEASfhDcK0nXxgQEyyYv/recaptcha__en.js:430:184
    at Pb (https://www.gstatic.com/recaptcha/releases/A7KpaEASfhDcK0nXxgQEyyYv/recaptcha__en.js:943:79)
