[      40ms] TypeError: Cannot redefine property: languages
    at Object.defineProperty (<anonymous>)
    at <anonymous>:28:12
    at <anonymous>:46:5
    at <anonymous>:47:7
[    3522ms] TypeError: Cannot redefine property: languages
    at Object.defineProperty (<anonymous>)
    at <anonymous>:28:12
    at <anonymous>:46:5
    at <anonymous>:47:7
[    3524ms] TypeError: Cannot redefine property: languages
    at Object.defineProperty (<anonymous>)
    at <anonymous>:28:12
    at <anonymous>:46:5
    at <anonymous>:47:7
[    4722ms] TypeError: Cannot redefine property: languages
    at Object.defineProperty (<anonymous>)
    at <anonymous>:28:12
    at <anonymous>:46:5
    at <anonymous>:47:7
[    4732ms] TypeError: Cannot redefine property: languages
    at Object.defineProperty (<anonymous>)
    at <anonymous>:28:12
    at <anonymous>:46:5
    at <anonymous>:47:7
[    6040ms] TypeError: Cannot redefine property: languages
    at Object.defineProperty (<anonymous>)
    at <anonymous>:28:12
    at <anonymous>:46:5
    at <anonymous>:47:7
    at OS.O3 (https://challenges.cloudflare.com/cdn-cgi/challenge-platform/h/g/turnstile/f/av0/rch/nvxwh/0x4AAAAAAADptsa1Vbw0CGbV/light/fbE/new/normal?lang=en:1:109279)
    at OS.<computed>.<computed> [as run] (https://challenges.cloudflare.com/cdn-cgi/challenge-platform/h/g/turnstile/f/av0/rch/nvxwh/0x4AAAAAAADptsa1Vbw0CGbV/light/fbE/new/normal?lang=en:1:73594)
    at O6 (https://challenges.cloudflare.com/cdn-cgi/challenge-platform/h/g/turnstile/f/av0/rch/nvxwh/0x4AAAAAAADptsa1Vbw0CGbV/light/fbE/new/normal?lang=en:1:220202)
    at Object.ltdeE (https://challenges.cloudflare.com/cdn-cgi/challenge-platform/h/g/turnstile/f/av0/rch/nvxwh/0x4AAAAAAADptsa1Vbw0CGbV/light/fbE/new/normal?lang=en:1:122670)
    at OS.ZV (https://challenges.cloudflare.com/cdn-cgi/challenge-platform/h/g/turnstile/f/av0/rch/nvxwh/0x4AAAAAAADptsa1Vbw0CGbV/light/fbE/new/normal?lang=en:1:124716)
    at OS.<computed>.<computed> [as run] (https://challenges.cloudflare.com/cdn-cgi/challenge-platform/h/g/turnstile/f/av0/rch/nvxwh/0x4AAAAAAADptsa1Vbw0CGbV/light/fbE/new/normal?lang=en:1:73456)
[    6042ms] TypeError: Cannot redefine property: languages
    at Object.defineProperty (<anonymous>)
    at <anonymous>:28:12
    at <anonymous>:46:5
    at <anonymous>:47:7
    at OS.O3 (https://challenges.cloudflare.com/cdn-cgi/challenge-platform/h/g/turnstile/f/av0/rch/nvxwh/0x4AAAAAAADptsa1Vbw0CGbV/light/fbE/new/normal?lang=en:1:109279)
    at OS.<computed>.<computed> [as run] (https://challenges.cloudflare.com/cdn-cgi/challenge-platform/h/g/turnstile/f/av0/rch/nvxwh/0x4AAAAAAADptsa1Vbw0CGbV/light/fbE/new/normal?lang=en:1:73594)
    at O6 (https://challenges.cloudflare.com/cdn-cgi/challenge-platform/h/g/turnstile/f/av0/rch/nvxwh/0x4AAAAAAADptsa1Vbw0CGbV/light/fbE/new/normal?lang=en:1:220202)
    at Object.ltdeE (https://challenges.cloudflare.com/cdn-cgi/challenge-platform/h/g/turnstile/f/av0/rch/nvxwh/0x4AAAAAAADptsa1Vbw0CGbV/light/fbE/new/normal?lang=en:1:122670)
    at OS.ZV (https://challenges.cloudflare.com/cdn-cgi/challenge-platform/h/g/turnstile/f/av0/rch/nvxwh/0x4AAAAAAADptsa1Vbw0CGbV/light/fbE/new/normal?lang=en:1:124716)
    at OS.<computed>.<computed> [as run] (https://challenges.cloudflare.com/cdn-cgi/challenge-platform/h/g/turnstile/f/av0/rch/nvxwh/0x4AAAAAAADptsa1Vbw0CGbV/light/fbE/new/normal?lang=en:1:73456)
[    8762ms] TypeError: Cannot redefine property: languages
    at Object.defineProperty (<anonymous>)
    at <anonymous>:28:12
    at <anonymous>:46:5
    at <anonymous>:47:7
    at OS.O3 (https://challenges.cloudflare.com/cdn-cgi/challenge-platform/h/g/turnstile/f/av0/rch/nvxwh/0x4AAAAAAADptsa1Vbw0CGbV/light/fbE/new/normal?lang=en:1:109279)
    at OS.<computed>.<computed> [as run] (https://challenges.cloudflare.com/cdn-cgi/challenge-platform/h/g/turnstile/f/av0/rch/nvxwh/0x4AAAAAAADptsa1Vbw0CGbV/light/fbE/new/normal?lang=en:1:73594)
    at O6 (https://challenges.cloudflare.com/cdn-cgi/challenge-platform/h/g/turnstile/f/av0/rch/nvxwh/0x4AAAAAAADptsa1Vbw0CGbV/light/fbE/new/normal?lang=en:1:220202)
    at Object.ltdeE (https://challenges.cloudflare.com/cdn-cgi/challenge-platform/h/g/turnstile/f/av0/rch/nvxwh/0x4AAAAAAADptsa1Vbw0CGbV/light/fbE/new/normal?lang=en:1:122670)
    at OS.ZV (https://challenges.cloudflare.com/cdn-cgi/challenge-platform/h/g/turnstile/f/av0/rch/nvxwh/0x4AAAAAAADptsa1Vbw0CGbV/light/fbE/new/normal?lang=en:1:124716)
    at OS.<computed>.<computed> [as run] (https://challenges.cloudflare.com/cdn-cgi/challenge-platform/h/g/turnstile/f/av0/rch/nvxwh/0x4AAAAAAADptsa1Vbw0CGbV/light/fbE/new/normal?lang=en:1:70779)
[    8765ms] TypeError: Cannot redefine property: languages
    at Object.defineProperty (<anonymous>)
    at <anonymous>:28:12
    at <anonymous>:46:5
    at <anonymous>:47:7
    at OS.O3 (https://challenges.cloudflare.com/cdn-cgi/challenge-platform/h/g/turnstile/f/av0/rch/nvxwh/0x4AAAAAAADptsa1Vbw0CGbV/light/fbE/new/normal?lang=en:1:109279)
    at OS.<computed>.<computed> [as run] (https://challenges.cloudflare.com/cdn-cgi/challenge-platform/h/g/turnstile/f/av0/rch/nvxwh/0x4AAAAAAADptsa1Vbw0CGbV/light/fbE/new/normal?lang=en:1:73594)
    at O6 (https://challenges.cloudflare.com/cdn-cgi/challenge-platform/h/g/turnstile/f/av0/rch/nvxwh/0x4AAAAAAADptsa1Vbw0CGbV/light/fbE/new/normal?lang=en:1:220202)
    at Object.ltdeE (https://challenges.cloudflare.com/cdn-cgi/challenge-platform/h/g/turnstile/f/av0/rch/nvxwh/0x4AAAAAAADptsa1Vbw0CGbV/light/fbE/new/normal?lang=en:1:122670)
    at OS.ZV (https://challenges.cloudflare.com/cdn-cgi/challenge-platform/h/g/turnstile/f/av0/rch/nvxwh/0x4AAAAAAADptsa1Vbw0CGbV/light/fbE/new/normal?lang=en:1:124716)
    at OS.<computed>.<computed> [as run] (https://challenges.cloudflare.com/cdn-cgi/challenge-platform/h/g/turnstile/f/av0/rch/nvxwh/0x4AAAAAAADptsa1Vbw0CGbV/light/fbE/new/normal?lang=en:1:70779)
[    8850ms] TypeError: Cannot redefine property: languages
    at Object.defineProperty (<anonymous>)
    at <anonymous>:28:12
    at <anonymous>:46:5
    at <anonymous>:47:7
    at OS.O3 (https://challenges.cloudflare.com/cdn-cgi/challenge-platform/h/g/turnstile/f/av0/rch/nvxwh/0x4AAAAAAADptsa1Vbw0CGbV/light/fbE/new/normal?lang=en:1:109279)
    at OS.<computed>.<computed> [as run] (https://challenges.cloudflare.com/cdn-cgi/challenge-platform/h/g/turnstile/f/av0/rch/nvxwh/0x4AAAAAAADptsa1Vbw0CGbV/light/fbE/new/normal?lang=en:1:73594)
    at O6 (https://challenges.cloudflare.com/cdn-cgi/challenge-platform/h/g/turnstile/f/av0/rch/nvxwh/0x4AAAAAAADptsa1Vbw0CGbV/light/fbE/new/normal?lang=en:1:220202)
    at Object.ltdeE (https://challenges.cloudflare.com/cdn-cgi/challenge-platform/h/g/turnstile/f/av0/rch/nvxwh/0x4AAAAAAADptsa1Vbw0CGbV/light/fbE/new/normal?lang=en:1:122670)
    at OS.ZV (https://challenges.cloudflare.com/cdn-cgi/challenge-platform/h/g/turnstile/f/av0/rch/nvxwh/0x4AAAAAAADptsa1Vbw0CGbV/light/fbE/new/normal?lang=en:1:124716)
    at OS.<computed>.<computed> [as run] (https://challenges.cloudflare.com/cdn-cgi/challenge-platform/h/g/turnstile/f/av0/rch/nvxwh/0x4AAAAAAADptsa1Vbw0CGbV/light/fbE/new/normal?lang=en:1:73456)
[    8852ms] TypeError: Cannot redefine property: languages
    at Object.defineProperty (<anonymous>)
    at <anonymous>:28:12
    at <anonymous>:46:5
    at <anonymous>:47:7
    at OS.O3 (https://challenges.cloudflare.com/cdn-cgi/challenge-platform/h/g/turnstile/f/av0/rch/nvxwh/0x4AAAAAAADptsa1Vbw0CGbV/light/fbE/new/normal?lang=en:1:109279)
    at OS.<computed>.<computed> [as run] (https://challenges.cloudflare.com/cdn-cgi/challenge-platform/h/g/turnstile/f/av0/rch/nvxwh/0x4AAAAAAADptsa1Vbw0CGbV/light/fbE/new/normal?lang=en:1:73594)
    at O6 (https://challenges.cloudflare.com/cdn-cgi/challenge-platform/h/g/turnstile/f/av0/rch/nvxwh/0x4AAAAAAADptsa1Vbw0CGbV/light/fbE/new/normal?lang=en:1:220202)
    at Object.ltdeE (https://challenges.cloudflare.com/cdn-cgi/challenge-platform/h/g/turnstile/f/av0/rch/nvxwh/0x4AAAAAAADptsa1Vbw0CGbV/light/fbE/new/normal?lang=en:1:122670)
    at OS.ZV (https://challenges.cloudflare.com/cdn-cgi/challenge-platform/h/g/turnstile/f/av0/rch/nvxwh/0x4AAAAAAADptsa1Vbw0CGbV/light/fbE/new/normal?lang=en:1:124716)
    at OS.<computed>.<computed> [as run] (https://challenges.cloudflare.com/cdn-cgi/challenge-platform/h/g/turnstile/f/av0/rch/nvxwh/0x4AAAAAAADptsa1Vbw0CGbV/light/fbE/new/normal?lang=en:1:73456)
[    8920ms] [WARNING] WebGL: INVALID_ENUM: getInternalformatParameter: invalid internalformat @ https://challenges.cloudflare.com/cdn-cgi/challenge-platform/h/g/turnstile/f/av0/rch/nvxwh/0x4AAAAAAADptsa1Vbw0CGbV/light/fbE/new/normal?lang=en:0
[    8921ms] [WARNING] WebGL: INVALID_ENUM: getInternalformatParameter: invalid internalformat @ https://challenges.cloudflare.com/cdn-cgi/challenge-platform/h/g/turnstile/f/av0/rch/nvxwh/0x4AAAAAAADptsa1Vbw0CGbV/light/fbE/new/normal?lang=en:0
[    8922ms] [WARNING] WebGL: INVALID_ENUM: getInternalformatParameter: invalid internalformat @ https://challenges.cloudflare.com/cdn-cgi/challenge-platform/h/g/turnstile/f/av0/rch/nvxwh/0x4AAAAAAADptsa1Vbw0CGbV/light/fbE/new/normal?lang=en:0
[    8922ms] [WARNING] WebGL: INVALID_ENUM: getInternalformatParameter: invalid internalformat @ https://challenges.cloudflare.com/cdn-cgi/challenge-platform/h/g/turnstile/f/av0/rch/nvxwh/0x4AAAAAAADptsa1Vbw0CGbV/light/fbE/new/normal?lang=en:0
[    8922ms] [WARNING] WebGL: INVALID_ENUM: getInternalformatParameter: invalid internalformat @ https://challenges.cloudflare.com/cdn-cgi/challenge-platform/h/g/turnstile/f/av0/rch/nvxwh/0x4AAAAAAADptsa1Vbw0CGbV/light/fbE/new/normal?lang=en:0
[    8922ms] [WARNING] WebGL: INVALID_ENUM: getInternalformatParameter: invalid internalformat @ https://challenges.cloudflare.com/cdn-cgi/challenge-platform/h/g/turnstile/f/av0/rch/nvxwh/0x4AAAAAAADptsa1Vbw0CGbV/light/fbE/new/normal?lang=en:0
[    8923ms] [WARNING] WebGL: INVALID_ENUM: getInternalformatParameter: invalid internalformat @ https://challenges.cloudflare.com/cdn-cgi/challenge-platform/h/g/turnstile/f/av0/rch/nvxwh/0x4AAAAAAADptsa1Vbw0CGbV/light/fbE/new/normal?lang=en:0
[    8924ms] [WARNING] WebGL: INVALID_ENUM: getInternalformatParameter: invalid internalformat @ https://challenges.cloudflare.com/cdn-cgi/challenge-platform/h/g/turnstile/f/av0/rch/nvxwh/0x4AAAAAAADptsa1Vbw0CGbV/light/fbE/new/normal?lang=en:0
[    8924ms] [WARNING] WebGL: INVALID_ENUM: getInternalformatParameter: invalid internalformat @ https://challenges.cloudflare.com/cdn-cgi/challenge-platform/h/g/turnstile/f/av0/rch/nvxwh/0x4AAAAAAADptsa1Vbw0CGbV/light/fbE/new/normal?lang=en:0
[    8925ms] [WARNING] WebGL: INVALID_ENUM: getInternalformatParameter: invalid internalformat @ https://challenges.cloudflare.com/cdn-cgi/challenge-platform/h/g/turnstile/f/av0/rch/nvxwh/0x4AAAAAAADptsa1Vbw0CGbV/light/fbE/new/normal?lang=en:0
[    8927ms] [WARNING] WebGL: INVALID_ENUM: getInternalformatParameter: invalid internalformat @ https://challenges.cloudflare.com/cdn-cgi/challenge-platform/h/g/turnstile/f/av0/rch/nvxwh/0x4AAAAAAADptsa1Vbw0CGbV/light/fbE/new/normal?lang=en:0
[    8928ms] [WARNING] WebGL: INVALID_ENUM: getInternalformatParameter: invalid internalformat when EXT_color_buffer_[half_]float is not enabled @ https://challenges.cloudflare.com/cdn-cgi/challenge-platform/h/g/turnstile/f/av0/rch/nvxwh/0x4AAAAAAADptsa1Vbw0CGbV/light/fbE/new/normal?lang=en:0
[    8928ms] [WARNING] WebGL: INVALID_ENUM: getInternalformatParameter: invalid internalformat when EXT_color_buffer_float is not enabled @ https://challenges.cloudflare.com/cdn-cgi/challenge-platform/h/g/turnstile/f/av0/rch/nvxwh/0x4AAAAAAADptsa1Vbw0CGbV/light/fbE/new/normal?lang=en:0
[    8928ms] [WARNING] WebGL: INVALID_ENUM: getInternalformatParameter: invalid internalformat when EXT_color_buffer_float is not enabled @ https://challenges.cloudflare.com/cdn-cgi/challenge-platform/h/g/turnstile/f/av0/rch/nvxwh/0x4AAAAAAADptsa1Vbw0CGbV/light/fbE/new/normal?lang=en:0
[    8929ms] [WARNING] WebGL: INVALID_ENUM: getInternalformatParameter: invalid internalformat @ https://challenges.cloudflare.com/cdn-cgi/challenge-platform/h/g/turnstile/f/av0/rch/nvxwh/0x4AAAAAAADptsa1Vbw0CGbV/light/fbE/new/normal?lang=en:0
[    8929ms] [WARNING] WebGL: INVALID_ENUM: getInternalformatParameter: invalid internalformat when EXT_color_buffer_[half_]float is not enabled @ https://challenges.cloudflare.com/cdn-cgi/challenge-platform/h/g/turnstile/f/av0/rch/nvxwh/0x4AAAAAAADptsa1Vbw0CGbV/light/fbE/new/normal?lang=en:0
[    8929ms] [WARNING] WebGL: INVALID_ENUM: getInternalformatParameter: invalid internalformat when EXT_color_buffer_float is not enabled @ https://challenges.cloudflare.com/cdn-cgi/challenge-platform/h/g/turnstile/f/av0/rch/nvxwh/0x4AAAAAAADptsa1Vbw0CGbV/light/fbE/new/normal?lang=en:0
[    8929ms] [WARNING] WebGL: INVALID_ENUM: getInternalformatParameter: invalid internalformat when EXT_color_buffer_[half_]float is not enabled @ https://challenges.cloudflare.com/cdn-cgi/challenge-platform/h/g/turnstile/f/av0/rch/nvxwh/0x4AAAAAAADptsa1Vbw0CGbV/light/fbE/new/normal?lang=en:0
[    8930ms] [WARNING] WebGL: INVALID_ENUM: getInternalformatParameter: invalid internalformat when EXT_color_buffer_float is not enabled @ https://challenges.cloudflare.com/cdn-cgi/challenge-platform/h/g/turnstile/f/av0/rch/nvxwh/0x4AAAAAAADptsa1Vbw0CGbV/light/fbE/new/normal?lang=en:0
[    9017ms] TypeError: Cannot redefine property: languages
    at Object.defineProperty (<anonymous>)
    at <anonymous>:28:12
    at <anonymous>:46:5
    at <anonymous>:47:7
    at OS.O4 (https://challenges.cloudflare.com/cdn-cgi/challenge-platform/h/g/turnstile/f/av0/rch/nvxwh/0x4AAAAAAADptsa1Vbw0CGbV/light/fbE/new/normal?lang=en:1:253522)
    at OS.<computed>.<computed> [as run] (https://challenges.cloudflare.com/cdn-cgi/challenge-platform/h/g/turnstile/f/av0/rch/nvxwh/0x4AAAAAAADptsa1Vbw0CGbV/light/fbE/new/normal?lang=en:1:73629)
    at O6 (https://challenges.cloudflare.com/cdn-cgi/challenge-platform/h/g/turnstile/f/av0/rch/nvxwh/0x4AAAAAAADptsa1Vbw0CGbV/light/fbE/new/normal?lang=en:1:220202)
    at Object.ltdeE (https://challenges.cloudflare.com/cdn-cgi/challenge-platform/h/g/turnstile/f/av0/rch/nvxwh/0x4AAAAAAADptsa1Vbw0CGbV/light/fbE/new/normal?lang=en:1:122670)
    at OS.ZV (https://challenges.cloudflare.com/cdn-cgi/challenge-platform/h/g/turnstile/f/av0/rch/nvxwh/0x4AAAAAAADptsa1Vbw0CGbV/light/fbE/new/normal?lang=en:1:124716)
    at OS.<computed>.<computed> [as run] (https://challenges.cloudflare.com/cdn-cgi/challenge-platform/h/g/turnstile/f/av0/rch/nvxwh/0x4AAAAAAADptsa1Vbw0CGbV/light/fbE/new/normal?lang=en:1:73456)
[    9020ms] TypeError: Cannot redefine property: languages
    at Object.defineProperty (<anonymous>)
    at <anonymous>:28:12
    at <anonymous>:46:5
    at <anonymous>:47:7
    at OS.O4 (https://challenges.cloudflare.com/cdn-cgi/challenge-platform/h/g/turnstile/f/av0/rch/nvxwh/0x4AAAAAAADptsa1Vbw0CGbV/light/fbE/new/normal?lang=en:1:253522)
    at OS.<computed>.<computed> [as run] (https://challenges.cloudflare.com/cdn-cgi/challenge-platform/h/g/turnstile/f/av0/rch/nvxwh/0x4AAAAAAADptsa1Vbw0CGbV/light/fbE/new/normal?lang=en:1:73629)
    at O6 (https://challenges.cloudflare.com/cdn-cgi/challenge-platform/h/g/turnstile/f/av0/rch/nvxwh/0x4AAAAAAADptsa1Vbw0CGbV/light/fbE/new/normal?lang=en:1:220202)
    at Object.ltdeE (https://challenges.cloudflare.com/cdn-cgi/challenge-platform/h/g/turnstile/f/av0/rch/nvxwh/0x4AAAAAAADptsa1Vbw0CGbV/light/fbE/new/normal?lang=en:1:122670)
    at OS.ZV (https://challenges.cloudflare.com/cdn-cgi/challenge-platform/h/g/turnstile/f/av0/rch/nvxwh/0x4AAAAAAADptsa1Vbw0CGbV/light/fbE/new/normal?lang=en:1:124716)
    at OS.<computed>.<computed> [as run] (https://challenges.cloudflare.com/cdn-cgi/challenge-platform/h/g/turnstile/f/av0/rch/nvxwh/0x4AAAAAAADptsa1Vbw0CGbV/light/fbE/new/normal?lang=en:1:73456)
[    9028ms] [WARNING] The powerPreference option is currently ignored when calling requestAdapter() on Windows. See https://crbug.com/369219127 @ https://challenges.cloudflare.com/cdn-cgi/challenge-platform/h/g/turnstile/f/av0/rch/nvxwh/0x4AAAAAAADptsa1Vbw0CGbV/light/fbE/new/normal?lang=en:0
[    9028ms] [WARNING] The powerPreference option is currently ignored when calling requestAdapter() on Windows. See https://crbug.com/369219127 @ https://challenges.cloudflare.com/cdn-cgi/challenge-platform/h/g/turnstile/f/av0/rch/nvxwh/0x4AAAAAAADptsa1Vbw0CGbV/light/fbE/new/normal?lang=en:0
[    9039ms] TypeError: Cannot redefine property: languages
    at Object.defineProperty (<anonymous>)
    at <anonymous>:28:12
    at <anonymous>:46:5
    at <anonymous>:47:7
[    9041ms] TypeError: Cannot redefine property: languages
    at Object.defineProperty (<anonymous>)
    at <anonymous>:28:12
    at <anonymous>:46:5
    at <anonymous>:47:7
[    9106ms] [WARNING] No available adapters. @ https://challenges.cloudflare.com/cdn-cgi/challenge-platform/h/g/turnstile/f/av0/rch/nvxwh/0x4AAAAAAADptsa1Vbw0CGbV/light/fbE/new/normal?lang=en:0
[    9200ms] TypeError: Cannot redefine property: languages
    at Object.defineProperty (<anonymous>)
    at <anonymous>:28:12
    at <anonymous>:46:5
    at <anonymous>:47:7
    at OS.O3 (https://challenges.cloudflare.com/cdn-cgi/challenge-platform/h/g/turnstile/f/av0/rch/nvxwh/0x4AAAAAAADptsa1Vbw0CGbV/light/fbE/new/normal?lang=en:1:109279)
    at OS.<computed>.<computed> [as run] (https://challenges.cloudflare.com/cdn-cgi/challenge-platform/h/g/turnstile/f/av0/rch/nvxwh/0x4AAAAAAADptsa1Vbw0CGbV/light/fbE/new/normal?lang=en:1:73594)
    at O6 (https://challenges.cloudflare.com/cdn-cgi/challenge-platform/h/g/turnstile/f/av0/rch/nvxwh/0x4AAAAAAADptsa1Vbw0CGbV/light/fbE/new/normal?lang=en:1:220202)
    at OS.O4 (https://challenges.cloudflare.com/cdn-cgi/challenge-platform/h/g/turnstile/f/av0/rch/nvxwh/0x4AAAAAAADptsa1Vbw0CGbV/light/fbE/new/normal?lang=en:1:253581)
    at OS.<computed>.<computed> [as run] (https://challenges.cloudflare.com/cdn-cgi/challenge-platform/h/g/turnstile/f/av0/rch/nvxwh/0x4AAAAAAADptsa1Vbw0CGbV/light/fbE/new/normal?lang=en:1:73629)
    at O6 (https://challenges.cloudflare.com/cdn-cgi/challenge-platform/h/g/turnstile/f/av0/rch/nvxwh/0x4AAAAAAADptsa1Vbw0CGbV/light/fbE/new/normal?lang=en:1:220202)
[    9203ms] TypeError: Cannot redefine property: languages
    at Object.defineProperty (<anonymous>)
    at <anonymous>:28:12
    at <anonymous>:46:5
    at <anonymous>:47:7
    at OS.O3 (https://challenges.cloudflare.com/cdn-cgi/challenge-platform/h/g/turnstile/f/av0/rch/nvxwh/0x4AAAAAAADptsa1Vbw0CGbV/light/fbE/new/normal?lang=en:1:109279)
    at OS.<computed>.<computed> [as run] (https://challenges.cloudflare.com/cdn-cgi/challenge-platform/h/g/turnstile/f/av0/rch/nvxwh/0x4AAAAAAADptsa1Vbw0CGbV/light/fbE/new/normal?lang=en:1:73594)
    at O6 (https://challenges.cloudflare.com/cdn-cgi/challenge-platform/h/g/turnstile/f/av0/rch/nvxwh/0x4AAAAAAADptsa1Vbw0CGbV/light/fbE/new/normal?lang=en:1:220202)
    at OS.O4 (https://challenges.cloudflare.com/cdn-cgi/challenge-platform/h/g/turnstile/f/av0/rch/nvxwh/0x4AAAAAAADptsa1Vbw0CGbV/light/fbE/new/normal?lang=en:1:253581)
    at OS.<computed>.<computed> [as run] (https://challenges.cloudflare.com/cdn-cgi/challenge-platform/h/g/turnstile/f/av0/rch/nvxwh/0x4AAAAAAADptsa1Vbw0CGbV/light/fbE/new/normal?lang=en:1:73629)
    at O6 (https://challenges.cloudflare.com/cdn-cgi/challenge-platform/h/g/turnstile/f/av0/rch/nvxwh/0x4AAAAAAADptsa1Vbw0CGbV/light/fbE/new/normal?lang=en:1:220202)
[    9205ms] [LOG] /.*.*=.*/ @ https://challenges.cloudflare.com/cdn-cgi/challenge-platform/h/g/turnstile/f/av0/rch/nvxwh/0x4AAAAAAADptsa1Vbw0CGbV/light/fbE/new/normal?lang=en:0
[    9206ms] [LOG] /.*.*=.*/ @ https://challenges.cloudflare.com/cdn-cgi/challenge-platform/h/g/turnstile/f/av0/rch/nvxwh/0x4AAAAAAADptsa1Vbw0CGbV/light/fbE/new/normal?lang=en:0
[    9206ms] [LOG] function () { [native code] } @ https://challenges.cloudflare.com/cdn-cgi/challenge-platform/h/g/turnstile/f/av0/rch/nvxwh/0x4AAAAAAADptsa1Vbw0CGbV/light/fbE/new/normal?lang=en:0
[    9206ms] [LOG] function () { [native code] } @ https://challenges.cloudflare.com/cdn-cgi/challenge-platform/h/g/turnstile/f/av0/rch/nvxwh/0x4AAAAAAADptsa1Vbw0CGbV/light/fbE/new/normal?lang=en:0
[    9206ms] [LOG] JSHandle@node @ https://challenges.cloudflare.com/cdn-cgi/challenge-platform/h/g/turnstile/f/av0/rch/nvxwh/0x4AAAAAAADptsa1Vbw0CGbV/light/fbE/new/normal?lang=en:0
[    9207ms] [LOG] JSHandle@node @ https://challenges.cloudflare.com/cdn-cgi/challenge-platform/h/g/turnstile/f/av0/rch/nvxwh/0x4AAAAAAADptsa1Vbw0CGbV/light/fbE/new/normal?lang=en:0
[    9207ms] [COUNT]  : 1 @ https://challenges.cloudflare.com/cdn-cgi/challenge-platform/h/g/turnstile/f/av0/rch/nvxwh/0x4AAAAAAADptsa1Vbw0CGbV/light/fbE/new/normal?lang=en:0
[    9208ms] [COUNT]  : 1 @ https://challenges.cloudflare.com/cdn-cgi/challenge-platform/h/g/turnstile/f/av0/rch/nvxwh/0x4AAAAAAADptsa1Vbw0CGbV/light/fbE/new/normal?lang=en:0
[    9210ms] [DIR]  Error @ https://challenges.cloudflare.com/cdn-cgi/challenge-platform/h/g/turnstile/f/av0/rch/nvxwh/0x4AAAAAAADptsa1Vbw0CGbV/light/fbE/new/normal?lang=en:0
[    9211ms] [DIR]  Error @ https://challenges.cloudflare.com/cdn-cgi/challenge-platform/h/g/turnstile/f/av0/rch/nvxwh/0x4AAAAAAADptsa1Vbw0CGbV/light/fbE/new/normal?lang=en:0
[    9211ms] [DIRXML] %c%d font-size:0;color:transparent Error @ https://challenges.cloudflare.com/cdn-cgi/challenge-platform/h/g/turnstile/f/av0/rch/nvxwh/0x4AAAAAAADptsa1Vbw0CGbV/light/fbE/new/normal?lang=en:0
[    9211ms] [DIRXML] %c%d font-size:0;color:transparent Error @ https://challenges.cloudflare.com/cdn-cgi/challenge-platform/h/g/turnstile/f/av0/rch/nvxwh/0x4AAAAAAADptsa1Vbw0CGbV/light/fbE/new/normal?lang=en:0
[    9212ms] [ERROR] %c%d font-size:0;color:transparent NaN @ https://challenges.cloudflare.com/cdn-cgi/challenge-platform/h/g/turnstile/f/av0/rch/nvxwh/0x4AAAAAAADptsa1Vbw0CGbV/light/fbE/new/normal?lang=en:0
[    9212ms] [ERROR] %c%d font-size:0;color:transparent NaN @ https://challenges.cloudflare.com/cdn-cgi/challenge-platform/h/g/turnstile/f/av0/rch/nvxwh/0x4AAAAAAADptsa1Vbw0CGbV/light/fbE/new/normal?lang=en:0
[    9212ms] [INFO] %c%d font-size:0;color:transparent NaN @ https://challenges.cloudflare.com/cdn-cgi/challenge-platform/h/g/turnstile/f/av0/rch/nvxwh/0x4AAAAAAADptsa1Vbw0CGbV/light/fbE/new/normal?lang=en:0
[    9212ms] [INFO] %c%d font-size:0;color:transparent NaN @ https://challenges.cloudflare.com/cdn-cgi/challenge-platform/h/g/turnstile/f/av0/rch/nvxwh/0x4AAAAAAADptsa1Vbw0CGbV/light/fbE/new/normal?lang=en:0
[    9212ms] [LOG] %c%d font-size:0;color:transparent NaN @ https://challenges.cloudflare.com/cdn-cgi/challenge-platform/h/g/turnstile/f/av0/rch/nvxwh/0x4AAAAAAADptsa1Vbw0CGbV/light/fbE/new/normal?lang=en:0
[    9213ms] [LOG] %c%d font-size:0;color:transparent NaN @ https://challenges.cloudflare.com/cdn-cgi/challenge-platform/h/g/turnstile/f/av0/rch/nvxwh/0x4AAAAAAADptsa1Vbw0CGbV/light/fbE/new/normal?lang=en:0
[    9213ms] [TABLE] %c%d font-size:0;color:transparent Error @ https://challenges.cloudflare.com/cdn-cgi/challenge-platform/h/g/turnstile/f/av0/rch/nvxwh/0x4AAAAAAADptsa1Vbw0CGbV/light/fbE/new/normal?lang=en:0
[    9213ms] [TABLE] %c%d font-size:0;color:transparent Error @ https://challenges.cloudflare.com/cdn-cgi/challenge-platform/h/g/turnstile/f/av0/rch/nvxwh/0x4AAAAAAADptsa1Vbw0CGbV/light/fbE/new/normal?lang=en:0
[    9214ms] [WARNING] %c%d font-size:0;color:transparent NaN @ https://challenges.cloudflare.com/cdn-cgi/challenge-platform/h/g/turnstile/f/av0/rch/nvxwh/0x4AAAAAAADptsa1Vbw0CGbV/light/fbE/new/normal?lang=en:0
[    9214ms] [WARNING] %c%d font-size:0;color:transparent NaN @ https://challenges.cloudflare.com/cdn-cgi/challenge-platform/h/g/turnstile/f/av0/rch/nvxwh/0x4AAAAAAADptsa1Vbw0CGbV/light/fbE/new/normal?lang=en:0
[    9218ms] [WARNING] OTS parsing error: Size of decompressed WOFF 2.0 is less than compressed size @ https://challenges.cloudflare.com/cdn-cgi/challenge-platform/h/g/turnstile/f/av0/rch/nvxwh/0x4AAAAAAADptsa1Vbw0CGbV/light/fbE/new/normal?lang=en:0
[    9384ms] TypeError: Cannot redefine property: languages
    at Object.defineProperty (<anonymous>)
    at <anonymous>:28:12
    at <anonymous>:46:5
    at <anonymous>:47:7
    at OS.O3 (https://challenges.cloudflare.com/cdn-cgi/challenge-platform/h/g/turnstile/f/av0/rch/nvxwh/0x4AAAAAAADptsa1Vbw0CGbV/light/fbE/new/normal?lang=en:1:109279)
    at OS.<computed>.<computed> [as run] (https://challenges.cloudflare.com/cdn-cgi/challenge-platform/h/g/turnstile/f/av0/rch/nvxwh/0x4AAAAAAADptsa1Vbw0CGbV/light/fbE/new/normal?lang=en:1:73594)
    at O6 (https://challenges.cloudflare.com/cdn-cgi/challenge-platform/h/g/turnstile/f/av0/rch/nvxwh/0x4AAAAAAADptsa1Vbw0CGbV/light/fbE/new/normal?lang=en:1:220202)
    at Object.ltdeE (https://challenges.cloudflare.com/cdn-cgi/challenge-platform/h/g/turnstile/f/av0/rch/nvxwh/0x4AAAAAAADptsa1Vbw0CGbV/light/fbE/new/normal?lang=en:1:122670)
    at OS.ZV (https://challenges.cloudflare.com/cdn-cgi/challenge-platform/h/g/turnstile/f/av0/rch/nvxwh/0x4AAAAAAADptsa1Vbw0CGbV/light/fbE/new/normal?lang=en:1:124716)
    at OS.<computed>.<computed> [as run] (https://challenges.cloudflare.com/cdn-cgi/challenge-platform/h/g/turnstile/f/av0/rch/nvxwh/0x4AAAAAAADptsa1Vbw0CGbV/light/fbE/new/normal?lang=en:1:73456)
[    9388ms] TypeError: Cannot redefine property: languages
    at Object.defineProperty (<anonymous>)
    at <anonymous>:28:12
    at <anonymous>:46:5
    at <anonymous>:47:7
    at OS.O3 (https://challenges.cloudflare.com/cdn-cgi/challenge-platform/h/g/turnstile/f/av0/rch/nvxwh/0x4AAAAAAADptsa1Vbw0CGbV/light/fbE/new/normal?lang=en:1:109279)
    at OS.<computed>.<computed> [as run] (https://challenges.cloudflare.com/cdn-cgi/challenge-platform/h/g/turnstile/f/av0/rch/nvxwh/0x4AAAAAAADptsa1Vbw0CGbV/light/fbE/new/normal?lang=en:1:73594)
    at O6 (https://challenges.cloudflare.com/cdn-cgi/challenge-platform/h/g/turnstile/f/av0/rch/nvxwh/0x4AAAAAAADptsa1Vbw0CGbV/light/fbE/new/normal?lang=en:1:220202)
    at Object.ltdeE (https://challenges.cloudflare.com/cdn-cgi/challenge-platform/h/g/turnstile/f/av0/rch/nvxwh/0x4AAAAAAADptsa1Vbw0CGbV/light/fbE/new/normal?lang=en:1:122670)
    at OS.ZV (https://challenges.cloudflare.com/cdn-cgi/challenge-platform/h/g/turnstile/f/av0/rch/nvxwh/0x4AAAAAAADptsa1Vbw0CGbV/light/fbE/new/normal?lang=en:1:124716)
    at OS.<computed>.<computed> [as run] (https://challenges.cloudflare.com/cdn-cgi/challenge-platform/h/g/turnstile/f/av0/rch/nvxwh/0x4AAAAAAADptsa1Vbw0CGbV/light/fbE/new/normal?lang=en:1:73456)
