[     271ms] TypeError: Cannot redefine property: languages
    at Object.defineProperty (<anonymous>)
    at <anonymous>:28:12
    at <anonymous>:46:5
    at <anonymous>:47:7
[     274ms] TypeError: Cannot redefine property: languages
    at Object.defineProperty (<anonymous>)
    at <anonymous>:28:12
    at <anonymous>:46:5
    at <anonymous>:47:7
[     276ms] TypeError: Cannot redefine property: languages
    at Object.defineProperty (<anonymous>)
    at <anonymous>:28:12
    at <anonymous>:46:5
    at <anonymous>:47:7
[   61002ms] TypeError: Cannot redefine property: languages
    at Object.defineProperty (<anonymous>)
    at <anonymous>:28:12
    at <anonymous>:46:5
    at <anonymous>:47:7
[   61003ms] TypeError: Cannot redefine property: languages
    at Object.defineProperty (<anonymous>)
    at <anonymous>:28:12
    at <anonymous>:46:5
    at <anonymous>:47:7
[   61003ms] TypeError: Cannot redefine property: languages
    at Object.defineProperty (<anonymous>)
    at <anonymous>:28:12
    at <anonymous>:46:5
    at <anonymous>:47:7
[   61059ms] TypeError: Cannot redefine property: languages
    at Object.defineProperty (<anonymous>)
    at <anonymous>:28:12
    at <anonymous>:46:5
    at <anonymous>:47:7
    at eval (eval at <anonymous> (https://www.google.com/search?q=latest+AI+news&sca_esv=5e05885409c385ba&source=hp&ei=YexoasrDFaTAjuMP8b6YmAg&iflsig=ABILxe8AAAAAamj6cVgTzcKk6GJKBnV7S28nJOSshgA4&ved=0ahUKEwiK-IGH-PWVAxUkoGMGHXEfBoMQ4dUDCB4&uact=5&oq=latest+AI+news&gs_lp=Egdnd3Mtd2l6Ig5sYXRlc3QgQUkgbmV3c0ghUABYAHAAeACQAQCYAQCgAQCqAQC4AQPIAQD4AQGYAgCgAgCYAwCSBwCgBwCyBwC4BwDCBwDIBwCACAE&sclient=gws-wiz:2:451), <anonymous>:107:22778)
    at Y$ (eval at <anonymous> (https://www.google.com/search?q=latest+AI+news&sca_esv=5e05885409c385ba&source=hp&ei=YexoasrDFaTAjuMP8b6YmAg&iflsig=ABILxe8AAAAAamj6cVgTzcKk6GJKBnV7S28nJOSshgA4&ved=0ahUKEwiK-IGH-PWVAxUkoGMGHXEfBoMQ4dUDCB4&uact=5&oq=latest+AI+news&gs_lp=Egdnd3Mtd2l6Ig5sYXRlc3QgQUkgbmV3c0ghUABYAHAAeACQAQCYAQCgAQCqAQC4AQPIAQD4AQGYAgCgAgCYAwCSBwCgBwCyBwC4BwDCBwDIBwCACAE&sclient=gws-wiz:2:451), <anonymous>:107:40144)
    at D.eval [as h] (eval at <anonymous> (https://www.google.com/search?q=latest+AI+news&sca_esv=5e05885409c385ba&source=hp&ei=YexoasrDFaTAjuMP8b6YmAg&iflsig=ABILxe8AAAAAamj6cVgTzcKk6GJKBnV7S28nJOSshgA4&ved=0ahUKEwiK-IGH-PWVAxUkoGMGHXEfBoMQ4dUDCB4&uact=5&oq=latest+AI+news&gs_lp=Egdnd3Mtd2l6Ig5sYXRlc3QgQUkgbmV3c0ghUABYAHAAeACQAQCYAQCgAQCqAQC4AQPIAQD4AQGYAgCgAgCYAwCSBwCgBwCyBwC4BwDCBwDIBwCACAE&sclient=gws-wiz:2:451), <anonymous>:107:56895)
    at uH (eval at <anonymous> (https://www.google.com/search?q=latest+AI+news&sca_esv=5e05885409c385ba&source=hp&ei=YexoasrDFaTAjuMP8b6YmAg&iflsig=ABILxe8AAAAAamj6cVgTzcKk6GJKBnV7S28nJOSshgA4&ved=0ahUKEwiK-IGH-PWVAxUkoGMGHXEfBoMQ4dUDCB4&uact=5&oq=latest+AI+news&gs_lp=Egdnd3Mtd2l6Ig5sYXRlc3QgQUkgbmV3c0ghUABYAHAAeACQAQCYAQCgAQCqAQC4AQPIAQD4AQGYAgCgAgCYAwCSBwCgBwCyBwC4BwDCBwDIBwCACAE&sclient=gws-wiz:2:451), <anonymous>:107:27340)
    at da (eval at <anonymous> (https://www.google.com/search?q=latest+AI+news&sca_esv=5e05885409c385ba&source=hp&ei=YexoasrDFaTAjuMP8b6YmAg&iflsig=ABILxe8AAAAAamj6cVgTzcKk6GJKBnV7S28nJOSshgA4&ved=0ahUKEwiK-IGH-PWVAxUkoGMGHXEfBoMQ4dUDCB4&uact=5&oq=latest+AI+news&gs_lp=Egdnd3Mtd2l6Ig5sYXRlc3QgQUkgbmV3c0ghUABYAHAAeACQAQCYAQCgAQCqAQC4AQPIAQD4AQGYAgCgAgCYAwCSBwCgBwCyBwC4BwDCBwDIBwCACAE&sclient=gws-wiz:2:451), <anonymous>:107:4396)
    at A (eval at <anonymous> (https://www.google.com/search?q=latest+AI+news&sca_esv=5e05885409c385ba&source=hp&ei=YexoasrDFaTAjuMP8b6YmAg&iflsig=ABILxe8AAAAAamj6cVgTzcKk6GJKBnV7S28nJOSshgA4&ved=0ahUKEwiK-IGH-PWVAxUkoGMGHXEfBoMQ4dUDCB4&uact=5&oq=latest+AI+news&gs_lp=Egdnd3Mtd2l6Ig5sYXRlc3QgQUkgbmV3c0ghUABYAHAAeACQAQCYAQCgAQCqAQC4AQPIAQD4AQGYAgCgAgCYAwCSBwCgBwCyBwC4BwDCBwDIBwCACAE&sclient=gws-wiz:2:451), <anonymous>:107:14442)
[   61061ms] TypeError: Cannot redefine property: languages
    at Object.defineProperty (<anonymous>)
    at <anonymous>:28:12
    at <anonymous>:46:5
    at <anonymous>:47:7
    at eval (eval at <anonymous> (https://www.google.com/search?q=latest+AI+news&sca_esv=5e05885409c385ba&source=hp&ei=YexoasrDFaTAjuMP8b6YmAg&iflsig=ABILxe8AAAAAamj6cVgTzcKk6GJKBnV7S28nJOSshgA4&ved=0ahUKEwiK-IGH-PWVAxUkoGMGHXEfBoMQ4dUDCB4&uact=5&oq=latest+AI+news&gs_lp=Egdnd3Mtd2l6Ig5sYXRlc3QgQUkgbmV3c0ghUABYAHAAeACQAQCYAQCgAQCqAQC4AQPIAQD4AQGYAgCgAgCYAwCSBwCgBwCyBwC4BwDCBwDIBwCACAE&sclient=gws-wiz:2:451), <anonymous>:107:22778)
    at Y$ (eval at <anonymous> (https://www.google.com/search?q=latest+AI+news&sca_esv=5e05885409c385ba&source=hp&ei=YexoasrDFaTAjuMP8b6YmAg&iflsig=ABILxe8AAAAAamj6cVgTzcKk6GJKBnV7S28nJOSshgA4&ved=0ahUKEwiK-IGH-PWVAxUkoGMGHXEfBoMQ4dUDCB4&uact=5&oq=latest+AI+news&gs_lp=Egdnd3Mtd2l6Ig5sYXRlc3QgQUkgbmV3c0ghUABYAHAAeACQAQCYAQCgAQCqAQC4AQPIAQD4AQGYAgCgAgCYAwCSBwCgBwCyBwC4BwDCBwDIBwCACAE&sclient=gws-wiz:2:451), <anonymous>:107:40144)
    at D.eval [as h] (eval at <anonymous> (https://www.google.com/search?q=latest+AI+news&sca_esv=5e05885409c385ba&source=hp&ei=YexoasrDFaTAjuMP8b6YmAg&iflsig=ABILxe8AAAAAamj6cVgTzcKk6GJKBnV7S28nJOSshgA4&ved=0ahUKEwiK-IGH-PWVAxUkoGMGHXEfBoMQ4dUDCB4&uact=5&oq=latest+AI+news&gs_lp=Egdnd3Mtd2l6Ig5sYXRlc3QgQUkgbmV3c0ghUABYAHAAeACQAQCYAQCgAQCqAQC4AQPIAQD4AQGYAgCgAgCYAwCSBwCgBwCyBwC4BwDCBwDIBwCACAE&sclient=gws-wiz:2:451), <anonymous>:107:56895)
    at uH (eval at <anonymous> (https://www.google.com/search?q=latest+AI+news&sca_esv=5e05885409c385ba&source=hp&ei=YexoasrDFaTAjuMP8b6YmAg&iflsig=ABILxe8AAAAAamj6cVgTzcKk6GJKBnV7S28nJOSshgA4&ved=0ahUKEwiK-IGH-PWVAxUkoGMGHXEfBoMQ4dUDCB4&uact=5&oq=latest+AI+news&gs_lp=Egdnd3Mtd2l6Ig5sYXRlc3QgQUkgbmV3c0ghUABYAHAAeACQAQCYAQCgAQCqAQC4AQPIAQD4AQGYAgCgAgCYAwCSBwCgBwCyBwC4BwDCBwDIBwCACAE&sclient=gws-wiz:2:451), <anonymous>:107:27340)
    at da (eval at <anonymous> (https://www.google.com/search?q=latest+AI+news&sca_esv=5e05885409c385ba&source=hp&ei=YexoasrDFaTAjuMP8b6YmAg&iflsig=ABILxe8AAAAAamj6cVgTzcKk6GJKBnV7S28nJOSshgA4&ved=0ahUKEwiK-IGH-PWVAxUkoGMGHXEfBoMQ4dUDCB4&uact=5&oq=latest+AI+news&gs_lp=Egdnd3Mtd2l6Ig5sYXRlc3QgQUkgbmV3c0ghUABYAHAAeACQAQCYAQCgAQCqAQC4AQPIAQD4AQGYAgCgAgCYAwCSBwCgBwCyBwC4BwDCBwDIBwCACAE&sclient=gws-wiz:2:451), <anonymous>:107:4396)
    at A (eval at <anonymous> (https://www.google.com/search?q=latest+AI+news&sca_esv=5e05885409c385ba&source=hp&ei=YexoasrDFaTAjuMP8b6YmAg&iflsig=ABILxe8AAAAAamj6cVgTzcKk6GJKBnV7S28nJOSshgA4&ved=0ahUKEwiK-IGH-PWVAxUkoGMGHXEfBoMQ4dUDCB4&uact=5&oq=latest+AI+news&gs_lp=Egdnd3Mtd2l6Ig5sYXRlc3QgQUkgbmV3c0ghUABYAHAAeACQAQCYAQCgAQCqAQC4AQPIAQD4AQGYAgCgAgCYAwCSBwCgBwCyBwC4BwDCBwDIBwCACAE&sclient=gws-wiz:2:451), <anonymous>:107:14442)
[   61062ms] TypeError: Cannot redefine property: languages
    at Object.defineProperty (<anonymous>)
    at <anonymous>:28:12
    at <anonymous>:46:5
    at <anonymous>:47:7
    at eval (eval at <anonymous> (https://www.google.com/search?q=latest+AI+news&sca_esv=5e05885409c385ba&source=hp&ei=YexoasrDFaTAjuMP8b6YmAg&iflsig=ABILxe8AAAAAamj6cVgTzcKk6GJKBnV7S28nJOSshgA4&ved=0ahUKEwiK-IGH-PWVAxUkoGMGHXEfBoMQ4dUDCB4&uact=5&oq=latest+AI+news&gs_lp=Egdnd3Mtd2l6Ig5sYXRlc3QgQUkgbmV3c0ghUABYAHAAeACQAQCYAQCgAQCqAQC4AQPIAQD4AQGYAgCgAgCYAwCSBwCgBwCyBwC4BwDCBwDIBwCACAE&sclient=gws-wiz:2:451), <anonymous>:107:22778)
    at Y$ (eval at <anonymous> (https://www.google.com/search?q=latest+AI+news&sca_esv=5e05885409c385ba&source=hp&ei=YexoasrDFaTAjuMP8b6YmAg&iflsig=ABILxe8AAAAAamj6cVgTzcKk6GJKBnV7S28nJOSshgA4&ved=0ahUKEwiK-IGH-PWVAxUkoGMGHXEfBoMQ4dUDCB4&uact=5&oq=latest+AI+news&gs_lp=Egdnd3Mtd2l6Ig5sYXRlc3QgQUkgbmV3c0ghUABYAHAAeACQAQCYAQCgAQCqAQC4AQPIAQD4AQGYAgCgAgCYAwCSBwCgBwCyBwC4BwDCBwDIBwCACAE&sclient=gws-wiz:2:451), <anonymous>:107:40144)
    at D.eval [as h] (eval at <anonymous> (https://www.google.com/search?q=latest+AI+news&sca_esv=5e05885409c385ba&source=hp&ei=YexoasrDFaTAjuMP8b6YmAg&iflsig=ABILxe8AAAAAamj6cVgTzcKk6GJKBnV7S28nJOSshgA4&ved=0ahUKEwiK-IGH-PWVAxUkoGMGHXEfBoMQ4dUDCB4&uact=5&oq=latest+AI+news&gs_lp=Egdnd3Mtd2l6Ig5sYXRlc3QgQUkgbmV3c0ghUABYAHAAeACQAQCYAQCgAQCqAQC4AQPIAQD4AQGYAgCgAgCYAwCSBwCgBwCyBwC4BwDCBwDIBwCACAE&sclient=gws-wiz:2:451), <anonymous>:107:56895)
    at uH (eval at <anonymous> (https://www.google.com/search?q=latest+AI+news&sca_esv=5e05885409c385ba&source=hp&ei=YexoasrDFaTAjuMP8b6YmAg&iflsig=ABILxe8AAAAAamj6cVgTzcKk6GJKBnV7S28nJOSshgA4&ved=0ahUKEwiK-IGH-PWVAxUkoGMGHXEfBoMQ4dUDCB4&uact=5&oq=latest+AI+news&gs_lp=Egdnd3Mtd2l6Ig5sYXRlc3QgQUkgbmV3c0ghUABYAHAAeACQAQCYAQCgAQCqAQC4AQPIAQD4AQGYAgCgAgCYAwCSBwCgBwCyBwC4BwDCBwDIBwCACAE&sclient=gws-wiz:2:451), <anonymous>:107:27340)
    at da (eval at <anonymous> (https://www.google.com/search?q=latest+AI+news&sca_esv=5e05885409c385ba&source=hp&ei=YexoasrDFaTAjuMP8b6YmAg&iflsig=ABILxe8AAAAAamj6cVgTzcKk6GJKBnV7S28nJOSshgA4&ved=0ahUKEwiK-IGH-PWVAxUkoGMGHXEfBoMQ4dUDCB4&uact=5&oq=latest+AI+news&gs_lp=Egdnd3Mtd2l6Ig5sYXRlc3QgQUkgbmV3c0ghUABYAHAAeACQAQCYAQCgAQCqAQC4AQPIAQD4AQGYAgCgAgCYAwCSBwCgBwCyBwC4BwDCBwDIBwCACAE&sclient=gws-wiz:2:451), <anonymous>:107:4396)
    at A (eval at <anonymous> (https://www.google.com/search?q=latest+AI+news&sca_esv=5e05885409c385ba&source=hp&ei=YexoasrDFaTAjuMP8b6YmAg&iflsig=ABILxe8AAAAAamj6cVgTzcKk6GJKBnV7S28nJOSshgA4&ved=0ahUKEwiK-IGH-PWVAxUkoGMGHXEfBoMQ4dUDCB4&uact=5&oq=latest+AI+news&gs_lp=Egdnd3Mtd2l6Ig5sYXRlc3QgQUkgbmV3c0ghUABYAHAAeACQAQCYAQCgAQCqAQC4AQPIAQD4AQGYAgCgAgCYAwCSBwCgBwCyBwC4BwDCBwDIBwCACAE&sclient=gws-wiz:2:451), <anonymous>:107:14442)
[   61807ms] [ERROR] Failed to load resource: the server responded with a status of 429 () @ https://www.google.com/sorry/index?continue=https://www.google.com/search%3Fq%3Dlatest%2BAI%2Bnews%26sca_esv%3D5e05885409c385ba%26source%3Dhp%26ei%3DYexoasrDFaTAjuMP8b6YmAg%26iflsig%3DABILxe8AAAAAamj6cVgTzcKk6GJKBnV7S28nJOSshgA4%26ved%3D0ahUKEwiK-IGH-PWVAxUkoGMGHXEfBoMQ4dUDCB4%26uact%3D5%26oq%3Dlatest%2BAI%2Bnews%26gs_lp%3DEgdnd3Mtd2l6Ig5sYXRlc3QgQUkgbmV3c0ghUABYAHAAeACQAQCYAQCgAQCqAQC4AQPIAQD4AQGYAgCgAgCYAwCSBwCgBwCyBwC4BwDCBwDIBwCACAE%26sclient%3Dgws-wiz%26sei%3Dnuxoao2yCcy54-EPkcWxmAE&q=EhAkCUDlEBeGZLDW9JTGF8yJGJ7Zo9MGIjBC4re9jHq6BxvkmZEJvdoKw0yR1I-QcO8Gn6RoQJ_sgTjUlFB7OGt_7DeyRPNc7GYyAVJaAUM:0
[   61839ms] TypeError: Cannot redefine property: languages
    at Object.defineProperty (<anonymous>)
    at <anonymous>:28:12
    at <anonymous>:46:5
    at <anonymous>:47:7
[   61841ms] TypeError: Cannot redefine property: languages
    at Object.defineProperty (<anonymous>)
    at <anonymous>:28:12
    at <anonymous>:46:5
    at <anonymous>:47:7
[   61842ms] TypeError: Cannot redefine property: languages
    at Object.defineProperty (<anonymous>)
    at <anonymous>:28:12
    at <anonymous>:46:5
    at <anonymous>:47:7
[   61951ms] TypeError: Cannot redefine property: languages
    at Object.defineProperty (<anonymous>)
    at <anonymous>:28:12
    at <anonymous>:46:5
    at <anonymous>:47:7
[   61952ms] TypeError: Cannot redefine property: languages
    at Object.defineProperty (<anonymous>)
    at <anonymous>:28:12
    at <anonymous>:46:5
    at <anonymous>:47:7
[   61954ms] TypeError: Cannot redefine property: languages
    at Object.defineProperty (<anonymous>)
    at <anonymous>:28:12
    at <anonymous>:46:5
    at <anonymous>:47:7
[   62171ms] [WARNING] An iframe which has both allow-scripts and allow-same-origin for its sandbox attribute can escape its sandboxing. @ https://www.google.com/recaptcha/enterprise/anchor?ar=1&k=6LdLLIMbAAAAAIl-KLj9p1ePhM-4LCCDbjtJLqRO&co=aHR0cHM6Ly93d3cuZ29vZ2xlLmNvbTo0NDM.&hl=en&v=A7KpaEASfhDcK0nXxgQEyyYv&size=normal&s=t0zwuAvKMDZYc5JTS_KKIRSaHzXW-Vvfh_QLebmhIFqaHKQWDPNWFb_R5_pZMeGaJLDRHpXIWcKxbOuw7bDu9Uraq-fz84cOZ1k5OybZlN1c8a335BZjW1nAT1zKCpHvHxLhCofFrjpSIOhze3OhEAuoCxnY6UbhQQYAowA1eP6ArH6N1ld0ltVWUv_z3V8kxR1DOzcdYTbrUuSI2PWrKESnZd2l7ZGlUnn1btL_ocG0r2jqMywSiE92fj5FxGVsOG6mkrliahrCSw4dKL54PpW1qe4q1RQ&anchor-ms=20000&execute-ms=30000&cb=4fc6o2fifz75:0
[   62292ms] TypeError: Cannot redefine property: languages
    at Object.defineProperty (<anonymous>)
    at <anonymous>:28:12
    at <anonymous>:46:5
    at <anonymous>:47:7
    at Array.<anonymous> (https://www.gstatic.com/recaptcha/releases/A7KpaEASfhDcK0nXxgQEyyYv/recaptcha__en.js:371:62)
    at Array.<anonymous> (https://www.gstatic.com/recaptcha/releases/A7KpaEASfhDcK0nXxgQEyyYv/recaptcha__en.js:374:399)
    at aN.M (https://www.gstatic.com/recaptcha/releases/A7KpaEASfhDcK0nXxgQEyyYv/recaptcha__en.js:118:303)
    at Array.<anonymous> (https://www.gstatic.com/recaptcha/releases/A7KpaEASfhDcK0nXxgQEyyYv/recaptcha__en.js:233:151)
    at B.next (https://www.gstatic.com/recaptcha/releases/A7KpaEASfhDcK0nXxgQEyyYv/recaptcha__en.js:799:238)
    at https://www.gstatic.com/recaptcha/releases/A7KpaEASfhDcK0nXxgQEyyYv/recaptcha__en.js:133:18
[   62293ms] TypeError: Cannot redefine property: languages
    at Object.defineProperty (<anonymous>)
    at <anonymous>:28:12
    at <anonymous>:46:5
    at <anonymous>:47:7
    at Array.<anonymous> (https://www.gstatic.com/recaptcha/releases/A7KpaEASfhDcK0nXxgQEyyYv/recaptcha__en.js:371:62)
    at Array.<anonymous> (https://www.gstatic.com/recaptcha/releases/A7KpaEASfhDcK0nXxgQEyyYv/recaptcha__en.js:374:399)
    at aN.M (https://www.gstatic.com/recaptcha/releases/A7KpaEASfhDcK0nXxgQEyyYv/recaptcha__en.js:118:303)
    at Array.<anonymous> (https://www.gstatic.com/recaptcha/releases/A7KpaEASfhDcK0nXxgQEyyYv/recaptcha__en.js:233:151)
    at B.next (https://www.gstatic.com/recaptcha/releases/A7KpaEASfhDcK0nXxgQEyyYv/recaptcha__en.js:799:238)
    at https://www.gstatic.com/recaptcha/releases/A7KpaEASfhDcK0nXxgQEyyYv/recaptcha__en.js:133:18
[   62295ms] TypeError: Cannot redefine property: languages
    at Object.defineProperty (<anonymous>)
    at <anonymous>:28:12
    at <anonymous>:46:5
    at <anonymous>:47:7
    at Array.<anonymous> (https://www.gstatic.com/recaptcha/releases/A7KpaEASfhDcK0nXxgQEyyYv/recaptcha__en.js:371:62)
    at Array.<anonymous> (https://www.gstatic.com/recaptcha/releases/A7KpaEASfhDcK0nXxgQEyyYv/recaptcha__en.js:374:399)
    at aN.M (https://www.gstatic.com/recaptcha/releases/A7KpaEASfhDcK0nXxgQEyyYv/recaptcha__en.js:118:303)
    at Array.<anonymous> (https://www.gstatic.com/recaptcha/releases/A7KpaEASfhDcK0nXxgQEyyYv/recaptcha__en.js:233:151)
    at B.next (https://www.gstatic.com/recaptcha/releases/A7KpaEASfhDcK0nXxgQEyyYv/recaptcha__en.js:799:238)
    at https://www.gstatic.com/recaptcha/releases/A7KpaEASfhDcK0nXxgQEyyYv/recaptcha__en.js:133:18
[   62302ms] ReferenceError: solveSimpleChallenge is not defined
    at onload (https://www.google.com/sorry/index?continue=https://www.google.com/search%3Fq%3Dlatest%2BAI%2Bnews%26sca_esv%3D5e05885409c385ba%26source%3Dhp%26ei%3DYexoasrDFaTAjuMP8b6YmAg%26iflsig%3DABILxe8AAAAAamj6cVgTzcKk6GJKBnV7S28nJOSshgA4%26ved%3D0ahUKEwiK-IGH-PWVAxUkoGMGHXEfBoMQ4dUDCB4%26uact%3D5%26oq%3Dlatest%2BAI%2Bnews%26gs_lp%3DEgdnd3Mtd2l6Ig5sYXRlc3QgQUkgbmV3c0ghUABYAHAAeACQAQCYAQCgAQCqAQC4AQPIAQD4AQGYAgCgAgCYAwCSBwCgBwCyBwC4BwDCBwDIBwCACAE%26sclient%3Dgws-wiz%26sei%3Dnuxoao2yCcy54-EPkcWxmAE&q=EhAkCUDlEBeGZLDW9JTGF8yJGJ7Zo9MGIjBC4re9jHq6BxvkmZEJvdoKw0yR1I-QcO8Gn6RoQJ_sgTjUlFB7OGt_7DeyRPNc7GYyAVJaAUM:4:316)
