[     351ms] TypeError: Cannot redefine property: languages
    at Object.defineProperty (<anonymous>)
    at <anonymous>:22:12
    at <anonymous>:32:5
    at <anonymous>:33:7
[    2090ms] TypeError: Cannot redefine property: languages
    at Object.defineProperty (<anonymous>)
    at <anonymous>:22:12
    at <anonymous>:32:5
    at <anonymous>:33:7
[    2092ms] TypeError: Cannot redefine property: languages
    at Object.defineProperty (<anonymous>)
    at <anonymous>:22:12
    at <anonymous>:32:5
    at <anonymous>:33:7
[    4724ms] TypeError: Cannot redefine property: languages
    at Object.defineProperty (<anonymous>)
    at <anonymous>:22:12
    at <anonymous>:32:5
    at <anonymous>:33:7
[    4727ms] TypeError: Cannot redefine property: languages
    at Object.defineProperty (<anonymous>)
    at <anonymous>:22:12
    at <anonymous>:32:5
    at <anonymous>:33:7
[    5552ms] TypeError: Cannot redefine property: languages
    at Object.defineProperty (<anonymous>)
    at <anonymous>:22:12
    at <anonymous>:32:5
    at <anonymous>:33:7
[    5554ms] TypeError: Cannot redefine property: languages
    at Object.defineProperty (<anonymous>)
    at <anonymous>:22:12
    at <anonymous>:32:5
    at <anonymous>:33:7
[    5614ms] TypeError: Cannot redefine property: languages
    at Object.defineProperty (<anonymous>)
    at <anonymous>:22:12
    at <anonymous>:32:5
    at <anonymous>:33:7
[    5616ms] TypeError: Cannot redefine property: languages
    at Object.defineProperty (<anonymous>)
    at <anonymous>:22:12
    at <anonymous>:32:5
    at <anonymous>:33:7
[    5763ms] TypeError: Cannot redefine property: languages
    at Object.defineProperty (<anonymous>)
    at <anonymous>:22:12
    at <anonymous>:32:5
    at <anonymous>:33:7
[    5765ms] TypeError: Cannot redefine property: languages
    at Object.defineProperty (<anonymous>)
    at <anonymous>:22:12
    at <anonymous>:32:5
    at <anonymous>:33:7
[    5778ms] TypeError: Cannot redefine property: languages
    at Object.defineProperty (<anonymous>)
    at <anonymous>:22:12
    at <anonymous>:32:5
    at <anonymous>:33:7
[    5780ms] TypeError: Cannot redefine property: languages
    at Object.defineProperty (<anonymous>)
    at <anonymous>:22:12
    at <anonymous>:32:5
    at <anonymous>:33:7
[    5789ms] TypeError: Cannot redefine property: languages
    at Object.defineProperty (<anonymous>)
    at <anonymous>:22:12
    at <anonymous>:32:5
    at <anonymous>:33:7
[    5790ms] TypeError: Cannot redefine property: languages
    at Object.defineProperty (<anonymous>)
    at <anonymous>:22:12
    at <anonymous>:32:5
    at <anonymous>:33:7
[    6311ms] [LOG] [NoriLogger] Initialized successfully @ https://m.media-amazon.com/images/I/B1+gJLCAJgL.js:26
[    6349ms] [LOG] [NoriLogger] Initialized successfully @ https://m.media-amazon.com/images/I/B1+gJLCAJgL.js:26
[    6352ms] [LOG] [NoriLogger] Initialized successfully @ https://m.media-amazon.com/images/I/B1+gJLCAJgL.js:26
[    7932ms] [ERROR] [SushiLogger] Logger not initialized, performance not logged for: customImageRender @ https://m.media-amazon.com/images/I/B1+gJLCAJgL.js:26
[    9114ms] TypeError: Cannot redefine property: languages
    at Object.defineProperty (<anonymous>)
    at <anonymous>:22:12
    at <anonymous>:32:5
    at <anonymous>:33:7
[    9115ms] TypeError: Cannot redefine property: languages
    at Object.defineProperty (<anonymous>)
    at <anonymous>:22:12
    at <anonymous>:32:5
    at <anonymous>:33:7
[    9423ms] TypeError: Cannot redefine property: languages
    at Object.defineProperty (<anonymous>)
    at <anonymous>:22:12
    at <anonymous>:32:5
    at <anonymous>:33:7
[    9425ms] TypeError: Cannot redefine property: languages
    at Object.defineProperty (<anonymous>)
    at <anonymous>:22:12
    at <anonymous>:32:5
    at <anonymous>:33:7
[   10302ms] [ERROR] Error logged with the Track&Report JS errors API(http://tiny/1covqr6l8/wamazindeClieUserJava): {"m":"ARA:RegisterTriggerResponseError:SEARCH. Error receiving response from ARAServiceFailed to execute 'json' on 'Response': Unexpected end of JSON input","name":"SyntaxError","csm":"v5 ueLogError stack","logLevel":"ERROR","attribution":"ARARegisterTrigger","pageURL":"https://www.amazon.com/s?k=Sony+WH-1000XM4+noise+cancelling+headphones&ref=nb_sb_noss","f":"https://m.media-amazon.com/images/I/21vARlfe4pL._RC%7C11s0wiXngEL.js_.js?AUIClients/ARARegisterTriggerSubAssets-search","l":"7","s":["SyntaxError: Unexpected end of JSON input","at https://m.media-amazon.com/images/I/21vARlfe4pL._RC%7C11s0wiXngEL.js_.js?AUIClients/ARARegisterTriggerSubAssets-search:7:384"],"t":5554} {m: ARA:RegisterTriggerResponseError:SEARCH. Error rec…json' on 'Response': Unexpected end of JSON input, name: SyntaxError, type: undefined, csm: v5 ueLogError stack, logLevel: ERROR} @ https://images-na.ssl-images-amazon.com/images/I/215h87l68bL.js:3
[   10673ms] [ERROR] Loading the image 'https://match.adsrvr.org/track/cmf/generic?ttd_pid=stickyads&ttd_tpi=1&gdpr=0&gdpr_consent=' violates the following Content Security Policy directive: "default-src 'self' s.amazon-adsystem.com aax-eu.amazon-adsystem.com aax-fe.amazon-adsystem.com fonts.gstatic.com *.firefox.etp doubleclick.net *.stickyadstv.com *.g.doubleclick.net fout.jp ninthdecimal.com *.postrelease.com *.yahoo.com *.adnxs.com exelator.com richaudience.com *.presage.io samplicio.us *.rubiconproject.com semasio.net cm.g.doubleclick.net *.samba.tv presage.io yahoo.com *.loopme.me *.amazon-adsystem.com yahoo.net gumgum.com *.imdb.com google.com amazon-adsystem.com *.samplicio.us *.smartadserver.com loopme.me zeotap.com *.mediarithmics.com taboola.com *.bidswitch.net *.thisisdax.com *.fwmrm.net *.yahoo.net adscale.de *.ninthdecimal.com *.zeotap.com *.adscale.de fwmrm.net demdex.net *.scorecardresearch.com agkn.com *.kargo.com connatix.com *.dmxleo.com *.casalemedia.com bidswitch.net dmxleo.com imdb.com *.gumgum.com *.demdex.net *.ispot.tv *.google.com *.exelator.com *.pubmatic.com kargo.com scorecardresearch.com *.3lift.com thisisdax.com postrelease.com *.doubleclick.net stickyadstv.com yieldmo.com *.mookie1.com ispot.tv *.connatix.com *.agkn.com samba.tv pubmatic.com smartadserver.com s.amazon-adsystem.com/ecm3 *.match.360yield.com *.richaudience.com *.fout.jp casalemedia.com rubiconproject.com openx.net adnxs.com mookie1.com match.360yield.com *.taboola.com *.openx.net *.semasio.net *.yieldmo.com". Note that 'img-src' was not explicitly set, so 'default-src' is used as a fallback. The action has been blocked. @ https://s.amazon-adsystem.com/v3/pr?exlist=n-xr-HMT_n-id-HMT_n-nt-HMT_ns_n-eq-HMT3_n-ix-HMT_bsw_n-y-HMT_n-cx-HMT_n-dm2-HMT_n-dx-HMT2_n-zeotap-4_fw_imdb_n-fo-HMT_n-lucid_n-st-HMT1_n-samba.tv_n-rb-HMT3_n-fw-HMT1_n-og-HMT_adelphic_adb_mp_n-mediarithmics_g_n-comscr.com_n-lm-HMT3_ox_n-tl-HMT_n-semasio-ecm_n-kg-HMT_n-gg-HMT2_an_n-pm-HMT_n-g-hmt_nsln_nd_n-ispot_n-stroer-HMT_n-ym-HMT_n-ox-hmt_n-ex1-HMT_tbl&fv=1.0&a=cm&dmt=1&gdpr_consent=&ex-pl-n-g-hmt=NCwYrCUeSKaiO2i8Dga-bg&gdpr=0&ep=osM08Oz6tn_13n7GjxkV8pmo5Ag2-46nL-YUUGBa3qBNaAC2QEZw8-ax8aoNgL_enLGKR0piVB6RTMt_2XEBbhKR_JTp1watje9zTWdXpa8mYdYkZwmLAomHHlhkaX64KPrk8vARK9ulSPuVNbC6jGnFd0BaJfawljZIexxUlxZPj2_N_EjLK8TLUCCjFDFcCPriopnrlDrpbPAZEx8dwllpdZmqQUuVj49VcTFSucVYNxIzRkQOgLOYpFArcc9j7PFB31nK14OmpDPvjhtJpPcfYnua6ytvZqDrA-aJAfSHXqVW1afTBepSzHW-658BPhWc3uK-poBdKq9Dmw665mA5GOMfWJKGJHrxwTFBHt9HSSZxoYCXCc7b_JbBa7sqZiROj06qTYN6ar8pMyByQq3MzIodiU7TzaMtmRFN4hfcOjeFIZJAiqJ2w2sM4jrET6dtxtvuwd6Osoofbz5R2IbdIovhrv5Rn-gKo1Oy4z9QJi7DDIDR3vpgIkjyKLjHGvICe0unLyZkaiEeSH5bYLS2Y_dn-tv1Nrns39r_Ch3Pr22NsW_Y7TDli5eBTQ9xZv-wVbSrte_SgxZelrLOmx_IGUhuga9qUeFS0DJyKsSfw2kdBehVHidLkQ_jjS5yovI5xu_DBFI-R2tHXElBJE2WBV79QEVqIxhJ2UtV_rSSZF4ji7TPUBulPF5phHwgf64VyAG_rPJEXFJwsIz39rIHOMYdHIu2yvyQbhMsHtYAaHyf9EZj9tX45sq-Y-qawoCwh9bGg1dORwgApNTkNBfntr7iAV0x5QOuf-8wmuuyocxhesRYHJEx-LkP1OeI4BHwzdRUNq7UCPnC_sOK6LqhIW6HDH0d2boEUKTcidhxGEQf3ox318SSkBtuYidWBTi0zi0nOSYIZgneLR9XfuYwVldntS4ig58tmYVXnwbU7Czf9XL3K5LyF5ix6ThOwOgsEbblOWKE0GxhJTFiK7DDgnrWQS_QhFMfbBHSiRIOvvEBBTD1uTQmjLOxCzGFVW-SzrtwUMp4NQ3rUMt_K8f7jz38iaKZ5fGMTPHqjiPMLoYgid1znrIeexYW5QPN3JPMB8Lz1ERvnrU4Bx2RBej3mt2PAkWsrqDX_s3TRJ7TtOljLIoBEXRJt7Vn1TidiYDAzMZlzcdqtHP2W0aPXuplnSb06xro23mzI6xleJosd7lHHKE7JlP68ROuY3rQIcgJGsHeuTnkkPlKU6VpY6_lYXeMLt-qCRLbX8OqijueLdDH8IqKyePqy736iKVtHhgkpDTlWQh2cS3oqUTPU-uuJT5xNjdVJW0iRYP44QK7QUOY-EWMPxtT_xWcKt7ly1iJdwzZZmg9VxhHAKiB4zNuCDiCJqDS3XdSzPTzjhqMX7WmBiWok2_fS1fwJMrcmzHPEB1bpTrC9-c5ne2wkcMkrurDWbgnG3KVnMLa9Tdwq6i5kZYuyaicn5hSRnvh:0
[   11195ms] [WARNING] The resource https://m.media-amazon.com/images/S/sash/i-VQjgAwefVc6gy.js#sfClientUrl was preloaded using link preload but not used within a few seconds from the window's load event. Please make sure it has an appropriate `as` value and it is preloaded intentionally. @ https://www.amazon.com/s?k=Sony+WH-1000XM4+noise+cancelling+headphones&ref=nb_sb_noss:0
[   11195ms] [WARNING] The resource https://m.media-amazon.com/images/S/sash/shz7L5-RmFPx81a.html#sfClientHtmlUrl was preloaded using link preload but not used within a few seconds from the window's load event. Please make sure it has an appropriate `as` value and it is preloaded intentionally. @ https://www.amazon.com/s?k=Sony+WH-1000XM4+noise+cancelling+headphones&ref=nb_sb_noss:0
[   16006ms] [INFO] The browser has successfully queued the data for transfer... @ https://m.media-amazon.com/images/I/510pMqUVqkL._RC%7C41PuEjShBPL.js,510KnYI9QWL.js,21RoFlDNKHL.js,41fFmJrK7zL.js,01N0G7oHRlL.js,31-hnA-p85L.js,21MQrCW40bL.js,01KVpvQDfZL.js,21XkditqCiL.js,319u8KAi11L.js,41n8B+HM0VL.js,31X4VtYohlL.js,01qtTpqN9TL.js,11t385NY3cL.js,01QUqxbk4aL.js,01vpgLQ7sWL.js,11RRv4g-1qL.js,014s6GxYjXL.js,01mq4gWWg+L.js,01Oy5H5EPsL.js,11HSAPeVuoL.js,31XajFHvawL.js,01Qg3w8pUPL.js,01lx4jtyKqL.js,01+86qUwmpL.js,01tvS9Qe2bL.js,01pSevr6s1L.js,01AxG+o2fGL.js,01+xQYdGnAL.js,51rvyEqDI-L.js,51U74INP87L.js,21E+PtC+ukL.js,0136xjSLaaL.js,013LGYLGHnL.js,01hMcyEA2RL.js,01U+M7C97eL.js,01FDiMXUv+L.js,017lBD8zmsL.js,31yUwqCGdiL.js,11lQr+hEyHL.js,01jvUNUfNdL.js,91mRzsoXecL.js,01ckUOmqSkL.js,21N6NaKQ9+L.js,01lljo1N01L.js,216Gy4rulYL.js,91Wy40MTHOL.js,31jzxcc0Q6L.js,01ly-sHeg8L.js,018v226z-QL.js,01byduX5qrL.js,013yGBt2QML.js,01hBczmdQuL.js,015MrD++8YL.js,01vgoLEuTOL.js,01QO+dESefL.js,01oLouY3XtL.js,01PN754cs2L.js,01HvM55FurL.js,01KidqraiXL.js,01NloowiByL.js,01HrPz9iClL.js,21z34K3nOVL.js,31M8YAO7NgL.js,01993rJ5roL.js,01SiFpsoIzL.js,018-x4IqBqL.js,11wrvsmYAIL.js,01DQUzT6S8L.js,01sFQp1iloL.js,01XS6qpQiCL.js,01S5dga6DzL.js,01LbPmN08WL.js,01ppIh9wmjL.js,01v8HNSpzuL.js,01PTeQhvs-L.js,01RH6BojjLL.js,01GsEhoWBNL.js,014nwk4ykeL.js,012USBOk43L.js,21lbWMrQO9L.js,11lN9sWb9SL.js,11xUyZzpxpL.js,814d-33IOiL.js_.js?AUIClients/SearchPartnerAssets:817
[   16009ms] [INFO] The browser has successfully queued the data for transfer... @ https://m.media-amazon.com/images/I/510pMqUVqkL._RC%7C41PuEjShBPL.js,510KnYI9QWL.js,21RoFlDNKHL.js,41fFmJrK7zL.js,01N0G7oHRlL.js,31-hnA-p85L.js,21MQrCW40bL.js,01KVpvQDfZL.js,21XkditqCiL.js,319u8KAi11L.js,41n8B+HM0VL.js,31X4VtYohlL.js,01qtTpqN9TL.js,11t385NY3cL.js,01QUqxbk4aL.js,01vpgLQ7sWL.js,11RRv4g-1qL.js,014s6GxYjXL.js,01mq4gWWg+L.js,01Oy5H5EPsL.js,11HSAPeVuoL.js,31XajFHvawL.js,01Qg3w8pUPL.js,01lx4jtyKqL.js,01+86qUwmpL.js,01tvS9Qe2bL.js,01pSevr6s1L.js,01AxG+o2fGL.js,01+xQYdGnAL.js,51rvyEqDI-L.js,51U74INP87L.js,21E+PtC+ukL.js,0136xjSLaaL.js,013LGYLGHnL.js,01hMcyEA2RL.js,01U+M7C97eL.js,01FDiMXUv+L.js,017lBD8zmsL.js,31yUwqCGdiL.js,11lQr+hEyHL.js,01jvUNUfNdL.js,91mRzsoXecL.js,01ckUOmqSkL.js,21N6NaKQ9+L.js,01lljo1N01L.js,216Gy4rulYL.js,91Wy40MTHOL.js,31jzxcc0Q6L.js,01ly-sHeg8L.js,018v226z-QL.js,01byduX5qrL.js,013yGBt2QML.js,01hBczmdQuL.js,015MrD++8YL.js,01vgoLEuTOL.js,01QO+dESefL.js,01oLouY3XtL.js,01PN754cs2L.js,01HvM55FurL.js,01KidqraiXL.js,01NloowiByL.js,01HrPz9iClL.js,21z34K3nOVL.js,31M8YAO7NgL.js,01993rJ5roL.js,01SiFpsoIzL.js,018-x4IqBqL.js,11wrvsmYAIL.js,01DQUzT6S8L.js,01sFQp1iloL.js,01XS6qpQiCL.js,01S5dga6DzL.js,01LbPmN08WL.js,01ppIh9wmjL.js,01v8HNSpzuL.js,01PTeQhvs-L.js,01RH6BojjLL.js,01GsEhoWBNL.js,014nwk4ykeL.js,012USBOk43L.js,21lbWMrQO9L.js,11lN9sWb9SL.js,11xUyZzpxpL.js,814d-33IOiL.js_.js?AUIClients/SearchPartnerAssets:817
[   24258ms] [WARNING] The resource https://m.media-amazon.com/images/S/sash/i-VQjgAwefVc6gy.js#sfClientUrl was preloaded using link preload but not used within a few seconds from the window's load event. Please make sure it has an appropriate `as` value and it is preloaded intentionally. @ https://www.amazon.com/s?k=Sony+WH-1000XM4+noise+cancelling+headphones&ref=nb_sb_noss:0
[   24258ms] [WARNING] The resource https://m.media-amazon.com/images/S/sash/shz7L5-RmFPx81a.html#sfClientHtmlUrl was preloaded using link preload but not used within a few seconds from the window's load event. Please make sure it has an appropriate `as` value and it is preloaded intentionally. @ https://www.amazon.com/s?k=Sony+WH-1000XM4+noise+cancelling+headphones&ref=nb_sb_noss:0
[   37745ms] [WARNING] The resource https://m.media-amazon.com/images/S/sash/i-VQjgAwefVc6gy.js#sfClientUrl was preloaded using link preload but not used within a few seconds from the window's load event. Please make sure it has an appropriate `as` value and it is preloaded intentionally. @ https://www.amazon.com/s?k=Sony+WH-1000XM4+noise+cancelling+headphones&ref=nb_sb_noss:0
[   37745ms] [WARNING] The resource https://m.media-amazon.com/images/S/sash/shz7L5-RmFPx81a.html#sfClientHtmlUrl was preloaded using link preload but not used within a few seconds from the window's load event. Please make sure it has an appropriate `as` value and it is preloaded intentionally. @ https://www.amazon.com/s?k=Sony+WH-1000XM4+noise+cancelling+headphones&ref=nb_sb_noss:0
[   54556ms] [WARNING] The resource https://m.media-amazon.com/images/S/sash/i-VQjgAwefVc6gy.js#sfClientUrl was preloaded using link preload but not used within a few seconds from the window's load event. Please make sure it has an appropriate `as` value and it is preloaded intentionally. @ https://www.amazon.com/s?k=Sony+WH-1000XM4+noise+cancelling+headphones&ref=nb_sb_noss:0
[   54556ms] [WARNING] The resource https://m.media-amazon.com/images/S/sash/shz7L5-RmFPx81a.html#sfClientHtmlUrl was preloaded using link preload but not used within a few seconds from the window's load event. Please make sure it has an appropriate `as` value and it is preloaded intentionally. @ https://www.amazon.com/s?k=Sony+WH-1000XM4+noise+cancelling+headphones&ref=nb_sb_noss:0
[   63181ms] [WARNING] The resource https://m.media-amazon.com/images/S/sash/i-VQjgAwefVc6gy.js#sfClientUrl was preloaded using link preload but not used within a few seconds from the window's load event. Please make sure it has an appropriate `as` value and it is preloaded intentionally. @ https://www.amazon.com/s?k=Sony+WH-1000XM4+noise+cancelling+headphones&ref=nb_sb_noss:0
[   63182ms] [WARNING] The resource https://m.media-amazon.com/images/S/sash/shz7L5-RmFPx81a.html#sfClientHtmlUrl was preloaded using link preload but not used within a few seconds from the window's load event. Please make sure it has an appropriate `as` value and it is preloaded intentionally. @ https://www.amazon.com/s?k=Sony+WH-1000XM4+noise+cancelling+headphones&ref=nb_sb_noss:0
[   80050ms] [WARNING] The resource https://m.media-amazon.com/images/S/sash/i-VQjgAwefVc6gy.js#sfClientUrl was preloaded using link preload but not used within a few seconds from the window's load event. Please make sure it has an appropriate `as` value and it is preloaded intentionally. @ https://www.amazon.com/s?k=Sony+WH-1000XM4+noise+cancelling+headphones&ref=nb_sb_noss:0
[   80050ms] [WARNING] The resource https://m.media-amazon.com/images/S/sash/shz7L5-RmFPx81a.html#sfClientHtmlUrl was preloaded using link preload but not used within a few seconds from the window's load event. Please make sure it has an appropriate `as` value and it is preloaded intentionally. @ https://www.amazon.com/s?k=Sony+WH-1000XM4+noise+cancelling+headphones&ref=nb_sb_noss:0
[   93174ms] [WARNING] The resource https://m.media-amazon.com/images/S/sash/i-VQjgAwefVc6gy.js#sfClientUrl was preloaded using link preload but not used within a few seconds from the window's load event. Please make sure it has an appropriate `as` value and it is preloaded intentionally. @ https://www.amazon.com/s?k=Sony+WH-1000XM4+noise+cancelling+headphones&ref=nb_sb_noss:0
[   93175ms] [WARNING] The resource https://m.media-amazon.com/images/S/sash/shz7L5-RmFPx81a.html#sfClientHtmlUrl was preloaded using link preload but not used within a few seconds from the window's load event. Please make sure it has an appropriate `as` value and it is preloaded intentionally. @ https://www.amazon.com/s?k=Sony+WH-1000XM4+noise+cancelling+headphones&ref=nb_sb_noss:0
[  117917ms] [WARNING] The resource https://m.media-amazon.com/images/S/sash/i-VQjgAwefVc6gy.js#sfClientUrl was preloaded using link preload but not used within a few seconds from the window's load event. Please make sure it has an appropriate `as` value and it is preloaded intentionally. @ https://www.amazon.com/s?k=Sony+WH-1000XM4+noise+cancelling+headphones&ref=nb_sb_noss:0
[  117918ms] [WARNING] The resource https://m.media-amazon.com/images/S/sash/shz7L5-RmFPx81a.html#sfClientHtmlUrl was preloaded using link preload but not used within a few seconds from the window's load event. Please make sure it has an appropriate `as` value and it is preloaded intentionally. @ https://www.amazon.com/s?k=Sony+WH-1000XM4+noise+cancelling+headphones&ref=nb_sb_noss:0
[  124187ms] [WARNING] The resource https://m.media-amazon.com/images/S/sash/i-VQjgAwefVc6gy.js#sfClientUrl was preloaded using link preload but not used within a few seconds from the window's load event. Please make sure it has an appropriate `as` value and it is preloaded intentionally. @ https://www.amazon.com/s?k=Sony+WH-1000XM4+noise+cancelling+headphones&ref=nb_sb_noss:0
[  124187ms] [WARNING] The resource https://m.media-amazon.com/images/S/sash/shz7L5-RmFPx81a.html#sfClientHtmlUrl was preloaded using link preload but not used within a few seconds from the window's load event. Please make sure it has an appropriate `as` value and it is preloaded intentionally. @ https://www.amazon.com/s?k=Sony+WH-1000XM4+noise+cancelling+headphones&ref=nb_sb_noss:0
[  153605ms] [WARNING] The resource https://m.media-amazon.com/images/S/sash/i-VQjgAwefVc6gy.js#sfClientUrl was preloaded using link preload but not used within a few seconds from the window's load event. Please make sure it has an appropriate `as` value and it is preloaded intentionally. @ https://www.amazon.com/s?k=Sony+WH-1000XM4+noise+cancelling+headphones&ref=nb_sb_noss:0
[  153605ms] [WARNING] The resource https://m.media-amazon.com/images/S/sash/shz7L5-RmFPx81a.html#sfClientHtmlUrl was preloaded using link preload but not used within a few seconds from the window's load event. Please make sure it has an appropriate `as` value and it is preloaded intentionally. @ https://www.amazon.com/s?k=Sony+WH-1000XM4+noise+cancelling+headphones&ref=nb_sb_noss:0
[  174985ms] [WARNING] The resource https://m.media-amazon.com/images/S/sash/i-VQjgAwefVc6gy.js#sfClientUrl was preloaded using link preload but not used within a few seconds from the window's load event. Please make sure it has an appropriate `as` value and it is preloaded intentionally. @ https://www.amazon.com/s?k=Sony+WH-1000XM4+noise+cancelling+headphones&ref=nb_sb_noss:0
[  174985ms] [WARNING] The resource https://m.media-amazon.com/images/S/sash/shz7L5-RmFPx81a.html#sfClientHtmlUrl was preloaded using link preload but not used within a few seconds from the window's load event. Please make sure it has an appropriate `as` value and it is preloaded intentionally. @ https://www.amazon.com/s?k=Sony+WH-1000XM4+noise+cancelling+headphones&ref=nb_sb_noss:0
