[       4ms] TypeError: Cannot redefine property: languages
    at Object.defineProperty (<anonymous>)
    at <anonymous>:22:12
    at <anonymous>:32:5
    at <anonymous>:33:7
[     402ms] TypeError: Cannot redefine property: languages
    at Object.defineProperty (<anonymous>)
    at <anonymous>:22:12
    at <anonymous>:32:5
    at <anonymous>:33:7
[     403ms] TypeError: Cannot redefine property: languages
    at Object.defineProperty (<anonymous>)
    at <anonymous>:22:12
    at <anonymous>:32:5
    at <anonymous>:33:7
[     693ms] TypeError: Cannot redefine property: languages
    at Object.defineProperty (<anonymous>)
    at <anonymous>:22:12
    at <anonymous>:32:5
    at <anonymous>:33:7
[     695ms] TypeError: Cannot redefine property: languages
    at Object.defineProperty (<anonymous>)
    at <anonymous>:22:12
    at <anonymous>:32:5
    at <anonymous>:33:7
[     878ms] TypeError: Cannot redefine property: languages
    at Object.defineProperty (<anonymous>)
    at <anonymous>:22:12
    at <anonymous>:32:5
    at <anonymous>:33:7
[     881ms] TypeError: Cannot redefine property: languages
    at Object.defineProperty (<anonymous>)
    at <anonymous>:22:12
    at <anonymous>:32:5
    at <anonymous>:33:7
[    3931ms] TypeError: Cannot redefine property: languages
    at Object.defineProperty (<anonymous>)
    at <anonymous>:22:12
    at <anonymous>:32:5
    at <anonymous>:33:7
[    3933ms] TypeError: Cannot redefine property: languages
    at Object.defineProperty (<anonymous>)
    at <anonymous>:22:12
    at <anonymous>:32:5
    at <anonymous>:33:7
[    3938ms] TypeError: Cannot redefine property: languages
    at Object.defineProperty (<anonymous>)
    at <anonymous>:22:12
    at <anonymous>:32:5
    at <anonymous>:33:7
[    3971ms] TypeError: Cannot redefine property: languages
    at Object.defineProperty (<anonymous>)
    at <anonymous>:22:12
    at <anonymous>:32:5
    at <anonymous>:33:7
[    3974ms] TypeError: Cannot redefine property: languages
    at Object.defineProperty (<anonymous>)
    at <anonymous>:22:12
    at <anonymous>:32:5
    at <anonymous>:33:7
[    3975ms] TypeError: Cannot redefine property: languages
    at Object.defineProperty (<anonymous>)
    at <anonymous>:22:12
    at <anonymous>:32:5
    at <anonymous>:33:7
[    4938ms] TypeError: Cannot redefine property: languages
    at Object.defineProperty (<anonymous>)
    at <anonymous>:22:12
    at <anonymous>:32:5
    at <anonymous>:33:7
[    4940ms] TypeError: Cannot redefine property: languages
    at Object.defineProperty (<anonymous>)
    at <anonymous>:22:12
    at <anonymous>:32:5
    at <anonymous>:33:7
[    4943ms] TypeError: Cannot redefine property: languages
    at Object.defineProperty (<anonymous>)
    at <anonymous>:22:12
    at <anonymous>:32:5
    at <anonymous>:33:7
[    8697ms] TypeError: Cannot redefine property: languages
    at Object.defineProperty (<anonymous>)
    at <anonymous>:22:12
    at <anonymous>:32:5
    at <anonymous>:33:7
[    8699ms] TypeError: Cannot redefine property: languages
    at Object.defineProperty (<anonymous>)
    at <anonymous>:22:12
    at <anonymous>:32:5
    at <anonymous>:33:7
[    8701ms] TypeError: Cannot redefine property: languages
    at Object.defineProperty (<anonymous>)
    at <anonymous>:22:12
    at <anonymous>:32:5
    at <anonymous>:33:7
[    9005ms] TypeError: Cannot redefine property: languages
    at Object.defineProperty (<anonymous>)
    at <anonymous>:22:12
    at <anonymous>:32:5
    at <anonymous>:33:7
[    9007ms] TypeError: Cannot redefine property: languages
    at Object.defineProperty (<anonymous>)
    at <anonymous>:22:12
    at <anonymous>:32:5
    at <anonymous>:33:7
[    9008ms] TypeError: Cannot redefine property: languages
    at Object.defineProperty (<anonymous>)
    at <anonymous>:22:12
    at <anonymous>:32:5
    at <anonymous>:33:7
[   10108ms] [ERROR] Loading the image 'https://match.adsrvr.org/track/cmf/generic?ttd_pid=stickyads&ttd_tpi=1&gdpr=0&gdpr_consent=' violates the following Content Security Policy directive: "default-src 'self' s.amazon-adsystem.com aax-eu.amazon-adsystem.com aax-fe.amazon-adsystem.com fonts.gstatic.com *.firefox.etp doubleclick.net *.stickyadstv.com *.g.doubleclick.net fout.jp ninthdecimal.com *.postrelease.com *.yahoo.com *.adnxs.com exelator.com richaudience.com *.presage.io samplicio.us *.rubiconproject.com semasio.net cm.g.doubleclick.net *.samba.tv presage.io yahoo.com *.loopme.me *.amazon-adsystem.com yahoo.net gumgum.com *.imdb.com google.com amazon-adsystem.com *.samplicio.us *.smartadserver.com loopme.me zeotap.com *.mediarithmics.com taboola.com *.bidswitch.net *.thisisdax.com *.fwmrm.net *.yahoo.net adscale.de *.ninthdecimal.com *.zeotap.com *.adscale.de fwmrm.net demdex.net *.scorecardresearch.com agkn.com *.kargo.com connatix.com *.dmxleo.com *.casalemedia.com bidswitch.net dmxleo.com imdb.com *.gumgum.com *.demdex.net *.ispot.tv *.google.com *.exelator.com *.pubmatic.com kargo.com scorecardresearch.com *.3lift.com thisisdax.com postrelease.com *.doubleclick.net stickyadstv.com yieldmo.com *.mookie1.com ispot.tv *.connatix.com *.agkn.com samba.tv pubmatic.com smartadserver.com s.amazon-adsystem.com/ecm3 *.match.360yield.com *.richaudience.com *.fout.jp casalemedia.com rubiconproject.com openx.net adnxs.com mookie1.com match.360yield.com *.taboola.com *.openx.net *.semasio.net *.yieldmo.com". Note that 'img-src' was not explicitly set, so 'default-src' is used as a fallback. The action has been blocked. @ https://s.amazon-adsystem.com/v3/pr?exlist=n-xr-HMT_n-id-HMT_n-nt-HMT_ns_n-eq-HMT3_n-ix-HMT_bsw_n-y-HMT_n-cx-HMT_n-dm2-HMT_n-dx-HMT2_n-zeotap-4_fw_imdb_n-fo-HMT_n-lucid_n-st-HMT1_n-samba.tv_n-rb-HMT3_n-fw-HMT1_n-og-HMT_adelphic_adb_mp_n-mediarithmics_g_n-comscr.com_n-lm-HMT3_ox_n-tl-HMT_n-semasio-ecm_n-kg-HMT_n-gg-HMT2_an_n-pm-HMT_n-g-hmt_nsln_nd_n-ispot_n-stroer-HMT_n-ym-HMT_n-ox-hmt_n-ex1-HMT_tbl&fv=1.0&a=cm&dmt=1&gdpr_consent=&ex-pl-n-g-hmt=yKtU2z6hTr2dI32kfVqgqQ&gdpr=0&ep=CTqPCOvwk6YMgop5IXi0FPfYMZdv1XwKYiGgXQ9FkgcV2CbShetMquOxU_xzTCaaLmg3L5Okm8O2sfYajdXthUvkeKBpeSPAQBEwRJX1R3x7m_UV_jlyPqX2xChDapYUFG3LBAdSBRwt6bKNPy5wY7Bf2WhZ4Ujnj9Rp26GbkCm2VHaooOoFkpIyqg9Y1i5jd9Rub39PQGx8qn7iD6C5DllpdZmqQUuVj49VcTFSucWOPxJojG8FkM2JtBLo-OA8cPUU5rtrsb1HpwQPWt11oImhpesiLB2VN3FqtcUkoJ2YV0enl4v9nOJd2Aew49R5MaXelfSmNJRa0ndb8t4gD34u7Kt9Pu3INmGFuX9VmsJXlm2xw_-vK3oZR6iw6pH9ZiROj06qTYN6ar8pMyByQidVn9Y7oVAGGE5EFIpA7TbXTYY3kFdMq7Fr_M4HT9FjzAZPZ8O7jbyzsCl9Jffeap6RLQzpVh9Q3Qng7NIHi_hQJi7DDIDR3vpgIkjyKLjHg5i2moF6wWeWg3PnBPhEGdvOj7NvJtBcGRHdEYyn0fnm-1dGXPftdAVA7C0gzrQVoN82HbFZeJaFAK8oz4gMy-B9WRviyjpr9T86E7i-X8YtDjS1T1WKV56JsUNEs3XsFmueFIySYQykYhOo14UxUk2WBV79QEVqIxhJ2UtV_rQxAz4I9YSnU-9IfGusksISQ9kM4TqAGMVBwRxd5ke_urqCPeAlE_Jk3SfoFMGSYgbEwRVjo9FqbOqoXIGOZOkLG-MgzfscTbv4qz7afPAjBDQ2fOs9fLbVPlmZaTwfg3VelXQvocWnXqdvgN_KyUb44BHwzdRUNq7UCPnC_sOK6CNubwUAR-NbBUDzjiEAJ-Oarj2iBAxJRScNAwra-7Xqp36XzjrvmWlajf4Y76t9EH3YSXDrU6fONfZB1fsLu74jr_7DoOQ7yy2glQ2ZCh6U8zYYam5sLBDPgk5BTmbwN5mqDgIfEnw4QBZysmNOr4YOvvEBBTD1uTQmjLOxCzGFYq2CXdCrvyd1Wzbk7lXXOZRGdfmHZnazv7zTowSnA_CPrOrrGF6g3EJEjPe2KQL6y9V4Hs_yDb1HGeJFEF1XY-j3mt2PAkWsrqDX_s3TRJ5pcsvz-GBdKOfF7NTfWaL0x1BylQMr6bH63koEF-aMagrelTPtyFFWK8UtuEALx2v_8JPY1E0SDX-T7p7qPb9gBhU4biNqrgqfwEg6xLhjV-MArwjzph-LRf5h5jo6cIeuiEtWBRHi9pJXDUE2oGoYHhgkpDTlWQh2cS3oqUTPU5wrPcOXcv-uRluDYWJus8O_6BDtRlglRx91V1ll1husm0etmn7E6EyNwFISdiK-f6MNiKQ-VvPCKbxn_jEOyq-dEE16KeCOnR1NAG2T8_qkYUNJ2rwPP5xdbcDCQ099zhQaViabNFhvlqhblQYkP2Rwq6i5kZYuyaicn5hSRnvh:0
[   63138ms] TypeError: Cannot redefine property: languages
    at Object.defineProperty (<anonymous>)
    at <anonymous>:22:12
    at <anonymous>:32:5
    at <anonymous>:33:7
[   63138ms] TypeError: Cannot redefine property: languages
    at Object.defineProperty (<anonymous>)
    at <anonymous>:22:12
    at <anonymous>:32:5
    at <anonymous>:33:7
[   63138ms] TypeError: Cannot redefine property: languages
    at Object.defineProperty (<anonymous>)
    at <anonymous>:22:12
    at <anonymous>:32:5
    at <anonymous>:33:7
[   64019ms] TypeError: Cannot redefine property: languages
    at Object.defineProperty (<anonymous>)
    at <anonymous>:22:12
    at <anonymous>:32:5
    at <anonymous>:33:7
[   64020ms] TypeError: Cannot redefine property: languages
    at Object.defineProperty (<anonymous>)
    at <anonymous>:22:12
    at <anonymous>:32:5
    at <anonymous>:33:7
[   64023ms] TypeError: Cannot redefine property: languages
    at Object.defineProperty (<anonymous>)
    at <anonymous>:22:12
    at <anonymous>:32:5
    at <anonymous>:33:7
[   64066ms] TypeError: Cannot redefine property: languages
    at Object.defineProperty (<anonymous>)
    at <anonymous>:22:12
    at <anonymous>:32:5
    at <anonymous>:33:7
[   64068ms] TypeError: Cannot redefine property: languages
    at Object.defineProperty (<anonymous>)
    at <anonymous>:22:12
    at <anonymous>:32:5
    at <anonymous>:33:7
[   64071ms] TypeError: Cannot redefine property: languages
    at Object.defineProperty (<anonymous>)
    at <anonymous>:22:12
    at <anonymous>:32:5
    at <anonymous>:33:7
[   64106ms] TypeError: Cannot redefine property: languages
    at Object.defineProperty (<anonymous>)
    at <anonymous>:22:12
    at <anonymous>:32:5
    at <anonymous>:33:7
[   64111ms] TypeError: Cannot redefine property: languages
    at Object.defineProperty (<anonymous>)
    at <anonymous>:22:12
    at <anonymous>:32:5
    at <anonymous>:33:7
[   64116ms] TypeError: Cannot redefine property: languages
    at Object.defineProperty (<anonymous>)
    at <anonymous>:22:12
    at <anonymous>:32:5
    at <anonymous>:33:7
[   66954ms] TypeError: Cannot redefine property: languages
    at Object.defineProperty (<anonymous>)
    at <anonymous>:22:12
    at <anonymous>:32:5
    at <anonymous>:33:7
[   66962ms] TypeError: Cannot redefine property: languages
    at Object.defineProperty (<anonymous>)
    at <anonymous>:22:12
    at <anonymous>:32:5
    at <anonymous>:33:7
[   66965ms] TypeError: Cannot redefine property: languages
    at Object.defineProperty (<anonymous>)
    at <anonymous>:22:12
    at <anonymous>:32:5
    at <anonymous>:33:7
[   67352ms] TypeError: Cannot redefine property: languages
    at Object.defineProperty (<anonymous>)
    at <anonymous>:22:12
    at <anonymous>:32:5
    at <anonymous>:33:7
[   67358ms] TypeError: Cannot redefine property: languages
    at Object.defineProperty (<anonymous>)
    at <anonymous>:22:12
    at <anonymous>:32:5
    at <anonymous>:33:7
[   67360ms] TypeError: Cannot redefine property: languages
    at Object.defineProperty (<anonymous>)
    at <anonymous>:22:12
    at <anonymous>:32:5
    at <anonymous>:33:7
[   67978ms] [ERROR] Error logged with the Track&Report JS errors API(http://tiny/1covqr6l8/wamazindeClieUserJava): {"m":"ARA:RegisterTriggerResponseError:SEARCH. Error receiving response from ARAServiceFailed to execute 'json' on 'Response': Unexpected end of JSON input","name":"SyntaxError","csm":"v5 ueLogError stack","logLevel":"ERROR","attribution":"ARARegisterTrigger","pageURL":"https://www.amazon.com/s?k=Sony+WH-1000XM4+noise+cancelling+headphones&ref=nb_sb_noss","f":"https://m.media-amazon.com/images/I/21vARlfe4pL._RC%7C11s0wiXngEL.js_.js?AUIClients/ARARegisterTriggerSubAssets-search","l":"7","s":["SyntaxError: Unexpected end of JSON input","at https://m.media-amazon.com/images/I/21vARlfe4pL._RC%7C11s0wiXngEL.js_.js?AUIClients/ARARegisterTriggerSubAssets-search:7:384"],"t":4833} {m: ARA:RegisterTriggerResponseError:SEARCH. Error rec…json' on 'Response': Unexpected end of JSON input, name: SyntaxError, type: undefined, csm: v5 ueLogError stack, logLevel: ERROR} @ https://images-na.ssl-images-amazon.com/images/I/215h87l68bL.js:3
[   75210ms] [INFO] The browser has successfully queued the data for transfer... @ https://m.media-amazon.com/images/I/510pMqUVqkL._RC%7C41PuEjShBPL.js,510KnYI9QWL.js,21RoFlDNKHL.js,41fFmJrK7zL.js,01N0G7oHRlL.js,31-hnA-p85L.js,21MQrCW40bL.js,01KVpvQDfZL.js,21XkditqCiL.js,319u8KAi11L.js,41n8B+HM0VL.js,31X4VtYohlL.js,01qtTpqN9TL.js,11t385NY3cL.js,01QUqxbk4aL.js,01vpgLQ7sWL.js,11RRv4g-1qL.js,014s6GxYjXL.js,01mq4gWWg+L.js,01Oy5H5EPsL.js,11HSAPeVuoL.js,31XajFHvawL.js,01Qg3w8pUPL.js,01lx4jtyKqL.js,01+86qUwmpL.js,01tvS9Qe2bL.js,01pSevr6s1L.js,01AxG+o2fGL.js,01+xQYdGnAL.js,51rvyEqDI-L.js,51U74INP87L.js,21E+PtC+ukL.js,0136xjSLaaL.js,013LGYLGHnL.js,01hMcyEA2RL.js,01U+M7C97eL.js,01FDiMXUv+L.js,017lBD8zmsL.js,31yUwqCGdiL.js,11lQr+hEyHL.js,01jvUNUfNdL.js,91mRzsoXecL.js,01ckUOmqSkL.js,21N6NaKQ9+L.js,01lljo1N01L.js,216Gy4rulYL.js,911a38G9hPL.js,31jzxcc0Q6L.js,01ly-sHeg8L.js,018v226z-QL.js,01byduX5qrL.js,013yGBt2QML.js,01hBczmdQuL.js,015MrD++8YL.js,01vgoLEuTOL.js,01QO+dESefL.js,01oLouY3XtL.js,01PN754cs2L.js,01HvM55FurL.js,01KidqraiXL.js,01NloowiByL.js,01HrPz9iClL.js,21z34K3nOVL.js,31M8YAO7NgL.js,01993rJ5roL.js,01SiFpsoIzL.js,018-x4IqBqL.js,11wrvsmYAIL.js,01DQUzT6S8L.js,01sFQp1iloL.js,01XS6qpQiCL.js,01S5dga6DzL.js,01LbPmN08WL.js,01ppIh9wmjL.js,01v8HNSpzuL.js,01PTeQhvs-L.js,01RH6BojjLL.js,01GsEhoWBNL.js,014nwk4ykeL.js,012USBOk43L.js,21lbWMrQO9L.js,11lN9sWb9SL.js,11xUyZzpxpL.js,814d-33IOiL.js_.js?AUIClients/SearchPartnerAssets:817
[   75215ms] [INFO] The browser has successfully queued the data for transfer... @ https://m.media-amazon.com/images/I/510pMqUVqkL._RC%7C41PuEjShBPL.js,510KnYI9QWL.js,21RoFlDNKHL.js,41fFmJrK7zL.js,01N0G7oHRlL.js,31-hnA-p85L.js,21MQrCW40bL.js,01KVpvQDfZL.js,21XkditqCiL.js,319u8KAi11L.js,41n8B+HM0VL.js,31X4VtYohlL.js,01qtTpqN9TL.js,11t385NY3cL.js,01QUqxbk4aL.js,01vpgLQ7sWL.js,11RRv4g-1qL.js,014s6GxYjXL.js,01mq4gWWg+L.js,01Oy5H5EPsL.js,11HSAPeVuoL.js,31XajFHvawL.js,01Qg3w8pUPL.js,01lx4jtyKqL.js,01+86qUwmpL.js,01tvS9Qe2bL.js,01pSevr6s1L.js,01AxG+o2fGL.js,01+xQYdGnAL.js,51rvyEqDI-L.js,51U74INP87L.js,21E+PtC+ukL.js,0136xjSLaaL.js,013LGYLGHnL.js,01hMcyEA2RL.js,01U+M7C97eL.js,01FDiMXUv+L.js,017lBD8zmsL.js,31yUwqCGdiL.js,11lQr+hEyHL.js,01jvUNUfNdL.js,91mRzsoXecL.js,01ckUOmqSkL.js,21N6NaKQ9+L.js,01lljo1N01L.js,216Gy4rulYL.js,911a38G9hPL.js,31jzxcc0Q6L.js,01ly-sHeg8L.js,018v226z-QL.js,01byduX5qrL.js,013yGBt2QML.js,01hBczmdQuL.js,015MrD++8YL.js,01vgoLEuTOL.js,01QO+dESefL.js,01oLouY3XtL.js,01PN754cs2L.js,01HvM55FurL.js,01KidqraiXL.js,01NloowiByL.js,01HrPz9iClL.js,21z34K3nOVL.js,31M8YAO7NgL.js,01993rJ5roL.js,01SiFpsoIzL.js,018-x4IqBqL.js,11wrvsmYAIL.js,01DQUzT6S8L.js,01sFQp1iloL.js,01XS6qpQiCL.js,01S5dga6DzL.js,01LbPmN08WL.js,01ppIh9wmjL.js,01v8HNSpzuL.js,01PTeQhvs-L.js,01RH6BojjLL.js,01GsEhoWBNL.js,014nwk4ykeL.js,012USBOk43L.js,21lbWMrQO9L.js,11lN9sWb9SL.js,11xUyZzpxpL.js,814d-33IOiL.js_.js?AUIClients/SearchPartnerAssets:817
[   79255ms] [WARNING] The resource https://m.media-amazon.com/images/S/sash/i-VQjgAwefVc6gy.js#sfClientUrl was preloaded using link preload but not used within a few seconds from the window's load event. Please make sure it has an appropriate `as` value and it is preloaded intentionally. @ https://www.amazon.com/s?k=Sony+WH-1000XM4+noise+cancelling+headphones&ref=nb_sb_noss:0
[   79255ms] [WARNING] The resource https://m.media-amazon.com/images/S/sash/shz7L5-RmFPx81a.html#sfClientHtmlUrl was preloaded using link preload but not used within a few seconds from the window's load event. Please make sure it has an appropriate `as` value and it is preloaded intentionally. @ https://www.amazon.com/s?k=Sony+WH-1000XM4+noise+cancelling+headphones&ref=nb_sb_noss:0
[   84915ms] [WARNING] The resource https://m.media-amazon.com/images/S/sash/i-VQjgAwefVc6gy.js#sfClientUrl was preloaded using link preload but not used within a few seconds from the window's load event. Please make sure it has an appropriate `as` value and it is preloaded intentionally. @ https://www.amazon.com/s?k=Sony+WH-1000XM4+noise+cancelling+headphones&ref=nb_sb_noss:0
[   84915ms] [WARNING] The resource https://m.media-amazon.com/images/S/sash/shz7L5-RmFPx81a.html#sfClientHtmlUrl was preloaded using link preload but not used within a few seconds from the window's load event. Please make sure it has an appropriate `as` value and it is preloaded intentionally. @ https://www.amazon.com/s?k=Sony+WH-1000XM4+noise+cancelling+headphones&ref=nb_sb_noss:0
[   90933ms] [WARNING] The resource https://m.media-amazon.com/images/S/sash/i-VQjgAwefVc6gy.js#sfClientUrl was preloaded using link preload but not used within a few seconds from the window's load event. Please make sure it has an appropriate `as` value and it is preloaded intentionally. @ https://www.amazon.com/s?k=Sony+WH-1000XM4+noise+cancelling+headphones&ref=nb_sb_noss:0
[   90934ms] [WARNING] The resource https://m.media-amazon.com/images/S/sash/shz7L5-RmFPx81a.html#sfClientHtmlUrl was preloaded using link preload but not used within a few seconds from the window's load event. Please make sure it has an appropriate `as` value and it is preloaded intentionally. @ https://www.amazon.com/s?k=Sony+WH-1000XM4+noise+cancelling+headphones&ref=nb_sb_noss:0
[   96181ms] [WARNING] The resource https://m.media-amazon.com/images/S/sash/i-VQjgAwefVc6gy.js#sfClientUrl was preloaded using link preload but not used within a few seconds from the window's load event. Please make sure it has an appropriate `as` value and it is preloaded intentionally. @ https://www.amazon.com/s?k=Sony+WH-1000XM4+noise+cancelling+headphones&ref=nb_sb_noss:0
[   96181ms] [WARNING] The resource https://m.media-amazon.com/images/S/sash/shz7L5-RmFPx81a.html#sfClientHtmlUrl was preloaded using link preload but not used within a few seconds from the window's load event. Please make sure it has an appropriate `as` value and it is preloaded intentionally. @ https://www.amazon.com/s?k=Sony+WH-1000XM4+noise+cancelling+headphones&ref=nb_sb_noss:0
[  113137ms] [WARNING] The resource https://m.media-amazon.com/images/S/sash/i-VQjgAwefVc6gy.js#sfClientUrl was preloaded using link preload but not used within a few seconds from the window's load event. Please make sure it has an appropriate `as` value and it is preloaded intentionally. @ https://www.amazon.com/s?k=Sony+WH-1000XM4+noise+cancelling+headphones&ref=nb_sb_noss:0
[  113137ms] [WARNING] The resource https://m.media-amazon.com/images/S/sash/shz7L5-RmFPx81a.html#sfClientHtmlUrl was preloaded using link preload but not used within a few seconds from the window's load event. Please make sure it has an appropriate `as` value and it is preloaded intentionally. @ https://www.amazon.com/s?k=Sony+WH-1000XM4+noise+cancelling+headphones&ref=nb_sb_noss:0
[  121293ms] [WARNING] The resource https://m.media-amazon.com/images/S/sash/i-VQjgAwefVc6gy.js#sfClientUrl was preloaded using link preload but not used within a few seconds from the window's load event. Please make sure it has an appropriate `as` value and it is preloaded intentionally. @ https://www.amazon.com/s?k=Sony+WH-1000XM4+noise+cancelling+headphones&ref=nb_sb_noss:0
[  121294ms] [WARNING] The resource https://m.media-amazon.com/images/S/sash/shz7L5-RmFPx81a.html#sfClientHtmlUrl was preloaded using link preload but not used within a few seconds from the window's load event. Please make sure it has an appropriate `as` value and it is preloaded intentionally. @ https://www.amazon.com/s?k=Sony+WH-1000XM4+noise+cancelling+headphones&ref=nb_sb_noss:0
[  134083ms] [WARNING] The resource https://m.media-amazon.com/images/S/sash/i-VQjgAwefVc6gy.js#sfClientUrl was preloaded using link preload but not used within a few seconds from the window's load event. Please make sure it has an appropriate `as` value and it is preloaded intentionally. @ https://www.amazon.com/s?k=Sony+WH-1000XM4+noise+cancelling+headphones&ref=nb_sb_noss:0
[  134084ms] [WARNING] The resource https://m.media-amazon.com/images/S/sash/shz7L5-RmFPx81a.html#sfClientHtmlUrl was preloaded using link preload but not used within a few seconds from the window's load event. Please make sure it has an appropriate `as` value and it is preloaded intentionally. @ https://www.amazon.com/s?k=Sony+WH-1000XM4+noise+cancelling+headphones&ref=nb_sb_noss:0
[  150750ms] [WARNING] The resource https://m.media-amazon.com/images/S/sash/i-VQjgAwefVc6gy.js#sfClientUrl was preloaded using link preload but not used within a few seconds from the window's load event. Please make sure it has an appropriate `as` value and it is preloaded intentionally. @ https://www.amazon.com/s?k=Sony+WH-1000XM4+noise+cancelling+headphones&ref=nb_sb_noss:0
[  150750ms] [WARNING] The resource https://m.media-amazon.com/images/S/sash/shz7L5-RmFPx81a.html#sfClientHtmlUrl was preloaded using link preload but not used within a few seconds from the window's load event. Please make sure it has an appropriate `as` value and it is preloaded intentionally. @ https://www.amazon.com/s?k=Sony+WH-1000XM4+noise+cancelling+headphones&ref=nb_sb_noss:0
[  176645ms] [WARNING] The resource https://m.media-amazon.com/images/S/sash/i-VQjgAwefVc6gy.js#sfClientUrl was preloaded using link preload but not used within a few seconds from the window's load event. Please make sure it has an appropriate `as` value and it is preloaded intentionally. @ https://www.amazon.com/s?k=Sony+WH-1000XM4+noise+cancelling+headphones&ref=nb_sb_noss:0
[  176645ms] [WARNING] The resource https://m.media-amazon.com/images/S/sash/shz7L5-RmFPx81a.html#sfClientHtmlUrl was preloaded using link preload but not used within a few seconds from the window's load event. Please make sure it has an appropriate `as` value and it is preloaded intentionally. @ https://www.amazon.com/s?k=Sony+WH-1000XM4+noise+cancelling+headphones&ref=nb_sb_noss:0
[  181603ms] [WARNING] The resource https://m.media-amazon.com/images/S/sash/i-VQjgAwefVc6gy.js#sfClientUrl was preloaded using link preload but not used within a few seconds from the window's load event. Please make sure it has an appropriate `as` value and it is preloaded intentionally. @ https://www.amazon.com/s?k=Sony+WH-1000XM4+noise+cancelling+headphones&ref=nb_sb_noss:0
[  181603ms] [WARNING] The resource https://m.media-amazon.com/images/S/sash/shz7L5-RmFPx81a.html#sfClientHtmlUrl was preloaded using link preload but not used within a few seconds from the window's load event. Please make sure it has an appropriate `as` value and it is preloaded intentionally. @ https://www.amazon.com/s?k=Sony+WH-1000XM4+noise+cancelling+headphones&ref=nb_sb_noss:0
