[     349ms] TypeError: Cannot redefine property: languages
    at Object.defineProperty (<anonymous>)
    at <anonymous>:28:12
    at <anonymous>:40:5
    at <anonymous>:41:7
[    5188ms] TypeError: Cannot redefine property: languages
    at Object.defineProperty (<anonymous>)
    at <anonymous>:28:12
    at <anonymous>:40:5
    at <anonymous>:41:7
[    5189ms] TypeError: Cannot redefine property: languages
    at Object.defineProperty (<anonymous>)
    at <anonymous>:28:12
    at <anonymous>:40:5
    at <anonymous>:41:7
[    5245ms] TypeError: Cannot redefine property: languages
    at Object.defineProperty (<anonymous>)
    at <anonymous>:28:12
    at <anonymous>:40:5
    at <anonymous>:41:7
    at eval (eval at <anonymous> (https://www.google.com/search?q=latest+AI+news&sca_esv=7653edd048582144&source=hp&ei=91ZjasqHKP-hnesPhOG4uAc&iflsig=ABILxe8AAAAAamNlB2PRT4mg0Zx7TtUOsUUrShhiPtTn&ved=0ahUKEwiK35HupOuVAxX_UGcHHYQwDncQ4dUDCB4&uact=5&oq=latest+AI+news&gs_lp=Egdnd3Mtd2l6Ig5sYXRlc3QgQUkgbmV3czIKEC4YAxiPARjqAjIKEAAYAxiPARjqAjIKEAAYAxiPARjqAjIKEAAYAxiPARjqAjIKEAAYAxiPARjqAjIKEAAYAxiPARjqAjIKEAAYAxiPARjqAjIKEAAYAxiPARjqAjIKEC4YAxiPARjqAjIKEAAYAxiPARjqAkjEE1CqE1iqE3ABeACQAQCYAQCgAQCqAQC4AQPIAQD4AQGYAgGgAgioAgqYAwjxBVioBETJ1pZ2kgcBMaAHALIHALgHAMIHAzItMcgHBoAIAQ&sclient=gws-wiz:2:473), <anonymous>:555:38177)
    at Md (eval at <anonymous> (https://www.google.com/search?q=latest+AI+news&sca_esv=7653edd048582144&source=hp&ei=91ZjasqHKP-hnesPhOG4uAc&iflsig=ABILxe8AAAAAamNlB2PRT4mg0Zx7TtUOsUUrShhiPtTn&ved=0ahUKEwiK35HupOuVAxX_UGcHHYQwDncQ4dUDCB4&uact=5&oq=latest+AI+news&gs_lp=Egdnd3Mtd2l6Ig5sYXRlc3QgQUkgbmV3czIKEC4YAxiPARjqAjIKEAAYAxiPARjqAjIKEAAYAxiPARjqAjIKEAAYAxiPARjqAjIKEAAYAxiPARjqAjIKEAAYAxiPARjqAjIKEAAYAxiPARjqAjIKEAAYAxiPARjqAjIKEC4YAxiPARjqAjIKEAAYAxiPARjqAkjEE1CqE1iqE3ABeACQAQCYAQCgAQCqAQC4AQPIAQD4AQGYAgGgAgioAgqYAwjxBVioBETJ1pZ2kgcBMaAHALIHALgHAMIHAzItMcgHBoAIAQ&sclient=gws-wiz:2:473), <anonymous>:555:39305)
    at l.eval [as W] (eval at <anonymous> (https://www.google.com/search?q=latest+AI+news&sca_esv=7653edd048582144&source=hp&ei=91ZjasqHKP-hnesPhOG4uAc&iflsig=ABILxe8AAAAAamNlB2PRT4mg0Zx7TtUOsUUrShhiPtTn&ved=0ahUKEwiK35HupOuVAxX_UGcHHYQwDncQ4dUDCB4&uact=5&oq=latest+AI+news&gs_lp=Egdnd3Mtd2l6Ig5sYXRlc3QgQUkgbmV3czIKEC4YAxiPARjqAjIKEAAYAxiPARjqAjIKEAAYAxiPARjqAjIKEAAYAxiPARjqAjIKEAAYAxiPARjqAjIKEAAYAxiPARjqAjIKEAAYAxiPARjqAjIKEAAYAxiPARjqAjIKEC4YAxiPARjqAjIKEAAYAxiPARjqAkjEE1CqE1iqE3ABeACQAQCYAQCgAQCqAQC4AQPIAQD4AQGYAgGgAgioAgqYAwjxBVioBETJ1pZ2kgcBMaAHALIHALgHAMIHAzItMcgHBoAIAQ&sclient=gws-wiz:2:473), <anonymous>:555:59719)
    at SC (eval at <anonymous> (https://www.google.com/search?q=latest+AI+news&sca_esv=7653edd048582144&source=hp&ei=91ZjasqHKP-hnesPhOG4uAc&iflsig=ABILxe8AAAAAamNlB2PRT4mg0Zx7TtUOsUUrShhiPtTn&ved=0ahUKEwiK35HupOuVAxX_UGcHHYQwDncQ4dUDCB4&uact=5&oq=latest+AI+news&gs_lp=Egdnd3Mtd2l6Ig5sYXRlc3QgQUkgbmV3czIKEC4YAxiPARjqAjIKEAAYAxiPARjqAjIKEAAYAxiPARjqAjIKEAAYAxiPARjqAjIKEAAYAxiPARjqAjIKEAAYAxiPARjqAjIKEAAYAxiPARjqAjIKEAAYAxiPARjqAjIKEC4YAxiPARjqAjIKEAAYAxiPARjqAkjEE1CqE1iqE3ABeACQAQCYAQCgAQCqAQC4AQPIAQD4AQGYAgGgAgioAgqYAwjxBVioBETJ1pZ2kgcBMaAHALIHALgHAMIHAzItMcgHBoAIAQ&sclient=gws-wiz:2:473), <anonymous>:555:28693)
    at x4 (eval at <anonymous> (https://www.google.com/search?q=latest+AI+news&sca_esv=7653edd048582144&source=hp&ei=91ZjasqHKP-hnesPhOG4uAc&iflsig=ABILxe8AAAAAamNlB2PRT4mg0Zx7TtUOsUUrShhiPtTn&ved=0ahUKEwiK35HupOuVAxX_UGcHHYQwDncQ4dUDCB4&uact=5&oq=latest+AI+news&gs_lp=Egdnd3Mtd2l6Ig5sYXRlc3QgQUkgbmV3czIKEC4YAxiPARjqAjIKEAAYAxiPARjqAjIKEAAYAxiPARjqAjIKEAAYAxiPARjqAjIKEAAYAxiPARjqAjIKEAAYAxiPARjqAjIKEAAYAxiPARjqAjIKEAAYAxiPARjqAjIKEC4YAxiPARjqAjIKEAAYAxiPARjqAkjEE1CqE1iqE3ABeACQAQCYAQCgAQCqAQC4AQPIAQD4AQGYAgGgAgioAgqYAwjxBVioBETJ1pZ2kgcBMaAHALIHALgHAMIHAzItMcgHBoAIAQ&sclient=gws-wiz:2:473), <anonymous>:555:18839)
    at ss (eval at <anonymous> (https://www.google.com/search?q=latest+AI+news&sca_esv=7653edd048582144&source=hp&ei=91ZjasqHKP-hnesPhOG4uAc&iflsig=ABILxe8AAAAAamNlB2PRT4mg0Zx7TtUOsUUrShhiPtTn&ved=0ahUKEwiK35HupOuVAxX_UGcHHYQwDncQ4dUDCB4&uact=5&oq=latest+AI+news&gs_lp=Egdnd3Mtd2l6Ig5sYXRlc3QgQUkgbmV3czIKEC4YAxiPARjqAjIKEAAYAxiPARjqAjIKEAAYAxiPARjqAjIKEAAYAxiPARjqAjIKEAAYAxiPARjqAjIKEAAYAxiPARjqAjIKEAAYAxiPARjqAjIKEAAYAxiPARjqAjIKEC4YAxiPARjqAjIKEAAYAxiPARjqAkjEE1CqE1iqE3ABeACQAQCYAQCgAQCqAQC4AQPIAQD4AQGYAgGgAgioAgqYAwjxBVioBETJ1pZ2kgcBMaAHALIHALgHAMIHAzItMcgHBoAIAQ&sclient=gws-wiz:2:473), <anonymous>:555:17369)
[    5247ms] TypeError: Cannot redefine property: languages
    at Object.defineProperty (<anonymous>)
    at <anonymous>:28:12
    at <anonymous>:40:5
    at <anonymous>:41:7
    at eval (eval at <anonymous> (https://www.google.com/search?q=latest+AI+news&sca_esv=7653edd048582144&source=hp&ei=91ZjasqHKP-hnesPhOG4uAc&iflsig=ABILxe8AAAAAamNlB2PRT4mg0Zx7TtUOsUUrShhiPtTn&ved=0ahUKEwiK35HupOuVAxX_UGcHHYQwDncQ4dUDCB4&uact=5&oq=latest+AI+news&gs_lp=Egdnd3Mtd2l6Ig5sYXRlc3QgQUkgbmV3czIKEC4YAxiPARjqAjIKEAAYAxiPARjqAjIKEAAYAxiPARjqAjIKEAAYAxiPARjqAjIKEAAYAxiPARjqAjIKEAAYAxiPARjqAjIKEAAYAxiPARjqAjIKEAAYAxiPARjqAjIKEC4YAxiPARjqAjIKEAAYAxiPARjqAkjEE1CqE1iqE3ABeACQAQCYAQCgAQCqAQC4AQPIAQD4AQGYAgGgAgioAgqYAwjxBVioBETJ1pZ2kgcBMaAHALIHALgHAMIHAzItMcgHBoAIAQ&sclient=gws-wiz:2:473), <anonymous>:555:38177)
    at Md (eval at <anonymous> (https://www.google.com/search?q=latest+AI+news&sca_esv=7653edd048582144&source=hp&ei=91ZjasqHKP-hnesPhOG4uAc&iflsig=ABILxe8AAAAAamNlB2PRT4mg0Zx7TtUOsUUrShhiPtTn&ved=0ahUKEwiK35HupOuVAxX_UGcHHYQwDncQ4dUDCB4&uact=5&oq=latest+AI+news&gs_lp=Egdnd3Mtd2l6Ig5sYXRlc3QgQUkgbmV3czIKEC4YAxiPARjqAjIKEAAYAxiPARjqAjIKEAAYAxiPARjqAjIKEAAYAxiPARjqAjIKEAAYAxiPARjqAjIKEAAYAxiPARjqAjIKEAAYAxiPARjqAjIKEAAYAxiPARjqAjIKEC4YAxiPARjqAjIKEAAYAxiPARjqAkjEE1CqE1iqE3ABeACQAQCYAQCgAQCqAQC4AQPIAQD4AQGYAgGgAgioAgqYAwjxBVioBETJ1pZ2kgcBMaAHALIHALgHAMIHAzItMcgHBoAIAQ&sclient=gws-wiz:2:473), <anonymous>:555:39305)
    at l.eval [as W] (eval at <anonymous> (https://www.google.com/search?q=latest+AI+news&sca_esv=7653edd048582144&source=hp&ei=91ZjasqHKP-hnesPhOG4uAc&iflsig=ABILxe8AAAAAamNlB2PRT4mg0Zx7TtUOsUUrShhiPtTn&ved=0ahUKEwiK35HupOuVAxX_UGcHHYQwDncQ4dUDCB4&uact=5&oq=latest+AI+news&gs_lp=Egdnd3Mtd2l6Ig5sYXRlc3QgQUkgbmV3czIKEC4YAxiPARjqAjIKEAAYAxiPARjqAjIKEAAYAxiPARjqAjIKEAAYAxiPARjqAjIKEAAYAxiPARjqAjIKEAAYAxiPARjqAjIKEAAYAxiPARjqAjIKEAAYAxiPARjqAjIKEC4YAxiPARjqAjIKEAAYAxiPARjqAkjEE1CqE1iqE3ABeACQAQCYAQCgAQCqAQC4AQPIAQD4AQGYAgGgAgioAgqYAwjxBVioBETJ1pZ2kgcBMaAHALIHALgHAMIHAzItMcgHBoAIAQ&sclient=gws-wiz:2:473), <anonymous>:555:59719)
    at SC (eval at <anonymous> (https://www.google.com/search?q=latest+AI+news&sca_esv=7653edd048582144&source=hp&ei=91ZjasqHKP-hnesPhOG4uAc&iflsig=ABILxe8AAAAAamNlB2PRT4mg0Zx7TtUOsUUrShhiPtTn&ved=0ahUKEwiK35HupOuVAxX_UGcHHYQwDncQ4dUDCB4&uact=5&oq=latest+AI+news&gs_lp=Egdnd3Mtd2l6Ig5sYXRlc3QgQUkgbmV3czIKEC4YAxiPARjqAjIKEAAYAxiPARjqAjIKEAAYAxiPARjqAjIKEAAYAxiPARjqAjIKEAAYAxiPARjqAjIKEAAYAxiPARjqAjIKEAAYAxiPARjqAjIKEAAYAxiPARjqAjIKEC4YAxiPARjqAjIKEAAYAxiPARjqAkjEE1CqE1iqE3ABeACQAQCYAQCgAQCqAQC4AQPIAQD4AQGYAgGgAgioAgqYAwjxBVioBETJ1pZ2kgcBMaAHALIHALgHAMIHAzItMcgHBoAIAQ&sclient=gws-wiz:2:473), <anonymous>:555:28693)
    at x4 (eval at <anonymous> (https://www.google.com/search?q=latest+AI+news&sca_esv=7653edd048582144&source=hp&ei=91ZjasqHKP-hnesPhOG4uAc&iflsig=ABILxe8AAAAAamNlB2PRT4mg0Zx7TtUOsUUrShhiPtTn&ved=0ahUKEwiK35HupOuVAxX_UGcHHYQwDncQ4dUDCB4&uact=5&oq=latest+AI+news&gs_lp=Egdnd3Mtd2l6Ig5sYXRlc3QgQUkgbmV3czIKEC4YAxiPARjqAjIKEAAYAxiPARjqAjIKEAAYAxiPARjqAjIKEAAYAxiPARjqAjIKEAAYAxiPARjqAjIKEAAYAxiPARjqAjIKEAAYAxiPARjqAjIKEAAYAxiPARjqAjIKEC4YAxiPARjqAjIKEAAYAxiPARjqAkjEE1CqE1iqE3ABeACQAQCYAQCgAQCqAQC4AQPIAQD4AQGYAgGgAgioAgqYAwjxBVioBETJ1pZ2kgcBMaAHALIHALgHAMIHAzItMcgHBoAIAQ&sclient=gws-wiz:2:473), <anonymous>:555:18839)
    at ss (eval at <anonymous> (https://www.google.com/search?q=latest+AI+news&sca_esv=7653edd048582144&source=hp&ei=91ZjasqHKP-hnesPhOG4uAc&iflsig=ABILxe8AAAAAamNlB2PRT4mg0Zx7TtUOsUUrShhiPtTn&ved=0ahUKEwiK35HupOuVAxX_UGcHHYQwDncQ4dUDCB4&uact=5&oq=latest+AI+news&gs_lp=Egdnd3Mtd2l6Ig5sYXRlc3QgQUkgbmV3czIKEC4YAxiPARjqAjIKEAAYAxiPARjqAjIKEAAYAxiPARjqAjIKEAAYAxiPARjqAjIKEAAYAxiPARjqAjIKEAAYAxiPARjqAjIKEAAYAxiPARjqAjIKEAAYAxiPARjqAjIKEC4YAxiPARjqAjIKEAAYAxiPARjqAkjEE1CqE1iqE3ABeACQAQCYAQCgAQCqAQC4AQPIAQD4AQGYAgGgAgioAgqYAwjxBVioBETJ1pZ2kgcBMaAHALIHALgHAMIHAzItMcgHBoAIAQ&sclient=gws-wiz:2:473), <anonymous>:555:17369)
[    6023ms] [ERROR] Failed to load resource: the server responded with a status of 429 () @ https://www.google.com/sorry/index?continue=https://www.google.com/search%3Fq%3Dlatest%2BAI%2Bnews%26sca_esv%3D7653edd048582144%26source%3Dhp%26ei%3D91ZjasqHKP-hnesPhOG4uAc%26iflsig%3DABILxe8AAAAAamNlB2PRT4mg0Zx7TtUOsUUrShhiPtTn%26ved%3D0ahUKEwiK35HupOuVAxX_UGcHHYQwDncQ4dUDCB4%26uact%3D5%26oq%3Dlatest%2BAI%2Bnews%26gs_lp%3DEgdnd3Mtd2l6Ig5sYXRlc3QgQUkgbmV3czIKEC4YAxiPARjqAjIKEAAYAxiPARjqAjIKEAAYAxiPARjqAjIKEAAYAxiPARjqAjIKEAAYAxiPARjqAjIKEAAYAxiPARjqAjIKEAAYAxiPARjqAjIKEAAYAxiPARjqAjIKEC4YAxiPARjqAjIKEAAYAxiPARjqAkjEE1CqE1iqE3ABeACQAQCYAQCgAQCqAQC4AQPIAQD4AQGYAgGgAgioAgqYAwjxBVioBETJ1pZ2kgcBMaAHALIHALgHAMIHAzItMcgHBoAIAQ%26sclient%3Dgws-wiz%26sei%3D_FZjasawIJKUseMPqZnzQQ&q=EhAkCUDlEayogdzeG9jqqcNRGPytjdMGIjBGY5CTMYaWBmNwpgd5BAgVSEHrTjZqAn2H6rcJjqcxqYaFG1FnVnpcGVWIquePRAAyAVJaAUM:0
[    6042ms] TypeError: Cannot redefine property: languages
    at Object.defineProperty (<anonymous>)
    at <anonymous>:28:12
    at <anonymous>:40:5
    at <anonymous>:41:7
[    6044ms] TypeError: Cannot redefine property: languages
    at Object.defineProperty (<anonymous>)
    at <anonymous>:28:12
    at <anonymous>:40:5
    at <anonymous>:41:7
[    6537ms] TypeError: Cannot redefine property: languages
    at Object.defineProperty (<anonymous>)
    at <anonymous>:28:12
    at <anonymous>:40:5
    at <anonymous>:41:7
[    6538ms] TypeError: Cannot redefine property: languages
    at Object.defineProperty (<anonymous>)
    at <anonymous>:28:12
    at <anonymous>:40:5
    at <anonymous>:41:7
[    6682ms] [WARNING] An iframe which has both allow-scripts and allow-same-origin for its sandbox attribute can escape its sandboxing. @ https://www.google.com/recaptcha/enterprise/anchor?ar=1&k=6LdLLIMbAAAAAIl-KLj9p1ePhM-4LCCDbjtJLqRO&co=aHR0cHM6Ly93d3cuZ29vZ2xlLmNvbTo0NDM.&hl=en&v=A7KpaEASfhDcK0nXxgQEyyYv&size=normal&s=EoRWSwY6_dqEr2EGM9IDK9Gt11OYkd4al9DHN94uocrQmX5kcfBHBJCH33e89sRE07I3qbGClclcV6oNiMA3yIgM_3f_XcRJi3VJnU54PcsfwcGVm8sjNQz9p1qR-3Nk90T-ixYs3HGm5KA9r-LueyGMZ5Rc0m2UOIKrNObT2OZXmOd9RwWqlmu5eBLbS8iOXMkERKyFLnQnKMN4OnipGyenvT4ENQsB4qgqUu7YScSGBPQmkXad-0XyXQ6s8dJXBcFg415QkCYUgv80vXXgaSSF0NjY5QY&anchor-ms=20000&execute-ms=30000&cb=s8t5j4wqsq22:0
[    6849ms] TypeError: Cannot redefine property: languages
    at Object.defineProperty (<anonymous>)
    at <anonymous>:28:12
    at <anonymous>:40:5
    at <anonymous>:41:7
    at Array.<anonymous> (https://www.gstatic.com/recaptcha/releases/A7KpaEASfhDcK0nXxgQEyyYv/recaptcha__en.js:371:62)
    at Array.<anonymous> (https://www.gstatic.com/recaptcha/releases/A7KpaEASfhDcK0nXxgQEyyYv/recaptcha__en.js:374:399)
    at aN.M (https://www.gstatic.com/recaptcha/releases/A7KpaEASfhDcK0nXxgQEyyYv/recaptcha__en.js:118:303)
    at Array.<anonymous> (https://www.gstatic.com/recaptcha/releases/A7KpaEASfhDcK0nXxgQEyyYv/recaptcha__en.js:233:151)
    at B.next (https://www.gstatic.com/recaptcha/releases/A7KpaEASfhDcK0nXxgQEyyYv/recaptcha__en.js:799:238)
    at https://www.gstatic.com/recaptcha/releases/A7KpaEASfhDcK0nXxgQEyyYv/recaptcha__en.js:133:18
[    6853ms] TypeError: Cannot redefine property: languages
    at Object.defineProperty (<anonymous>)
    at <anonymous>:28:12
    at <anonymous>:40:5
    at <anonymous>:41:7
    at Array.<anonymous> (https://www.gstatic.com/recaptcha/releases/A7KpaEASfhDcK0nXxgQEyyYv/recaptcha__en.js:371:62)
    at Array.<anonymous> (https://www.gstatic.com/recaptcha/releases/A7KpaEASfhDcK0nXxgQEyyYv/recaptcha__en.js:374:399)
    at aN.M (https://www.gstatic.com/recaptcha/releases/A7KpaEASfhDcK0nXxgQEyyYv/recaptcha__en.js:118:303)
    at Array.<anonymous> (https://www.gstatic.com/recaptcha/releases/A7KpaEASfhDcK0nXxgQEyyYv/recaptcha__en.js:233:151)
    at B.next (https://www.gstatic.com/recaptcha/releases/A7KpaEASfhDcK0nXxgQEyyYv/recaptcha__en.js:799:238)
    at https://www.gstatic.com/recaptcha/releases/A7KpaEASfhDcK0nXxgQEyyYv/recaptcha__en.js:133:18
[    6925ms] ReferenceError: solveSimpleChallenge is not defined
    at onload (https://www.google.com/sorry/index?continue=https://www.google.com/search%3Fq%3Dlatest%2BAI%2Bnews%26sca_esv%3D7653edd048582144%26source%3Dhp%26ei%3D91ZjasqHKP-hnesPhOG4uAc%26iflsig%3DABILxe8AAAAAamNlB2PRT4mg0Zx7TtUOsUUrShhiPtTn%26ved%3D0ahUKEwiK35HupOuVAxX_UGcHHYQwDncQ4dUDCB4%26uact%3D5%26oq%3Dlatest%2BAI%2Bnews%26gs_lp%3DEgdnd3Mtd2l6Ig5sYXRlc3QgQUkgbmV3czIKEC4YAxiPARjqAjIKEAAYAxiPARjqAjIKEAAYAxiPARjqAjIKEAAYAxiPARjqAjIKEAAYAxiPARjqAjIKEAAYAxiPARjqAjIKEAAYAxiPARjqAjIKEAAYAxiPARjqAjIKEC4YAxiPARjqAjIKEAAYAxiPARjqAkjEE1CqE1iqE3ABeACQAQCYAQCgAQCqAQC4AQPIAQD4AQGYAgGgAgioAgqYAwjxBVioBETJ1pZ2kgcBMaAHALIHALgHAMIHAzItMcgHBoAIAQ%26sclient%3Dgws-wiz%26sei%3D_FZjasawIJKUseMPqZnzQQ&q=EhAkCUDlEayogdzeG9jqqcNRGPytjdMGIjBGY5CTMYaWBmNwpgd5BAgVSEHrTjZqAn2H6rcJjqcxqYaFG1FnVnpcGVWIquePRAAyAVJaAUM:4:316)
[    7211ms] TypeError: Cannot redefine property: languages
    at Object.defineProperty (<anonymous>)
    at <anonymous>:28:12
    at <anonymous>:40:5
    at <anonymous>:41:7
    at Array.<anonymous> (https://www.gstatic.com/recaptcha/releases/A7KpaEASfhDcK0nXxgQEyyYv/recaptcha__en.js:371:62)
    at https://www.gstatic.com/recaptcha/releases/A7KpaEASfhDcK0nXxgQEyyYv/recaptcha__en.js:1205:43
    at https://www.gstatic.com/recaptcha/releases/A7KpaEASfhDcK0nXxgQEyyYv/recaptcha__en.js:1261:125
    at https://www.gstatic.com/recaptcha/releases/A7KpaEASfhDcK0nXxgQEyyYv/recaptcha__en.js:764:104
    at https://www.gstatic.com/recaptcha/releases/A7KpaEASfhDcK0nXxgQEyyYv/recaptcha__en.js:250:328
    at Array.<anonymous> (https://www.gstatic.com/recaptcha/releases/A7KpaEASfhDcK0nXxgQEyyYv/recaptcha__en.js:120:110)
[    7213ms] TypeError: Cannot redefine property: languages
    at Object.defineProperty (<anonymous>)
    at <anonymous>:28:12
    at <anonymous>:40:5
    at <anonymous>:41:7
    at Array.<anonymous> (https://www.gstatic.com/recaptcha/releases/A7KpaEASfhDcK0nXxgQEyyYv/recaptcha__en.js:371:62)
    at https://www.gstatic.com/recaptcha/releases/A7KpaEASfhDcK0nXxgQEyyYv/recaptcha__en.js:1205:43
    at https://www.gstatic.com/recaptcha/releases/A7KpaEASfhDcK0nXxgQEyyYv/recaptcha__en.js:1261:125
    at https://www.gstatic.com/recaptcha/releases/A7KpaEASfhDcK0nXxgQEyyYv/recaptcha__en.js:764:104
    at https://www.gstatic.com/recaptcha/releases/A7KpaEASfhDcK0nXxgQEyyYv/recaptcha__en.js:250:328
    at Array.<anonymous> (https://www.gstatic.com/recaptcha/releases/A7KpaEASfhDcK0nXxgQEyyYv/recaptcha__en.js:120:110)
[    7239ms] TypeError: Cannot redefine property: languages
    at Object.defineProperty (<anonymous>)
    at <anonymous>:28:12
    at <anonymous>:40:5
    at <anonymous>:41:7
    at xy.<anonymous> (https://www.gstatic.com/recaptcha/releases/A7KpaEASfhDcK0nXxgQEyyYv/recaptcha__en.js:821:387)
    at xy.K.R.<computed>.ab (https://www.gstatic.com/recaptcha/releases/A7KpaEASfhDcK0nXxgQEyyYv/recaptcha__en.js:1658:488)
    at xy.<anonymous> (https://www.gstatic.com/recaptcha/releases/A7KpaEASfhDcK0nXxgQEyyYv/recaptcha__en.js:536:82)
    at xy.K.R.<computed>.F.FX (https://www.gstatic.com/recaptcha/releases/A7KpaEASfhDcK0nXxgQEyyYv/recaptcha__en.js:1655:237)
    at https://www.gstatic.com/recaptcha/releases/A7KpaEASfhDcK0nXxgQEyyYv/recaptcha__en.js:430:184
    at Pb (https://www.gstatic.com/recaptcha/releases/A7KpaEASfhDcK0nXxgQEyyYv/recaptcha__en.js:943:79)
[    7241ms] TypeError: Cannot redefine property: languages
    at Object.defineProperty (<anonymous>)
    at <anonymous>:28:12
    at <anonymous>:40:5
    at <anonymous>:41:7
    at xy.<anonymous> (https://www.gstatic.com/recaptcha/releases/A7KpaEASfhDcK0nXxgQEyyYv/recaptcha__en.js:821:387)
    at xy.K.R.<computed>.ab (https://www.gstatic.com/recaptcha/releases/A7KpaEASfhDcK0nXxgQEyyYv/recaptcha__en.js:1658:488)
    at xy.<anonymous> (https://www.gstatic.com/recaptcha/releases/A7KpaEASfhDcK0nXxgQEyyYv/recaptcha__en.js:536:82)
    at xy.K.R.<computed>.F.FX (https://www.gstatic.com/recaptcha/releases/A7KpaEASfhDcK0nXxgQEyyYv/recaptcha__en.js:1655:237)
    at https://www.gstatic.com/recaptcha/releases/A7KpaEASfhDcK0nXxgQEyyYv/recaptcha__en.js:430:184
    at Pb (https://www.gstatic.com/recaptcha/releases/A7KpaEASfhDcK0nXxgQEyyYv/recaptcha__en.js:943:79)
[    7366ms] [WARNING] An iframe which has both allow-scripts and allow-same-origin for its sandbox attribute can escape its sandboxing. @ https://www.google.com/recaptcha/enterprise/bframe?hl=en&v=A7KpaEASfhDcK0nXxgQEyyYv&k=6LdLLIMbAAAAAIl-KLj9p1ePhM-4LCCDbjtJLqRO&bft=0dAFcWeA7Dp7jOm89pGfQG3J7hoxNmEcwt9VfEEuPKMEXyuRABnzBYw4t36GFNkUokGsiEyrpipSZNoqKND3R13PrwmqkLg2fl1Q:0
[    7371ms] TypeError: Cannot redefine property: languages
    at Object.defineProperty (<anonymous>)
    at <anonymous>:28:12
    at <anonymous>:40:5
    at <anonymous>:41:7
[    7373ms] TypeError: Cannot redefine property: languages
    at Object.defineProperty (<anonymous>)
    at <anonymous>:28:12
    at <anonymous>:40:5
    at <anonymous>:41:7
[    7538ms] TypeError: Cannot redefine property: languages
    at Object.defineProperty (<anonymous>)
    at <anonymous>:28:12
    at <anonymous>:40:5
    at <anonymous>:41:7
    at xy.<anonymous> (https://www.gstatic.com/recaptcha/releases/A7KpaEASfhDcK0nXxgQEyyYv/recaptcha__en.js:821:387)
    at xy.K.R.<computed>.ab (https://www.gstatic.com/recaptcha/releases/A7KpaEASfhDcK0nXxgQEyyYv/recaptcha__en.js:1658:488)
    at xy.<anonymous> (https://www.gstatic.com/recaptcha/releases/A7KpaEASfhDcK0nXxgQEyyYv/recaptcha__en.js:536:82)
    at xy.K.R.<computed>.F.FX (https://www.gstatic.com/recaptcha/releases/A7KpaEASfhDcK0nXxgQEyyYv/recaptcha__en.js:1655:237)
    at https://www.gstatic.com/recaptcha/releases/A7KpaEASfhDcK0nXxgQEyyYv/recaptcha__en.js:430:184
    at Pb (https://www.gstatic.com/recaptcha/releases/A7KpaEASfhDcK0nXxgQEyyYv/recaptcha__en.js:943:79)
[    7540ms] TypeError: Cannot redefine property: languages
    at Object.defineProperty (<anonymous>)
    at <anonymous>:28:12
    at <anonymous>:40:5
    at <anonymous>:41:7
    at xy.<anonymous> (https://www.gstatic.com/recaptcha/releases/A7KpaEASfhDcK0nXxgQEyyYv/recaptcha__en.js:821:387)
    at xy.K.R.<computed>.ab (https://www.gstatic.com/recaptcha/releases/A7KpaEASfhDcK0nXxgQEyyYv/recaptcha__en.js:1658:488)
    at xy.<anonymous> (https://www.gstatic.com/recaptcha/releases/A7KpaEASfhDcK0nXxgQEyyYv/recaptcha__en.js:536:82)
    at xy.K.R.<computed>.F.FX (https://www.gstatic.com/recaptcha/releases/A7KpaEASfhDcK0nXxgQEyyYv/recaptcha__en.js:1655:237)
    at https://www.gstatic.com/recaptcha/releases/A7KpaEASfhDcK0nXxgQEyyYv/recaptcha__en.js:430:184
    at Pb (https://www.gstatic.com/recaptcha/releases/A7KpaEASfhDcK0nXxgQEyyYv/recaptcha__en.js:943:79)
