[    1064ms] TypeError: Cannot redefine property: languages
    at Object.defineProperty (<anonymous>)
    at <anonymous>:28:12
    at <anonymous>:46:5
    at <anonymous>:47:7
[    1081ms] TypeError: Cannot redefine property: languages
    at Object.defineProperty (<anonymous>)
    at <anonymous>:28:12
    at <anonymous>:46:5
    at <anonymous>:47:7
[    7234ms] [ERROR] Failed to load resource: the server responded with a status of 503 () @ https://ogads-pa.clients6.google.com/$rpc/google.internal.onegoogle.asyncdata.v1.AsyncDataService/GetAsyncData:0
[   36516ms] TypeError: Cannot redefine property: languages
    at Object.defineProperty (<anonymous>)
    at <anonymous>:28:12
    at <anonymous>:46:5
    at <anonymous>:47:7
[   36518ms] TypeError: Cannot redefine property: languages
    at Object.defineProperty (<anonymous>)
    at <anonymous>:28:12
    at <anonymous>:46:5
    at <anonymous>:47:7
[   36542ms] TypeError: Cannot redefine property: languages
    at Object.defineProperty (<anonymous>)
    at <anonymous>:28:12
    at <anonymous>:46:5
    at <anonymous>:47:7
    at eval (eval at <anonymous> (https://www.google.com/search?q=latest+AI+news&sca_esv=e34115c41044c7f2&source=hp&ei=i2ZnapH4OdWUseMPvYDNiQc&iflsig=ABILxe8AAAAAamd0m3nYZjyJK22ES_r9Zf4WC4jaVwAS&ved=0ahUKEwjR6fOjhPOVAxVVSmwGHT1AM3EQ4dUDCB4&uact=5&oq=latest+AI+news&gs_lp=Egdnd3Mtd2l6Ig5sYXRlc3QgQUkgbmV3c0gaUABYAHAAeACQAQCYAQCgAQCqAQC4AQPIAQD4AQGYAgCgAgCYAwCSBwCgBwCyBwC4BwDCBwDIBwCACAE&sclient=gws-wiz:2:451), <anonymous>:2280:22778)
    at Y$ (eval at <anonymous> (https://www.google.com/search?q=latest+AI+news&sca_esv=e34115c41044c7f2&source=hp&ei=i2ZnapH4OdWUseMPvYDNiQc&iflsig=ABILxe8AAAAAamd0m3nYZjyJK22ES_r9Zf4WC4jaVwAS&ved=0ahUKEwjR6fOjhPOVAxVVSmwGHT1AM3EQ4dUDCB4&uact=5&oq=latest+AI+news&gs_lp=Egdnd3Mtd2l6Ig5sYXRlc3QgQUkgbmV3c0gaUABYAHAAeACQAQCYAQCgAQCqAQC4AQPIAQD4AQGYAgCgAgCYAwCSBwCgBwCyBwC4BwDCBwDIBwCACAE&sclient=gws-wiz:2:451), <anonymous>:2280:40144)
    at D.eval [as h] (eval at <anonymous> (https://www.google.com/search?q=latest+AI+news&sca_esv=e34115c41044c7f2&source=hp&ei=i2ZnapH4OdWUseMPvYDNiQc&iflsig=ABILxe8AAAAAamd0m3nYZjyJK22ES_r9Zf4WC4jaVwAS&ved=0ahUKEwjR6fOjhPOVAxVVSmwGHT1AM3EQ4dUDCB4&uact=5&oq=latest+AI+news&gs_lp=Egdnd3Mtd2l6Ig5sYXRlc3QgQUkgbmV3c0gaUABYAHAAeACQAQCYAQCgAQCqAQC4AQPIAQD4AQGYAgCgAgCYAwCSBwCgBwCyBwC4BwDCBwDIBwCACAE&sclient=gws-wiz:2:451), <anonymous>:2280:56895)
    at uH (eval at <anonymous> (https://www.google.com/search?q=latest+AI+news&sca_esv=e34115c41044c7f2&source=hp&ei=i2ZnapH4OdWUseMPvYDNiQc&iflsig=ABILxe8AAAAAamd0m3nYZjyJK22ES_r9Zf4WC4jaVwAS&ved=0ahUKEwjR6fOjhPOVAxVVSmwGHT1AM3EQ4dUDCB4&uact=5&oq=latest+AI+news&gs_lp=Egdnd3Mtd2l6Ig5sYXRlc3QgQUkgbmV3c0gaUABYAHAAeACQAQCYAQCgAQCqAQC4AQPIAQD4AQGYAgCgAgCYAwCSBwCgBwCyBwC4BwDCBwDIBwCACAE&sclient=gws-wiz:2:451), <anonymous>:2280:27340)
    at da (eval at <anonymous> (https://www.google.com/search?q=latest+AI+news&sca_esv=e34115c41044c7f2&source=hp&ei=i2ZnapH4OdWUseMPvYDNiQc&iflsig=ABILxe8AAAAAamd0m3nYZjyJK22ES_r9Zf4WC4jaVwAS&ved=0ahUKEwjR6fOjhPOVAxVVSmwGHT1AM3EQ4dUDCB4&uact=5&oq=latest+AI+news&gs_lp=Egdnd3Mtd2l6Ig5sYXRlc3QgQUkgbmV3c0gaUABYAHAAeACQAQCYAQCgAQCqAQC4AQPIAQD4AQGYAgCgAgCYAwCSBwCgBwCyBwC4BwDCBwDIBwCACAE&sclient=gws-wiz:2:451), <anonymous>:2280:4396)
    at A (eval at <anonymous> (https://www.google.com/search?q=latest+AI+news&sca_esv=e34115c41044c7f2&source=hp&ei=i2ZnapH4OdWUseMPvYDNiQc&iflsig=ABILxe8AAAAAamd0m3nYZjyJK22ES_r9Zf4WC4jaVwAS&ved=0ahUKEwjR6fOjhPOVAxVVSmwGHT1AM3EQ4dUDCB4&uact=5&oq=latest+AI+news&gs_lp=Egdnd3Mtd2l6Ig5sYXRlc3QgQUkgbmV3c0gaUABYAHAAeACQAQCYAQCgAQCqAQC4AQPIAQD4AQGYAgCgAgCYAwCSBwCgBwCyBwC4BwDCBwDIBwCACAE&sclient=gws-wiz:2:451), <anonymous>:2280:14442)
[   36544ms] TypeError: Cannot redefine property: languages
    at Object.defineProperty (<anonymous>)
    at <anonymous>:28:12
    at <anonymous>:46:5
    at <anonymous>:47:7
    at eval (eval at <anonymous> (https://www.google.com/search?q=latest+AI+news&sca_esv=e34115c41044c7f2&source=hp&ei=i2ZnapH4OdWUseMPvYDNiQc&iflsig=ABILxe8AAAAAamd0m3nYZjyJK22ES_r9Zf4WC4jaVwAS&ved=0ahUKEwjR6fOjhPOVAxVVSmwGHT1AM3EQ4dUDCB4&uact=5&oq=latest+AI+news&gs_lp=Egdnd3Mtd2l6Ig5sYXRlc3QgQUkgbmV3c0gaUABYAHAAeACQAQCYAQCgAQCqAQC4AQPIAQD4AQGYAgCgAgCYAwCSBwCgBwCyBwC4BwDCBwDIBwCACAE&sclient=gws-wiz:2:451), <anonymous>:2280:22778)
    at Y$ (eval at <anonymous> (https://www.google.com/search?q=latest+AI+news&sca_esv=e34115c41044c7f2&source=hp&ei=i2ZnapH4OdWUseMPvYDNiQc&iflsig=ABILxe8AAAAAamd0m3nYZjyJK22ES_r9Zf4WC4jaVwAS&ved=0ahUKEwjR6fOjhPOVAxVVSmwGHT1AM3EQ4dUDCB4&uact=5&oq=latest+AI+news&gs_lp=Egdnd3Mtd2l6Ig5sYXRlc3QgQUkgbmV3c0gaUABYAHAAeACQAQCYAQCgAQCqAQC4AQPIAQD4AQGYAgCgAgCYAwCSBwCgBwCyBwC4BwDCBwDIBwCACAE&sclient=gws-wiz:2:451), <anonymous>:2280:40144)
    at D.eval [as h] (eval at <anonymous> (https://www.google.com/search?q=latest+AI+news&sca_esv=e34115c41044c7f2&source=hp&ei=i2ZnapH4OdWUseMPvYDNiQc&iflsig=ABILxe8AAAAAamd0m3nYZjyJK22ES_r9Zf4WC4jaVwAS&ved=0ahUKEwjR6fOjhPOVAxVVSmwGHT1AM3EQ4dUDCB4&uact=5&oq=latest+AI+news&gs_lp=Egdnd3Mtd2l6Ig5sYXRlc3QgQUkgbmV3c0gaUABYAHAAeACQAQCYAQCgAQCqAQC4AQPIAQD4AQGYAgCgAgCYAwCSBwCgBwCyBwC4BwDCBwDIBwCACAE&sclient=gws-wiz:2:451), <anonymous>:2280:56895)
    at uH (eval at <anonymous> (https://www.google.com/search?q=latest+AI+news&sca_esv=e34115c41044c7f2&source=hp&ei=i2ZnapH4OdWUseMPvYDNiQc&iflsig=ABILxe8AAAAAamd0m3nYZjyJK22ES_r9Zf4WC4jaVwAS&ved=0ahUKEwjR6fOjhPOVAxVVSmwGHT1AM3EQ4dUDCB4&uact=5&oq=latest+AI+news&gs_lp=Egdnd3Mtd2l6Ig5sYXRlc3QgQUkgbmV3c0gaUABYAHAAeACQAQCYAQCgAQCqAQC4AQPIAQD4AQGYAgCgAgCYAwCSBwCgBwCyBwC4BwDCBwDIBwCACAE&sclient=gws-wiz:2:451), <anonymous>:2280:27340)
    at da (eval at <anonymous> (https://www.google.com/search?q=latest+AI+news&sca_esv=e34115c41044c7f2&source=hp&ei=i2ZnapH4OdWUseMPvYDNiQc&iflsig=ABILxe8AAAAAamd0m3nYZjyJK22ES_r9Zf4WC4jaVwAS&ved=0ahUKEwjR6fOjhPOVAxVVSmwGHT1AM3EQ4dUDCB4&uact=5&oq=latest+AI+news&gs_lp=Egdnd3Mtd2l6Ig5sYXRlc3QgQUkgbmV3c0gaUABYAHAAeACQAQCYAQCgAQCqAQC4AQPIAQD4AQGYAgCgAgCYAwCSBwCgBwCyBwC4BwDCBwDIBwCACAE&sclient=gws-wiz:2:451), <anonymous>:2280:4396)
    at A (eval at <anonymous> (https://www.google.com/search?q=latest+AI+news&sca_esv=e34115c41044c7f2&source=hp&ei=i2ZnapH4OdWUseMPvYDNiQc&iflsig=ABILxe8AAAAAamd0m3nYZjyJK22ES_r9Zf4WC4jaVwAS&ved=0ahUKEwjR6fOjhPOVAxVVSmwGHT1AM3EQ4dUDCB4&uact=5&oq=latest+AI+news&gs_lp=Egdnd3Mtd2l6Ig5sYXRlc3QgQUkgbmV3c0gaUABYAHAAeACQAQCYAQCgAQCqAQC4AQPIAQD4AQGYAgCgAgCYAwCSBwCgBwCyBwC4BwDCBwDIBwCACAE&sclient=gws-wiz:2:451), <anonymous>:2280:14442)
[   37907ms] [ERROR] Failed to load resource: the server responded with a status of 429 () @ https://www.google.com/sorry/index?continue=https://www.google.com/search%3Fq%3Dlatest%2BAI%2Bnews%26sca_esv%3De34115c41044c7f2%26source%3Dhp%26ei%3Di2ZnapH4OdWUseMPvYDNiQc%26iflsig%3DABILxe8AAAAAamd0m3nYZjyJK22ES_r9Zf4WC4jaVwAS%26ved%3D0ahUKEwjR6fOjhPOVAxVVSmwGHT1AM3EQ4dUDCB4%26uact%3D5%26oq%3Dlatest%2BAI%2Bnews%26gs_lp%3DEgdnd3Mtd2l6Ig5sYXRlc3QgQUkgbmV3c0gaUABYAHAAeACQAQCYAQCgAQCqAQC4AQPIAQD4AQGYAgCgAgCYAwCSBwCgBwCyBwC4BwDCBwDIBwCACAE%26sclient%3Dgws-wiz%26sei%3Dr2ZnatiqM930juMPy8XH-AU&q=EhAkCUDlEBeGZBRm-H83Wl6NGLDNndMGIjDFPvJr-PJNMOhg5ViufF8VH5mo_1LVF1EJpy_7XdMCsFPZklNDNlhldNuEl1-5ntgyAVJaAUM:0
[   37928ms] TypeError: Cannot redefine property: languages
    at Object.defineProperty (<anonymous>)
    at <anonymous>:28:12
    at <anonymous>:46:5
    at <anonymous>:47:7
[   37932ms] TypeError: Cannot redefine property: languages
    at Object.defineProperty (<anonymous>)
    at <anonymous>:28:12
    at <anonymous>:46:5
    at <anonymous>:47:7
[   40860ms] TypeError: Cannot redefine property: languages
    at Object.defineProperty (<anonymous>)
    at <anonymous>:28:12
    at <anonymous>:46:5
    at <anonymous>:47:7
[   40861ms] TypeError: Cannot redefine property: languages
    at Object.defineProperty (<anonymous>)
    at <anonymous>:28:12
    at <anonymous>:46:5
    at <anonymous>:47:7
[   41232ms] [WARNING] An iframe which has both allow-scripts and allow-same-origin for its sandbox attribute can escape its sandboxing. @ https://www.google.com/recaptcha/enterprise/anchor?ar=1&k=6LdLLIMbAAAAAIl-KLj9p1ePhM-4LCCDbjtJLqRO&co=aHR0cHM6Ly93d3cuZ29vZ2xlLmNvbTo0NDM.&hl=en&v=A7KpaEASfhDcK0nXxgQEyyYv&size=normal&s=aQ2qPz7YbZXKlw0EvWPUhhj4iRjG2vWHhBQyT-n5ZcJnMaMU2qTbdryt9ZTDCivPjgcLYT-yVh2HbFEiSxQ_nNF_VUsSbW6vChC_gGAkEQCcpBYZ7RWDbkajVEO1lt7vJCS0ymsckapo7ww8mUC5zV84kQ_Z-Kz_xmCVSoqXzjN8E-mcCpJ-h9Y7zhgEjLQ8O9gtqOQSVUXwG2KxPq9A0Ot_5MWCfh5Zspo8LfB8PFhclI0XtO8R1dq7lyut0s_H711yD6d-uJPhwd7XNrShpJ4TqWpoPXw&anchor-ms=20000&execute-ms=30000&cb=5d97t6n8p4cx:0
[   41704ms] [INFO] Slow network is detected. See https://www.chromestatus.com/feature/5636954674692096 for more details. Fallback font will be used while loading: https://fonts.gstatic.com/s/roboto/v48/KFO7CnqEu92Fr1ME7kSn66aGLdTylUAMa3yUBA.woff2 @ https://www.gstatic.com/recaptcha/releases/A7KpaEASfhDcK0nXxgQEyyYv/recaptcha__en.js:559
[   41731ms] TypeError: Cannot redefine property: languages
    at Object.defineProperty (<anonymous>)
    at <anonymous>:28:12
    at <anonymous>:46:5
    at <anonymous>:47:7
    at Array.<anonymous> (https://www.gstatic.com/recaptcha/releases/A7KpaEASfhDcK0nXxgQEyyYv/recaptcha__en.js:371:62)
    at Array.<anonymous> (https://www.gstatic.com/recaptcha/releases/A7KpaEASfhDcK0nXxgQEyyYv/recaptcha__en.js:374:399)
    at aN.M (https://www.gstatic.com/recaptcha/releases/A7KpaEASfhDcK0nXxgQEyyYv/recaptcha__en.js:118:303)
    at Array.<anonymous> (https://www.gstatic.com/recaptcha/releases/A7KpaEASfhDcK0nXxgQEyyYv/recaptcha__en.js:233:151)
    at B.next (https://www.gstatic.com/recaptcha/releases/A7KpaEASfhDcK0nXxgQEyyYv/recaptcha__en.js:799:238)
    at https://www.gstatic.com/recaptcha/releases/A7KpaEASfhDcK0nXxgQEyyYv/recaptcha__en.js:133:18
[   41732ms] TypeError: Cannot redefine property: languages
    at Object.defineProperty (<anonymous>)
    at <anonymous>:28:12
    at <anonymous>:46:5
    at <anonymous>:47:7
    at Array.<anonymous> (https://www.gstatic.com/recaptcha/releases/A7KpaEASfhDcK0nXxgQEyyYv/recaptcha__en.js:371:62)
    at Array.<anonymous> (https://www.gstatic.com/recaptcha/releases/A7KpaEASfhDcK0nXxgQEyyYv/recaptcha__en.js:374:399)
    at aN.M (https://www.gstatic.com/recaptcha/releases/A7KpaEASfhDcK0nXxgQEyyYv/recaptcha__en.js:118:303)
    at Array.<anonymous> (https://www.gstatic.com/recaptcha/releases/A7KpaEASfhDcK0nXxgQEyyYv/recaptcha__en.js:233:151)
    at B.next (https://www.gstatic.com/recaptcha/releases/A7KpaEASfhDcK0nXxgQEyyYv/recaptcha__en.js:799:238)
    at https://www.gstatic.com/recaptcha/releases/A7KpaEASfhDcK0nXxgQEyyYv/recaptcha__en.js:133:18
[   42282ms] ReferenceError: solveSimpleChallenge is not defined
    at onload (https://www.google.com/sorry/index?continue=https://www.google.com/search%3Fq%3Dlatest%2BAI%2Bnews%26sca_esv%3De34115c41044c7f2%26source%3Dhp%26ei%3Di2ZnapH4OdWUseMPvYDNiQc%26iflsig%3DABILxe8AAAAAamd0m3nYZjyJK22ES_r9Zf4WC4jaVwAS%26ved%3D0ahUKEwjR6fOjhPOVAxVVSmwGHT1AM3EQ4dUDCB4%26uact%3D5%26oq%3Dlatest%2BAI%2Bnews%26gs_lp%3DEgdnd3Mtd2l6Ig5sYXRlc3QgQUkgbmV3c0gaUABYAHAAeACQAQCYAQCgAQCqAQC4AQPIAQD4AQGYAgCgAgCYAwCSBwCgBwCyBwC4BwDCBwDIBwCACAE%26sclient%3Dgws-wiz%26sei%3Dr2ZnatiqM930juMPy8XH-AU&q=EhAkCUDlEBeGZBRm-H83Wl6NGLDNndMGIjDFPvJr-PJNMOhg5ViufF8VH5mo_1LVF1EJpy_7XdMCsFPZklNDNlhldNuEl1-5ntgyAVJaAUM:4:316)
[   42307ms] TypeError: Cannot redefine property: languages
    at Object.defineProperty (<anonymous>)
    at <anonymous>:28:12
    at <anonymous>:46:5
    at <anonymous>:47:7
    at Array.<anonymous> (https://www.gstatic.com/recaptcha/releases/A7KpaEASfhDcK0nXxgQEyyYv/recaptcha__en.js:371:62)
    at https://www.gstatic.com/recaptcha/releases/A7KpaEASfhDcK0nXxgQEyyYv/recaptcha__en.js:1205:43
    at https://www.gstatic.com/recaptcha/releases/A7KpaEASfhDcK0nXxgQEyyYv/recaptcha__en.js:1261:125
    at https://www.gstatic.com/recaptcha/releases/A7KpaEASfhDcK0nXxgQEyyYv/recaptcha__en.js:764:104
    at https://www.gstatic.com/recaptcha/releases/A7KpaEASfhDcK0nXxgQEyyYv/recaptcha__en.js:250:328
    at Array.<anonymous> (https://www.gstatic.com/recaptcha/releases/A7KpaEASfhDcK0nXxgQEyyYv/recaptcha__en.js:120:110)
[   42308ms] TypeError: Cannot redefine property: languages
    at Object.defineProperty (<anonymous>)
    at <anonymous>:28:12
    at <anonymous>:46:5
    at <anonymous>:47:7
    at Array.<anonymous> (https://www.gstatic.com/recaptcha/releases/A7KpaEASfhDcK0nXxgQEyyYv/recaptcha__en.js:371:62)
    at https://www.gstatic.com/recaptcha/releases/A7KpaEASfhDcK0nXxgQEyyYv/recaptcha__en.js:1205:43
    at https://www.gstatic.com/recaptcha/releases/A7KpaEASfhDcK0nXxgQEyyYv/recaptcha__en.js:1261:125
    at https://www.gstatic.com/recaptcha/releases/A7KpaEASfhDcK0nXxgQEyyYv/recaptcha__en.js:764:104
    at https://www.gstatic.com/recaptcha/releases/A7KpaEASfhDcK0nXxgQEyyYv/recaptcha__en.js:250:328
    at Array.<anonymous> (https://www.gstatic.com/recaptcha/releases/A7KpaEASfhDcK0nXxgQEyyYv/recaptcha__en.js:120:110)
[   42357ms] TypeError: Cannot redefine property: languages
    at Object.defineProperty (<anonymous>)
    at <anonymous>:28:12
    at <anonymous>:46:5
    at <anonymous>:47:7
    at xy.<anonymous> (https://www.gstatic.com/recaptcha/releases/A7KpaEASfhDcK0nXxgQEyyYv/recaptcha__en.js:821:387)
    at xy.K.R.<computed>.ab (https://www.gstatic.com/recaptcha/releases/A7KpaEASfhDcK0nXxgQEyyYv/recaptcha__en.js:1658:488)
    at xy.<anonymous> (https://www.gstatic.com/recaptcha/releases/A7KpaEASfhDcK0nXxgQEyyYv/recaptcha__en.js:536:82)
    at xy.K.R.<computed>.F.FX (https://www.gstatic.com/recaptcha/releases/A7KpaEASfhDcK0nXxgQEyyYv/recaptcha__en.js:1655:237)
    at https://www.gstatic.com/recaptcha/releases/A7KpaEASfhDcK0nXxgQEyyYv/recaptcha__en.js:430:184
    at Pb (https://www.gstatic.com/recaptcha/releases/A7KpaEASfhDcK0nXxgQEyyYv/recaptcha__en.js:943:79)
[   42358ms] TypeError: Cannot redefine property: languages
    at Object.defineProperty (<anonymous>)
    at <anonymous>:28:12
    at <anonymous>:46:5
    at <anonymous>:47:7
    at xy.<anonymous> (https://www.gstatic.com/recaptcha/releases/A7KpaEASfhDcK0nXxgQEyyYv/recaptcha__en.js:821:387)
    at xy.K.R.<computed>.ab (https://www.gstatic.com/recaptcha/releases/A7KpaEASfhDcK0nXxgQEyyYv/recaptcha__en.js:1658:488)
    at xy.<anonymous> (https://www.gstatic.com/recaptcha/releases/A7KpaEASfhDcK0nXxgQEyyYv/recaptcha__en.js:536:82)
    at xy.K.R.<computed>.F.FX (https://www.gstatic.com/recaptcha/releases/A7KpaEASfhDcK0nXxgQEyyYv/recaptcha__en.js:1655:237)
    at https://www.gstatic.com/recaptcha/releases/A7KpaEASfhDcK0nXxgQEyyYv/recaptcha__en.js:430:184
    at Pb (https://www.gstatic.com/recaptcha/releases/A7KpaEASfhDcK0nXxgQEyyYv/recaptcha__en.js:943:79)
