[     412ms] TypeError: Cannot redefine property: languages
    at Object.defineProperty (<anonymous>)
    at <anonymous>:28:12
    at <anonymous>:46:5
    at <anonymous>:47:7
[     415ms] TypeError: Cannot redefine property: languages
    at Object.defineProperty (<anonymous>)
    at <anonymous>:28:12
    at <anonymous>:46:5
    at <anonymous>:47:7
[   63199ms] TypeError: Cannot redefine property: languages
    at Object.defineProperty (<anonymous>)
    at <anonymous>:28:12
    at <anonymous>:46:5
    at <anonymous>:47:7
[   63199ms] TypeError: Cannot redefine property: languages
    at Object.defineProperty (<anonymous>)
    at <anonymous>:28:12
    at <anonymous>:46:5
    at <anonymous>:47:7
[   63201ms] TypeError: Cannot redefine property: languages
    at Object.defineProperty (<anonymous>)
    at <anonymous>:28:12
    at <anonymous>:46:5
    at <anonymous>:47:7
[   63247ms] TypeError: Cannot redefine property: languages
    at Object.defineProperty (<anonymous>)
    at <anonymous>:28:12
    at <anonymous>:46:5
    at <anonymous>:47:7
    at eval (eval at <anonymous> (https://www.google.com/search?q=latest+AI+news&sca_esv=bc14e0ce34e04a14&source=hp&ei=W2tjaoe-Iv-TseMPxvmryQg&iflsig=ABILxe8AAAAAamN5azpBvZ8hxgGVI7YsimNnYRw27sv7&ved=0ahUKEwjH15enuOuVAxX_SWwGHcb8KokQ4dUDCA8&uact=5&oq=latest+AI+news&gs_lp=Egdnd3Mtd2l6Ig5sYXRlc3QgQUkgbmV3c0gdUABYAHAAeACQAQCYAQCgAQCqAQC4AQPIAQD4AQGYAgCgAgCYAwCSBwCgBwCyBwC4BwDCBwDIBwCACAE&sclient=gws-wiz:2:473), <anonymous>:5812:38177)
    at Md (eval at <anonymous> (https://www.google.com/search?q=latest+AI+news&sca_esv=bc14e0ce34e04a14&source=hp&ei=W2tjaoe-Iv-TseMPxvmryQg&iflsig=ABILxe8AAAAAamN5azpBvZ8hxgGVI7YsimNnYRw27sv7&ved=0ahUKEwjH15enuOuVAxX_SWwGHcb8KokQ4dUDCA8&uact=5&oq=latest+AI+news&gs_lp=Egdnd3Mtd2l6Ig5sYXRlc3QgQUkgbmV3c0gdUABYAHAAeACQAQCYAQCgAQCqAQC4AQPIAQD4AQGYAgCgAgCYAwCSBwCgBwCyBwC4BwDCBwDIBwCACAE&sclient=gws-wiz:2:473), <anonymous>:5812:39305)
    at l.eval [as W] (eval at <anonymous> (https://www.google.com/search?q=latest+AI+news&sca_esv=bc14e0ce34e04a14&source=hp&ei=W2tjaoe-Iv-TseMPxvmryQg&iflsig=ABILxe8AAAAAamN5azpBvZ8hxgGVI7YsimNnYRw27sv7&ved=0ahUKEwjH15enuOuVAxX_SWwGHcb8KokQ4dUDCA8&uact=5&oq=latest+AI+news&gs_lp=Egdnd3Mtd2l6Ig5sYXRlc3QgQUkgbmV3c0gdUABYAHAAeACQAQCYAQCgAQCqAQC4AQPIAQD4AQGYAgCgAgCYAwCSBwCgBwCyBwC4BwDCBwDIBwCACAE&sclient=gws-wiz:2:473), <anonymous>:5812:59719)
    at SC (eval at <anonymous> (https://www.google.com/search?q=latest+AI+news&sca_esv=bc14e0ce34e04a14&source=hp&ei=W2tjaoe-Iv-TseMPxvmryQg&iflsig=ABILxe8AAAAAamN5azpBvZ8hxgGVI7YsimNnYRw27sv7&ved=0ahUKEwjH15enuOuVAxX_SWwGHcb8KokQ4dUDCA8&uact=5&oq=latest+AI+news&gs_lp=Egdnd3Mtd2l6Ig5sYXRlc3QgQUkgbmV3c0gdUABYAHAAeACQAQCYAQCgAQCqAQC4AQPIAQD4AQGYAgCgAgCYAwCSBwCgBwCyBwC4BwDCBwDIBwCACAE&sclient=gws-wiz:2:473), <anonymous>:5812:28693)
    at x4 (eval at <anonymous> (https://www.google.com/search?q=latest+AI+news&sca_esv=bc14e0ce34e04a14&source=hp&ei=W2tjaoe-Iv-TseMPxvmryQg&iflsig=ABILxe8AAAAAamN5azpBvZ8hxgGVI7YsimNnYRw27sv7&ved=0ahUKEwjH15enuOuVAxX_SWwGHcb8KokQ4dUDCA8&uact=5&oq=latest+AI+news&gs_lp=Egdnd3Mtd2l6Ig5sYXRlc3QgQUkgbmV3c0gdUABYAHAAeACQAQCYAQCgAQCqAQC4AQPIAQD4AQGYAgCgAgCYAwCSBwCgBwCyBwC4BwDCBwDIBwCACAE&sclient=gws-wiz:2:473), <anonymous>:5812:18839)
    at ss (eval at <anonymous> (https://www.google.com/search?q=latest+AI+news&sca_esv=bc14e0ce34e04a14&source=hp&ei=W2tjaoe-Iv-TseMPxvmryQg&iflsig=ABILxe8AAAAAamN5azpBvZ8hxgGVI7YsimNnYRw27sv7&ved=0ahUKEwjH15enuOuVAxX_SWwGHcb8KokQ4dUDCA8&uact=5&oq=latest+AI+news&gs_lp=Egdnd3Mtd2l6Ig5sYXRlc3QgQUkgbmV3c0gdUABYAHAAeACQAQCYAQCgAQCqAQC4AQPIAQD4AQGYAgCgAgCYAwCSBwCgBwCyBwC4BwDCBwDIBwCACAE&sclient=gws-wiz:2:473), <anonymous>:5812:17369)
[   63249ms] TypeError: Cannot redefine property: languages
    at Object.defineProperty (<anonymous>)
    at <anonymous>:28:12
    at <anonymous>:46:5
    at <anonymous>:47:7
    at eval (eval at <anonymous> (https://www.google.com/search?q=latest+AI+news&sca_esv=bc14e0ce34e04a14&source=hp&ei=W2tjaoe-Iv-TseMPxvmryQg&iflsig=ABILxe8AAAAAamN5azpBvZ8hxgGVI7YsimNnYRw27sv7&ved=0ahUKEwjH15enuOuVAxX_SWwGHcb8KokQ4dUDCA8&uact=5&oq=latest+AI+news&gs_lp=Egdnd3Mtd2l6Ig5sYXRlc3QgQUkgbmV3c0gdUABYAHAAeACQAQCYAQCgAQCqAQC4AQPIAQD4AQGYAgCgAgCYAwCSBwCgBwCyBwC4BwDCBwDIBwCACAE&sclient=gws-wiz:2:473), <anonymous>:5812:38177)
    at Md (eval at <anonymous> (https://www.google.com/search?q=latest+AI+news&sca_esv=bc14e0ce34e04a14&source=hp&ei=W2tjaoe-Iv-TseMPxvmryQg&iflsig=ABILxe8AAAAAamN5azpBvZ8hxgGVI7YsimNnYRw27sv7&ved=0ahUKEwjH15enuOuVAxX_SWwGHcb8KokQ4dUDCA8&uact=5&oq=latest+AI+news&gs_lp=Egdnd3Mtd2l6Ig5sYXRlc3QgQUkgbmV3c0gdUABYAHAAeACQAQCYAQCgAQCqAQC4AQPIAQD4AQGYAgCgAgCYAwCSBwCgBwCyBwC4BwDCBwDIBwCACAE&sclient=gws-wiz:2:473), <anonymous>:5812:39305)
    at l.eval [as W] (eval at <anonymous> (https://www.google.com/search?q=latest+AI+news&sca_esv=bc14e0ce34e04a14&source=hp&ei=W2tjaoe-Iv-TseMPxvmryQg&iflsig=ABILxe8AAAAAamN5azpBvZ8hxgGVI7YsimNnYRw27sv7&ved=0ahUKEwjH15enuOuVAxX_SWwGHcb8KokQ4dUDCA8&uact=5&oq=latest+AI+news&gs_lp=Egdnd3Mtd2l6Ig5sYXRlc3QgQUkgbmV3c0gdUABYAHAAeACQAQCYAQCgAQCqAQC4AQPIAQD4AQGYAgCgAgCYAwCSBwCgBwCyBwC4BwDCBwDIBwCACAE&sclient=gws-wiz:2:473), <anonymous>:5812:59719)
    at SC (eval at <anonymous> (https://www.google.com/search?q=latest+AI+news&sca_esv=bc14e0ce34e04a14&source=hp&ei=W2tjaoe-Iv-TseMPxvmryQg&iflsig=ABILxe8AAAAAamN5azpBvZ8hxgGVI7YsimNnYRw27sv7&ved=0ahUKEwjH15enuOuVAxX_SWwGHcb8KokQ4dUDCA8&uact=5&oq=latest+AI+news&gs_lp=Egdnd3Mtd2l6Ig5sYXRlc3QgQUkgbmV3c0gdUABYAHAAeACQAQCYAQCgAQCqAQC4AQPIAQD4AQGYAgCgAgCYAwCSBwCgBwCyBwC4BwDCBwDIBwCACAE&sclient=gws-wiz:2:473), <anonymous>:5812:28693)
    at x4 (eval at <anonymous> (https://www.google.com/search?q=latest+AI+news&sca_esv=bc14e0ce34e04a14&source=hp&ei=W2tjaoe-Iv-TseMPxvmryQg&iflsig=ABILxe8AAAAAamN5azpBvZ8hxgGVI7YsimNnYRw27sv7&ved=0ahUKEwjH15enuOuVAxX_SWwGHcb8KokQ4dUDCA8&uact=5&oq=latest+AI+news&gs_lp=Egdnd3Mtd2l6Ig5sYXRlc3QgQUkgbmV3c0gdUABYAHAAeACQAQCYAQCgAQCqAQC4AQPIAQD4AQGYAgCgAgCYAwCSBwCgBwCyBwC4BwDCBwDIBwCACAE&sclient=gws-wiz:2:473), <anonymous>:5812:18839)
    at ss (eval at <anonymous> (https://www.google.com/search?q=latest+AI+news&sca_esv=bc14e0ce34e04a14&source=hp&ei=W2tjaoe-Iv-TseMPxvmryQg&iflsig=ABILxe8AAAAAamN5azpBvZ8hxgGVI7YsimNnYRw27sv7&ved=0ahUKEwjH15enuOuVAxX_SWwGHcb8KokQ4dUDCA8&uact=5&oq=latest+AI+news&gs_lp=Egdnd3Mtd2l6Ig5sYXRlc3QgQUkgbmV3c0gdUABYAHAAeACQAQCYAQCgAQCqAQC4AQPIAQD4AQGYAgCgAgCYAwCSBwCgBwCyBwC4BwDCBwDIBwCACAE&sclient=gws-wiz:2:473), <anonymous>:5812:17369)
[   63252ms] TypeError: Cannot redefine property: languages
    at Object.defineProperty (<anonymous>)
    at <anonymous>:28:12
    at <anonymous>:46:5
    at <anonymous>:47:7
    at eval (eval at <anonymous> (https://www.google.com/search?q=latest+AI+news&sca_esv=bc14e0ce34e04a14&source=hp&ei=W2tjaoe-Iv-TseMPxvmryQg&iflsig=ABILxe8AAAAAamN5azpBvZ8hxgGVI7YsimNnYRw27sv7&ved=0ahUKEwjH15enuOuVAxX_SWwGHcb8KokQ4dUDCA8&uact=5&oq=latest+AI+news&gs_lp=Egdnd3Mtd2l6Ig5sYXRlc3QgQUkgbmV3c0gdUABYAHAAeACQAQCYAQCgAQCqAQC4AQPIAQD4AQGYAgCgAgCYAwCSBwCgBwCyBwC4BwDCBwDIBwCACAE&sclient=gws-wiz:2:473), <anonymous>:5812:38177)
    at Md (eval at <anonymous> (https://www.google.com/search?q=latest+AI+news&sca_esv=bc14e0ce34e04a14&source=hp&ei=W2tjaoe-Iv-TseMPxvmryQg&iflsig=ABILxe8AAAAAamN5azpBvZ8hxgGVI7YsimNnYRw27sv7&ved=0ahUKEwjH15enuOuVAxX_SWwGHcb8KokQ4dUDCA8&uact=5&oq=latest+AI+news&gs_lp=Egdnd3Mtd2l6Ig5sYXRlc3QgQUkgbmV3c0gdUABYAHAAeACQAQCYAQCgAQCqAQC4AQPIAQD4AQGYAgCgAgCYAwCSBwCgBwCyBwC4BwDCBwDIBwCACAE&sclient=gws-wiz:2:473), <anonymous>:5812:39305)
    at l.eval [as W] (eval at <anonymous> (https://www.google.com/search?q=latest+AI+news&sca_esv=bc14e0ce34e04a14&source=hp&ei=W2tjaoe-Iv-TseMPxvmryQg&iflsig=ABILxe8AAAAAamN5azpBvZ8hxgGVI7YsimNnYRw27sv7&ved=0ahUKEwjH15enuOuVAxX_SWwGHcb8KokQ4dUDCA8&uact=5&oq=latest+AI+news&gs_lp=Egdnd3Mtd2l6Ig5sYXRlc3QgQUkgbmV3c0gdUABYAHAAeACQAQCYAQCgAQCqAQC4AQPIAQD4AQGYAgCgAgCYAwCSBwCgBwCyBwC4BwDCBwDIBwCACAE&sclient=gws-wiz:2:473), <anonymous>:5812:59719)
    at SC (eval at <anonymous> (https://www.google.com/search?q=latest+AI+news&sca_esv=bc14e0ce34e04a14&source=hp&ei=W2tjaoe-Iv-TseMPxvmryQg&iflsig=ABILxe8AAAAAamN5azpBvZ8hxgGVI7YsimNnYRw27sv7&ved=0ahUKEwjH15enuOuVAxX_SWwGHcb8KokQ4dUDCA8&uact=5&oq=latest+AI+news&gs_lp=Egdnd3Mtd2l6Ig5sYXRlc3QgQUkgbmV3c0gdUABYAHAAeACQAQCYAQCgAQCqAQC4AQPIAQD4AQGYAgCgAgCYAwCSBwCgBwCyBwC4BwDCBwDIBwCACAE&sclient=gws-wiz:2:473), <anonymous>:5812:28693)
    at x4 (eval at <anonymous> (https://www.google.com/search?q=latest+AI+news&sca_esv=bc14e0ce34e04a14&source=hp&ei=W2tjaoe-Iv-TseMPxvmryQg&iflsig=ABILxe8AAAAAamN5azpBvZ8hxgGVI7YsimNnYRw27sv7&ved=0ahUKEwjH15enuOuVAxX_SWwGHcb8KokQ4dUDCA8&uact=5&oq=latest+AI+news&gs_lp=Egdnd3Mtd2l6Ig5sYXRlc3QgQUkgbmV3c0gdUABYAHAAeACQAQCYAQCgAQCqAQC4AQPIAQD4AQGYAgCgAgCYAwCSBwCgBwCyBwC4BwDCBwDIBwCACAE&sclient=gws-wiz:2:473), <anonymous>:5812:18839)
    at ss (eval at <anonymous> (https://www.google.com/search?q=latest+AI+news&sca_esv=bc14e0ce34e04a14&source=hp&ei=W2tjaoe-Iv-TseMPxvmryQg&iflsig=ABILxe8AAAAAamN5azpBvZ8hxgGVI7YsimNnYRw27sv7&ved=0ahUKEwjH15enuOuVAxX_SWwGHcb8KokQ4dUDCA8&uact=5&oq=latest+AI+news&gs_lp=Egdnd3Mtd2l6Ig5sYXRlc3QgQUkgbmV3c0gdUABYAHAAeACQAQCYAQCgAQCqAQC4AQPIAQD4AQGYAgCgAgCYAwCSBwCgBwCyBwC4BwDCBwDIBwCACAE&sclient=gws-wiz:2:473), <anonymous>:5812:17369)
[   64051ms] [ERROR] Failed to load resource: the server responded with a status of 429 () @ https://www.google.com/sorry/index?continue=https://www.google.com/search%3Fq%3Dlatest%2BAI%2Bnews%26sca_esv%3Dbc14e0ce34e04a14%26source%3Dhp%26ei%3DW2tjaoe-Iv-TseMPxvmryQg%26iflsig%3DABILxe8AAAAAamN5azpBvZ8hxgGVI7YsimNnYRw27sv7%26ved%3D0ahUKEwjH15enuOuVAxX_SWwGHcb8KokQ4dUDCA8%26uact%3D5%26oq%3Dlatest%2BAI%2Bnews%26gs_lp%3DEgdnd3Mtd2l6Ig5sYXRlc3QgQUkgbmV3c0gdUABYAHAAeACQAQCYAQCgAQCqAQC4AQPIAQD4AQGYAgCgAgCYAwCSBwCgBwCyBwC4BwDCBwDIBwCACAE%26sclient%3Dgws-wiz%26sei%3DmmtjarK3GNKdhvcPmoX2sQY&q=EhAkCUDlEayogdzeG9jqqcNRGJrXjdMGIjAyF5qA3luL9-gK68L_5UGbQBmypvCTb9l3yTcniV72PQ6iChDx4f_QcKfdWS-tKCcyAVJaAUM:0
[   64068ms] TypeError: Cannot redefine property: languages
    at Object.defineProperty (<anonymous>)
    at <anonymous>:28:12
    at <anonymous>:46:5
    at <anonymous>:47:7
[   64069ms] TypeError: Cannot redefine property: languages
    at Object.defineProperty (<anonymous>)
    at <anonymous>:28:12
    at <anonymous>:46:5
    at <anonymous>:47:7
[   64071ms] TypeError: Cannot redefine property: languages
    at Object.defineProperty (<anonymous>)
    at <anonymous>:28:12
    at <anonymous>:46:5
    at <anonymous>:47:7
[   64683ms] TypeError: Cannot redefine property: languages
    at Object.defineProperty (<anonymous>)
    at <anonymous>:28:12
    at <anonymous>:46:5
    at <anonymous>:47:7
[   64684ms] TypeError: Cannot redefine property: languages
    at Object.defineProperty (<anonymous>)
    at <anonymous>:28:12
    at <anonymous>:46:5
    at <anonymous>:47:7
[   64687ms] TypeError: Cannot redefine property: languages
    at Object.defineProperty (<anonymous>)
    at <anonymous>:28:12
    at <anonymous>:46:5
    at <anonymous>:47:7
[   64825ms] [WARNING] An iframe which has both allow-scripts and allow-same-origin for its sandbox attribute can escape its sandboxing. @ https://www.google.com/recaptcha/enterprise/anchor?ar=1&k=6LdLLIMbAAAAAIl-KLj9p1ePhM-4LCCDbjtJLqRO&co=aHR0cHM6Ly93d3cuZ29vZ2xlLmNvbTo0NDM.&hl=en&v=A7KpaEASfhDcK0nXxgQEyyYv&size=normal&s=x1hN-ODdTPWtFPnoWWZ49sP2B8idqp3nH2ZjZD4fKreSFlvEqIg6vlaotZK0xf0tMcXUIY26Bfpx4CwjCsuOwQQ--kWb3c4HeX4crSYuy6Vv5UXWvqEUUQtW01Ht5Df19e6qssO_UFHEfP2hfR0wY1BcGxrBNYCv8jnVj9mTId599-_2sMdnQ8x7qdLZapmxPbw3p8gnqtu8mFBVEI_O4lTKIzipZiJAgUSTScp2uG0DjxmmlDv-ug_2eHtRdcCuzevZ-pUJljZMFAd2GHX1WqvQL1K8LiI&anchor-ms=20000&execute-ms=30000&cb=vdnz1vwgnn67:0
[   65029ms] TypeError: Cannot redefine property: languages
    at Object.defineProperty (<anonymous>)
    at <anonymous>:28:12
    at <anonymous>:46:5
    at <anonymous>:47:7
    at Array.<anonymous> (https://www.gstatic.com/recaptcha/releases/A7KpaEASfhDcK0nXxgQEyyYv/recaptcha__en.js:371:62)
    at Array.<anonymous> (https://www.gstatic.com/recaptcha/releases/A7KpaEASfhDcK0nXxgQEyyYv/recaptcha__en.js:374:399)
    at aN.M (https://www.gstatic.com/recaptcha/releases/A7KpaEASfhDcK0nXxgQEyyYv/recaptcha__en.js:118:303)
    at Array.<anonymous> (https://www.gstatic.com/recaptcha/releases/A7KpaEASfhDcK0nXxgQEyyYv/recaptcha__en.js:233:151)
    at B.next (https://www.gstatic.com/recaptcha/releases/A7KpaEASfhDcK0nXxgQEyyYv/recaptcha__en.js:799:238)
    at https://www.gstatic.com/recaptcha/releases/A7KpaEASfhDcK0nXxgQEyyYv/recaptcha__en.js:133:18
[   65031ms] TypeError: Cannot redefine property: languages
    at Object.defineProperty (<anonymous>)
    at <anonymous>:28:12
    at <anonymous>:46:5
    at <anonymous>:47:7
    at Array.<anonymous> (https://www.gstatic.com/recaptcha/releases/A7KpaEASfhDcK0nXxgQEyyYv/recaptcha__en.js:371:62)
    at Array.<anonymous> (https://www.gstatic.com/recaptcha/releases/A7KpaEASfhDcK0nXxgQEyyYv/recaptcha__en.js:374:399)
    at aN.M (https://www.gstatic.com/recaptcha/releases/A7KpaEASfhDcK0nXxgQEyyYv/recaptcha__en.js:118:303)
    at Array.<anonymous> (https://www.gstatic.com/recaptcha/releases/A7KpaEASfhDcK0nXxgQEyyYv/recaptcha__en.js:233:151)
    at B.next (https://www.gstatic.com/recaptcha/releases/A7KpaEASfhDcK0nXxgQEyyYv/recaptcha__en.js:799:238)
    at https://www.gstatic.com/recaptcha/releases/A7KpaEASfhDcK0nXxgQEyyYv/recaptcha__en.js:133:18
[   65034ms] TypeError: Cannot redefine property: languages
    at Object.defineProperty (<anonymous>)
    at <anonymous>:28:12
    at <anonymous>:46:5
    at <anonymous>:47:7
    at Array.<anonymous> (https://www.gstatic.com/recaptcha/releases/A7KpaEASfhDcK0nXxgQEyyYv/recaptcha__en.js:371:62)
    at Array.<anonymous> (https://www.gstatic.com/recaptcha/releases/A7KpaEASfhDcK0nXxgQEyyYv/recaptcha__en.js:374:399)
    at aN.M (https://www.gstatic.com/recaptcha/releases/A7KpaEASfhDcK0nXxgQEyyYv/recaptcha__en.js:118:303)
    at Array.<anonymous> (https://www.gstatic.com/recaptcha/releases/A7KpaEASfhDcK0nXxgQEyyYv/recaptcha__en.js:233:151)
    at B.next (https://www.gstatic.com/recaptcha/releases/A7KpaEASfhDcK0nXxgQEyyYv/recaptcha__en.js:799:238)
    at https://www.gstatic.com/recaptcha/releases/A7KpaEASfhDcK0nXxgQEyyYv/recaptcha__en.js:133:18
[   65082ms] ReferenceError: solveSimpleChallenge is not defined
    at onload (https://www.google.com/sorry/index?continue=https://www.google.com/search%3Fq%3Dlatest%2BAI%2Bnews%26sca_esv%3Dbc14e0ce34e04a14%26source%3Dhp%26ei%3DW2tjaoe-Iv-TseMPxvmryQg%26iflsig%3DABILxe8AAAAAamN5azpBvZ8hxgGVI7YsimNnYRw27sv7%26ved%3D0ahUKEwjH15enuOuVAxX_SWwGHcb8KokQ4dUDCA8%26uact%3D5%26oq%3Dlatest%2BAI%2Bnews%26gs_lp%3DEgdnd3Mtd2l6Ig5sYXRlc3QgQUkgbmV3c0gdUABYAHAAeACQAQCYAQCgAQCqAQC4AQPIAQD4AQGYAgCgAgCYAwCSBwCgBwCyBwC4BwDCBwDIBwCACAE%26sclient%3Dgws-wiz%26sei%3DmmtjarK3GNKdhvcPmoX2sQY&q=EhAkCUDlEayogdzeG9jqqcNRGJrXjdMGIjAyF5qA3luL9-gK68L_5UGbQBmypvCTb9l3yTcniV72PQ6iChDx4f_QcKfdWS-tKCcyAVJaAUM:4:316)
[   65422ms] TypeError: Cannot redefine property: languages
    at Object.defineProperty (<anonymous>)
    at <anonymous>:28:12
    at <anonymous>:46:5
    at <anonymous>:47:7
    at Array.<anonymous> (https://www.gstatic.com/recaptcha/releases/A7KpaEASfhDcK0nXxgQEyyYv/recaptcha__en.js:371:62)
    at https://www.gstatic.com/recaptcha/releases/A7KpaEASfhDcK0nXxgQEyyYv/recaptcha__en.js:1205:43
    at https://www.gstatic.com/recaptcha/releases/A7KpaEASfhDcK0nXxgQEyyYv/recaptcha__en.js:1261:125
    at https://www.gstatic.com/recaptcha/releases/A7KpaEASfhDcK0nXxgQEyyYv/recaptcha__en.js:764:104
    at https://www.gstatic.com/recaptcha/releases/A7KpaEASfhDcK0nXxgQEyyYv/recaptcha__en.js:250:328
    at Array.<anonymous> (https://www.gstatic.com/recaptcha/releases/A7KpaEASfhDcK0nXxgQEyyYv/recaptcha__en.js:120:110)
[   65423ms] TypeError: Cannot redefine property: languages
    at Object.defineProperty (<anonymous>)
    at <anonymous>:28:12
    at <anonymous>:46:5
    at <anonymous>:47:7
    at Array.<anonymous> (https://www.gstatic.com/recaptcha/releases/A7KpaEASfhDcK0nXxgQEyyYv/recaptcha__en.js:371:62)
    at https://www.gstatic.com/recaptcha/releases/A7KpaEASfhDcK0nXxgQEyyYv/recaptcha__en.js:1205:43
    at https://www.gstatic.com/recaptcha/releases/A7KpaEASfhDcK0nXxgQEyyYv/recaptcha__en.js:1261:125
    at https://www.gstatic.com/recaptcha/releases/A7KpaEASfhDcK0nXxgQEyyYv/recaptcha__en.js:764:104
    at https://www.gstatic.com/recaptcha/releases/A7KpaEASfhDcK0nXxgQEyyYv/recaptcha__en.js:250:328
    at Array.<anonymous> (https://www.gstatic.com/recaptcha/releases/A7KpaEASfhDcK0nXxgQEyyYv/recaptcha__en.js:120:110)
[   65425ms] TypeError: Cannot redefine property: languages
    at Object.defineProperty (<anonymous>)
    at <anonymous>:28:12
    at <anonymous>:46:5
    at <anonymous>:47:7
    at Array.<anonymous> (https://www.gstatic.com/recaptcha/releases/A7KpaEASfhDcK0nXxgQEyyYv/recaptcha__en.js:371:62)
    at https://www.gstatic.com/recaptcha/releases/A7KpaEASfhDcK0nXxgQEyyYv/recaptcha__en.js:1205:43
    at https://www.gstatic.com/recaptcha/releases/A7KpaEASfhDcK0nXxgQEyyYv/recaptcha__en.js:1261:125
    at https://www.gstatic.com/recaptcha/releases/A7KpaEASfhDcK0nXxgQEyyYv/recaptcha__en.js:764:104
    at https://www.gstatic.com/recaptcha/releases/A7KpaEASfhDcK0nXxgQEyyYv/recaptcha__en.js:250:328
    at Array.<anonymous> (https://www.gstatic.com/recaptcha/releases/A7KpaEASfhDcK0nXxgQEyyYv/recaptcha__en.js:120:110)
[   65450ms] TypeError: Cannot redefine property: languages
    at Object.defineProperty (<anonymous>)
    at <anonymous>:28:12
    at <anonymous>:46:5
    at <anonymous>:47:7
    at xy.<anonymous> (https://www.gstatic.com/recaptcha/releases/A7KpaEASfhDcK0nXxgQEyyYv/recaptcha__en.js:821:387)
    at xy.K.R.<computed>.ab (https://www.gstatic.com/recaptcha/releases/A7KpaEASfhDcK0nXxgQEyyYv/recaptcha__en.js:1658:488)
    at xy.<anonymous> (https://www.gstatic.com/recaptcha/releases/A7KpaEASfhDcK0nXxgQEyyYv/recaptcha__en.js:536:82)
    at xy.K.R.<computed>.F.FX (https://www.gstatic.com/recaptcha/releases/A7KpaEASfhDcK0nXxgQEyyYv/recaptcha__en.js:1655:237)
    at https://www.gstatic.com/recaptcha/releases/A7KpaEASfhDcK0nXxgQEyyYv/recaptcha__en.js:430:184
    at Pb (https://www.gstatic.com/recaptcha/releases/A7KpaEASfhDcK0nXxgQEyyYv/recaptcha__en.js:943:79)
[   65451ms] TypeError: Cannot redefine property: languages
    at Object.defineProperty (<anonymous>)
    at <anonymous>:28:12
    at <anonymous>:46:5
    at <anonymous>:47:7
    at xy.<anonymous> (https://www.gstatic.com/recaptcha/releases/A7KpaEASfhDcK0nXxgQEyyYv/recaptcha__en.js:821:387)
    at xy.K.R.<computed>.ab (https://www.gstatic.com/recaptcha/releases/A7KpaEASfhDcK0nXxgQEyyYv/recaptcha__en.js:1658:488)
    at xy.<anonymous> (https://www.gstatic.com/recaptcha/releases/A7KpaEASfhDcK0nXxgQEyyYv/recaptcha__en.js:536:82)
    at xy.K.R.<computed>.F.FX (https://www.gstatic.com/recaptcha/releases/A7KpaEASfhDcK0nXxgQEyyYv/recaptcha__en.js:1655:237)
    at https://www.gstatic.com/recaptcha/releases/A7KpaEASfhDcK0nXxgQEyyYv/recaptcha__en.js:430:184
    at Pb (https://www.gstatic.com/recaptcha/releases/A7KpaEASfhDcK0nXxgQEyyYv/recaptcha__en.js:943:79)
[   65454ms] TypeError: Cannot redefine property: languages
    at Object.defineProperty (<anonymous>)
    at <anonymous>:28:12
    at <anonymous>:46:5
    at <anonymous>:47:7
    at xy.<anonymous> (https://www.gstatic.com/recaptcha/releases/A7KpaEASfhDcK0nXxgQEyyYv/recaptcha__en.js:821:387)
    at xy.K.R.<computed>.ab (https://www.gstatic.com/recaptcha/releases/A7KpaEASfhDcK0nXxgQEyyYv/recaptcha__en.js:1658:488)
    at xy.<anonymous> (https://www.gstatic.com/recaptcha/releases/A7KpaEASfhDcK0nXxgQEyyYv/recaptcha__en.js:536:82)
    at xy.K.R.<computed>.F.FX (https://www.gstatic.com/recaptcha/releases/A7KpaEASfhDcK0nXxgQEyyYv/recaptcha__en.js:1655:237)
    at https://www.gstatic.com/recaptcha/releases/A7KpaEASfhDcK0nXxgQEyyYv/recaptcha__en.js:430:184
    at Pb (https://www.gstatic.com/recaptcha/releases/A7KpaEASfhDcK0nXxgQEyyYv/recaptcha__en.js:943:79)
[   65568ms] [WARNING] An iframe which has both allow-scripts and allow-same-origin for its sandbox attribute can escape its sandboxing. @ https://www.google.com/recaptcha/enterprise/bframe?hl=en&v=A7KpaEASfhDcK0nXxgQEyyYv&k=6LdLLIMbAAAAAIl-KLj9p1ePhM-4LCCDbjtJLqRO&bft=0dAFcWeA5we0DP2BK6Phl96Uu4iIeZZWsgKDjihCS4x8zVOwDhZxDbMqPFQrgbuen6RIrPOJJwruejmWLg3MTQqkHhVY5O1BC5Hg:0
[   65584ms] TypeError: Cannot redefine property: languages
    at Object.defineProperty (<anonymous>)
    at <anonymous>:28:12
    at <anonymous>:46:5
    at <anonymous>:47:7
[   65587ms] TypeError: Cannot redefine property: languages
    at Object.defineProperty (<anonymous>)
    at <anonymous>:28:12
    at <anonymous>:46:5
    at <anonymous>:47:7
[   65594ms] TypeError: Cannot redefine property: languages
    at Object.defineProperty (<anonymous>)
    at <anonymous>:28:12
    at <anonymous>:46:5
    at <anonymous>:47:7
[   65837ms] TypeError: Cannot redefine property: languages
    at Object.defineProperty (<anonymous>)
    at <anonymous>:28:12
    at <anonymous>:46:5
    at <anonymous>:47:7
    at xy.<anonymous> (https://www.gstatic.com/recaptcha/releases/A7KpaEASfhDcK0nXxgQEyyYv/recaptcha__en.js:821:387)
    at xy.K.R.<computed>.ab (https://www.gstatic.com/recaptcha/releases/A7KpaEASfhDcK0nXxgQEyyYv/recaptcha__en.js:1658:488)
    at xy.<anonymous> (https://www.gstatic.com/recaptcha/releases/A7KpaEASfhDcK0nXxgQEyyYv/recaptcha__en.js:536:82)
    at xy.K.R.<computed>.F.FX (https://www.gstatic.com/recaptcha/releases/A7KpaEASfhDcK0nXxgQEyyYv/recaptcha__en.js:1655:237)
    at https://www.gstatic.com/recaptcha/releases/A7KpaEASfhDcK0nXxgQEyyYv/recaptcha__en.js:430:184
    at Pb (https://www.gstatic.com/recaptcha/releases/A7KpaEASfhDcK0nXxgQEyyYv/recaptcha__en.js:943:79)
[   65838ms] TypeError: Cannot redefine property: languages
    at Object.defineProperty (<anonymous>)
    at <anonymous>:28:12
    at <anonymous>:46:5
    at <anonymous>:47:7
    at xy.<anonymous> (https://www.gstatic.com/recaptcha/releases/A7KpaEASfhDcK0nXxgQEyyYv/recaptcha__en.js:821:387)
    at xy.K.R.<computed>.ab (https://www.gstatic.com/recaptcha/releases/A7KpaEASfhDcK0nXxgQEyyYv/recaptcha__en.js:1658:488)
    at xy.<anonymous> (https://www.gstatic.com/recaptcha/releases/A7KpaEASfhDcK0nXxgQEyyYv/recaptcha__en.js:536:82)
    at xy.K.R.<computed>.F.FX (https://www.gstatic.com/recaptcha/releases/A7KpaEASfhDcK0nXxgQEyyYv/recaptcha__en.js:1655:237)
    at https://www.gstatic.com/recaptcha/releases/A7KpaEASfhDcK0nXxgQEyyYv/recaptcha__en.js:430:184
    at Pb (https://www.gstatic.com/recaptcha/releases/A7KpaEASfhDcK0nXxgQEyyYv/recaptcha__en.js:943:79)
[   65841ms] TypeError: Cannot redefine property: languages
    at Object.defineProperty (<anonymous>)
    at <anonymous>:28:12
    at <anonymous>:46:5
    at <anonymous>:47:7
    at xy.<anonymous> (https://www.gstatic.com/recaptcha/releases/A7KpaEASfhDcK0nXxgQEyyYv/recaptcha__en.js:821:387)
    at xy.K.R.<computed>.ab (https://www.gstatic.com/recaptcha/releases/A7KpaEASfhDcK0nXxgQEyyYv/recaptcha__en.js:1658:488)
    at xy.<anonymous> (https://www.gstatic.com/recaptcha/releases/A7KpaEASfhDcK0nXxgQEyyYv/recaptcha__en.js:536:82)
    at xy.K.R.<computed>.F.FX (https://www.gstatic.com/recaptcha/releases/A7KpaEASfhDcK0nXxgQEyyYv/recaptcha__en.js:1655:237)
    at https://www.gstatic.com/recaptcha/releases/A7KpaEASfhDcK0nXxgQEyyYv/recaptcha__en.js:430:184
    at Pb (https://www.gstatic.com/recaptcha/releases/A7KpaEASfhDcK0nXxgQEyyYv/recaptcha__en.js:943:79)
[   81628ms] TypeError: Cannot redefine property: languages
    at Object.defineProperty (<anonymous>)
    at <anonymous>:28:12
    at <anonymous>:46:5
    at <anonymous>:47:7
[   81630ms] TypeError: Cannot redefine property: languages
    at Object.defineProperty (<anonymous>)
    at <anonymous>:28:12
    at <anonymous>:46:5
    at <anonymous>:47:7
[   81633ms] TypeError: Cannot redefine property: languages
    at Object.defineProperty (<anonymous>)
    at <anonymous>:28:12
    at <anonymous>:46:5
    at <anonymous>:47:7
[   83400ms] [WARNING] Mixed Content: The page at 'https://www.google.com/search?q=latest+AI+news&sca_esv=bc14e0ce34e04a14&source=hp&ei=W2tjaoe-Iv-TseMPxvmryQg&iflsig=ABILxe8AAAAAamN5azpBvZ8hxgGVI7YsimNnYRw27sv7&ved=0ahUKEwjH15enuOuVAxX_SWwGHcb8KokQ4dUDCA8&uact=5&oq=latest+AI+news&gs_lp=Egdnd3Mtd2l6Ig5sYXRlc3QgQUkgbmV3c0gdUABYAHAAeACQAQCYAQCgAQCqAQC4AQPIAQD4AQGYAgCgAgCYAwCSBwCgBwCyBwC4BwDCBwDIBwCACAE&sclient=gws-wiz&sei=mmtjarK3GNKdhvcPmoX2sQY' was loaded over HTTPS, but requested an insecure element 'http://img.youtube.com/vi/r4H7rx5nn1A/hqdefault.jpg'. This request was automatically upgraded to HTTPS, For more information see https://blog.chromium.org/2019/10/no-more-mixed-messages-about-https.html @ https://www.google.com/search?q=latest+AI+news&sca_esv=bc14e0ce34e04a14&source=hp&ei=W2tjaoe-Iv-TseMPxvmryQg&iflsig=ABILxe8AAAAAamN5azpBvZ8hxgGVI7YsimNnYRw27sv7&ved=0ahUKEwjH15enuOuVAxX_SWwGHcb8KokQ4dUDCA8&uact=5&oq=latest+AI+news&gs_lp=Egdnd3Mtd2l6Ig5sYXRlc3QgQUkgbmV3c0gdUABYAHAAeACQAQCYAQCgAQCqAQC4AQPIAQD4AQGYAgCgAgCYAwCSBwCgBwCyBwC4BwDCBwDIBwCACAE&sclient=gws-wiz&sei=mmtjarK3GNKdhvcPmoX2sQY:62
[   83401ms] [WARNING] Mixed Content: The page at 'https://www.google.com/search?q=latest+AI+news&sca_esv=bc14e0ce34e04a14&source=hp&ei=W2tjaoe-Iv-TseMPxvmryQg&iflsig=ABILxe8AAAAAamN5azpBvZ8hxgGVI7YsimNnYRw27sv7&ved=0ahUKEwjH15enuOuVAxX_SWwGHcb8KokQ4dUDCA8&uact=5&oq=latest+AI+news&gs_lp=Egdnd3Mtd2l6Ig5sYXRlc3QgQUkgbmV3c0gdUABYAHAAeACQAQCYAQCgAQCqAQC4AQPIAQD4AQGYAgCgAgCYAwCSBwCgBwCyBwC4BwDCBwDIBwCACAE&sclient=gws-wiz&sei=mmtjarK3GNKdhvcPmoX2sQY' was loaded over HTTPS, but requested an insecure element 'http://img.youtube.com/vi/IoqkM8rpVNo/hqdefault.jpg'. This request was automatically upgraded to HTTPS, For more information see https://blog.chromium.org/2019/10/no-more-mixed-messages-about-https.html @ https://www.google.com/search?q=latest+AI+news&sca_esv=bc14e0ce34e04a14&source=hp&ei=W2tjaoe-Iv-TseMPxvmryQg&iflsig=ABILxe8AAAAAamN5azpBvZ8hxgGVI7YsimNnYRw27sv7&ved=0ahUKEwjH15enuOuVAxX_SWwGHcb8KokQ4dUDCA8&uact=5&oq=latest+AI+news&gs_lp=Egdnd3Mtd2l6Ig5sYXRlc3QgQUkgbmV3c0gdUABYAHAAeACQAQCYAQCgAQCqAQC4AQPIAQD4AQGYAgCgAgCYAwCSBwCgBwCyBwC4BwDCBwDIBwCACAE&sclient=gws-wiz&sei=mmtjarK3GNKdhvcPmoX2sQY:62
[   84648ms] TypeError: Cannot redefine property: languages
    at Object.defineProperty (<anonymous>)
    at <anonymous>:28:12
    at <anonymous>:46:5
    at <anonymous>:47:7
    at T.IN.T.ZC (eval at <anonymous> (https://www.google.com/js/bg/vJCv25v2gODV4eEipXFOiyOtjEYEX21TycZxJLdIfjE.js:2:266), <anonymous>:6099:10230)
    at oj (eval at <anonymous> (https://www.google.com/js/bg/vJCv25v2gODV4eEipXFOiyOtjEYEX21TycZxJLdIfjE.js:2:266), <anonymous>:6099:1455)
    at W.eval [as W] (eval at <anonymous> (https://www.google.com/js/bg/vJCv25v2gODV4eEipXFOiyOtjEYEX21TycZxJLdIfjE.js:2:266), <anonymous>:6099:19071)
    at aj (eval at <anonymous> (https://www.google.com/js/bg/vJCv25v2gODV4eEipXFOiyOtjEYEX21TycZxJLdIfjE.js:2:266), <anonymous>:6099:5781)
    at Bc (eval at <anonymous> (https://www.google.com/js/bg/vJCv25v2gODV4eEipXFOiyOtjEYEX21TycZxJLdIfjE.js:2:266), <anonymous>:6099:3571)
    at C (eval at <anonymous> (https://www.google.com/js/bg/vJCv25v2gODV4eEipXFOiyOtjEYEX21TycZxJLdIfjE.js:2:266), <anonymous>:6099:4335)
[   84650ms] TypeError: Cannot redefine property: languages
    at Object.defineProperty (<anonymous>)
    at <anonymous>:28:12
    at <anonymous>:46:5
    at <anonymous>:47:7
    at T.IN.T.ZC (eval at <anonymous> (https://www.google.com/js/bg/vJCv25v2gODV4eEipXFOiyOtjEYEX21TycZxJLdIfjE.js:2:266), <anonymous>:6099:10230)
    at oj (eval at <anonymous> (https://www.google.com/js/bg/vJCv25v2gODV4eEipXFOiyOtjEYEX21TycZxJLdIfjE.js:2:266), <anonymous>:6099:1455)
    at W.eval [as W] (eval at <anonymous> (https://www.google.com/js/bg/vJCv25v2gODV4eEipXFOiyOtjEYEX21TycZxJLdIfjE.js:2:266), <anonymous>:6099:19071)
    at aj (eval at <anonymous> (https://www.google.com/js/bg/vJCv25v2gODV4eEipXFOiyOtjEYEX21TycZxJLdIfjE.js:2:266), <anonymous>:6099:5781)
    at Bc (eval at <anonymous> (https://www.google.com/js/bg/vJCv25v2gODV4eEipXFOiyOtjEYEX21TycZxJLdIfjE.js:2:266), <anonymous>:6099:3571)
    at C (eval at <anonymous> (https://www.google.com/js/bg/vJCv25v2gODV4eEipXFOiyOtjEYEX21TycZxJLdIfjE.js:2:266), <anonymous>:6099:4335)
[   84654ms] TypeError: Cannot redefine property: languages
    at Object.defineProperty (<anonymous>)
    at <anonymous>:28:12
    at <anonymous>:46:5
    at <anonymous>:47:7
    at T.IN.T.ZC (eval at <anonymous> (https://www.google.com/js/bg/vJCv25v2gODV4eEipXFOiyOtjEYEX21TycZxJLdIfjE.js:2:266), <anonymous>:6099:10230)
    at oj (eval at <anonymous> (https://www.google.com/js/bg/vJCv25v2gODV4eEipXFOiyOtjEYEX21TycZxJLdIfjE.js:2:266), <anonymous>:6099:1455)
    at W.eval [as W] (eval at <anonymous> (https://www.google.com/js/bg/vJCv25v2gODV4eEipXFOiyOtjEYEX21TycZxJLdIfjE.js:2:266), <anonymous>:6099:19071)
    at aj (eval at <anonymous> (https://www.google.com/js/bg/vJCv25v2gODV4eEipXFOiyOtjEYEX21TycZxJLdIfjE.js:2:266), <anonymous>:6099:5781)
    at Bc (eval at <anonymous> (https://www.google.com/js/bg/vJCv25v2gODV4eEipXFOiyOtjEYEX21TycZxJLdIfjE.js:2:266), <anonymous>:6099:3571)
    at C (eval at <anonymous> (https://www.google.com/js/bg/vJCv25v2gODV4eEipXFOiyOtjEYEX21TycZxJLdIfjE.js:2:266), <anonymous>:6099:4335)
[   85170ms] TypeError: Cannot redefine property: languages
    at Object.defineProperty (<anonymous>)
    at <anonymous>:28:12
    at <anonymous>:46:5
    at <anonymous>:47:7
[   85175ms] TypeError: Cannot redefine property: languages
    at Object.defineProperty (<anonymous>)
    at <anonymous>:28:12
    at <anonymous>:46:5
    at <anonymous>:47:7
[   85178ms] TypeError: Cannot redefine property: languages
    at Object.defineProperty (<anonymous>)
    at <anonymous>:28:12
    at <anonymous>:46:5
    at <anonymous>:47:7
[   85517ms] TypeError: Cannot redefine property: languages
    at Object.defineProperty (<anonymous>)
    at <anonymous>:28:12
    at <anonymous>:46:5
    at <anonymous>:47:7
[   85519ms] TypeError: Cannot redefine property: languages
    at Object.defineProperty (<anonymous>)
    at <anonymous>:28:12
    at <anonymous>:46:5
    at <anonymous>:47:7
[   85525ms] TypeError: Cannot redefine property: languages
    at Object.defineProperty (<anonymous>)
    at <anonymous>:28:12
    at <anonymous>:46:5
    at <anonymous>:47:7
[   85521ms] [WARNING] Failed to execute 'postMessage' on 'DOMWindow': The target origin provided ('https://www.youtube.com') does not match the recipient window's origin ('https://www.google.com'). @ https://www.youtube.com/s/player/7a7969c2/www-widgetapi.vflset/www-widgetapi.js:162
[   85562ms] TypeError: Cannot redefine property: languages
    at Object.defineProperty (<anonymous>)
    at <anonymous>:28:12
    at <anonymous>:46:5
    at <anonymous>:47:7
    at eval (eval at <anonymous> (https://pagead2.googlesyndication.com/bg/10WLkfeJhofpnSrXRzrzHx42ZQqBiFhItR0kAo99_co.js:2:483), <anonymous>:3864:25062)
    at sA (eval at <anonymous> (https://pagead2.googlesyndication.com/bg/10WLkfeJhofpnSrXRzrzHx42ZQqBiFhItR0kAo99_co.js:2:483), <anonymous>:3864:32581)
    at gJ (eval at <anonymous> (https://pagead2.googlesyndication.com/bg/10WLkfeJhofpnSrXRzrzHx42ZQqBiFhItR0kAo99_co.js:2:483), <anonymous>:3864:29922)
    at S.eval [as l] (eval at <anonymous> (https://pagead2.googlesyndication.com/bg/10WLkfeJhofpnSrXRzrzHx42ZQqBiFhItR0kAo99_co.js:2:483), <anonymous>:3864:52605)
    at Gp (eval at <anonymous> (https://pagead2.googlesyndication.com/bg/10WLkfeJhofpnSrXRzrzHx42ZQqBiFhItR0kAo99_co.js:2:483), <anonymous>:3864:35487)
    at D (eval at <anonymous> (https://pagead2.googlesyndication.com/bg/10WLkfeJhofpnSrXRzrzHx42ZQqBiFhItR0kAo99_co.js:2:483), <anonymous>:3864:17498)
[   85563ms] TypeError: Cannot redefine property: languages
    at Object.defineProperty (<anonymous>)
    at <anonymous>:28:12
    at <anonymous>:46:5
    at <anonymous>:47:7
    at eval (eval at <anonymous> (https://pagead2.googlesyndication.com/bg/10WLkfeJhofpnSrXRzrzHx42ZQqBiFhItR0kAo99_co.js:2:483), <anonymous>:3864:25062)
    at sA (eval at <anonymous> (https://pagead2.googlesyndication.com/bg/10WLkfeJhofpnSrXRzrzHx42ZQqBiFhItR0kAo99_co.js:2:483), <anonymous>:3864:32581)
    at gJ (eval at <anonymous> (https://pagead2.googlesyndication.com/bg/10WLkfeJhofpnSrXRzrzHx42ZQqBiFhItR0kAo99_co.js:2:483), <anonymous>:3864:29922)
    at S.eval [as l] (eval at <anonymous> (https://pagead2.googlesyndication.com/bg/10WLkfeJhofpnSrXRzrzHx42ZQqBiFhItR0kAo99_co.js:2:483), <anonymous>:3864:52605)
    at Gp (eval at <anonymous> (https://pagead2.googlesyndication.com/bg/10WLkfeJhofpnSrXRzrzHx42ZQqBiFhItR0kAo99_co.js:2:483), <anonymous>:3864:35487)
    at D (eval at <anonymous> (https://pagead2.googlesyndication.com/bg/10WLkfeJhofpnSrXRzrzHx42ZQqBiFhItR0kAo99_co.js:2:483), <anonymous>:3864:17498)
[   85566ms] TypeError: Cannot redefine property: languages
    at Object.defineProperty (<anonymous>)
    at <anonymous>:28:12
    at <anonymous>:46:5
    at <anonymous>:47:7
    at eval (eval at <anonymous> (https://pagead2.googlesyndication.com/bg/10WLkfeJhofpnSrXRzrzHx42ZQqBiFhItR0kAo99_co.js:2:483), <anonymous>:3864:25062)
    at sA (eval at <anonymous> (https://pagead2.googlesyndication.com/bg/10WLkfeJhofpnSrXRzrzHx42ZQqBiFhItR0kAo99_co.js:2:483), <anonymous>:3864:32581)
    at gJ (eval at <anonymous> (https://pagead2.googlesyndication.com/bg/10WLkfeJhofpnSrXRzrzHx42ZQqBiFhItR0kAo99_co.js:2:483), <anonymous>:3864:29922)
    at S.eval [as l] (eval at <anonymous> (https://pagead2.googlesyndication.com/bg/10WLkfeJhofpnSrXRzrzHx42ZQqBiFhItR0kAo99_co.js:2:483), <anonymous>:3864:52605)
    at Gp (eval at <anonymous> (https://pagead2.googlesyndication.com/bg/10WLkfeJhofpnSrXRzrzHx42ZQqBiFhItR0kAo99_co.js:2:483), <anonymous>:3864:35487)
    at D (eval at <anonymous> (https://pagead2.googlesyndication.com/bg/10WLkfeJhofpnSrXRzrzHx42ZQqBiFhItR0kAo99_co.js:2:483), <anonymous>:3864:17498)
[   85754ms] TypeError: Cannot redefine property: languages
    at Object.defineProperty (<anonymous>)
    at <anonymous>:28:12
    at <anonymous>:46:5
    at <anonymous>:47:7
[   85761ms] TypeError: Cannot redefine property: languages
    at Object.defineProperty (<anonymous>)
    at <anonymous>:28:12
    at <anonymous>:46:5
    at <anonymous>:47:7
[   85765ms] TypeError: Cannot redefine property: languages
    at Object.defineProperty (<anonymous>)
    at <anonymous>:28:12
    at <anonymous>:46:5
    at <anonymous>:47:7
[   87233ms] TypeError: Cannot redefine property: languages
    at Object.defineProperty (<anonymous>)
    at <anonymous>:28:12
    at <anonymous>:46:5
    at <anonymous>:47:7
    at eval (eval at <anonymous> (https://www.google.com/js/th/Nr-h58UGrJdg4UkHpbyd1J-AfoCKb_0Vq_PVyVC05FE.js:2:466), <anonymous>:4639:29356)
    at aA (eval at <anonymous> (https://www.google.com/js/th/Nr-h58UGrJdg4UkHpbyd1J-AfoCKb_0Vq_PVyVC05FE.js:2:466), <anonymous>:4639:36466)
    at FN (eval at <anonymous> (https://www.google.com/js/th/Nr-h58UGrJdg4UkHpbyd1J-AfoCKb_0Vq_PVyVC05FE.js:2:466), <anonymous>:4639:37909)
    at O.eval [as g] (eval at <anonymous> (https://www.google.com/js/th/Nr-h58UGrJdg4UkHpbyd1J-AfoCKb_0Vq_PVyVC05FE.js:2:466), <anonymous>:4639:58329)
    at EI (eval at <anonymous> (https://www.google.com/js/th/Nr-h58UGrJdg4UkHpbyd1J-AfoCKb_0Vq_PVyVC05FE.js:2:466), <anonymous>:4639:32903)
    at LZ (eval at <anonymous> (https://www.google.com/js/th/Nr-h58UGrJdg4UkHpbyd1J-AfoCKb_0Vq_PVyVC05FE.js:2:466), <anonymous>:4639:10097)
[   87235ms] TypeError: Cannot redefine property: languages
    at Object.defineProperty (<anonymous>)
    at <anonymous>:28:12
    at <anonymous>:46:5
    at <anonymous>:47:7
    at eval (eval at <anonymous> (https://www.google.com/js/th/Nr-h58UGrJdg4UkHpbyd1J-AfoCKb_0Vq_PVyVC05FE.js:2:466), <anonymous>:4639:29356)
    at aA (eval at <anonymous> (https://www.google.com/js/th/Nr-h58UGrJdg4UkHpbyd1J-AfoCKb_0Vq_PVyVC05FE.js:2:466), <anonymous>:4639:36466)
    at FN (eval at <anonymous> (https://www.google.com/js/th/Nr-h58UGrJdg4UkHpbyd1J-AfoCKb_0Vq_PVyVC05FE.js:2:466), <anonymous>:4639:37909)
    at O.eval [as g] (eval at <anonymous> (https://www.google.com/js/th/Nr-h58UGrJdg4UkHpbyd1J-AfoCKb_0Vq_PVyVC05FE.js:2:466), <anonymous>:4639:58329)
    at EI (eval at <anonymous> (https://www.google.com/js/th/Nr-h58UGrJdg4UkHpbyd1J-AfoCKb_0Vq_PVyVC05FE.js:2:466), <anonymous>:4639:32903)
    at LZ (eval at <anonymous> (https://www.google.com/js/th/Nr-h58UGrJdg4UkHpbyd1J-AfoCKb_0Vq_PVyVC05FE.js:2:466), <anonymous>:4639:10097)
[   87236ms] TypeError: Cannot redefine property: languages
    at Object.defineProperty (<anonymous>)
    at <anonymous>:28:12
    at <anonymous>:46:5
    at <anonymous>:47:7
    at eval (eval at <anonymous> (https://www.google.com/js/th/Nr-h58UGrJdg4UkHpbyd1J-AfoCKb_0Vq_PVyVC05FE.js:2:466), <anonymous>:4639:29356)
    at aA (eval at <anonymous> (https://www.google.com/js/th/Nr-h58UGrJdg4UkHpbyd1J-AfoCKb_0Vq_PVyVC05FE.js:2:466), <anonymous>:4639:36466)
    at FN (eval at <anonymous> (https://www.google.com/js/th/Nr-h58UGrJdg4UkHpbyd1J-AfoCKb_0Vq_PVyVC05FE.js:2:466), <anonymous>:4639:37909)
    at O.eval [as g] (eval at <anonymous> (https://www.google.com/js/th/Nr-h58UGrJdg4UkHpbyd1J-AfoCKb_0Vq_PVyVC05FE.js:2:466), <anonymous>:4639:58329)
    at EI (eval at <anonymous> (https://www.google.com/js/th/Nr-h58UGrJdg4UkHpbyd1J-AfoCKb_0Vq_PVyVC05FE.js:2:466), <anonymous>:4639:32903)
    at LZ (eval at <anonymous> (https://www.google.com/js/th/Nr-h58UGrJdg4UkHpbyd1J-AfoCKb_0Vq_PVyVC05FE.js:2:466), <anonymous>:4639:10097)
