[     961ms] TypeError: Cannot redefine property: languages
    at Object.defineProperty (<anonymous>)
    at <anonymous>:28:12
    at <anonymous>:46:5
    at <anonymous>:47:7
[     964ms] TypeError: Cannot redefine property: languages
    at Object.defineProperty (<anonymous>)
    at <anonymous>:28:12
    at <anonymous>:46:5
    at <anonymous>:47:7
[    1158ms] [LOG] [seo]seoType business @ https://www.accio.com/business/best-selling-laptops-in-india:947
[    1161ms] [LOG] [seo]params {agentType: main, askFrom: seo_business, conversationId: OFFLINE_BIZ_PLP_TASK_3500001552813_1775045022541!_!qesss73plvbj1v4343z65d, deviceId: accio_xp1iamkpl4k2vcaa0vkl3o, href: https%253A%252F%252Fwww.accio.com%252Fbusiness%252Fbest-selling-laptops-in-india} @ https://www.accio.com/business/best-selling-laptops-in-india:996
[    5985ms] [LOG] hydrateRoot @ https://s.alicdn.com/@g/code/npm/@ali/buyer-agent-mpa/2.2.319/f6VMQidi.js?enable_br=true:0
[    5991ms] [LOG] ======== DOMContentLoaded @ https://www.accio.com/business/best-selling-laptops-in-india:328
[    6787ms] [LOG] [SidebarGuideCard] API response: {data: Object, responseCode: 200, responseMsg: ok, success: true, msgCode: null} @ https://s.alicdn.com/@g/code/npm/@ali/buyer-agent-mpa/2.2.319/DUdbfsST.js?enable_br=true:8
[    6789ms] [LOG] [SidebarGuideCard] guideCardList: [Object] @ https://s.alicdn.com/@g/code/npm/@ali/buyer-agent-mpa/2.2.319/DUdbfsST.js?enable_br=true:8
[    9357ms] [WARNING] [itrace says] using cookieStore @ https://s.alicdn.com/@g/woodpeckerx/itrace-next/??itrace-jserror.iife.js,itrace-interface.iife.js,itrace-flow.iife.js,itrace-blank.iife.js,itrace-resource.iife.js,itrace.iife.js:5
[   27515ms] [ERROR] Failed to load resource: net::ERR_CONNECTION_TIMED_OUT @ https://img.alicdn.com/imgextra/i3/O1CN01N2jatY23TIyjzeZ5n_!!6000000007256-2-tps-32-32.png:0
[   27518ms] [ERROR] Failed to load resource: net::ERR_CONNECTION_TIMED_OUT @ https://img.alicdn.com/imgextra/i1/O1CN01l15P3C29YEwO9rGjF_!!6000000008079-2-tps-32-32.png:0
[   27744ms] [ERROR] Failed to load resource: net::ERR_CONNECTION_TIMED_OUT @ https://img.alicdn.com/imgextra/i3/O1CN01L76CSc1HvbmX152So_!!6000000000820-2-tps-47-48.png:0
[   30546ms] [WARNING] The resource https://www.accio.com/@assets/buyer-agent/accio-static-assets/0.0.2/lib/font/Noto-Sans-regular.woff2 was preloaded using link preload but not used within a few seconds from the window's load event. Please make sure it has an appropriate `as` value and it is preloaded intentionally. @ https://www.accio.com/business/best-selling-laptops-in-india:0
[   30547ms] [WARNING] The resource https://www.accio.com/@assets/buyer-agent/accio-static-assets/0.0.4/lib/font/noto-sans-v38-latin-600.woff2 was preloaded using link preload but not used within a few seconds from the window's load event. Please make sure it has an appropriate `as` value and it is preloaded intentionally. @ https://www.accio.com/business/best-selling-laptops-in-india:0
[   30547ms] [WARNING] The resource https://www.accio.com/@assets/buyer-agent/accio-static-assets/0.0.3/lib/font/Noto-Sans-700.woff2 was preloaded using link preload but not used within a few seconds from the window's load event. Please make sure it has an appropriate `as` value and it is preloaded intentionally. @ https://www.accio.com/business/best-selling-laptops-in-india:0
[   31381ms] [LOG] Wed Jul 29 2026 13:34:19 GMT+0530 (India Standard Time) @ https://g.alicdn.com/AWSC/et/1.83.41/et_f.js:1
[   35780ms] [WARNING] The resource https://www.accio.com/@assets/buyer-agent/accio-static-assets/0.0.2/lib/font/Noto-Sans-regular.woff2 was preloaded using link preload but not used within a few seconds from the window's load event. Please make sure it has an appropriate `as` value and it is preloaded intentionally. @ https://www.accio.com/business/best-selling-laptops-in-india:0
[   35781ms] [WARNING] The resource https://www.accio.com/@assets/buyer-agent/accio-static-assets/0.0.4/lib/font/noto-sans-v38-latin-600.woff2 was preloaded using link preload but not used within a few seconds from the window's load event. Please make sure it has an appropriate `as` value and it is preloaded intentionally. @ https://www.accio.com/business/best-selling-laptops-in-india:0
[   35781ms] [WARNING] The resource https://www.accio.com/@assets/buyer-agent/accio-static-assets/0.0.3/lib/font/Noto-Sans-700.woff2 was preloaded using link preload but not used within a few seconds from the window's load event. Please make sure it has an appropriate `as` value and it is preloaded intentionally. @ https://www.accio.com/business/best-selling-laptops-in-india:0
[   36229ms] [ERROR] Failed to load resource: net::ERR_CONNECTION_TIMED_OUT @ https://px-intl.ucweb.com/api/v1/jssdk/upload?wpk-header=app%3Daccio%26cp%3Dnone%26de%3D1%26seq%3D17853122381084%26tm%3D1785312238%26ud%3D1421d7e2-c0ae-4304-067d-5460a6888b4e%26ver%3DPC%26type%3Dflow%26sver%3D2.3.34%26sign%3D9bf8a190ef82c5049df7b199c599c45b&uc_param_str=prveosfrnwutmisvbditcu:0
[   36451ms] [ERROR] Failed to load resource: net::ERR_CONNECTION_TIMED_OUT @ https://px-intl.ucweb.com/api/v1/jssdk/upload?wpk-header=app%3Daccio%26cp%3Dnone%26de%3D1%26seq%3D17853122415321%26tm%3D1785312241%26ud%3D1421d7e2-c0ae-4304-067d-5460a6888b4e%26ver%3DPC%26type%3Dapi%26sver%3D2.3.34%26sign%3D9bf8a190ef82c5049df7b199c599c45b&uc_param_str=prveosfrnwutmisvbditcu:0
[   36454ms] [ERROR] Failed to load resource: net::ERR_CONNECTION_TIMED_OUT @ https://px-intl.ucweb.com/api/v1/jssdk/upload?wpk-header=app%3Daccio%26cp%3Dnone%26de%3D1%26seq%3D17853122469690%26tm%3D1785312246%26ud%3D1421d7e2-c0ae-4304-067d-5460a6888b4e%26ver%3DPC%26type%3Dapi%26sver%3D2.3.34%26sign%3D9bf8a190ef82c5049df7b199c599c45b&uc_param_str=prveosfrnwutmisvbditcu:0
[   39185ms] [ERROR] Failed to load resource: net::ERR_CONNECTION_TIMED_OUT @ https://px-intl.ucweb.com/api/v1/jssdk/upload?wpk-header=app%3Daccio%26cp%3Dnone%26de%3D1%26seq%3D17853122489190%26tm%3D1785312248%26ud%3D1421d7e2-c0ae-4304-067d-5460a6888b4e%26ver%3DPC%26type%3Dapi%26sver%3D2.3.34%26sign%3D9bf8a190ef82c5049df7b199c599c45b&uc_param_str=prveosfrnwutmisvbditcu:0
[   41429ms] [ERROR] Failed to load resource: net::ERR_CONNECTION_TIMED_OUT @ https://px-intl.ucweb.com/api/v1/jssdk/upload?wpk-header=app%3Daccio%26cp%3Dnone%26de%3D1%26seq%3D17853122577346%26tm%3D1785312257%26ud%3D1421d7e2-c0ae-4304-067d-5460a6888b4e%26ver%3DPC%26type%3Dapi%26sver%3D2.3.34%26sign%3D9bf8a190ef82c5049df7b199c599c45b&uc_param_str=prveosfrnwutmisvbditcu:0
[   44469ms] [WARNING] The resource https://www.accio.com/@assets/buyer-agent/accio-static-assets/0.0.2/lib/font/Noto-Sans-regular.woff2 was preloaded using link preload but not used within a few seconds from the window's load event. Please make sure it has an appropriate `as` value and it is preloaded intentionally. @ https://www.accio.com/business/best-selling-laptops-in-india:0
[   44469ms] [WARNING] The resource https://www.accio.com/@assets/buyer-agent/accio-static-assets/0.0.4/lib/font/noto-sans-v38-latin-600.woff2 was preloaded using link preload but not used within a few seconds from the window's load event. Please make sure it has an appropriate `as` value and it is preloaded intentionally. @ https://www.accio.com/business/best-selling-laptops-in-india:0
[   44469ms] [WARNING] The resource https://www.accio.com/@assets/buyer-agent/accio-static-assets/0.0.3/lib/font/Noto-Sans-700.woff2 was preloaded using link preload but not used within a few seconds from the window's load event. Please make sure it has an appropriate `as` value and it is preloaded intentionally. @ https://www.accio.com/business/best-selling-laptops-in-india:0
[   52123ms] [ERROR] Failed to load resource: net::ERR_CONNECTION_TIMED_OUT @ https://px-intl.ucweb.com/api/v1/jssdk/upload?wpk-header=app%3Daccio%26cp%3Dnone%26de%3D1%26seq%3D17853122583040%26tm%3D1785312258%26ud%3D1421d7e2-c0ae-4304-067d-5460a6888b4e%26ver%3DPC%26type%3Dapi%26sver%3D2.3.34%26sign%3D9bf8a190ef82c5049df7b199c599c45b&uc_param_str=prveosfrnwutmisvbditcu:0
[   55693ms] [WARNING] The resource https://www.accio.com/@assets/buyer-agent/accio-static-assets/0.0.2/lib/font/Noto-Sans-regular.woff2 was preloaded using link preload but not used within a few seconds from the window's load event. Please make sure it has an appropriate `as` value and it is preloaded intentionally. @ https://www.accio.com/business/best-selling-laptops-in-india:0
[   55695ms] [WARNING] The resource https://www.accio.com/@assets/buyer-agent/accio-static-assets/0.0.4/lib/font/noto-sans-v38-latin-600.woff2 was preloaded using link preload but not used within a few seconds from the window's load event. Please make sure it has an appropriate `as` value and it is preloaded intentionally. @ https://www.accio.com/business/best-selling-laptops-in-india:0
[   55696ms] [WARNING] The resource https://www.accio.com/@assets/buyer-agent/accio-static-assets/0.0.3/lib/font/Noto-Sans-700.woff2 was preloaded using link preload but not used within a few seconds from the window's load event. Please make sure it has an appropriate `as` value and it is preloaded intentionally. @ https://www.accio.com/business/best-selling-laptops-in-india:0
[   75055ms] [ERROR] Failed to load resource: net::ERR_CONNECTION_TIMED_OUT @ https://px-intl.ucweb.com/api/v1/jssdk/upload?wpk-header=app%3Daccio%26cp%3Dnone%26de%3D1%26seq%3D17853122826201%26tm%3D1785312282%26ud%3D1421d7e2-c0ae-4304-067d-5460a6888b4e%26ver%3DPC%26type%3Dapi%26sver%3D2.3.34%26sign%3D9bf8a190ef82c5049df7b199c599c45b&uc_param_str=prveosfrnwutmisvbditcu:0
[   78057ms] [WARNING] The resource https://www.accio.com/@assets/buyer-agent/accio-static-assets/0.0.2/lib/font/Noto-Sans-regular.woff2 was preloaded using link preload but not used within a few seconds from the window's load event. Please make sure it has an appropriate `as` value and it is preloaded intentionally. @ https://www.accio.com/business/best-selling-laptops-in-india:0
[   78057ms] [WARNING] The resource https://www.accio.com/@assets/buyer-agent/accio-static-assets/0.0.4/lib/font/noto-sans-v38-latin-600.woff2 was preloaded using link preload but not used within a few seconds from the window's load event. Please make sure it has an appropriate `as` value and it is preloaded intentionally. @ https://www.accio.com/business/best-selling-laptops-in-india:0
[   78057ms] [WARNING] The resource https://www.accio.com/@assets/buyer-agent/accio-static-assets/0.0.3/lib/font/Noto-Sans-700.woff2 was preloaded using link preload but not used within a few seconds from the window's load event. Please make sure it has an appropriate `as` value and it is preloaded intentionally. @ https://www.accio.com/business/best-selling-laptops-in-india:0
[   84904ms] [WARNING] Failed to execute 'postMessage' on 'DOMWindow': The target origin provided ('https://www.google.com') does not match the recipient window's origin ('https://www.accio.com'). @ https://www.googletagmanager.com/gtag/js?id=G-ZXVH33R0VR:919
[   84905ms] [WARNING] Failed to execute 'postMessage' on 'DOMWindow': The target origin provided ('https://www.youtube.com') does not match the recipient window's origin ('https://www.accio.com'). @ https://www.googletagmanager.com/gtag/js?id=G-ZXVH33R0VR:919
[   84905ms] [WARNING] Failed to execute 'postMessage' on 'DOMWindow': The target origin provided ('https://m.youtube.com') does not match the recipient window's origin ('https://www.accio.com'). @ https://www.googletagmanager.com/gtag/js?id=G-ZXVH33R0VR:919
[  116123ms] [WARNING] The resource https://www.accio.com/@assets/buyer-agent/accio-static-assets/0.0.2/lib/font/Noto-Sans-regular.woff2 was preloaded using link preload but not used within a few seconds from the window's load event. Please make sure it has an appropriate `as` value and it is preloaded intentionally. @ https://www.accio.com/business/best-selling-laptops-in-india:0
[  116123ms] [WARNING] The resource https://www.accio.com/@assets/buyer-agent/accio-static-assets/0.0.4/lib/font/noto-sans-v38-latin-600.woff2 was preloaded using link preload but not used within a few seconds from the window's load event. Please make sure it has an appropriate `as` value and it is preloaded intentionally. @ https://www.accio.com/business/best-selling-laptops-in-india:0
[  116123ms] [WARNING] The resource https://www.accio.com/@assets/buyer-agent/accio-static-assets/0.0.3/lib/font/Noto-Sans-700.woff2 was preloaded using link preload but not used within a few seconds from the window's load event. Please make sure it has an appropriate `as` value and it is preloaded intentionally. @ https://www.accio.com/business/best-selling-laptops-in-india:0
[  135472ms] [ERROR] Failed to load resource: net::ERR_CONNECTION_TIMED_OUT @ https://px-intl.ucweb.com/api/v1/jssdk/upload?wpk-header=app%3Daccio%26cp%3Dnone%26de%3D1%26seq%3D17853123429636%26tm%3D1785312342%26ud%3D1421d7e2-c0ae-4304-067d-5460a6888b4e%26ver%3DPC%26type%3Dapi%26sver%3D2.3.34%26sign%3D9bf8a190ef82c5049df7b199c599c45b&uc_param_str=prveosfrnwutmisvbditcu:0
[  138510ms] [WARNING] The resource https://www.accio.com/@assets/buyer-agent/accio-static-assets/0.0.2/lib/font/Noto-Sans-regular.woff2 was preloaded using link preload but not used within a few seconds from the window's load event. Please make sure it has an appropriate `as` value and it is preloaded intentionally. @ https://www.accio.com/business/best-selling-laptops-in-india:0
[  138511ms] [WARNING] The resource https://www.accio.com/@assets/buyer-agent/accio-static-assets/0.0.4/lib/font/noto-sans-v38-latin-600.woff2 was preloaded using link preload but not used within a few seconds from the window's load event. Please make sure it has an appropriate `as` value and it is preloaded intentionally. @ https://www.accio.com/business/best-selling-laptops-in-india:0
[  138511ms] [WARNING] The resource https://www.accio.com/@assets/buyer-agent/accio-static-assets/0.0.3/lib/font/Noto-Sans-700.woff2 was preloaded using link preload but not used within a few seconds from the window's load event. Please make sure it has an appropriate `as` value and it is preloaded intentionally. @ https://www.accio.com/business/best-selling-laptops-in-india:0
[  176828ms] [WARNING] The resource https://www.accio.com/@assets/buyer-agent/accio-static-assets/0.0.2/lib/font/Noto-Sans-regular.woff2 was preloaded using link preload but not used within a few seconds from the window's load event. Please make sure it has an appropriate `as` value and it is preloaded intentionally. @ https://www.accio.com/business/best-selling-laptops-in-india:0
[  176830ms] [WARNING] The resource https://www.accio.com/@assets/buyer-agent/accio-static-assets/0.0.4/lib/font/noto-sans-v38-latin-600.woff2 was preloaded using link preload but not used within a few seconds from the window's load event. Please make sure it has an appropriate `as` value and it is preloaded intentionally. @ https://www.accio.com/business/best-selling-laptops-in-india:0
[  176831ms] [WARNING] The resource https://www.accio.com/@assets/buyer-agent/accio-static-assets/0.0.3/lib/font/Noto-Sans-700.woff2 was preloaded using link preload but not used within a few seconds from the window's load event. Please make sure it has an appropriate `as` value and it is preloaded intentionally. @ https://www.accio.com/business/best-selling-laptops-in-india:0
