[     281ms] TypeError: Cannot redefine property: languages
    at Object.defineProperty (<anonymous>)
    at <anonymous>:28:12
    at <anonymous>:46:5
    at <anonymous>:47:7
[    7446ms] TypeError: Cannot redefine property: languages
    at Object.defineProperty (<anonymous>)
    at <anonymous>:28:12
    at <anonymous>:46:5
    at <anonymous>:47:7
[    7469ms] TypeError: Cannot redefine property: languages
    at Object.defineProperty (<anonymous>)
    at <anonymous>:28:12
    at <anonymous>:46:5
    at <anonymous>:47:7
[    7550ms] TypeError: Cannot redefine property: languages
    at Object.defineProperty (<anonymous>)
    at <anonymous>:28:12
    at <anonymous>:46:5
    at <anonymous>:47:7
    at eval (eval at <anonymous> (https://www.google.com/search?q=latest+AI+news&sca_esv=80600b589e019a80&source=hp&ei=LOlmapatE8jgseMP6Ne4OQ&iflsig=ABILxe8AAAAAamb3PJ3xBKT2jGWopnW9RBkDXbAJ0v4q&ved=0ahUKEwiW88HbjPKVAxVIcGwGHegrLgcQ4dUDCCE&uact=5&oq=latest+AI+news&gs_lp=Egdnd3Mtd2l6Ig5sYXRlc3QgQUkgbmV3c0h5UABYAHAAeACQAQCYAQCgAQCqAQC4AQPIAQD4AQGYAgCgAgCYAwCSBwCgBwCyBwC4BwDCBwDIBwCACAE&sclient=gws-wiz:2:477), <anonymous>:1547:34397)
    at Y7 (eval at <anonymous> (https://www.google.com/search?q=latest+AI+news&sca_esv=80600b589e019a80&source=hp&ei=LOlmapatE8jgseMP6Ne4OQ&iflsig=ABILxe8AAAAAamb3PJ3xBKT2jGWopnW9RBkDXbAJ0v4q&ved=0ahUKEwiW88HbjPKVAxVIcGwGHegrLgcQ4dUDCCE&uact=5&oq=latest+AI+news&gs_lp=Egdnd3Mtd2l6Ig5sYXRlc3QgQUkgbmV3c0h5UABYAHAAeACQAQCYAQCgAQCqAQC4AQPIAQD4AQGYAgCgAgCYAwCSBwCgBwCyBwC4BwDCBwDIBwCACAE&sclient=gws-wiz:2:477), <anonymous>:1547:38526)
    at Q.eval [as W] (eval at <anonymous> (https://www.google.com/search?q=latest+AI+news&sca_esv=80600b589e019a80&source=hp&ei=LOlmapatE8jgseMP6Ne4OQ&iflsig=ABILxe8AAAAAamb3PJ3xBKT2jGWopnW9RBkDXbAJ0v4q&ved=0ahUKEwiW88HbjPKVAxVIcGwGHegrLgcQ4dUDCCE&uact=5&oq=latest+AI+news&gs_lp=Egdnd3Mtd2l6Ig5sYXRlc3QgQUkgbmV3c0h5UABYAHAAeACQAQCYAQCgAQCqAQC4AQPIAQD4AQGYAgCgAgCYAwCSBwCgBwCyBwC4BwDCBwDIBwCACAE&sclient=gws-wiz:2:477), <anonymous>:1547:57415)
    at vX (eval at <anonymous> (https://www.google.com/search?q=latest+AI+news&sca_esv=80600b589e019a80&source=hp&ei=LOlmapatE8jgseMP6Ne4OQ&iflsig=ABILxe8AAAAAamb3PJ3xBKT2jGWopnW9RBkDXbAJ0v4q&ved=0ahUKEwiW88HbjPKVAxVIcGwGHegrLgcQ4dUDCCE&uact=5&oq=latest+AI+news&gs_lp=Egdnd3Mtd2l6Ig5sYXRlc3QgQUkgbmV3c0h5UABYAHAAeACQAQCYAQCgAQCqAQC4AQPIAQD4AQGYAgCgAgCYAwCSBwCgBwCyBwC4BwDCBwDIBwCACAE&sclient=gws-wiz:2:477), <anonymous>:1547:37384)
    at nC (eval at <anonymous> (https://www.google.com/search?q=latest+AI+news&sca_esv=80600b589e019a80&source=hp&ei=LOlmapatE8jgseMP6Ne4OQ&iflsig=ABILxe8AAAAAamb3PJ3xBKT2jGWopnW9RBkDXbAJ0v4q&ved=0ahUKEwiW88HbjPKVAxVIcGwGHegrLgcQ4dUDCCE&uact=5&oq=latest+AI+news&gs_lp=Egdnd3Mtd2l6Ig5sYXRlc3QgQUkgbmV3c0h5UABYAHAAeACQAQCYAQCgAQCqAQC4AQPIAQD4AQGYAgCgAgCYAwCSBwCgBwCyBwC4BwDCBwDIBwCACAE&sclient=gws-wiz:2:477), <anonymous>:1547:5654)
    at a (eval at <anonymous> (https://www.google.com/search?q=latest+AI+news&sca_esv=80600b589e019a80&source=hp&ei=LOlmapatE8jgseMP6Ne4OQ&iflsig=ABILxe8AAAAAamb3PJ3xBKT2jGWopnW9RBkDXbAJ0v4q&ved=0ahUKEwiW88HbjPKVAxVIcGwGHegrLgcQ4dUDCCE&uact=5&oq=latest+AI+news&gs_lp=Egdnd3Mtd2l6Ig5sYXRlc3QgQUkgbmV3c0h5UABYAHAAeACQAQCYAQCgAQCqAQC4AQPIAQD4AQGYAgCgAgCYAwCSBwCgBwCyBwC4BwDCBwDIBwCACAE&sclient=gws-wiz:2:477), <anonymous>:1547:14058)
[    7555ms] TypeError: Cannot redefine property: languages
    at Object.defineProperty (<anonymous>)
    at <anonymous>:28:12
    at <anonymous>:46:5
    at <anonymous>:47:7
    at eval (eval at <anonymous> (https://www.google.com/search?q=latest+AI+news&sca_esv=80600b589e019a80&source=hp&ei=LOlmapatE8jgseMP6Ne4OQ&iflsig=ABILxe8AAAAAamb3PJ3xBKT2jGWopnW9RBkDXbAJ0v4q&ved=0ahUKEwiW88HbjPKVAxVIcGwGHegrLgcQ4dUDCCE&uact=5&oq=latest+AI+news&gs_lp=Egdnd3Mtd2l6Ig5sYXRlc3QgQUkgbmV3c0h5UABYAHAAeACQAQCYAQCgAQCqAQC4AQPIAQD4AQGYAgCgAgCYAwCSBwCgBwCyBwC4BwDCBwDIBwCACAE&sclient=gws-wiz:2:477), <anonymous>:1547:34397)
    at Y7 (eval at <anonymous> (https://www.google.com/search?q=latest+AI+news&sca_esv=80600b589e019a80&source=hp&ei=LOlmapatE8jgseMP6Ne4OQ&iflsig=ABILxe8AAAAAamb3PJ3xBKT2jGWopnW9RBkDXbAJ0v4q&ved=0ahUKEwiW88HbjPKVAxVIcGwGHegrLgcQ4dUDCCE&uact=5&oq=latest+AI+news&gs_lp=Egdnd3Mtd2l6Ig5sYXRlc3QgQUkgbmV3c0h5UABYAHAAeACQAQCYAQCgAQCqAQC4AQPIAQD4AQGYAgCgAgCYAwCSBwCgBwCyBwC4BwDCBwDIBwCACAE&sclient=gws-wiz:2:477), <anonymous>:1547:38526)
    at Q.eval [as W] (eval at <anonymous> (https://www.google.com/search?q=latest+AI+news&sca_esv=80600b589e019a80&source=hp&ei=LOlmapatE8jgseMP6Ne4OQ&iflsig=ABILxe8AAAAAamb3PJ3xBKT2jGWopnW9RBkDXbAJ0v4q&ved=0ahUKEwiW88HbjPKVAxVIcGwGHegrLgcQ4dUDCCE&uact=5&oq=latest+AI+news&gs_lp=Egdnd3Mtd2l6Ig5sYXRlc3QgQUkgbmV3c0h5UABYAHAAeACQAQCYAQCgAQCqAQC4AQPIAQD4AQGYAgCgAgCYAwCSBwCgBwCyBwC4BwDCBwDIBwCACAE&sclient=gws-wiz:2:477), <anonymous>:1547:57415)
    at vX (eval at <anonymous> (https://www.google.com/search?q=latest+AI+news&sca_esv=80600b589e019a80&source=hp&ei=LOlmapatE8jgseMP6Ne4OQ&iflsig=ABILxe8AAAAAamb3PJ3xBKT2jGWopnW9RBkDXbAJ0v4q&ved=0ahUKEwiW88HbjPKVAxVIcGwGHegrLgcQ4dUDCCE&uact=5&oq=latest+AI+news&gs_lp=Egdnd3Mtd2l6Ig5sYXRlc3QgQUkgbmV3c0h5UABYAHAAeACQAQCYAQCgAQCqAQC4AQPIAQD4AQGYAgCgAgCYAwCSBwCgBwCyBwC4BwDCBwDIBwCACAE&sclient=gws-wiz:2:477), <anonymous>:1547:37384)
    at nC (eval at <anonymous> (https://www.google.com/search?q=latest+AI+news&sca_esv=80600b589e019a80&source=hp&ei=LOlmapatE8jgseMP6Ne4OQ&iflsig=ABILxe8AAAAAamb3PJ3xBKT2jGWopnW9RBkDXbAJ0v4q&ved=0ahUKEwiW88HbjPKVAxVIcGwGHegrLgcQ4dUDCCE&uact=5&oq=latest+AI+news&gs_lp=Egdnd3Mtd2l6Ig5sYXRlc3QgQUkgbmV3c0h5UABYAHAAeACQAQCYAQCgAQCqAQC4AQPIAQD4AQGYAgCgAgCYAwCSBwCgBwCyBwC4BwDCBwDIBwCACAE&sclient=gws-wiz:2:477), <anonymous>:1547:5654)
    at a (eval at <anonymous> (https://www.google.com/search?q=latest+AI+news&sca_esv=80600b589e019a80&source=hp&ei=LOlmapatE8jgseMP6Ne4OQ&iflsig=ABILxe8AAAAAamb3PJ3xBKT2jGWopnW9RBkDXbAJ0v4q&ved=0ahUKEwiW88HbjPKVAxVIcGwGHegrLgcQ4dUDCCE&uact=5&oq=latest+AI+news&gs_lp=Egdnd3Mtd2l6Ig5sYXRlc3QgQUkgbmV3c0h5UABYAHAAeACQAQCYAQCgAQCqAQC4AQPIAQD4AQGYAgCgAgCYAwCSBwCgBwCyBwC4BwDCBwDIBwCACAE&sclient=gws-wiz:2:477), <anonymous>:1547:14058)
[    8245ms] [ERROR] Failed to load resource: the server responded with a status of 429 () @ https://www.google.com/sorry/index?continue=https://www.google.com/search%3Fq%3Dlatest%2BAI%2Bnews%26sca_esv%3D80600b589e019a80%26source%3Dhp%26ei%3DLOlmapatE8jgseMP6Ne4OQ%26iflsig%3DABILxe8AAAAAamb3PJ3xBKT2jGWopnW9RBkDXbAJ0v4q%26ved%3D0ahUKEwiW88HbjPKVAxVIcGwGHegrLgcQ4dUDCCE%26uact%3D5%26oq%3Dlatest%2BAI%2Bnews%26gs_lp%3DEgdnd3Mtd2l6Ig5sYXRlc3QgQUkgbmV3c0h5UABYAHAAeACQAQCYAQCgAQCqAQC4AQPIAQD4AQGYAgCgAgCYAwCSBwCgBwCyBwC4BwDCBwDIBwCACAE%26sclient%3Dgws-wiz%26sei%3DM-lmarrBGc_h4-EPnNbTuAw&q=EhAkCUDlEayogQjBKdwolexuGLPSm9MGIjAgjvRvDNA0jtD5VU3VDuX1uA9fdnHsLhBdPpBOmEUsYmcc1tXRiAap7abhIb4B0vEyAVJaAUM:0
[    8283ms] TypeError: Cannot redefine property: languages
    at Object.defineProperty (<anonymous>)
    at <anonymous>:28:12
    at <anonymous>:46:5
    at <anonymous>:47:7
[    8299ms] TypeError: Cannot redefine property: languages
    at Object.defineProperty (<anonymous>)
    at <anonymous>:28:12
    at <anonymous>:46:5
    at <anonymous>:47:7
[    9085ms] TypeError: Cannot redefine property: languages
    at Object.defineProperty (<anonymous>)
    at <anonymous>:28:12
    at <anonymous>:46:5
    at <anonymous>:47:7
[    9093ms] TypeError: Cannot redefine property: languages
    at Object.defineProperty (<anonymous>)
    at <anonymous>:28:12
    at <anonymous>:46:5
    at <anonymous>:47:7
[    9252ms] [WARNING] An iframe which has both allow-scripts and allow-same-origin for its sandbox attribute can escape its sandboxing. @ https://www.google.com/recaptcha/enterprise/anchor?ar=1&k=6LdLLIMbAAAAAIl-KLj9p1ePhM-4LCCDbjtJLqRO&co=aHR0cHM6Ly93d3cuZ29vZ2xlLmNvbTo0NDM.&hl=en&v=A7KpaEASfhDcK0nXxgQEyyYv&size=normal&s=xIg6sPbPLZAoNsnj9Ta9EhSZlpW81G-bRdubqY1kaf8n1JDYDIAYG0bq_yy8yMx1y7cAq-6x-0ih5oPfCrDUyaCi7cCOmhrjk0xGzmp6J01CjSWOJxQhxMuBkwoLHuVasV0Lo5wgNIkafqud0eUFVQ6ywIib8bRpvHuWbdImxMe1yuB7nhRhFDEuhk9QDq7tLz9egDT11uHrzvPyzmohuVQy2KQkh3-S2W9nC_PP_JDSOjdBxy3FHtZwjIpkGVj8MQgp-oj6lXGpdSLLY1sh9Z8XwdaOYe8&anchor-ms=20000&execute-ms=30000&cb=avxr0hi5czn8:0
[    9717ms] TypeError: Cannot redefine property: languages
    at Object.defineProperty (<anonymous>)
    at <anonymous>:28:12
    at <anonymous>:46:5
    at <anonymous>:47:7
    at Array.<anonymous> (https://www.gstatic.com/recaptcha/releases/A7KpaEASfhDcK0nXxgQEyyYv/recaptcha__en.js:371:62)
    at Array.<anonymous> (https://www.gstatic.com/recaptcha/releases/A7KpaEASfhDcK0nXxgQEyyYv/recaptcha__en.js:374:399)
    at aN.M (https://www.gstatic.com/recaptcha/releases/A7KpaEASfhDcK0nXxgQEyyYv/recaptcha__en.js:118:303)
    at Array.<anonymous> (https://www.gstatic.com/recaptcha/releases/A7KpaEASfhDcK0nXxgQEyyYv/recaptcha__en.js:233:151)
    at B.next (https://www.gstatic.com/recaptcha/releases/A7KpaEASfhDcK0nXxgQEyyYv/recaptcha__en.js:799:238)
    at https://www.gstatic.com/recaptcha/releases/A7KpaEASfhDcK0nXxgQEyyYv/recaptcha__en.js:133:18
[    9719ms] TypeError: Cannot redefine property: languages
    at Object.defineProperty (<anonymous>)
    at <anonymous>:28:12
    at <anonymous>:46:5
    at <anonymous>:47:7
    at Array.<anonymous> (https://www.gstatic.com/recaptcha/releases/A7KpaEASfhDcK0nXxgQEyyYv/recaptcha__en.js:371:62)
    at Array.<anonymous> (https://www.gstatic.com/recaptcha/releases/A7KpaEASfhDcK0nXxgQEyyYv/recaptcha__en.js:374:399)
    at aN.M (https://www.gstatic.com/recaptcha/releases/A7KpaEASfhDcK0nXxgQEyyYv/recaptcha__en.js:118:303)
    at Array.<anonymous> (https://www.gstatic.com/recaptcha/releases/A7KpaEASfhDcK0nXxgQEyyYv/recaptcha__en.js:233:151)
    at B.next (https://www.gstatic.com/recaptcha/releases/A7KpaEASfhDcK0nXxgQEyyYv/recaptcha__en.js:799:238)
    at https://www.gstatic.com/recaptcha/releases/A7KpaEASfhDcK0nXxgQEyyYv/recaptcha__en.js:133:18
[    9798ms] ReferenceError: solveSimpleChallenge is not defined
    at onload (https://www.google.com/sorry/index?continue=https://www.google.com/search%3Fq%3Dlatest%2BAI%2Bnews%26sca_esv%3D80600b589e019a80%26source%3Dhp%26ei%3DLOlmapatE8jgseMP6Ne4OQ%26iflsig%3DABILxe8AAAAAamb3PJ3xBKT2jGWopnW9RBkDXbAJ0v4q%26ved%3D0ahUKEwiW88HbjPKVAxVIcGwGHegrLgcQ4dUDCCE%26uact%3D5%26oq%3Dlatest%2BAI%2Bnews%26gs_lp%3DEgdnd3Mtd2l6Ig5sYXRlc3QgQUkgbmV3c0h5UABYAHAAeACQAQCYAQCgAQCqAQC4AQPIAQD4AQGYAgCgAgCYAwCSBwCgBwCyBwC4BwDCBwDIBwCACAE%26sclient%3Dgws-wiz%26sei%3DM-lmarrBGc_h4-EPnNbTuAw&q=EhAkCUDlEayogQjBKdwolexuGLPSm9MGIjAgjvRvDNA0jtD5VU3VDuX1uA9fdnHsLhBdPpBOmEUsYmcc1tXRiAap7abhIb4B0vEyAVJaAUM:4:316)
[   10104ms] TypeError: Cannot redefine property: languages
    at Object.defineProperty (<anonymous>)
    at <anonymous>:28:12
    at <anonymous>:46:5
    at <anonymous>:47:7
    at Array.<anonymous> (https://www.gstatic.com/recaptcha/releases/A7KpaEASfhDcK0nXxgQEyyYv/recaptcha__en.js:371:62)
    at https://www.gstatic.com/recaptcha/releases/A7KpaEASfhDcK0nXxgQEyyYv/recaptcha__en.js:1205:43
    at https://www.gstatic.com/recaptcha/releases/A7KpaEASfhDcK0nXxgQEyyYv/recaptcha__en.js:1261:125
    at https://www.gstatic.com/recaptcha/releases/A7KpaEASfhDcK0nXxgQEyyYv/recaptcha__en.js:764:104
    at https://www.gstatic.com/recaptcha/releases/A7KpaEASfhDcK0nXxgQEyyYv/recaptcha__en.js:250:328
    at Array.<anonymous> (https://www.gstatic.com/recaptcha/releases/A7KpaEASfhDcK0nXxgQEyyYv/recaptcha__en.js:120:110)
[   10107ms] TypeError: Cannot redefine property: languages
    at Object.defineProperty (<anonymous>)
    at <anonymous>:28:12
    at <anonymous>:46:5
    at <anonymous>:47:7
    at Array.<anonymous> (https://www.gstatic.com/recaptcha/releases/A7KpaEASfhDcK0nXxgQEyyYv/recaptcha__en.js:371:62)
    at https://www.gstatic.com/recaptcha/releases/A7KpaEASfhDcK0nXxgQEyyYv/recaptcha__en.js:1205:43
    at https://www.gstatic.com/recaptcha/releases/A7KpaEASfhDcK0nXxgQEyyYv/recaptcha__en.js:1261:125
    at https://www.gstatic.com/recaptcha/releases/A7KpaEASfhDcK0nXxgQEyyYv/recaptcha__en.js:764:104
    at https://www.gstatic.com/recaptcha/releases/A7KpaEASfhDcK0nXxgQEyyYv/recaptcha__en.js:250:328
    at Array.<anonymous> (https://www.gstatic.com/recaptcha/releases/A7KpaEASfhDcK0nXxgQEyyYv/recaptcha__en.js:120:110)
[   10137ms] TypeError: Cannot redefine property: languages
    at Object.defineProperty (<anonymous>)
    at <anonymous>:28:12
    at <anonymous>:46:5
    at <anonymous>:47:7
    at xy.<anonymous> (https://www.gstatic.com/recaptcha/releases/A7KpaEASfhDcK0nXxgQEyyYv/recaptcha__en.js:821:387)
    at xy.K.R.<computed>.ab (https://www.gstatic.com/recaptcha/releases/A7KpaEASfhDcK0nXxgQEyyYv/recaptcha__en.js:1658:488)
    at xy.<anonymous> (https://www.gstatic.com/recaptcha/releases/A7KpaEASfhDcK0nXxgQEyyYv/recaptcha__en.js:536:82)
    at xy.K.R.<computed>.F.FX (https://www.gstatic.com/recaptcha/releases/A7KpaEASfhDcK0nXxgQEyyYv/recaptcha__en.js:1655:237)
    at https://www.gstatic.com/recaptcha/releases/A7KpaEASfhDcK0nXxgQEyyYv/recaptcha__en.js:430:184
    at Pb (https://www.gstatic.com/recaptcha/releases/A7KpaEASfhDcK0nXxgQEyyYv/recaptcha__en.js:943:79)
[   10140ms] TypeError: Cannot redefine property: languages
    at Object.defineProperty (<anonymous>)
    at <anonymous>:28:12
    at <anonymous>:46:5
    at <anonymous>:47:7
    at xy.<anonymous> (https://www.gstatic.com/recaptcha/releases/A7KpaEASfhDcK0nXxgQEyyYv/recaptcha__en.js:821:387)
    at xy.K.R.<computed>.ab (https://www.gstatic.com/recaptcha/releases/A7KpaEASfhDcK0nXxgQEyyYv/recaptcha__en.js:1658:488)
    at xy.<anonymous> (https://www.gstatic.com/recaptcha/releases/A7KpaEASfhDcK0nXxgQEyyYv/recaptcha__en.js:536:82)
    at xy.K.R.<computed>.F.FX (https://www.gstatic.com/recaptcha/releases/A7KpaEASfhDcK0nXxgQEyyYv/recaptcha__en.js:1655:237)
    at https://www.gstatic.com/recaptcha/releases/A7KpaEASfhDcK0nXxgQEyyYv/recaptcha__en.js:430:184
    at Pb (https://www.gstatic.com/recaptcha/releases/A7KpaEASfhDcK0nXxgQEyyYv/recaptcha__en.js:943:79)
[   10257ms] [WARNING] An iframe which has both allow-scripts and allow-same-origin for its sandbox attribute can escape its sandboxing. @ https://www.google.com/recaptcha/enterprise/bframe?hl=en&v=A7KpaEASfhDcK0nXxgQEyyYv&k=6LdLLIMbAAAAAIl-KLj9p1ePhM-4LCCDbjtJLqRO&bft=0dAFcWeA6EqY7oJcxvZkoBtFckjWVQpbZVEcLvSk_plaNmwVP8qhJXlZiO9XCsm0UHTLZRCyc9J8H1dlaagXA1_SbOGP76PWBXUw:0
[   10262ms] TypeError: Cannot redefine property: languages
    at Object.defineProperty (<anonymous>)
    at <anonymous>:28:12
    at <anonymous>:46:5
    at <anonymous>:47:7
[   10264ms] TypeError: Cannot redefine property: languages
    at Object.defineProperty (<anonymous>)
    at <anonymous>:28:12
    at <anonymous>:46:5
    at <anonymous>:47:7
[   10437ms] TypeError: Cannot redefine property: languages
    at Object.defineProperty (<anonymous>)
    at <anonymous>:28:12
    at <anonymous>:46:5
    at <anonymous>:47:7
    at xy.<anonymous> (https://www.gstatic.com/recaptcha/releases/A7KpaEASfhDcK0nXxgQEyyYv/recaptcha__en.js:821:387)
    at xy.K.R.<computed>.ab (https://www.gstatic.com/recaptcha/releases/A7KpaEASfhDcK0nXxgQEyyYv/recaptcha__en.js:1658:488)
    at xy.<anonymous> (https://www.gstatic.com/recaptcha/releases/A7KpaEASfhDcK0nXxgQEyyYv/recaptcha__en.js:536:82)
    at xy.K.R.<computed>.F.FX (https://www.gstatic.com/recaptcha/releases/A7KpaEASfhDcK0nXxgQEyyYv/recaptcha__en.js:1655:237)
    at https://www.gstatic.com/recaptcha/releases/A7KpaEASfhDcK0nXxgQEyyYv/recaptcha__en.js:430:184
    at Pb (https://www.gstatic.com/recaptcha/releases/A7KpaEASfhDcK0nXxgQEyyYv/recaptcha__en.js:943:79)
[   10440ms] TypeError: Cannot redefine property: languages
    at Object.defineProperty (<anonymous>)
    at <anonymous>:28:12
    at <anonymous>:46:5
    at <anonymous>:47:7
    at xy.<anonymous> (https://www.gstatic.com/recaptcha/releases/A7KpaEASfhDcK0nXxgQEyyYv/recaptcha__en.js:821:387)
    at xy.K.R.<computed>.ab (https://www.gstatic.com/recaptcha/releases/A7KpaEASfhDcK0nXxgQEyyYv/recaptcha__en.js:1658:488)
    at xy.<anonymous> (https://www.gstatic.com/recaptcha/releases/A7KpaEASfhDcK0nXxgQEyyYv/recaptcha__en.js:536:82)
    at xy.K.R.<computed>.F.FX (https://www.gstatic.com/recaptcha/releases/A7KpaEASfhDcK0nXxgQEyyYv/recaptcha__en.js:1655:237)
    at https://www.gstatic.com/recaptcha/releases/A7KpaEASfhDcK0nXxgQEyyYv/recaptcha__en.js:430:184
    at Pb (https://www.gstatic.com/recaptcha/releases/A7KpaEASfhDcK0nXxgQEyyYv/recaptcha__en.js:943:79)
