[     630ms] TypeError: Cannot redefine property: webdriver
    at Object.defineProperty (<anonymous>)
    at <anonymous>:3:12
    at <anonymous>:5:5
    at <anonymous>:6:7
[     631ms] TypeError: Cannot redefine property: webdriver
    at Object.defineProperty (<anonymous>)
    at <anonymous>:3:12
    at <anonymous>:5:5
    at <anonymous>:6:7
[     632ms] TypeError: Cannot redefine property: webdriver
    at Object.defineProperty (<anonymous>)
    at <anonymous>:3:12
    at <anonymous>:5:5
    at <anonymous>:6:7
[     970ms] TypeError: Cannot redefine property: webdriver
    at Object.defineProperty (<anonymous>)
    at <anonymous>:3:12
    at <anonymous>:5:5
    at <anonymous>:6:7
[     971ms] TypeError: Cannot redefine property: webdriver
    at Object.defineProperty (<anonymous>)
    at <anonymous>:3:12
    at <anonymous>:5:5
    at <anonymous>:6:7
[     973ms] TypeError: Cannot redefine property: webdriver
    at Object.defineProperty (<anonymous>)
    at <anonymous>:3:12
    at <anonymous>:5:5
    at <anonymous>:6:7
[    1642ms] TypeError: Cannot redefine property: webdriver
    at Object.defineProperty (<anonymous>)
    at <anonymous>:3:12
    at <anonymous>:5:5
    at <anonymous>:6:7
[    1643ms] TypeError: Cannot redefine property: webdriver
    at Object.defineProperty (<anonymous>)
    at <anonymous>:3:12
    at <anonymous>:5:5
    at <anonymous>:6:7
[    1643ms] TypeError: Cannot redefine property: webdriver
    at Object.defineProperty (<anonymous>)
    at <anonymous>:3:12
    at <anonymous>:5:5
    at <anonymous>:6:7
[    4933ms] TypeError: Cannot redefine property: webdriver
    at Object.defineProperty (<anonymous>)
    at <anonymous>:3:12
    at <anonymous>:5:5
    at <anonymous>:6:7
[    4941ms] TypeError: Cannot redefine property: webdriver
    at Object.defineProperty (<anonymous>)
    at <anonymous>:3:12
    at <anonymous>:5:5
    at <anonymous>:6:7
[    4944ms] TypeError: Cannot redefine property: webdriver
    at Object.defineProperty (<anonymous>)
    at <anonymous>:3:12
    at <anonymous>:5:5
    at <anonymous>:6:7
[    5312ms] TypeError: Cannot redefine property: webdriver
    at Object.defineProperty (<anonymous>)
    at <anonymous>:3:12
    at <anonymous>:5:5
    at <anonymous>:6:7
[    5313ms] TypeError: Cannot redefine property: webdriver
    at Object.defineProperty (<anonymous>)
    at <anonymous>:3:12
    at <anonymous>:5:5
    at <anonymous>:6:7
[    5315ms] TypeError: Cannot redefine property: webdriver
    at Object.defineProperty (<anonymous>)
    at <anonymous>:3:12
    at <anonymous>:5:5
    at <anonymous>:6:7
[    6385ms] [ERROR] Loading the image 'https://match.adsrvr.org/track/cmf/generic?ttd_pid=stickyads&ttd_tpi=1&gdpr=0&gdpr_consent=' violates the following Content Security Policy directive: "default-src 'self' s.amazon-adsystem.com aax-eu.amazon-adsystem.com aax-fe.amazon-adsystem.com fonts.gstatic.com *.firefox.etp doubleclick.net *.stickyadstv.com *.g.doubleclick.net fout.jp ninthdecimal.com *.postrelease.com *.yahoo.com *.adnxs.com exelator.com richaudience.com *.presage.io samplicio.us *.rubiconproject.com semasio.net cm.g.doubleclick.net *.samba.tv presage.io yahoo.com *.loopme.me *.amazon-adsystem.com yahoo.net gumgum.com *.imdb.com google.com amazon-adsystem.com *.samplicio.us *.smartadserver.com loopme.me zeotap.com *.mediarithmics.com taboola.com *.bidswitch.net *.thisisdax.com *.fwmrm.net *.yahoo.net adscale.de *.ninthdecimal.com *.zeotap.com *.adscale.de fwmrm.net demdex.net *.scorecardresearch.com agkn.com *.kargo.com connatix.com *.dmxleo.com *.casalemedia.com bidswitch.net dmxleo.com imdb.com *.gumgum.com *.demdex.net *.ispot.tv *.google.com *.exelator.com *.pubmatic.com kargo.com scorecardresearch.com *.3lift.com thisisdax.com postrelease.com *.doubleclick.net stickyadstv.com yieldmo.com *.mookie1.com ispot.tv *.connatix.com *.agkn.com samba.tv pubmatic.com smartadserver.com s.amazon-adsystem.com/ecm3 *.match.360yield.com *.richaudience.com *.fout.jp casalemedia.com rubiconproject.com openx.net adnxs.com mookie1.com match.360yield.com *.taboola.com *.openx.net *.semasio.net *.yieldmo.com". Note that 'img-src' was not explicitly set, so 'default-src' is used as a fallback. The action has been blocked. @ https://s.amazon-adsystem.com/v3/pr?exlist=n-xr-HMT_n-id-HMT_n-nt-HMT_ns_n-eq-HMT3_n-ix-HMT_bsw_n-y-HMT_n-cx-HMT_n-dm2-HMT_n-dx-HMT2_n-zeotap-4_fw_imdb_n-fo-HMT_n-lucid_n-st-HMT1_n-samba.tv_n-rb-HMT3_n-fw-HMT1_n-og-HMT_adelphic_adb_mp_n-mediarithmics_g_n-comscr.com_n-lm-HMT3_ox_n-tl-HMT_n-semasio-ecm_n-kg-HMT_n-gg-HMT2_an_n-pm-HMT_n-g-hmt_nsln_nd_n-ispot_n-stroer-HMT_n-ym-HMT_n-ox-hmt_n-ex1-HMT_tbl&fv=1.0&a=cm&dmt=1&gdpr_consent=&ex-pl-n-g-hmt=L6jzIoAUS5yKgEP8EF69gg&gdpr=0&ep=pKwij5XtqFOhcYnDIK0mo5bptVmYoBhZr_W3Gx6GAxEsWgr8TheZnijJY_jxs6MUwUn4Kb6Bzx9nEyi8MQhFTxYVk99ObgOt84n_8_MeeVHduEV6Ujg0RRptzKNtf8BVmri1loXto78YL9qp7stk_aHVRSeuNim7F7YuyrpiGqW-3r3rJf5DhsCcLVT2cfMEF3I3jX1KTvY3_o8GNucs31lpdZmqQUuVj49VcTFSucU6mLF6oemEN9TuVTQNoe9rpBJUHCE8V1ZtsfEIbDQIgy6xYb6493lULGjL_wRxphULjFeFZ4FsHzqVPnK35ySwKw0ekIxWrxA1gSVPd3krcGsI_zy2ZUr1XOurA9m27DHx_xy04iBbNYg_QKZr6A-zZiROj06qTYN6ar8pMyByQpb4JSwQF0_-Q3V4xj14lkI7Xt6zKFZOWWGvqC3R5CUlNkxOl3DWhemTWBEWcpuKacfc00AOBVUSXC0ql8yWG_pQJi7DDIDR3vpgIkjyKLjH-swkyJoddZx7pFlMpQ3QiUf6Re5B3ewibR4TCme-KlmH3abJz_C_wRTXztFn8mms9UbQxhzTrTuAL3_wA7Bjf9NShoCvsYHGfLF3slKEGNjC-GPQSEHUcZ6ckdv63MzEO4XqrYDjjh-6d9k8QMs6NU2WBV79QEVqIxhJ2UtV_rTkbGl32ncGXrXDjPw1qc8ywIVCEisOU-hbWQbGFUY-75_LyziWyQnoAmE9cNxJ1CPTxbH-g28yPB8CxRYOaASc3ujmBFYaTlAd4zrFNGaYWldBxWVc6hFbDx0UrgTRsV-A46aHgHqXMTcwcfYTwzJ-4BHwzdRUNq7UCPnC_sOK6EsmkbSelKSYNZ4gcQCvOA1TUYRSHMIp9G2dts7b6rODRmM2ZyAupofKlq7JCcmN_CAQW0FYggpjU5_SKEthmKKEbtpB_6a09gWdcLOEWw-BqjR34ompjoP2wWg8LzsQOzzFXL1L0PHZNI8uP--EOTAOvvEBBTD1uTQmjLOxCzGFC-UPVtApIcYlweysKhokRzI-RlHVTwlx8bExxMYZIernImyPYVOX6JkyCx_gRhB0e0kBMv2FS3LI3gOemGM0Rej3mt2PAkWsrqDX_s3TRJ7bR21LSkVFgCHpiBbpju-1yFOr4MLGH_xz5Nc8wgNvjim2AxqVaKByN213XCLJ7hNDGMAOojPdQudP2Z52-KTruxlQGRsVzX-oyaJieJ9zJkGTWyT9o9bAXNR6DFZ3MB02Ic_LsG9qe7kDSgClSoJVHhgkpDTlWQh2cS3oqUTPUzYcsWKDWUbxr8DrQYFYw18PDaMFZ0mmt1Wa7iUowMhpSPKjaK2on8RFGT7meSyR1dmuo3xfGeBVBEM1kra5yo7ahjR9cU9zxndwz-rsi3vhmwULQR21Y5k-5Uvxjv3BO7L-IhhJW3-hboKHsKy73qVwq6i5kZYuyaicn5hSRnvh:0
[   60299ms] TypeError: Cannot redefine property: webdriver
    at Object.defineProperty (<anonymous>)
    at <anonymous>:3:12
    at <anonymous>:5:5
    at <anonymous>:6:7
[   60303ms] TypeError: Cannot redefine property: webdriver
    at Object.defineProperty (<anonymous>)
    at <anonymous>:3:12
    at <anonymous>:5:5
    at <anonymous>:6:7
[   60309ms] TypeError: Cannot redefine property: webdriver
    at Object.defineProperty (<anonymous>)
    at <anonymous>:3:12
    at <anonymous>:5:5
    at <anonymous>:6:7
[   60316ms] TypeError: Cannot redefine property: webdriver
    at Object.defineProperty (<anonymous>)
    at <anonymous>:3:12
    at <anonymous>:5:5
    at <anonymous>:6:7
[   61648ms] TypeError: Cannot redefine property: webdriver
    at Object.defineProperty (<anonymous>)
    at <anonymous>:3:12
    at <anonymous>:5:5
    at <anonymous>:6:7
[   61654ms] TypeError: Cannot redefine property: webdriver
    at Object.defineProperty (<anonymous>)
    at <anonymous>:3:12
    at <anonymous>:5:5
    at <anonymous>:6:7
[   61656ms] TypeError: Cannot redefine property: webdriver
    at Object.defineProperty (<anonymous>)
    at <anonymous>:3:12
    at <anonymous>:5:5
    at <anonymous>:6:7
[   61663ms] TypeError: Cannot redefine property: webdriver
    at Object.defineProperty (<anonymous>)
    at <anonymous>:3:12
    at <anonymous>:5:5
    at <anonymous>:6:7
[   61815ms] TypeError: Cannot redefine property: webdriver
    at Object.defineProperty (<anonymous>)
    at <anonymous>:3:12
    at <anonymous>:5:5
    at <anonymous>:6:7
[   61886ms] TypeError: Cannot redefine property: webdriver
    at Object.defineProperty (<anonymous>)
    at <anonymous>:3:12
    at <anonymous>:5:5
    at <anonymous>:6:7
[   61904ms] TypeError: Cannot redefine property: webdriver
    at Object.defineProperty (<anonymous>)
    at <anonymous>:3:12
    at <anonymous>:5:5
    at <anonymous>:6:7
[   61924ms] TypeError: Cannot redefine property: webdriver
    at Object.defineProperty (<anonymous>)
    at <anonymous>:3:12
    at <anonymous>:5:5
    at <anonymous>:6:7
[   61948ms] TypeError: Cannot redefine property: webdriver
    at Object.defineProperty (<anonymous>)
    at <anonymous>:3:12
    at <anonymous>:5:5
    at <anonymous>:6:7
[   61981ms] TypeError: Cannot redefine property: webdriver
    at Object.defineProperty (<anonymous>)
    at <anonymous>:3:12
    at <anonymous>:5:5
    at <anonymous>:6:7
[   61999ms] TypeError: Cannot redefine property: webdriver
    at Object.defineProperty (<anonymous>)
    at <anonymous>:3:12
    at <anonymous>:5:5
    at <anonymous>:6:7
[   62017ms] TypeError: Cannot redefine property: webdriver
    at Object.defineProperty (<anonymous>)
    at <anonymous>:3:12
    at <anonymous>:5:5
    at <anonymous>:6:7
[   63265ms] [LOG] [NoriLogger] Initialized successfully @ https://m.media-amazon.com/images/I/B1+gJLCAJgL.js:26
[   63625ms] [ERROR] [SushiLogger] Logger not initialized, performance not logged for: asinImageRender @ https://m.media-amazon.com/images/I/B1+gJLCAJgL.js:26
[   66568ms] TypeError: Cannot redefine property: webdriver
    at Object.defineProperty (<anonymous>)
    at <anonymous>:3:12
    at <anonymous>:5:5
    at <anonymous>:6:7
[   66577ms] TypeError: Cannot redefine property: webdriver
    at Object.defineProperty (<anonymous>)
    at <anonymous>:3:12
    at <anonymous>:5:5
    at <anonymous>:6:7
[   66584ms] TypeError: Cannot redefine property: webdriver
    at Object.defineProperty (<anonymous>)
    at <anonymous>:3:12
    at <anonymous>:5:5
    at <anonymous>:6:7
[   66597ms] TypeError: Cannot redefine property: webdriver
    at Object.defineProperty (<anonymous>)
    at <anonymous>:3:12
    at <anonymous>:5:5
    at <anonymous>:6:7
[   66937ms] TypeError: Cannot redefine property: webdriver
    at Object.defineProperty (<anonymous>)
    at <anonymous>:3:12
    at <anonymous>:5:5
    at <anonymous>:6:7
[   66950ms] TypeError: Cannot redefine property: webdriver
    at Object.defineProperty (<anonymous>)
    at <anonymous>:3:12
    at <anonymous>:5:5
    at <anonymous>:6:7
[   66957ms] TypeError: Cannot redefine property: webdriver
    at Object.defineProperty (<anonymous>)
    at <anonymous>:3:12
    at <anonymous>:5:5
    at <anonymous>:6:7
[   66968ms] TypeError: Cannot redefine property: webdriver
    at Object.defineProperty (<anonymous>)
    at <anonymous>:3:12
    at <anonymous>:5:5
    at <anonymous>:6:7
[   67256ms] [ERROR] Error logged with the Track&Report JS errors API(http://tiny/1covqr6l8/wamazindeClieUserJava): {"m":"ARA:RegisterTriggerResponseError:SEARCH. Error receiving response from ARAServiceFailed to execute 'json' on 'Response': Unexpected end of JSON input","name":"SyntaxError","csm":"v5 ueLogError stack","logLevel":"ERROR","attribution":"ARARegisterTrigger","pageURL":"https://www.amazon.com/s?k=mechanical+keyboard&ref=nb_sb_noss","f":"https://m.media-amazon.com/images/I/21vARlfe4pL._RC%7C11s0wiXngEL.js_.js?AUIClients/ARARegisterTriggerSubAssets-search","l":"7","s":["SyntaxError: Unexpected end of JSON input","at https://m.media-amazon.com/images/I/21vARlfe4pL._RC%7C11s0wiXngEL.js_.js?AUIClients/ARARegisterTriggerSubAssets-search:7:384"],"t":6914} {m: ARA:RegisterTriggerResponseError:SEARCH. Error rec…json' on 'Response': Unexpected end of JSON input, name: SyntaxError, type: undefined, csm: v5 ueLogError stack, logLevel: ERROR} @ https://images-na.ssl-images-amazon.com/images/I/215h87l68bL.js:3
[   77614ms] [WARNING] The resource https://m.media-amazon.com/images/S/sash/i-VQjgAwefVc6gy.js#sfClientUrl was preloaded using link preload but not used within a few seconds from the window's load event. Please make sure it has an appropriate `as` value and it is preloaded intentionally. @ https://www.amazon.com/s?k=mechanical+keyboard&ref=nb_sb_noss:0
[   77618ms] [WARNING] The resource https://m.media-amazon.com/images/S/sash/shz7L5-RmFPx81a.html#sfClientHtmlUrl was preloaded using link preload but not used within a few seconds from the window's load event. Please make sure it has an appropriate `as` value and it is preloaded intentionally. @ https://www.amazon.com/s?k=mechanical+keyboard&ref=nb_sb_noss:0
[   82078ms] [WARNING] The resource https://m.media-amazon.com/images/S/sash/i-VQjgAwefVc6gy.js#sfClientUrl was preloaded using link preload but not used within a few seconds from the window's load event. Please make sure it has an appropriate `as` value and it is preloaded intentionally. @ https://www.amazon.com/s?k=mechanical+keyboard&ref=nb_sb_noss:0
[   82079ms] [WARNING] The resource https://m.media-amazon.com/images/S/sash/shz7L5-RmFPx81a.html#sfClientHtmlUrl was preloaded using link preload but not used within a few seconds from the window's load event. Please make sure it has an appropriate `as` value and it is preloaded intentionally. @ https://www.amazon.com/s?k=mechanical+keyboard&ref=nb_sb_noss:0
[   90267ms] [WARNING] The resource https://m.media-amazon.com/images/S/sash/i-VQjgAwefVc6gy.js#sfClientUrl was preloaded using link preload but not used within a few seconds from the window's load event. Please make sure it has an appropriate `as` value and it is preloaded intentionally. @ https://www.amazon.com/s?k=mechanical+keyboard&ref=nb_sb_noss:0
[   90268ms] [WARNING] The resource https://m.media-amazon.com/images/S/sash/shz7L5-RmFPx81a.html#sfClientHtmlUrl was preloaded using link preload but not used within a few seconds from the window's load event. Please make sure it has an appropriate `as` value and it is preloaded intentionally. @ https://www.amazon.com/s?k=mechanical+keyboard&ref=nb_sb_noss:0
[  110706ms] [WARNING] The resource https://m.media-amazon.com/images/S/sash/i-VQjgAwefVc6gy.js#sfClientUrl was preloaded using link preload but not used within a few seconds from the window's load event. Please make sure it has an appropriate `as` value and it is preloaded intentionally. @ https://www.amazon.com/s?k=mechanical+keyboard&ref=nb_sb_noss:0
[  110707ms] [WARNING] The resource https://m.media-amazon.com/images/S/sash/shz7L5-RmFPx81a.html#sfClientHtmlUrl was preloaded using link preload but not used within a few seconds from the window's load event. Please make sure it has an appropriate `as` value and it is preloaded intentionally. @ https://www.amazon.com/s?k=mechanical+keyboard&ref=nb_sb_noss:0
[  120419ms] [WARNING] The resource https://m.media-amazon.com/images/S/sash/i-VQjgAwefVc6gy.js#sfClientUrl was preloaded using link preload but not used within a few seconds from the window's load event. Please make sure it has an appropriate `as` value and it is preloaded intentionally. @ https://www.amazon.com/s?k=mechanical+keyboard&ref=nb_sb_noss:0
[  120420ms] [WARNING] The resource https://m.media-amazon.com/images/S/sash/shz7L5-RmFPx81a.html#sfClientHtmlUrl was preloaded using link preload but not used within a few seconds from the window's load event. Please make sure it has an appropriate `as` value and it is preloaded intentionally. @ https://www.amazon.com/s?k=mechanical+keyboard&ref=nb_sb_noss:0
[  122504ms] TypeError: Cannot redefine property: webdriver
    at Object.defineProperty (<anonymous>)
    at <anonymous>:3:12
    at <anonymous>:5:5
    at <anonymous>:6:7
[  122516ms] TypeError: Cannot redefine property: webdriver
    at Object.defineProperty (<anonymous>)
    at <anonymous>:3:12
    at <anonymous>:5:5
    at <anonymous>:6:7
[  122526ms] TypeError: Cannot redefine property: webdriver
    at Object.defineProperty (<anonymous>)
    at <anonymous>:3:12
    at <anonymous>:5:5
    at <anonymous>:6:7
[  122538ms] TypeError: Cannot redefine property: webdriver
    at Object.defineProperty (<anonymous>)
    at <anonymous>:3:12
    at <anonymous>:5:5
    at <anonymous>:6:7
[  122685ms] [LOG] [NoriLogger] Initialized successfully @ https://m.media-amazon.com/images/I/B1+gJLCAJgL.js:26
[  122742ms] TypeError: Cannot redefine property: webdriver
    at Object.defineProperty (<anonymous>)
    at <anonymous>:3:12
    at <anonymous>:5:5
    at <anonymous>:6:7
[  122755ms] TypeError: Cannot redefine property: webdriver
    at Object.defineProperty (<anonymous>)
    at <anonymous>:3:12
    at <anonymous>:5:5
    at <anonymous>:6:7
[  122764ms] TypeError: Cannot redefine property: webdriver
    at Object.defineProperty (<anonymous>)
    at <anonymous>:3:12
    at <anonymous>:5:5
    at <anonymous>:6:7
[  122777ms] TypeError: Cannot redefine property: webdriver
    at Object.defineProperty (<anonymous>)
    at <anonymous>:3:12
    at <anonymous>:5:5
    at <anonymous>:6:7
[  123171ms] [LOG] [NoriLogger] Initialized successfully @ https://m.media-amazon.com/images/I/B1+gJLCAJgL.js:26
[  123183ms] [ERROR] [SushiLogger] Logger not initialized, performance not logged for: asinImageRender @ https://m.media-amazon.com/images/I/B1+gJLCAJgL.js:26
[  123271ms] [ERROR] [NoriLogger] [WARN] DSPClientStrategy NoriLogger: Timer for fontsRender already exists. @ https://m.media-amazon.com/images/I/B1+gJLCAJgL.js:10
[  123280ms] [ERROR] [NoriLogger] [WARN] DSPClientStrategy NoriLogger: Timer for fontsRender already exists. @ https://m.media-amazon.com/images/I/B1+gJLCAJgL.js:10
[  123507ms] TypeError: Cannot redefine property: webdriver
    at Object.defineProperty (<anonymous>)
    at <anonymous>:3:12
    at <anonymous>:5:5
    at <anonymous>:6:7
[  123525ms] TypeError: Cannot redefine property: webdriver
    at Object.defineProperty (<anonymous>)
    at <anonymous>:3:12
    at <anonymous>:5:5
    at <anonymous>:6:7
[  123532ms] TypeError: Cannot redefine property: webdriver
    at Object.defineProperty (<anonymous>)
    at <anonymous>:3:12
    at <anonymous>:5:5
    at <anonymous>:6:7
[  123543ms] TypeError: Cannot redefine property: webdriver
    at Object.defineProperty (<anonymous>)
    at <anonymous>:3:12
    at <anonymous>:5:5
    at <anonymous>:6:7
[  129343ms] [WARNING] The resource https://m.media-amazon.com/images/S/sash/i-VQjgAwefVc6gy.js#sfClientUrl was preloaded using link preload but not used within a few seconds from the window's load event. Please make sure it has an appropriate `as` value and it is preloaded intentionally. @ https://www.amazon.com/s?k=mechanical+keyboard&rh=p_72%3A1248879011&dc&qid=1784743808&rnid=1248877011&ref=sr_nr_p_72_1&ds=v1%3AwGL55uO9lFcjfLKR1rqmfLQpkwMGjKqiP%2F0wDb3LGz4:0
[  129343ms] [WARNING] The resource https://m.media-amazon.com/images/S/sash/shz7L5-RmFPx81a.html#sfClientHtmlUrl was preloaded using link preload but not used within a few seconds from the window's load event. Please make sure it has an appropriate `as` value and it is preloaded intentionally. @ https://www.amazon.com/s?k=mechanical+keyboard&rh=p_72%3A1248879011&dc&qid=1784743808&rnid=1248877011&ref=sr_nr_p_72_1&ds=v1%3AwGL55uO9lFcjfLKR1rqmfLQpkwMGjKqiP%2F0wDb3LGz4:0
[  133953ms] [WARNING] The resource https://m.media-amazon.com/images/S/sash/i-VQjgAwefVc6gy.js#sfClientUrl was preloaded using link preload but not used within a few seconds from the window's load event. Please make sure it has an appropriate `as` value and it is preloaded intentionally. @ https://www.amazon.com/s?k=mechanical+keyboard&rh=p_72%3A1248879011&dc&qid=1784743808&rnid=1248877011&ref=sr_nr_p_72_1&ds=v1%3AwGL55uO9lFcjfLKR1rqmfLQpkwMGjKqiP%2F0wDb3LGz4:0
[  134057ms] [WARNING] The resource https://m.media-amazon.com/images/S/sash/shz7L5-RmFPx81a.html#sfClientHtmlUrl was preloaded using link preload but not used within a few seconds from the window's load event. Please make sure it has an appropriate `as` value and it is preloaded intentionally. @ https://www.amazon.com/s?k=mechanical+keyboard&rh=p_72%3A1248879011&dc&qid=1784743808&rnid=1248877011&ref=sr_nr_p_72_1&ds=v1%3AwGL55uO9lFcjfLKR1rqmfLQpkwMGjKqiP%2F0wDb3LGz4:0
[  137585ms] [WARNING] The resource https://m.media-amazon.com/images/S/sash/i-VQjgAwefVc6gy.js#sfClientUrl was preloaded using link preload but not used within a few seconds from the window's load event. Please make sure it has an appropriate `as` value and it is preloaded intentionally. @ https://www.amazon.com/s?k=mechanical+keyboard&rh=p_72%3A1248879011&dc&qid=1784743808&rnid=1248877011&ref=sr_nr_p_72_1&ds=v1%3AwGL55uO9lFcjfLKR1rqmfLQpkwMGjKqiP%2F0wDb3LGz4:0
[  137586ms] [WARNING] The resource https://m.media-amazon.com/images/S/sash/shz7L5-RmFPx81a.html#sfClientHtmlUrl was preloaded using link preload but not used within a few seconds from the window's load event. Please make sure it has an appropriate `as` value and it is preloaded intentionally. @ https://www.amazon.com/s?k=mechanical+keyboard&rh=p_72%3A1248879011&dc&qid=1784743808&rnid=1248877011&ref=sr_nr_p_72_1&ds=v1%3AwGL55uO9lFcjfLKR1rqmfLQpkwMGjKqiP%2F0wDb3LGz4:0
[  150141ms] [WARNING] The resource https://m.media-amazon.com/images/S/sash/i-VQjgAwefVc6gy.js#sfClientUrl was preloaded using link preload but not used within a few seconds from the window's load event. Please make sure it has an appropriate `as` value and it is preloaded intentionally. @ https://www.amazon.com/s?k=mechanical+keyboard&rh=p_72%3A1248879011&dc&qid=1784743808&rnid=1248877011&ref=sr_nr_p_72_1&ds=v1%3AwGL55uO9lFcjfLKR1rqmfLQpkwMGjKqiP%2F0wDb3LGz4:0
[  150141ms] [WARNING] The resource https://m.media-amazon.com/images/S/sash/shz7L5-RmFPx81a.html#sfClientHtmlUrl was preloaded using link preload but not used within a few seconds from the window's load event. Please make sure it has an appropriate `as` value and it is preloaded intentionally. @ https://www.amazon.com/s?k=mechanical+keyboard&rh=p_72%3A1248879011&dc&qid=1784743808&rnid=1248877011&ref=sr_nr_p_72_1&ds=v1%3AwGL55uO9lFcjfLKR1rqmfLQpkwMGjKqiP%2F0wDb3LGz4:0
[  160365ms] [WARNING] The resource https://m.media-amazon.com/images/S/sash/i-VQjgAwefVc6gy.js#sfClientUrl was preloaded using link preload but not used within a few seconds from the window's load event. Please make sure it has an appropriate `as` value and it is preloaded intentionally. @ https://www.amazon.com/s?k=mechanical+keyboard&rh=p_72%3A1248879011&dc&qid=1784743808&rnid=1248877011&ref=sr_nr_p_72_1&ds=v1%3AwGL55uO9lFcjfLKR1rqmfLQpkwMGjKqiP%2F0wDb3LGz4:0
[  160365ms] [WARNING] The resource https://m.media-amazon.com/images/S/sash/shz7L5-RmFPx81a.html#sfClientHtmlUrl was preloaded using link preload but not used within a few seconds from the window's load event. Please make sure it has an appropriate `as` value and it is preloaded intentionally. @ https://www.amazon.com/s?k=mechanical+keyboard&rh=p_72%3A1248879011&dc&qid=1784743808&rnid=1248877011&ref=sr_nr_p_72_1&ds=v1%3AwGL55uO9lFcjfLKR1rqmfLQpkwMGjKqiP%2F0wDb3LGz4:0
[  163677ms] [WARNING] The resource https://m.media-amazon.com/images/S/sash/i-VQjgAwefVc6gy.js#sfClientUrl was preloaded using link preload but not used within a few seconds from the window's load event. Please make sure it has an appropriate `as` value and it is preloaded intentionally. @ https://www.amazon.com/s?k=mechanical+keyboard&rh=p_72%3A1248879011&dc&qid=1784743808&rnid=1248877011&ref=sr_nr_p_72_1&ds=v1%3AwGL55uO9lFcjfLKR1rqmfLQpkwMGjKqiP%2F0wDb3LGz4:0
[  163678ms] [WARNING] The resource https://m.media-amazon.com/images/S/sash/shz7L5-RmFPx81a.html#sfClientHtmlUrl was preloaded using link preload but not used within a few seconds from the window's load event. Please make sure it has an appropriate `as` value and it is preloaded intentionally. @ https://www.amazon.com/s?k=mechanical+keyboard&rh=p_72%3A1248879011&dc&qid=1784743808&rnid=1248877011&ref=sr_nr_p_72_1&ds=v1%3AwGL55uO9lFcjfLKR1rqmfLQpkwMGjKqiP%2F0wDb3LGz4:0
[  180778ms] [WARNING] The resource https://m.media-amazon.com/images/S/sash/i-VQjgAwefVc6gy.js#sfClientUrl was preloaded using link preload but not used within a few seconds from the window's load event. Please make sure it has an appropriate `as` value and it is preloaded intentionally. @ https://www.amazon.com/s?k=mechanical+keyboard&rh=p_72%3A1248879011&dc&qid=1784743808&rnid=1248877011&ref=sr_nr_p_72_1&ds=v1%3AwGL55uO9lFcjfLKR1rqmfLQpkwMGjKqiP%2F0wDb3LGz4:0
[  180780ms] [WARNING] The resource https://m.media-amazon.com/images/S/sash/shz7L5-RmFPx81a.html#sfClientHtmlUrl was preloaded using link preload but not used within a few seconds from the window's load event. Please make sure it has an appropriate `as` value and it is preloaded intentionally. @ https://www.amazon.com/s?k=mechanical+keyboard&rh=p_72%3A1248879011&dc&qid=1784743808&rnid=1248877011&ref=sr_nr_p_72_1&ds=v1%3AwGL55uO9lFcjfLKR1rqmfLQpkwMGjKqiP%2F0wDb3LGz4:0
[  210160ms] [WARNING] The resource https://m.media-amazon.com/images/S/sash/i-VQjgAwefVc6gy.js#sfClientUrl was preloaded using link preload but not used within a few seconds from the window's load event. Please make sure it has an appropriate `as` value and it is preloaded intentionally. @ https://www.amazon.com/s?k=mechanical+keyboard&rh=p_72%3A1248879011&dc&qid=1784743808&rnid=1248877011&ref=sr_nr_p_72_1&ds=v1%3AwGL55uO9lFcjfLKR1rqmfLQpkwMGjKqiP%2F0wDb3LGz4:0
[  210160ms] [WARNING] The resource https://m.media-amazon.com/images/S/sash/shz7L5-RmFPx81a.html#sfClientHtmlUrl was preloaded using link preload but not used within a few seconds from the window's load event. Please make sure it has an appropriate `as` value and it is preloaded intentionally. @ https://www.amazon.com/s?k=mechanical+keyboard&rh=p_72%3A1248879011&dc&qid=1784743808&rnid=1248877011&ref=sr_nr_p_72_1&ds=v1%3AwGL55uO9lFcjfLKR1rqmfLQpkwMGjKqiP%2F0wDb3LGz4:0
[  240171ms] [WARNING] The resource https://m.media-amazon.com/images/S/sash/i-VQjgAwefVc6gy.js#sfClientUrl was preloaded using link preload but not used within a few seconds from the window's load event. Please make sure it has an appropriate `as` value and it is preloaded intentionally. @ https://www.amazon.com/s?k=mechanical+keyboard&rh=p_72%3A1248879011&dc&qid=1784743808&rnid=1248877011&ref=sr_nr_p_72_1&ds=v1%3AwGL55uO9lFcjfLKR1rqmfLQpkwMGjKqiP%2F0wDb3LGz4:0
[  240171ms] [WARNING] The resource https://m.media-amazon.com/images/S/sash/shz7L5-RmFPx81a.html#sfClientHtmlUrl was preloaded using link preload but not used within a few seconds from the window's load event. Please make sure it has an appropriate `as` value and it is preloaded intentionally. @ https://www.amazon.com/s?k=mechanical+keyboard&rh=p_72%3A1248879011&dc&qid=1784743808&rnid=1248877011&ref=sr_nr_p_72_1&ds=v1%3AwGL55uO9lFcjfLKR1rqmfLQpkwMGjKqiP%2F0wDb3LGz4:0
[  270398ms] [WARNING] The resource https://m.media-amazon.com/images/S/sash/i-VQjgAwefVc6gy.js#sfClientUrl was preloaded using link preload but not used within a few seconds from the window's load event. Please make sure it has an appropriate `as` value and it is preloaded intentionally. @ https://www.amazon.com/s?k=mechanical+keyboard&rh=p_72%3A1248879011&dc&qid=1784743808&rnid=1248877011&ref=sr_nr_p_72_1&ds=v1%3AwGL55uO9lFcjfLKR1rqmfLQpkwMGjKqiP%2F0wDb3LGz4:0
[  270398ms] [WARNING] The resource https://m.media-amazon.com/images/S/sash/shz7L5-RmFPx81a.html#sfClientHtmlUrl was preloaded using link preload but not used within a few seconds from the window's load event. Please make sure it has an appropriate `as` value and it is preloaded intentionally. @ https://www.amazon.com/s?k=mechanical+keyboard&rh=p_72%3A1248879011&dc&qid=1784743808&rnid=1248877011&ref=sr_nr_p_72_1&ds=v1%3AwGL55uO9lFcjfLKR1rqmfLQpkwMGjKqiP%2F0wDb3LGz4:0
[  300213ms] [WARNING] The resource https://m.media-amazon.com/images/S/sash/i-VQjgAwefVc6gy.js#sfClientUrl was preloaded using link preload but not used within a few seconds from the window's load event. Please make sure it has an appropriate `as` value and it is preloaded intentionally. @ https://www.amazon.com/s?k=mechanical+keyboard&rh=p_72%3A1248879011&dc&qid=1784743808&rnid=1248877011&ref=sr_nr_p_72_1&ds=v1%3AwGL55uO9lFcjfLKR1rqmfLQpkwMGjKqiP%2F0wDb3LGz4:0
[  300214ms] [WARNING] The resource https://m.media-amazon.com/images/S/sash/shz7L5-RmFPx81a.html#sfClientHtmlUrl was preloaded using link preload but not used within a few seconds from the window's load event. Please make sure it has an appropriate `as` value and it is preloaded intentionally. @ https://www.amazon.com/s?k=mechanical+keyboard&rh=p_72%3A1248879011&dc&qid=1784743808&rnid=1248877011&ref=sr_nr_p_72_1&ds=v1%3AwGL55uO9lFcjfLKR1rqmfLQpkwMGjKqiP%2F0wDb3LGz4:0
