[     374ms] TypeError: Cannot redefine property: languages
    at Object.defineProperty (<anonymous>)
    at <anonymous>:22:12
    at <anonymous>:32:5
    at <anonymous>:33:7
[     375ms] TypeError: Cannot redefine property: languages
    at Object.defineProperty (<anonymous>)
    at <anonymous>:22:12
    at <anonymous>:32:5
    at <anonymous>:33:7
[    1848ms] TypeError: Cannot redefine property: languages
    at Object.defineProperty (<anonymous>)
    at <anonymous>:22:12
    at <anonymous>:32:5
    at <anonymous>:33:7
[    1853ms] TypeError: Cannot redefine property: languages
    at Object.defineProperty (<anonymous>)
    at <anonymous>:22:12
    at <anonymous>:32:5
    at <anonymous>:33:7
[    1856ms] TypeError: Cannot redefine property: languages
    at Object.defineProperty (<anonymous>)
    at <anonymous>:22:12
    at <anonymous>:32:5
    at <anonymous>:33:7
[    4622ms] TypeError: Cannot redefine property: languages
    at Object.defineProperty (<anonymous>)
    at <anonymous>:22:12
    at <anonymous>:32:5
    at <anonymous>:33:7
[    4623ms] TypeError: Cannot redefine property: languages
    at Object.defineProperty (<anonymous>)
    at <anonymous>:22:12
    at <anonymous>:32:5
    at <anonymous>:33:7
[    4625ms] TypeError: Cannot redefine property: languages
    at Object.defineProperty (<anonymous>)
    at <anonymous>:22:12
    at <anonymous>:32:5
    at <anonymous>:33:7
[    5367ms] TypeError: Cannot redefine property: languages
    at Object.defineProperty (<anonymous>)
    at <anonymous>:22:12
    at <anonymous>:32:5
    at <anonymous>:33:7
[    5368ms] TypeError: Cannot redefine property: languages
    at Object.defineProperty (<anonymous>)
    at <anonymous>:22:12
    at <anonymous>:32:5
    at <anonymous>:33:7
[    5371ms] TypeError: Cannot redefine property: languages
    at Object.defineProperty (<anonymous>)
    at <anonymous>:22:12
    at <anonymous>:32:5
    at <anonymous>:33:7
[    5408ms] TypeError: Cannot redefine property: languages
    at Object.defineProperty (<anonymous>)
    at <anonymous>:22:12
    at <anonymous>:32:5
    at <anonymous>:33:7
[    5409ms] TypeError: Cannot redefine property: languages
    at Object.defineProperty (<anonymous>)
    at <anonymous>:22:12
    at <anonymous>:32:5
    at <anonymous>:33:7
[    5411ms] TypeError: Cannot redefine property: languages
    at Object.defineProperty (<anonymous>)
    at <anonymous>:22:12
    at <anonymous>:32:5
    at <anonymous>:33:7
[    6898ms] TypeError: Cannot redefine property: languages
    at Object.defineProperty (<anonymous>)
    at <anonymous>:22:12
    at <anonymous>:32:5
    at <anonymous>:33:7
[    6900ms] TypeError: Cannot redefine property: languages
    at Object.defineProperty (<anonymous>)
    at <anonymous>:22:12
    at <anonymous>:32:5
    at <anonymous>:33:7
[    6903ms] TypeError: Cannot redefine property: languages
    at Object.defineProperty (<anonymous>)
    at <anonymous>:22:12
    at <anonymous>:32:5
    at <anonymous>:33:7
[    7577ms] TypeError: Cannot redefine property: languages
    at Object.defineProperty (<anonymous>)
    at <anonymous>:22:12
    at <anonymous>:32:5
    at <anonymous>:33:7
[    7577ms] TypeError: Cannot redefine property: languages
    at Object.defineProperty (<anonymous>)
    at <anonymous>:22:12
    at <anonymous>:32:5
    at <anonymous>:33:7
[    7578ms] TypeError: Cannot redefine property: languages
    at Object.defineProperty (<anonymous>)
    at <anonymous>:22:12
    at <anonymous>:32:5
    at <anonymous>:33:7
[    8029ms] [ERROR] Error logged with the Track&Report JS errors API(http://tiny/1covqr6l8/wamazindeClieUserJava): {"m":"ARA:RegisterTriggerResponseError:SEARCH. Error receiving response from ARAServiceFailed to execute 'json' on 'Response': Unexpected end of JSON input","name":"SyntaxError","csm":"v5 ueLogError stack","logLevel":"ERROR","attribution":"ARARegisterTrigger","pageURL":"https://www.amazon.com/s?k=wireless+mouse&ref=nb_sb_noss","f":"https://m.media-amazon.com/images/I/21vARlfe4pL._RC%7C11s0wiXngEL.js_.js?AUIClients/ARARegisterTriggerSubAssets-search","l":"7","s":["SyntaxError: Unexpected end of JSON input","at https://m.media-amazon.com/images/I/21vARlfe4pL._RC%7C11s0wiXngEL.js_.js?AUIClients/ARARegisterTriggerSubAssets-search:7:384"],"t":3398} {m: ARA:RegisterTriggerResponseError:SEARCH. Error rec…json' on 'Response': Unexpected end of JSON input, name: SyntaxError, type: undefined, csm: v5 ueLogError stack, logLevel: ERROR} @ https://images-na.ssl-images-amazon.com/images/I/215h87l68bL.js:3
[    8744ms] [ERROR] Loading the image 'https://match.adsrvr.org/track/cmf/generic?ttd_pid=stickyads&ttd_tpi=1&gdpr=0&gdpr_consent=' violates the following Content Security Policy directive: "default-src 'self' s.amazon-adsystem.com aax-eu.amazon-adsystem.com aax-fe.amazon-adsystem.com fonts.gstatic.com *.firefox.etp doubleclick.net *.stickyadstv.com *.g.doubleclick.net fout.jp ninthdecimal.com *.postrelease.com *.yahoo.com *.adnxs.com exelator.com richaudience.com *.presage.io samplicio.us *.rubiconproject.com semasio.net cm.g.doubleclick.net *.samba.tv presage.io yahoo.com *.loopme.me *.amazon-adsystem.com yahoo.net gumgum.com *.imdb.com google.com amazon-adsystem.com *.samplicio.us *.smartadserver.com loopme.me zeotap.com *.mediarithmics.com taboola.com *.bidswitch.net *.thisisdax.com *.fwmrm.net *.yahoo.net adscale.de *.ninthdecimal.com *.zeotap.com *.adscale.de fwmrm.net demdex.net *.scorecardresearch.com agkn.com *.kargo.com connatix.com *.dmxleo.com *.casalemedia.com bidswitch.net dmxleo.com imdb.com *.gumgum.com *.demdex.net *.ispot.tv *.google.com *.exelator.com *.pubmatic.com kargo.com scorecardresearch.com *.3lift.com thisisdax.com postrelease.com *.doubleclick.net stickyadstv.com yieldmo.com *.mookie1.com ispot.tv *.connatix.com *.agkn.com samba.tv pubmatic.com smartadserver.com s.amazon-adsystem.com/ecm3 *.match.360yield.com *.richaudience.com *.fout.jp casalemedia.com rubiconproject.com openx.net adnxs.com mookie1.com match.360yield.com *.taboola.com *.openx.net *.semasio.net *.yieldmo.com". Note that 'img-src' was not explicitly set, so 'default-src' is used as a fallback. The action has been blocked. @ https://s.amazon-adsystem.com/v3/pr?exlist=n-xr-HMT_n-id-HMT_n-nt-HMT_ns_n-eq-HMT3_n-ix-HMT_bsw_n-y-HMT_n-cx-HMT_n-dm2-HMT_n-dx-HMT2_n-zeotap-4_fw_imdb_n-fo-HMT_n-lucid_n-st-HMT1_n-samba.tv_n-rb-HMT3_n-fw-HMT1_n-og-HMT_adelphic_adb_mp_n-mediarithmics_g_n-comscr.com_n-lm-HMT3_ox_n-tl-HMT_n-semasio-ecm_n-kg-HMT_n-gg-HMT2_an_n-pm-HMT_n-g-hmt_nsln_nd_n-ispot_n-stroer-HMT_n-ym-HMT_n-ox-hmt_n-ex1-HMT_tbl&fv=1.0&a=cm&dmt=1&gdpr_consent=&ex-pl-n-g-hmt=uOc4Dp_sThWn6LbfHA1jsA&gdpr=0&ep=27sfNERzEjeNqRA4p9qKAxH5-A05HNY_tA6Vv1-_C4LTL4cYSUAHjUGng_DMzU5qMiXEjpt6owj-4Gc9e41qog9nd4eWxmqbqbK0CPrUhphylvflpnQrJ_o8kCBOCcTWgpjc-iCE5821v0P2zsSDie5bq1iOp7XQW6ZPF0sW-gXV1YpI8HfL9X2tlI582ktTzubSMffFL0pnS6pHJEtZPFlpdZmqQUuVj49VcTFSucWcAIQw-1kKA7QqewycduFIxaQtwTQ6kOzBkvwOC2V4fMXhpPV2TpeiqyCWwnpa9L7HFYCjLap-SFT4US6zrJpLckETMOgI1Ca9ebRxlYY1-BFpOCwUZJijywK3FjQPS1x4SgkdJ0AJon-8E3yC9n-UZiROj06qTYN6ar8pMyByQjjFeli1YXXGbygjPI48n_z9jp6QRcHsLJwebeRRfYXJTV7-4STuAffWcJPOAF1P_POt9vIPifXJ3lRwALobfsxQJi7DDIDR3vpgIkjyKLjHnbev5NavtSKVcDlvXZecyS_e1_HpB6a0-uT5hGI8ff_LEicPoYFXb_mFtpk43HttnuFBttXye8cFQXcNmJNtqh6mFQ-LPi1xf0kG4XcEz8pqQyG-MA0qSfFi89TzHlGbjtE7zq7OlGKbpNiXqrVf702WBV79QEVqIxhJ2UtV_rSxUpbH5chMMZ1SbRlbJnjHrbVXPAWLUp7xHkl6UskC0d__jIHxnjyI-5VsCoQ8880RDGHcLdgmOFikBG8klwn6f2E4Ac35R5ypTZYey7C1Y6S1QQdJqO0qKXzWGymXFlU8VcqW2Q83cpw-st30dUqo4BHwzdRUNq7UCPnC_sOK6APZ7Ec0ITMvKu6QYK63mWNH-MuxTfiO2d-A6iMQNuzVtp4AffMpI7rh7k2dnmO5ThLFBQ8FjEebgzxFSNLXB0Yjr_7DoOQ7yy2glQ2ZCh6UcLmxhtorzuGbNHbkExm-EQASefl-3u_sY990O7wmkNMOvvEBBTD1uTQmjLOxCzGFF23vVc0UfohNQm01rtXaTdRD6nWc2EV2fUWB8bj1qrH_ApxCvmgY8TbJVba2iVnClzCyw9lZDUg6duSn39mrUOj3mt2PAkWsrqDX_s3TRJ6iiovIfV0KnKB_fuYdmKJcJ0hTbc0bi-4Rlj88vnsByZfUukDQX9DwDaVDXzDKJ-O_a9FGLfqtj0aLedbDTSvdp1U1OQ0oEOzs5tlNlr9tGn7RGlI9KsubWlPiFGQngAbbe12Ph55VpFKto3U-OkIYHhgkpDTlWQh2cS3oqUTPUzqo3r74kal9M5DS-0rdKe-J3Eze7hU3Ja2739Uf4a71KcThg0jaKSKzqIp9TVVd-dlyL-QLt-p6sEACG0UIwpPxci2Am3_DtKRVchv19mTmyhPHdA9ZdPJHjSi2rOq2Fcw8rY2AAvi1CmonXStLYepwq6i5kZYuyaicn5hSRnvh:0
[   34465ms] TypeError: Cannot redefine property: languages
    at Object.defineProperty (<anonymous>)
    at <anonymous>:22:12
    at <anonymous>:32:5
    at <anonymous>:33:7
[   34466ms] TypeError: Cannot redefine property: languages
    at Object.defineProperty (<anonymous>)
    at <anonymous>:22:12
    at <anonymous>:32:5
    at <anonymous>:33:7
[   34468ms] TypeError: Cannot redefine property: languages
    at Object.defineProperty (<anonymous>)
    at <anonymous>:22:12
    at <anonymous>:32:5
    at <anonymous>:33:7
[   34504ms] [ERROR] Failed to load resource: net::ERR_CONNECTION_CLOSED @ https://m.media-amazon.com/images/I/11ikU6MX1JL._RC%7C11IZtnQHo5L.css,01dUqMyC5zL.css,01zuhLyhUCL.css,219hhF71UnL.css,21JvTSGhvgL.css,51khvsmGtsL.css,21TugutLpHL.css,0121zKjk26L.css,01fBoK6I+FL.css,11xRy3bSkOL.css,01sd0YVrBlL.css,01D-B-OeNDL.css,01Ie8mDBSFL.css,21uFrGk3caL.css,11eUFE9nUtL.css,21ll8MFPkmL.css,21ke3nYXWHL.css,01P5F1B0v4L.css,01xnXXphI2L.css,01x4E7PKD4L.css,21HpY-6TKaL.css,41vOQb1k0LL.css,31rdrTadyLL.css,31TJtSmBkXL.css,11X8K4AolpL.css,21PjfsP9YvL.css,11kmwdXfY5L.css,31xOdlwrVxL.css,010jQ08LZIL.css,21WapOyEGwL.css,21H2-eFBl2L.css,313cUOTuGGL.css,01I+N4GU47L.css,11mqgJVSK9L.css,01P0iSwDaIL.css,01Hx3pNTOJL.css,01C7SPIynDL.css,31xZtqyvadL.css,0105AeC4iML.css,018WvJ50KbL.css_.css?AUIClients/:0
[   34505ms] [ERROR] Failed to load resource: net::ERR_CONNECTION_CLOSED @ https://m.media-amazon.com/images/I/01Yp6UXFByL._RC%7C512nvNs9sIL.css,11Q2UEVwwYL.css_.css?AUIClients/:0
[   34505ms] [ERROR] Failed to load resource: net::ERR_CONNECTION_CLOSED @ https://m.media-amazon.com/images/I/61exUnGaKzL._RC%7C21UZhQX3Y2L.css,31v0iLZZxXL.css,313lo4jwXHL.css,41KQpcRKbaL.css,21W5fiSj06L.css,01wkbZw3FtL.css,01NW8VTUeVL.css,01cu80pBkuL.css,412TrhyHRfL.css,11edBn7Le0L.css,31zCP146TSL.css,21bT8BmCRSL.css,21JgKpjxfmL.css,41qRC-gouAL.css,51zhuDdLmqL.css,71vkbpX3TFL.css,11ZPMCET1hL.css,01uu992b5HL.css,01qwEWNuxuL.css,21qxDmhZV3L.css,11XXguyjjZL.css,31LPDlue2jL.css,01-tcA2vk0L.css,01yo7ZZNxmL.css,31Ongm9cz-L.css,01adN84djtL.css,01+KRP2j52L.css,01muB6xKhLL.css,11qqM0fl2hL.css,01Q3UiXVddL.css,21hHa2nbr8L.css,01v1YC6Gd2L.css,21FsQdvWWZL.css,21yoSpOciRL.css,01goIIPoVxL.css,41AYnE3dr8L.css_.css?AUIClients/:0
[   34505ms] [ERROR] Failed to load resource: net::ERR_CONNECTION_CLOSED @ https://m.media-amazon.com/images/I/41NFFMi5waL.css?AUIClients/:0
[   34505ms] [ERROR] Failed to load resource: net::ERR_CONNECTION_CLOSED @ https://m.media-amazon.com/images/I/01PymyBEJvL.css?AUIClients/:0
[   34505ms] [ERROR] Failed to load resource: net::ERR_CONNECTION_CLOSED @ https://m.media-amazon.com/images/I/31FVVK3HlaL._RC%7C01pQTwrBFZL.css,01AgsNJe34L.css,11bWml9MvZL.css,11wQIGy3uGL.css_.css?AUIClients/:0
[   34505ms] [ERROR] Failed to load resource: net::ERR_CONNECTION_CLOSED @ https://m.media-amazon.com/images/I/21dQovQLAHL.css?AUIClients/:0
[   34505ms] [ERROR] Failed to load resource: net::ERR_CONNECTION_CLOSED @ https://m.media-amazon.com/images/I/01Io73Ll09L.css?AUIClients/:0
[   34505ms] [ERROR] Failed to load resource: net::ERR_CONNECTION_CLOSED @ https://m.media-amazon.com/images/I/21CUIG07UjL.css?AUIClients/:0
[   34505ms] [ERROR] Failed to load resource: net::ERR_CONNECTION_CLOSED @ https://m.media-amazon.com/images/I/4193W2vS8dL.css?AUIClients/:0
[   34506ms] [ERROR] Failed to load resource: net::ERR_CONNECTION_CLOSED @ https://m.media-amazon.com/images/I/01d6NGlDXwL.css?AUIClients/:0
[   34506ms] [ERROR] Failed to load resource: net::ERR_CONNECTION_CLOSED @ https://m.media-amazon.com/images/I/211zB-V+ojL._RC%7C11o52dO+T7L.css,01UqkjH7qOL.css,01NuAxux7eL.css,01twuZPoQgL.css,01+xLBy2LKL.css,01-eqhNIOyL.css,01bTUA+3s-L.css,11b4EuoNYoL.css,21+4BlBdTbL.css,11mP0Qn4wPL.css_.css?AUIClients/:0
[   34506ms] [ERROR] Failed to load resource: net::ERR_CONNECTION_CLOSED @ https://m.media-amazon.com/images/I/110U3WLiUaL._RC%7C21v1zSWaHBL.css_.css?AUIClients/:0
[   34506ms] [ERROR] Failed to load resource: net::ERR_CONNECTION_CLOSED @ https://m.media-amazon.com/images/I/01P3Q8N753L._RC%7C215FdaIhaQL.css,11tXw5UsxML.css_.css?AUIClients/:0
[   34506ms] [ERROR] Failed to load resource: net::ERR_CONNECTION_CLOSED @ https://m.media-amazon.com/images/I/01ywxdIcvxL._RC%7C01wwZTjeU+L.css_.css?AUIClients/:0
[   34506ms] [ERROR] Failed to load resource: net::ERR_CONNECTION_CLOSED @ https://m.media-amazon.com/images/I/111NhyBrSaL.css?AUIClients/:0
[   34506ms] [ERROR] Failed to load resource: net::ERR_CONNECTION_CLOSED @ https://m.media-amazon.com/images/I/019vGlPeEzL.css?AUIClients/CustomerReviewsACRAssets:0
[   35043ms] TypeError: Cannot redefine property: languages
    at Object.defineProperty (<anonymous>)
    at <anonymous>:22:12
    at <anonymous>:32:5
    at <anonymous>:33:7
[   35044ms] TypeError: Cannot redefine property: languages
    at Object.defineProperty (<anonymous>)
    at <anonymous>:22:12
    at <anonymous>:32:5
    at <anonymous>:33:7
[   35045ms] TypeError: Cannot redefine property: languages
    at Object.defineProperty (<anonymous>)
    at <anonymous>:22:12
    at <anonymous>:32:5
    at <anonymous>:33:7
[   36314ms] [WARNING] VIDEOJS: WARN: Using hls options is deprecated. Use vhs instead. @ https://m.media-amazon.com/images/I/3175HHgX+OL._RC%7C01x4giTy+uL.js,01r9LpT6pbL.js,41NWBkfooBL.js,11QfrzttlqL.js,91VXiFQ1TCL.js,01ELLYeIOkL.js_.js?AUIClients/Brila:491
[   36327ms] [WARNING] VIDEOJS: WARN: Using hls options is deprecated. Use vhs instead. @ https://m.media-amazon.com/images/I/3175HHgX+OL._RC%7C01x4giTy+uL.js,01r9LpT6pbL.js,41NWBkfooBL.js,11QfrzttlqL.js,91VXiFQ1TCL.js,01ELLYeIOkL.js_.js?AUIClients/Brila:491
[   36575ms] [ERROR] Failed to load resource: the server responded with a status of 404 () @ https://www.amazon.com/gp/product/ajax/billOfMaterial?ref=bom_pw_initialLoad&viewID=billOfMaterial-primary-widget&bomPageNum=1&searchTerm=&_=1784882142377:0
[   37309ms] TypeError: Cannot redefine property: languages
    at Object.defineProperty (<anonymous>)
    at <anonymous>:22:12
    at <anonymous>:32:5
    at <anonymous>:33:7
[   37311ms] TypeError: Cannot redefine property: languages
    at Object.defineProperty (<anonymous>)
    at <anonymous>:22:12
    at <anonymous>:32:5
    at <anonymous>:33:7
[   37312ms] TypeError: Cannot redefine property: languages
    at Object.defineProperty (<anonymous>)
    at <anonymous>:22:12
    at <anonymous>:32:5
    at <anonymous>:33:7
[   37582ms] TypeError: Cannot redefine property: languages
    at Object.defineProperty (<anonymous>)
    at <anonymous>:22:12
    at <anonymous>:32:5
    at <anonymous>:33:7
[   37583ms] TypeError: Cannot redefine property: languages
    at Object.defineProperty (<anonymous>)
    at <anonymous>:22:12
    at <anonymous>:32:5
    at <anonymous>:33:7
[   37585ms] TypeError: Cannot redefine property: languages
    at Object.defineProperty (<anonymous>)
    at <anonymous>:22:12
    at <anonymous>:32:5
    at <anonymous>:33:7
[   37632ms] [ERROR] Failed to load resource: net::ERR_CONNECTION_CLOSED @ https://www.imdb.com/ads/idsync?cid=a706a6beb&ex=imdb.com:0
[   38443ms] [ERROR] Error logged with the Track&Report JS errors API(http://tiny/1covqr6l8/wamazindeClieUserJava): {"m":"ARA:RegisterTriggerResponseError:DPV. Error receiving response from ARAServiceFailed to execute 'json' on 'Response': Unexpected end of JSON input","name":"SyntaxError","csm":"v5 ueLogError stack","logLevel":"ERROR","attribution":"ARARegisterTrigger","pageURL":"https://www.amazon.com/Logitech-Wireless-Mouse-M185-Swift/dp/B004YAVF8I/ref=sr_1_1?dib=eyJ2IjoiMSJ9.ed2dnej92Xt1JdU0r4d90YlZxBvjfvtMRBznifwMe-a6ybkarZqNDK3jkEQ7kFfpah9JtRscYSqLF1KhUi_jHVWl6XHy6XEuzp2bs0sXEge8SAKQRlA1FJjuYTjJF_s3f4qFR15VHeIIQTWSxITJ-slVXFsdjOGkjeH7N9irrxUnI4kN-ROXZFHOmMLVbywwC92DGDNCaL0LpaUffvt3aqchVnPCw4QvtCvAgg6etN0.SQ6oYckdj1vEEzZ4nBxTToYsBCvM_3KQPFcZw8J6t4M&dib_tag=se&keywords=wireless%2Bmouse&qid=1784882110&sr=8-1&th=1","f":"https://m.media-amazon.com/images/I/21vARlfe4pL._RC%7C11WTF6kPMoL.js_.js?AUIClients/ARARegisterTriggerSubAssets-dpv","l":"7","s":["SyntaxError: Unexpected end of JSON input","at https://m.media-amazon.com/images/I/21vARlfe4pL._RC%7C11WTF6kPMoL.js_.js?AUIClients/ARARegisterTriggerSubAssets-dpv:7:384"],"t":4004} {m: ARA:RegisterTriggerResponseError:DPV. Error receiv…json' on 'Response': Unexpected end of JSON input, name: SyntaxError, type: undefined, csm: v5 ueLogError stack, logLevel: ERROR} @ https://images-na.ssl-images-amazon.com/images/I/215h87l68bL.js:3
[   49333ms] [WARNING] The resource https://m.media-amazon.com/images/I/51On6pZ2rqL.js?AUIClients/ was preloaded using link preload but not used within a few seconds from the window's load event. Please make sure it has an appropriate `as` value and it is preloaded intentionally. @ https://www.amazon.com/Logitech-Wireless-Mouse-M185-Swift/dp/B004YAVF8I/ref=sr_1_1?dib=eyJ2IjoiMSJ9.ed2dnej92Xt1JdU0r4d90YlZxBvjfvtMRBznifwMe-a6ybkarZqNDK3jkEQ7kFfpah9JtRscYSqLF1KhUi_jHVWl6XHy6XEuzp2bs0sXEge8SAKQRlA1FJjuYTjJF_s3f4qFR15VHeIIQTWSxITJ-slVXFsdjOGkjeH7N9irrxUnI4kN-ROXZFHOmMLVbywwC92DGDNCaL0LpaUffvt3aqchVnPCw4QvtCvAgg6etN0.SQ6oYckdj1vEEzZ4nBxTToYsBCvM_3KQPFcZw8J6t4M&dib_tag=se&keywords=wireless%2Bmouse&qid=1784882110&sr=8-1&th=1:0
[   49333ms] [WARNING] The resource https://m.media-amazon.com/images/S/sash/cqKHmwD3Ut9oj5s.js#sfClientUrl was preloaded using link preload but not used within a few seconds from the window's load event. Please make sure it has an appropriate `as` value and it is preloaded intentionally. @ https://www.amazon.com/Logitech-Wireless-Mouse-M185-Swift/dp/B004YAVF8I/ref=sr_1_1?dib=eyJ2IjoiMSJ9.ed2dnej92Xt1JdU0r4d90YlZxBvjfvtMRBznifwMe-a6ybkarZqNDK3jkEQ7kFfpah9JtRscYSqLF1KhUi_jHVWl6XHy6XEuzp2bs0sXEge8SAKQRlA1FJjuYTjJF_s3f4qFR15VHeIIQTWSxITJ-slVXFsdjOGkjeH7N9irrxUnI4kN-ROXZFHOmMLVbywwC92DGDNCaL0LpaUffvt3aqchVnPCw4QvtCvAgg6etN0.SQ6oYckdj1vEEzZ4nBxTToYsBCvM_3KQPFcZw8J6t4M&dib_tag=se&keywords=wireless%2Bmouse&qid=1784882110&sr=8-1&th=1:0
[   49333ms] [WARNING] The resource https://m.media-amazon.com/images/I/61lGvbxWIUL.js?AUIClients/ was preloaded using link preload but not used within a few seconds from the window's load event. Please make sure it has an appropriate `as` value and it is preloaded intentionally. @ https://www.amazon.com/Logitech-Wireless-Mouse-M185-Swift/dp/B004YAVF8I/ref=sr_1_1?dib=eyJ2IjoiMSJ9.ed2dnej92Xt1JdU0r4d90YlZxBvjfvtMRBznifwMe-a6ybkarZqNDK3jkEQ7kFfpah9JtRscYSqLF1KhUi_jHVWl6XHy6XEuzp2bs0sXEge8SAKQRlA1FJjuYTjJF_s3f4qFR15VHeIIQTWSxITJ-slVXFsdjOGkjeH7N9irrxUnI4kN-ROXZFHOmMLVbywwC92DGDNCaL0LpaUffvt3aqchVnPCw4QvtCvAgg6etN0.SQ6oYckdj1vEEzZ4nBxTToYsBCvM_3KQPFcZw8J6t4M&dib_tag=se&keywords=wireless%2Bmouse&qid=1784882110&sr=8-1&th=1:0
[   49333ms] [WARNING] The resource https://m.media-amazon.com/images/I/617wb09azWL._RC%7C81ZLs-rhJOL.js,31jsB13JlVL.js_.js?AUIClients/ was preloaded using link preload but not used within a few seconds from the window's load event. Please make sure it has an appropriate `as` value and it is preloaded intentionally. @ https://www.amazon.com/Logitech-Wireless-Mouse-M185-Swift/dp/B004YAVF8I/ref=sr_1_1?dib=eyJ2IjoiMSJ9.ed2dnej92Xt1JdU0r4d90YlZxBvjfvtMRBznifwMe-a6ybkarZqNDK3jkEQ7kFfpah9JtRscYSqLF1KhUi_jHVWl6XHy6XEuzp2bs0sXEge8SAKQRlA1FJjuYTjJF_s3f4qFR15VHeIIQTWSxITJ-slVXFsdjOGkjeH7N9irrxUnI4kN-ROXZFHOmMLVbywwC92DGDNCaL0LpaUffvt3aqchVnPCw4QvtCvAgg6etN0.SQ6oYckdj1vEEzZ4nBxTToYsBCvM_3KQPFcZw8J6t4M&dib_tag=se&keywords=wireless%2Bmouse&qid=1784882110&sr=8-1&th=1:0
[   49333ms] [WARNING] The resource https://m.media-amazon.com/images/S/sash/1dcKWNtgTsXnwBt.html#sfClientHtmlUrl was preloaded using link preload but not used within a few seconds from the window's load event. Please make sure it has an appropriate `as` value and it is preloaded intentionally. @ https://www.amazon.com/Logitech-Wireless-Mouse-M185-Swift/dp/B004YAVF8I/ref=sr_1_1?dib=eyJ2IjoiMSJ9.ed2dnej92Xt1JdU0r4d90YlZxBvjfvtMRBznifwMe-a6ybkarZqNDK3jkEQ7kFfpah9JtRscYSqLF1KhUi_jHVWl6XHy6XEuzp2bs0sXEge8SAKQRlA1FJjuYTjJF_s3f4qFR15VHeIIQTWSxITJ-slVXFsdjOGkjeH7N9irrxUnI4kN-ROXZFHOmMLVbywwC92DGDNCaL0LpaUffvt3aqchVnPCw4QvtCvAgg6etN0.SQ6oYckdj1vEEzZ4nBxTToYsBCvM_3KQPFcZw8J6t4M&dib_tag=se&keywords=wireless%2Bmouse&qid=1784882110&sr=8-1&th=1:0
[   49334ms] [WARNING] The resource https://m.media-amazon.com/images/I/51JaN4e5NgL._RC%7C01zCndFsf4L.js,019K6hE9zSL.js,31xJau8gMoL.js_.js?AUIClients/ was preloaded using link preload but not used within a few seconds from the window's load event. Please make sure it has an appropriate `as` value and it is preloaded intentionally. @ https://www.amazon.com/Logitech-Wireless-Mouse-M185-Swift/dp/B004YAVF8I/ref=sr_1_1?dib=eyJ2IjoiMSJ9.ed2dnej92Xt1JdU0r4d90YlZxBvjfvtMRBznifwMe-a6ybkarZqNDK3jkEQ7kFfpah9JtRscYSqLF1KhUi_jHVWl6XHy6XEuzp2bs0sXEge8SAKQRlA1FJjuYTjJF_s3f4qFR15VHeIIQTWSxITJ-slVXFsdjOGkjeH7N9irrxUnI4kN-ROXZFHOmMLVbywwC92DGDNCaL0LpaUffvt3aqchVnPCw4QvtCvAgg6etN0.SQ6oYckdj1vEEzZ4nBxTToYsBCvM_3KQPFcZw8J6t4M&dib_tag=se&keywords=wireless%2Bmouse&qid=1784882110&sr=8-1&th=1:0
[   49334ms] [WARNING] The resource https://m.media-amazon.com/images/I/119lYNyqoQL.js?AUIClients/ was preloaded using link preload but not used within a few seconds from the window's load event. Please make sure it has an appropriate `as` value and it is preloaded intentionally. @ https://www.amazon.com/Logitech-Wireless-Mouse-M185-Swift/dp/B004YAVF8I/ref=sr_1_1?dib=eyJ2IjoiMSJ9.ed2dnej92Xt1JdU0r4d90YlZxBvjfvtMRBznifwMe-a6ybkarZqNDK3jkEQ7kFfpah9JtRscYSqLF1KhUi_jHVWl6XHy6XEuzp2bs0sXEge8SAKQRlA1FJjuYTjJF_s3f4qFR15VHeIIQTWSxITJ-slVXFsdjOGkjeH7N9irrxUnI4kN-ROXZFHOmMLVbywwC92DGDNCaL0LpaUffvt3aqchVnPCw4QvtCvAgg6etN0.SQ6oYckdj1vEEzZ4nBxTToYsBCvM_3KQPFcZw8J6t4M&dib_tag=se&keywords=wireless%2Bmouse&qid=1784882110&sr=8-1&th=1:0
[   49334ms] [WARNING] The resource https://m.media-amazon.com/images/I/51S-qOAsDtL.js?AUIClients/ was preloaded using link preload but not used within a few seconds from the window's load event. Please make sure it has an appropriate `as` value and it is preloaded intentionally. @ https://www.amazon.com/Logitech-Wireless-Mouse-M185-Swift/dp/B004YAVF8I/ref=sr_1_1?dib=eyJ2IjoiMSJ9.ed2dnej92Xt1JdU0r4d90YlZxBvjfvtMRBznifwMe-a6ybkarZqNDK3jkEQ7kFfpah9JtRscYSqLF1KhUi_jHVWl6XHy6XEuzp2bs0sXEge8SAKQRlA1FJjuYTjJF_s3f4qFR15VHeIIQTWSxITJ-slVXFsdjOGkjeH7N9irrxUnI4kN-ROXZFHOmMLVbywwC92DGDNCaL0LpaUffvt3aqchVnPCw4QvtCvAgg6etN0.SQ6oYckdj1vEEzZ4nBxTToYsBCvM_3KQPFcZw8J6t4M&dib_tag=se&keywords=wireless%2Bmouse&qid=1784882110&sr=8-1&th=1:0
[   49334ms] [WARNING] The resource https://m.media-amazon.com/images/I/31lqqqMDjxL.js?AUIClients/ was preloaded using link preload but not used within a few seconds from the window's load event. Please make sure it has an appropriate `as` value and it is preloaded intentionally. @ https://www.amazon.com/Logitech-Wireless-Mouse-M185-Swift/dp/B004YAVF8I/ref=sr_1_1?dib=eyJ2IjoiMSJ9.ed2dnej92Xt1JdU0r4d90YlZxBvjfvtMRBznifwMe-a6ybkarZqNDK3jkEQ7kFfpah9JtRscYSqLF1KhUi_jHVWl6XHy6XEuzp2bs0sXEge8SAKQRlA1FJjuYTjJF_s3f4qFR15VHeIIQTWSxITJ-slVXFsdjOGkjeH7N9irrxUnI4kN-ROXZFHOmMLVbywwC92DGDNCaL0LpaUffvt3aqchVnPCw4QvtCvAgg6etN0.SQ6oYckdj1vEEzZ4nBxTToYsBCvM_3KQPFcZw8J6t4M&dib_tag=se&keywords=wireless%2Bmouse&qid=1784882110&sr=8-1&th=1:0
[   56864ms] [WARNING] The resource https://m.media-amazon.com/images/I/51On6pZ2rqL.js?AUIClients/ was preloaded using link preload but not used within a few seconds from the window's load event. Please make sure it has an appropriate `as` value and it is preloaded intentionally. @ https://www.amazon.com/Logitech-Wireless-Mouse-M185-Swift/dp/B004YAVF8I/ref=sr_1_1?dib=eyJ2IjoiMSJ9.ed2dnej92Xt1JdU0r4d90YlZxBvjfvtMRBznifwMe-a6ybkarZqNDK3jkEQ7kFfpah9JtRscYSqLF1KhUi_jHVWl6XHy6XEuzp2bs0sXEge8SAKQRlA1FJjuYTjJF_s3f4qFR15VHeIIQTWSxITJ-slVXFsdjOGkjeH7N9irrxUnI4kN-ROXZFHOmMLVbywwC92DGDNCaL0LpaUffvt3aqchVnPCw4QvtCvAgg6etN0.SQ6oYckdj1vEEzZ4nBxTToYsBCvM_3KQPFcZw8J6t4M&dib_tag=se&keywords=wireless%2Bmouse&qid=1784882110&sr=8-1&th=1:0
[   56864ms] [WARNING] The resource https://m.media-amazon.com/images/S/sash/cqKHmwD3Ut9oj5s.js#sfClientUrl was preloaded using link preload but not used within a few seconds from the window's load event. Please make sure it has an appropriate `as` value and it is preloaded intentionally. @ https://www.amazon.com/Logitech-Wireless-Mouse-M185-Swift/dp/B004YAVF8I/ref=sr_1_1?dib=eyJ2IjoiMSJ9.ed2dnej92Xt1JdU0r4d90YlZxBvjfvtMRBznifwMe-a6ybkarZqNDK3jkEQ7kFfpah9JtRscYSqLF1KhUi_jHVWl6XHy6XEuzp2bs0sXEge8SAKQRlA1FJjuYTjJF_s3f4qFR15VHeIIQTWSxITJ-slVXFsdjOGkjeH7N9irrxUnI4kN-ROXZFHOmMLVbywwC92DGDNCaL0LpaUffvt3aqchVnPCw4QvtCvAgg6etN0.SQ6oYckdj1vEEzZ4nBxTToYsBCvM_3KQPFcZw8J6t4M&dib_tag=se&keywords=wireless%2Bmouse&qid=1784882110&sr=8-1&th=1:0
[   56864ms] [WARNING] The resource https://m.media-amazon.com/images/I/61lGvbxWIUL.js?AUIClients/ was preloaded using link preload but not used within a few seconds from the window's load event. Please make sure it has an appropriate `as` value and it is preloaded intentionally. @ https://www.amazon.com/Logitech-Wireless-Mouse-M185-Swift/dp/B004YAVF8I/ref=sr_1_1?dib=eyJ2IjoiMSJ9.ed2dnej92Xt1JdU0r4d90YlZxBvjfvtMRBznifwMe-a6ybkarZqNDK3jkEQ7kFfpah9JtRscYSqLF1KhUi_jHVWl6XHy6XEuzp2bs0sXEge8SAKQRlA1FJjuYTjJF_s3f4qFR15VHeIIQTWSxITJ-slVXFsdjOGkjeH7N9irrxUnI4kN-ROXZFHOmMLVbywwC92DGDNCaL0LpaUffvt3aqchVnPCw4QvtCvAgg6etN0.SQ6oYckdj1vEEzZ4nBxTToYsBCvM_3KQPFcZw8J6t4M&dib_tag=se&keywords=wireless%2Bmouse&qid=1784882110&sr=8-1&th=1:0
[   56864ms] [WARNING] The resource https://m.media-amazon.com/images/I/617wb09azWL._RC%7C81ZLs-rhJOL.js,31jsB13JlVL.js_.js?AUIClients/ was preloaded using link preload but not used within a few seconds from the window's load event. Please make sure it has an appropriate `as` value and it is preloaded intentionally. @ https://www.amazon.com/Logitech-Wireless-Mouse-M185-Swift/dp/B004YAVF8I/ref=sr_1_1?dib=eyJ2IjoiMSJ9.ed2dnej92Xt1JdU0r4d90YlZxBvjfvtMRBznifwMe-a6ybkarZqNDK3jkEQ7kFfpah9JtRscYSqLF1KhUi_jHVWl6XHy6XEuzp2bs0sXEge8SAKQRlA1FJjuYTjJF_s3f4qFR15VHeIIQTWSxITJ-slVXFsdjOGkjeH7N9irrxUnI4kN-ROXZFHOmMLVbywwC92DGDNCaL0LpaUffvt3aqchVnPCw4QvtCvAgg6etN0.SQ6oYckdj1vEEzZ4nBxTToYsBCvM_3KQPFcZw8J6t4M&dib_tag=se&keywords=wireless%2Bmouse&qid=1784882110&sr=8-1&th=1:0
[   56864ms] [WARNING] The resource https://m.media-amazon.com/images/S/sash/1dcKWNtgTsXnwBt.html#sfClientHtmlUrl was preloaded using link preload but not used within a few seconds from the window's load event. Please make sure it has an appropriate `as` value and it is preloaded intentionally. @ https://www.amazon.com/Logitech-Wireless-Mouse-M185-Swift/dp/B004YAVF8I/ref=sr_1_1?dib=eyJ2IjoiMSJ9.ed2dnej92Xt1JdU0r4d90YlZxBvjfvtMRBznifwMe-a6ybkarZqNDK3jkEQ7kFfpah9JtRscYSqLF1KhUi_jHVWl6XHy6XEuzp2bs0sXEge8SAKQRlA1FJjuYTjJF_s3f4qFR15VHeIIQTWSxITJ-slVXFsdjOGkjeH7N9irrxUnI4kN-ROXZFHOmMLVbywwC92DGDNCaL0LpaUffvt3aqchVnPCw4QvtCvAgg6etN0.SQ6oYckdj1vEEzZ4nBxTToYsBCvM_3KQPFcZw8J6t4M&dib_tag=se&keywords=wireless%2Bmouse&qid=1784882110&sr=8-1&th=1:0
[   56864ms] [WARNING] The resource https://m.media-amazon.com/images/I/51JaN4e5NgL._RC%7C01zCndFsf4L.js,019K6hE9zSL.js,31xJau8gMoL.js_.js?AUIClients/ was preloaded using link preload but not used within a few seconds from the window's load event. Please make sure it has an appropriate `as` value and it is preloaded intentionally. @ https://www.amazon.com/Logitech-Wireless-Mouse-M185-Swift/dp/B004YAVF8I/ref=sr_1_1?dib=eyJ2IjoiMSJ9.ed2dnej92Xt1JdU0r4d90YlZxBvjfvtMRBznifwMe-a6ybkarZqNDK3jkEQ7kFfpah9JtRscYSqLF1KhUi_jHVWl6XHy6XEuzp2bs0sXEge8SAKQRlA1FJjuYTjJF_s3f4qFR15VHeIIQTWSxITJ-slVXFsdjOGkjeH7N9irrxUnI4kN-ROXZFHOmMLVbywwC92DGDNCaL0LpaUffvt3aqchVnPCw4QvtCvAgg6etN0.SQ6oYckdj1vEEzZ4nBxTToYsBCvM_3KQPFcZw8J6t4M&dib_tag=se&keywords=wireless%2Bmouse&qid=1784882110&sr=8-1&th=1:0
[   56864ms] [WARNING] The resource https://m.media-amazon.com/images/I/119lYNyqoQL.js?AUIClients/ was preloaded using link preload but not used within a few seconds from the window's load event. Please make sure it has an appropriate `as` value and it is preloaded intentionally. @ https://www.amazon.com/Logitech-Wireless-Mouse-M185-Swift/dp/B004YAVF8I/ref=sr_1_1?dib=eyJ2IjoiMSJ9.ed2dnej92Xt1JdU0r4d90YlZxBvjfvtMRBznifwMe-a6ybkarZqNDK3jkEQ7kFfpah9JtRscYSqLF1KhUi_jHVWl6XHy6XEuzp2bs0sXEge8SAKQRlA1FJjuYTjJF_s3f4qFR15VHeIIQTWSxITJ-slVXFsdjOGkjeH7N9irrxUnI4kN-ROXZFHOmMLVbywwC92DGDNCaL0LpaUffvt3aqchVnPCw4QvtCvAgg6etN0.SQ6oYckdj1vEEzZ4nBxTToYsBCvM_3KQPFcZw8J6t4M&dib_tag=se&keywords=wireless%2Bmouse&qid=1784882110&sr=8-1&th=1:0
[   56864ms] [WARNING] The resource https://m.media-amazon.com/images/I/51S-qOAsDtL.js?AUIClients/ was preloaded using link preload but not used within a few seconds from the window's load event. Please make sure it has an appropriate `as` value and it is preloaded intentionally. @ https://www.amazon.com/Logitech-Wireless-Mouse-M185-Swift/dp/B004YAVF8I/ref=sr_1_1?dib=eyJ2IjoiMSJ9.ed2dnej92Xt1JdU0r4d90YlZxBvjfvtMRBznifwMe-a6ybkarZqNDK3jkEQ7kFfpah9JtRscYSqLF1KhUi_jHVWl6XHy6XEuzp2bs0sXEge8SAKQRlA1FJjuYTjJF_s3f4qFR15VHeIIQTWSxITJ-slVXFsdjOGkjeH7N9irrxUnI4kN-ROXZFHOmMLVbywwC92DGDNCaL0LpaUffvt3aqchVnPCw4QvtCvAgg6etN0.SQ6oYckdj1vEEzZ4nBxTToYsBCvM_3KQPFcZw8J6t4M&dib_tag=se&keywords=wireless%2Bmouse&qid=1784882110&sr=8-1&th=1:0
[   56865ms] [WARNING] The resource https://m.media-amazon.com/images/I/31lqqqMDjxL.js?AUIClients/ was preloaded using link preload but not used within a few seconds from the window's load event. Please make sure it has an appropriate `as` value and it is preloaded intentionally. @ https://www.amazon.com/Logitech-Wireless-Mouse-M185-Swift/dp/B004YAVF8I/ref=sr_1_1?dib=eyJ2IjoiMSJ9.ed2dnej92Xt1JdU0r4d90YlZxBvjfvtMRBznifwMe-a6ybkarZqNDK3jkEQ7kFfpah9JtRscYSqLF1KhUi_jHVWl6XHy6XEuzp2bs0sXEge8SAKQRlA1FJjuYTjJF_s3f4qFR15VHeIIQTWSxITJ-slVXFsdjOGkjeH7N9irrxUnI4kN-ROXZFHOmMLVbywwC92DGDNCaL0LpaUffvt3aqchVnPCw4QvtCvAgg6etN0.SQ6oYckdj1vEEzZ4nBxTToYsBCvM_3KQPFcZw8J6t4M&dib_tag=se&keywords=wireless%2Bmouse&qid=1784882110&sr=8-1&th=1:0
[   68106ms] [WARNING] The resource https://m.media-amazon.com/images/I/51On6pZ2rqL.js?AUIClients/ was preloaded using link preload but not used within a few seconds from the window's load event. Please make sure it has an appropriate `as` value and it is preloaded intentionally. @ https://www.amazon.com/Logitech-Wireless-Mouse-M185-Swift/dp/B004YAVF8I/ref=sr_1_1?dib=eyJ2IjoiMSJ9.ed2dnej92Xt1JdU0r4d90YlZxBvjfvtMRBznifwMe-a6ybkarZqNDK3jkEQ7kFfpah9JtRscYSqLF1KhUi_jHVWl6XHy6XEuzp2bs0sXEge8SAKQRlA1FJjuYTjJF_s3f4qFR15VHeIIQTWSxITJ-slVXFsdjOGkjeH7N9irrxUnI4kN-ROXZFHOmMLVbywwC92DGDNCaL0LpaUffvt3aqchVnPCw4QvtCvAgg6etN0.SQ6oYckdj1vEEzZ4nBxTToYsBCvM_3KQPFcZw8J6t4M&dib_tag=se&keywords=wireless%2Bmouse&qid=1784882110&sr=8-1&th=1:0
[   68106ms] [WARNING] The resource https://m.media-amazon.com/images/S/sash/cqKHmwD3Ut9oj5s.js#sfClientUrl was preloaded using link preload but not used within a few seconds from the window's load event. Please make sure it has an appropriate `as` value and it is preloaded intentionally. @ https://www.amazon.com/Logitech-Wireless-Mouse-M185-Swift/dp/B004YAVF8I/ref=sr_1_1?dib=eyJ2IjoiMSJ9.ed2dnej92Xt1JdU0r4d90YlZxBvjfvtMRBznifwMe-a6ybkarZqNDK3jkEQ7kFfpah9JtRscYSqLF1KhUi_jHVWl6XHy6XEuzp2bs0sXEge8SAKQRlA1FJjuYTjJF_s3f4qFR15VHeIIQTWSxITJ-slVXFsdjOGkjeH7N9irrxUnI4kN-ROXZFHOmMLVbywwC92DGDNCaL0LpaUffvt3aqchVnPCw4QvtCvAgg6etN0.SQ6oYckdj1vEEzZ4nBxTToYsBCvM_3KQPFcZw8J6t4M&dib_tag=se&keywords=wireless%2Bmouse&qid=1784882110&sr=8-1&th=1:0
[   68106ms] [WARNING] The resource https://m.media-amazon.com/images/I/61lGvbxWIUL.js?AUIClients/ was preloaded using link preload but not used within a few seconds from the window's load event. Please make sure it has an appropriate `as` value and it is preloaded intentionally. @ https://www.amazon.com/Logitech-Wireless-Mouse-M185-Swift/dp/B004YAVF8I/ref=sr_1_1?dib=eyJ2IjoiMSJ9.ed2dnej92Xt1JdU0r4d90YlZxBvjfvtMRBznifwMe-a6ybkarZqNDK3jkEQ7kFfpah9JtRscYSqLF1KhUi_jHVWl6XHy6XEuzp2bs0sXEge8SAKQRlA1FJjuYTjJF_s3f4qFR15VHeIIQTWSxITJ-slVXFsdjOGkjeH7N9irrxUnI4kN-ROXZFHOmMLVbywwC92DGDNCaL0LpaUffvt3aqchVnPCw4QvtCvAgg6etN0.SQ6oYckdj1vEEzZ4nBxTToYsBCvM_3KQPFcZw8J6t4M&dib_tag=se&keywords=wireless%2Bmouse&qid=1784882110&sr=8-1&th=1:0
[   68106ms] [WARNING] The resource https://m.media-amazon.com/images/I/617wb09azWL._RC%7C81ZLs-rhJOL.js,31jsB13JlVL.js_.js?AUIClients/ was preloaded using link preload but not used within a few seconds from the window's load event. Please make sure it has an appropriate `as` value and it is preloaded intentionally. @ https://www.amazon.com/Logitech-Wireless-Mouse-M185-Swift/dp/B004YAVF8I/ref=sr_1_1?dib=eyJ2IjoiMSJ9.ed2dnej92Xt1JdU0r4d90YlZxBvjfvtMRBznifwMe-a6ybkarZqNDK3jkEQ7kFfpah9JtRscYSqLF1KhUi_jHVWl6XHy6XEuzp2bs0sXEge8SAKQRlA1FJjuYTjJF_s3f4qFR15VHeIIQTWSxITJ-slVXFsdjOGkjeH7N9irrxUnI4kN-ROXZFHOmMLVbywwC92DGDNCaL0LpaUffvt3aqchVnPCw4QvtCvAgg6etN0.SQ6oYckdj1vEEzZ4nBxTToYsBCvM_3KQPFcZw8J6t4M&dib_tag=se&keywords=wireless%2Bmouse&qid=1784882110&sr=8-1&th=1:0
[   68106ms] [WARNING] The resource https://m.media-amazon.com/images/S/sash/1dcKWNtgTsXnwBt.html#sfClientHtmlUrl was preloaded using link preload but not used within a few seconds from the window's load event. Please make sure it has an appropriate `as` value and it is preloaded intentionally. @ https://www.amazon.com/Logitech-Wireless-Mouse-M185-Swift/dp/B004YAVF8I/ref=sr_1_1?dib=eyJ2IjoiMSJ9.ed2dnej92Xt1JdU0r4d90YlZxBvjfvtMRBznifwMe-a6ybkarZqNDK3jkEQ7kFfpah9JtRscYSqLF1KhUi_jHVWl6XHy6XEuzp2bs0sXEge8SAKQRlA1FJjuYTjJF_s3f4qFR15VHeIIQTWSxITJ-slVXFsdjOGkjeH7N9irrxUnI4kN-ROXZFHOmMLVbywwC92DGDNCaL0LpaUffvt3aqchVnPCw4QvtCvAgg6etN0.SQ6oYckdj1vEEzZ4nBxTToYsBCvM_3KQPFcZw8J6t4M&dib_tag=se&keywords=wireless%2Bmouse&qid=1784882110&sr=8-1&th=1:0
[   68107ms] [WARNING] The resource https://m.media-amazon.com/images/I/51JaN4e5NgL._RC%7C01zCndFsf4L.js,019K6hE9zSL.js,31xJau8gMoL.js_.js?AUIClients/ was preloaded using link preload but not used within a few seconds from the window's load event. Please make sure it has an appropriate `as` value and it is preloaded intentionally. @ https://www.amazon.com/Logitech-Wireless-Mouse-M185-Swift/dp/B004YAVF8I/ref=sr_1_1?dib=eyJ2IjoiMSJ9.ed2dnej92Xt1JdU0r4d90YlZxBvjfvtMRBznifwMe-a6ybkarZqNDK3jkEQ7kFfpah9JtRscYSqLF1KhUi_jHVWl6XHy6XEuzp2bs0sXEge8SAKQRlA1FJjuYTjJF_s3f4qFR15VHeIIQTWSxITJ-slVXFsdjOGkjeH7N9irrxUnI4kN-ROXZFHOmMLVbywwC92DGDNCaL0LpaUffvt3aqchVnPCw4QvtCvAgg6etN0.SQ6oYckdj1vEEzZ4nBxTToYsBCvM_3KQPFcZw8J6t4M&dib_tag=se&keywords=wireless%2Bmouse&qid=1784882110&sr=8-1&th=1:0
[   68107ms] [WARNING] The resource https://m.media-amazon.com/images/I/119lYNyqoQL.js?AUIClients/ was preloaded using link preload but not used within a few seconds from the window's load event. Please make sure it has an appropriate `as` value and it is preloaded intentionally. @ https://www.amazon.com/Logitech-Wireless-Mouse-M185-Swift/dp/B004YAVF8I/ref=sr_1_1?dib=eyJ2IjoiMSJ9.ed2dnej92Xt1JdU0r4d90YlZxBvjfvtMRBznifwMe-a6ybkarZqNDK3jkEQ7kFfpah9JtRscYSqLF1KhUi_jHVWl6XHy6XEuzp2bs0sXEge8SAKQRlA1FJjuYTjJF_s3f4qFR15VHeIIQTWSxITJ-slVXFsdjOGkjeH7N9irrxUnI4kN-ROXZFHOmMLVbywwC92DGDNCaL0LpaUffvt3aqchVnPCw4QvtCvAgg6etN0.SQ6oYckdj1vEEzZ4nBxTToYsBCvM_3KQPFcZw8J6t4M&dib_tag=se&keywords=wireless%2Bmouse&qid=1784882110&sr=8-1&th=1:0
[   68107ms] [WARNING] The resource https://m.media-amazon.com/images/I/51S-qOAsDtL.js?AUIClients/ was preloaded using link preload but not used within a few seconds from the window's load event. Please make sure it has an appropriate `as` value and it is preloaded intentionally. @ https://www.amazon.com/Logitech-Wireless-Mouse-M185-Swift/dp/B004YAVF8I/ref=sr_1_1?dib=eyJ2IjoiMSJ9.ed2dnej92Xt1JdU0r4d90YlZxBvjfvtMRBznifwMe-a6ybkarZqNDK3jkEQ7kFfpah9JtRscYSqLF1KhUi_jHVWl6XHy6XEuzp2bs0sXEge8SAKQRlA1FJjuYTjJF_s3f4qFR15VHeIIQTWSxITJ-slVXFsdjOGkjeH7N9irrxUnI4kN-ROXZFHOmMLVbywwC92DGDNCaL0LpaUffvt3aqchVnPCw4QvtCvAgg6etN0.SQ6oYckdj1vEEzZ4nBxTToYsBCvM_3KQPFcZw8J6t4M&dib_tag=se&keywords=wireless%2Bmouse&qid=1784882110&sr=8-1&th=1:0
[   68107ms] [WARNING] The resource https://m.media-amazon.com/images/I/31lqqqMDjxL.js?AUIClients/ was preloaded using link preload but not used within a few seconds from the window's load event. Please make sure it has an appropriate `as` value and it is preloaded intentionally. @ https://www.amazon.com/Logitech-Wireless-Mouse-M185-Swift/dp/B004YAVF8I/ref=sr_1_1?dib=eyJ2IjoiMSJ9.ed2dnej92Xt1JdU0r4d90YlZxBvjfvtMRBznifwMe-a6ybkarZqNDK3jkEQ7kFfpah9JtRscYSqLF1KhUi_jHVWl6XHy6XEuzp2bs0sXEge8SAKQRlA1FJjuYTjJF_s3f4qFR15VHeIIQTWSxITJ-slVXFsdjOGkjeH7N9irrxUnI4kN-ROXZFHOmMLVbywwC92DGDNCaL0LpaUffvt3aqchVnPCw4QvtCvAgg6etN0.SQ6oYckdj1vEEzZ4nBxTToYsBCvM_3KQPFcZw8J6t4M&dib_tag=se&keywords=wireless%2Bmouse&qid=1784882110&sr=8-1&th=1:0
[   85024ms] [WARNING] The resource https://m.media-amazon.com/images/I/51On6pZ2rqL.js?AUIClients/ was preloaded using link preload but not used within a few seconds from the window's load event. Please make sure it has an appropriate `as` value and it is preloaded intentionally. @ https://www.amazon.com/Logitech-Wireless-Mouse-M185-Swift/dp/B004YAVF8I/ref=sr_1_1?dib=eyJ2IjoiMSJ9.ed2dnej92Xt1JdU0r4d90YlZxBvjfvtMRBznifwMe-a6ybkarZqNDK3jkEQ7kFfpah9JtRscYSqLF1KhUi_jHVWl6XHy6XEuzp2bs0sXEge8SAKQRlA1FJjuYTjJF_s3f4qFR15VHeIIQTWSxITJ-slVXFsdjOGkjeH7N9irrxUnI4kN-ROXZFHOmMLVbywwC92DGDNCaL0LpaUffvt3aqchVnPCw4QvtCvAgg6etN0.SQ6oYckdj1vEEzZ4nBxTToYsBCvM_3KQPFcZw8J6t4M&dib_tag=se&keywords=wireless%2Bmouse&qid=1784882110&sr=8-1&th=1:0
[   85024ms] [WARNING] The resource https://m.media-amazon.com/images/S/sash/cqKHmwD3Ut9oj5s.js#sfClientUrl was preloaded using link preload but not used within a few seconds from the window's load event. Please make sure it has an appropriate `as` value and it is preloaded intentionally. @ https://www.amazon.com/Logitech-Wireless-Mouse-M185-Swift/dp/B004YAVF8I/ref=sr_1_1?dib=eyJ2IjoiMSJ9.ed2dnej92Xt1JdU0r4d90YlZxBvjfvtMRBznifwMe-a6ybkarZqNDK3jkEQ7kFfpah9JtRscYSqLF1KhUi_jHVWl6XHy6XEuzp2bs0sXEge8SAKQRlA1FJjuYTjJF_s3f4qFR15VHeIIQTWSxITJ-slVXFsdjOGkjeH7N9irrxUnI4kN-ROXZFHOmMLVbywwC92DGDNCaL0LpaUffvt3aqchVnPCw4QvtCvAgg6etN0.SQ6oYckdj1vEEzZ4nBxTToYsBCvM_3KQPFcZw8J6t4M&dib_tag=se&keywords=wireless%2Bmouse&qid=1784882110&sr=8-1&th=1:0
[   85025ms] [WARNING] The resource https://m.media-amazon.com/images/I/61lGvbxWIUL.js?AUIClients/ was preloaded using link preload but not used within a few seconds from the window's load event. Please make sure it has an appropriate `as` value and it is preloaded intentionally. @ https://www.amazon.com/Logitech-Wireless-Mouse-M185-Swift/dp/B004YAVF8I/ref=sr_1_1?dib=eyJ2IjoiMSJ9.ed2dnej92Xt1JdU0r4d90YlZxBvjfvtMRBznifwMe-a6ybkarZqNDK3jkEQ7kFfpah9JtRscYSqLF1KhUi_jHVWl6XHy6XEuzp2bs0sXEge8SAKQRlA1FJjuYTjJF_s3f4qFR15VHeIIQTWSxITJ-slVXFsdjOGkjeH7N9irrxUnI4kN-ROXZFHOmMLVbywwC92DGDNCaL0LpaUffvt3aqchVnPCw4QvtCvAgg6etN0.SQ6oYckdj1vEEzZ4nBxTToYsBCvM_3KQPFcZw8J6t4M&dib_tag=se&keywords=wireless%2Bmouse&qid=1784882110&sr=8-1&th=1:0
[   85025ms] [WARNING] The resource https://m.media-amazon.com/images/I/617wb09azWL._RC%7C81ZLs-rhJOL.js,31jsB13JlVL.js_.js?AUIClients/ was preloaded using link preload but not used within a few seconds from the window's load event. Please make sure it has an appropriate `as` value and it is preloaded intentionally. @ https://www.amazon.com/Logitech-Wireless-Mouse-M185-Swift/dp/B004YAVF8I/ref=sr_1_1?dib=eyJ2IjoiMSJ9.ed2dnej92Xt1JdU0r4d90YlZxBvjfvtMRBznifwMe-a6ybkarZqNDK3jkEQ7kFfpah9JtRscYSqLF1KhUi_jHVWl6XHy6XEuzp2bs0sXEge8SAKQRlA1FJjuYTjJF_s3f4qFR15VHeIIQTWSxITJ-slVXFsdjOGkjeH7N9irrxUnI4kN-ROXZFHOmMLVbywwC92DGDNCaL0LpaUffvt3aqchVnPCw4QvtCvAgg6etN0.SQ6oYckdj1vEEzZ4nBxTToYsBCvM_3KQPFcZw8J6t4M&dib_tag=se&keywords=wireless%2Bmouse&qid=1784882110&sr=8-1&th=1:0
[   85025ms] [WARNING] The resource https://m.media-amazon.com/images/S/sash/1dcKWNtgTsXnwBt.html#sfClientHtmlUrl was preloaded using link preload but not used within a few seconds from the window's load event. Please make sure it has an appropriate `as` value and it is preloaded intentionally. @ https://www.amazon.com/Logitech-Wireless-Mouse-M185-Swift/dp/B004YAVF8I/ref=sr_1_1?dib=eyJ2IjoiMSJ9.ed2dnej92Xt1JdU0r4d90YlZxBvjfvtMRBznifwMe-a6ybkarZqNDK3jkEQ7kFfpah9JtRscYSqLF1KhUi_jHVWl6XHy6XEuzp2bs0sXEge8SAKQRlA1FJjuYTjJF_s3f4qFR15VHeIIQTWSxITJ-slVXFsdjOGkjeH7N9irrxUnI4kN-ROXZFHOmMLVbywwC92DGDNCaL0LpaUffvt3aqchVnPCw4QvtCvAgg6etN0.SQ6oYckdj1vEEzZ4nBxTToYsBCvM_3KQPFcZw8J6t4M&dib_tag=se&keywords=wireless%2Bmouse&qid=1784882110&sr=8-1&th=1:0
[   85025ms] [WARNING] The resource https://m.media-amazon.com/images/I/51JaN4e5NgL._RC%7C01zCndFsf4L.js,019K6hE9zSL.js,31xJau8gMoL.js_.js?AUIClients/ was preloaded using link preload but not used within a few seconds from the window's load event. Please make sure it has an appropriate `as` value and it is preloaded intentionally. @ https://www.amazon.com/Logitech-Wireless-Mouse-M185-Swift/dp/B004YAVF8I/ref=sr_1_1?dib=eyJ2IjoiMSJ9.ed2dnej92Xt1JdU0r4d90YlZxBvjfvtMRBznifwMe-a6ybkarZqNDK3jkEQ7kFfpah9JtRscYSqLF1KhUi_jHVWl6XHy6XEuzp2bs0sXEge8SAKQRlA1FJjuYTjJF_s3f4qFR15VHeIIQTWSxITJ-slVXFsdjOGkjeH7N9irrxUnI4kN-ROXZFHOmMLVbywwC92DGDNCaL0LpaUffvt3aqchVnPCw4QvtCvAgg6etN0.SQ6oYckdj1vEEzZ4nBxTToYsBCvM_3KQPFcZw8J6t4M&dib_tag=se&keywords=wireless%2Bmouse&qid=1784882110&sr=8-1&th=1:0
[   85025ms] [WARNING] The resource https://m.media-amazon.com/images/I/119lYNyqoQL.js?AUIClients/ was preloaded using link preload but not used within a few seconds from the window's load event. Please make sure it has an appropriate `as` value and it is preloaded intentionally. @ https://www.amazon.com/Logitech-Wireless-Mouse-M185-Swift/dp/B004YAVF8I/ref=sr_1_1?dib=eyJ2IjoiMSJ9.ed2dnej92Xt1JdU0r4d90YlZxBvjfvtMRBznifwMe-a6ybkarZqNDK3jkEQ7kFfpah9JtRscYSqLF1KhUi_jHVWl6XHy6XEuzp2bs0sXEge8SAKQRlA1FJjuYTjJF_s3f4qFR15VHeIIQTWSxITJ-slVXFsdjOGkjeH7N9irrxUnI4kN-ROXZFHOmMLVbywwC92DGDNCaL0LpaUffvt3aqchVnPCw4QvtCvAgg6etN0.SQ6oYckdj1vEEzZ4nBxTToYsBCvM_3KQPFcZw8J6t4M&dib_tag=se&keywords=wireless%2Bmouse&qid=1784882110&sr=8-1&th=1:0
[   85025ms] [WARNING] The resource https://m.media-amazon.com/images/I/51S-qOAsDtL.js?AUIClients/ was preloaded using link preload but not used within a few seconds from the window's load event. Please make sure it has an appropriate `as` value and it is preloaded intentionally. @ https://www.amazon.com/Logitech-Wireless-Mouse-M185-Swift/dp/B004YAVF8I/ref=sr_1_1?dib=eyJ2IjoiMSJ9.ed2dnej92Xt1JdU0r4d90YlZxBvjfvtMRBznifwMe-a6ybkarZqNDK3jkEQ7kFfpah9JtRscYSqLF1KhUi_jHVWl6XHy6XEuzp2bs0sXEge8SAKQRlA1FJjuYTjJF_s3f4qFR15VHeIIQTWSxITJ-slVXFsdjOGkjeH7N9irrxUnI4kN-ROXZFHOmMLVbywwC92DGDNCaL0LpaUffvt3aqchVnPCw4QvtCvAgg6etN0.SQ6oYckdj1vEEzZ4nBxTToYsBCvM_3KQPFcZw8J6t4M&dib_tag=se&keywords=wireless%2Bmouse&qid=1784882110&sr=8-1&th=1:0
[   85025ms] [WARNING] The resource https://m.media-amazon.com/images/I/31lqqqMDjxL.js?AUIClients/ was preloaded using link preload but not used within a few seconds from the window's load event. Please make sure it has an appropriate `as` value and it is preloaded intentionally. @ https://www.amazon.com/Logitech-Wireless-Mouse-M185-Swift/dp/B004YAVF8I/ref=sr_1_1?dib=eyJ2IjoiMSJ9.ed2dnej92Xt1JdU0r4d90YlZxBvjfvtMRBznifwMe-a6ybkarZqNDK3jkEQ7kFfpah9JtRscYSqLF1KhUi_jHVWl6XHy6XEuzp2bs0sXEge8SAKQRlA1FJjuYTjJF_s3f4qFR15VHeIIQTWSxITJ-slVXFsdjOGkjeH7N9irrxUnI4kN-ROXZFHOmMLVbywwC92DGDNCaL0LpaUffvt3aqchVnPCw4QvtCvAgg6etN0.SQ6oYckdj1vEEzZ4nBxTToYsBCvM_3KQPFcZw8J6t4M&dib_tag=se&keywords=wireless%2Bmouse&qid=1784882110&sr=8-1&th=1:0
[   91585ms] [WARNING] The resource https://m.media-amazon.com/images/I/51On6pZ2rqL.js?AUIClients/ was preloaded using link preload but not used within a few seconds from the window's load event. Please make sure it has an appropriate `as` value and it is preloaded intentionally. @ https://www.amazon.com/Logitech-Wireless-Mouse-M185-Swift/dp/B004YAVF8I/ref=sr_1_1?dib=eyJ2IjoiMSJ9.ed2dnej92Xt1JdU0r4d90YlZxBvjfvtMRBznifwMe-a6ybkarZqNDK3jkEQ7kFfpah9JtRscYSqLF1KhUi_jHVWl6XHy6XEuzp2bs0sXEge8SAKQRlA1FJjuYTjJF_s3f4qFR15VHeIIQTWSxITJ-slVXFsdjOGkjeH7N9irrxUnI4kN-ROXZFHOmMLVbywwC92DGDNCaL0LpaUffvt3aqchVnPCw4QvtCvAgg6etN0.SQ6oYckdj1vEEzZ4nBxTToYsBCvM_3KQPFcZw8J6t4M&dib_tag=se&keywords=wireless%2Bmouse&qid=1784882110&sr=8-1&th=1:0
[   91585ms] [WARNING] The resource https://m.media-amazon.com/images/S/sash/cqKHmwD3Ut9oj5s.js#sfClientUrl was preloaded using link preload but not used within a few seconds from the window's load event. Please make sure it has an appropriate `as` value and it is preloaded intentionally. @ https://www.amazon.com/Logitech-Wireless-Mouse-M185-Swift/dp/B004YAVF8I/ref=sr_1_1?dib=eyJ2IjoiMSJ9.ed2dnej92Xt1JdU0r4d90YlZxBvjfvtMRBznifwMe-a6ybkarZqNDK3jkEQ7kFfpah9JtRscYSqLF1KhUi_jHVWl6XHy6XEuzp2bs0sXEge8SAKQRlA1FJjuYTjJF_s3f4qFR15VHeIIQTWSxITJ-slVXFsdjOGkjeH7N9irrxUnI4kN-ROXZFHOmMLVbywwC92DGDNCaL0LpaUffvt3aqchVnPCw4QvtCvAgg6etN0.SQ6oYckdj1vEEzZ4nBxTToYsBCvM_3KQPFcZw8J6t4M&dib_tag=se&keywords=wireless%2Bmouse&qid=1784882110&sr=8-1&th=1:0
[   91585ms] [WARNING] The resource https://m.media-amazon.com/images/I/61lGvbxWIUL.js?AUIClients/ was preloaded using link preload but not used within a few seconds from the window's load event. Please make sure it has an appropriate `as` value and it is preloaded intentionally. @ https://www.amazon.com/Logitech-Wireless-Mouse-M185-Swift/dp/B004YAVF8I/ref=sr_1_1?dib=eyJ2IjoiMSJ9.ed2dnej92Xt1JdU0r4d90YlZxBvjfvtMRBznifwMe-a6ybkarZqNDK3jkEQ7kFfpah9JtRscYSqLF1KhUi_jHVWl6XHy6XEuzp2bs0sXEge8SAKQRlA1FJjuYTjJF_s3f4qFR15VHeIIQTWSxITJ-slVXFsdjOGkjeH7N9irrxUnI4kN-ROXZFHOmMLVbywwC92DGDNCaL0LpaUffvt3aqchVnPCw4QvtCvAgg6etN0.SQ6oYckdj1vEEzZ4nBxTToYsBCvM_3KQPFcZw8J6t4M&dib_tag=se&keywords=wireless%2Bmouse&qid=1784882110&sr=8-1&th=1:0
[   91585ms] [WARNING] The resource https://m.media-amazon.com/images/I/617wb09azWL._RC%7C81ZLs-rhJOL.js,31jsB13JlVL.js_.js?AUIClients/ was preloaded using link preload but not used within a few seconds from the window's load event. Please make sure it has an appropriate `as` value and it is preloaded intentionally. @ https://www.amazon.com/Logitech-Wireless-Mouse-M185-Swift/dp/B004YAVF8I/ref=sr_1_1?dib=eyJ2IjoiMSJ9.ed2dnej92Xt1JdU0r4d90YlZxBvjfvtMRBznifwMe-a6ybkarZqNDK3jkEQ7kFfpah9JtRscYSqLF1KhUi_jHVWl6XHy6XEuzp2bs0sXEge8SAKQRlA1FJjuYTjJF_s3f4qFR15VHeIIQTWSxITJ-slVXFsdjOGkjeH7N9irrxUnI4kN-ROXZFHOmMLVbywwC92DGDNCaL0LpaUffvt3aqchVnPCw4QvtCvAgg6etN0.SQ6oYckdj1vEEzZ4nBxTToYsBCvM_3KQPFcZw8J6t4M&dib_tag=se&keywords=wireless%2Bmouse&qid=1784882110&sr=8-1&th=1:0
[   91585ms] [WARNING] The resource https://m.media-amazon.com/images/S/sash/1dcKWNtgTsXnwBt.html#sfClientHtmlUrl was preloaded using link preload but not used within a few seconds from the window's load event. Please make sure it has an appropriate `as` value and it is preloaded intentionally. @ https://www.amazon.com/Logitech-Wireless-Mouse-M185-Swift/dp/B004YAVF8I/ref=sr_1_1?dib=eyJ2IjoiMSJ9.ed2dnej92Xt1JdU0r4d90YlZxBvjfvtMRBznifwMe-a6ybkarZqNDK3jkEQ7kFfpah9JtRscYSqLF1KhUi_jHVWl6XHy6XEuzp2bs0sXEge8SAKQRlA1FJjuYTjJF_s3f4qFR15VHeIIQTWSxITJ-slVXFsdjOGkjeH7N9irrxUnI4kN-ROXZFHOmMLVbywwC92DGDNCaL0LpaUffvt3aqchVnPCw4QvtCvAgg6etN0.SQ6oYckdj1vEEzZ4nBxTToYsBCvM_3KQPFcZw8J6t4M&dib_tag=se&keywords=wireless%2Bmouse&qid=1784882110&sr=8-1&th=1:0
[   91585ms] [WARNING] The resource https://m.media-amazon.com/images/I/51JaN4e5NgL._RC%7C01zCndFsf4L.js,019K6hE9zSL.js,31xJau8gMoL.js_.js?AUIClients/ was preloaded using link preload but not used within a few seconds from the window's load event. Please make sure it has an appropriate `as` value and it is preloaded intentionally. @ https://www.amazon.com/Logitech-Wireless-Mouse-M185-Swift/dp/B004YAVF8I/ref=sr_1_1?dib=eyJ2IjoiMSJ9.ed2dnej92Xt1JdU0r4d90YlZxBvjfvtMRBznifwMe-a6ybkarZqNDK3jkEQ7kFfpah9JtRscYSqLF1KhUi_jHVWl6XHy6XEuzp2bs0sXEge8SAKQRlA1FJjuYTjJF_s3f4qFR15VHeIIQTWSxITJ-slVXFsdjOGkjeH7N9irrxUnI4kN-ROXZFHOmMLVbywwC92DGDNCaL0LpaUffvt3aqchVnPCw4QvtCvAgg6etN0.SQ6oYckdj1vEEzZ4nBxTToYsBCvM_3KQPFcZw8J6t4M&dib_tag=se&keywords=wireless%2Bmouse&qid=1784882110&sr=8-1&th=1:0
[   91586ms] [WARNING] The resource https://m.media-amazon.com/images/I/119lYNyqoQL.js?AUIClients/ was preloaded using link preload but not used within a few seconds from the window's load event. Please make sure it has an appropriate `as` value and it is preloaded intentionally. @ https://www.amazon.com/Logitech-Wireless-Mouse-M185-Swift/dp/B004YAVF8I/ref=sr_1_1?dib=eyJ2IjoiMSJ9.ed2dnej92Xt1JdU0r4d90YlZxBvjfvtMRBznifwMe-a6ybkarZqNDK3jkEQ7kFfpah9JtRscYSqLF1KhUi_jHVWl6XHy6XEuzp2bs0sXEge8SAKQRlA1FJjuYTjJF_s3f4qFR15VHeIIQTWSxITJ-slVXFsdjOGkjeH7N9irrxUnI4kN-ROXZFHOmMLVbywwC92DGDNCaL0LpaUffvt3aqchVnPCw4QvtCvAgg6etN0.SQ6oYckdj1vEEzZ4nBxTToYsBCvM_3KQPFcZw8J6t4M&dib_tag=se&keywords=wireless%2Bmouse&qid=1784882110&sr=8-1&th=1:0
[   91586ms] [WARNING] The resource https://m.media-amazon.com/images/I/51S-qOAsDtL.js?AUIClients/ was preloaded using link preload but not used within a few seconds from the window's load event. Please make sure it has an appropriate `as` value and it is preloaded intentionally. @ https://www.amazon.com/Logitech-Wireless-Mouse-M185-Swift/dp/B004YAVF8I/ref=sr_1_1?dib=eyJ2IjoiMSJ9.ed2dnej92Xt1JdU0r4d90YlZxBvjfvtMRBznifwMe-a6ybkarZqNDK3jkEQ7kFfpah9JtRscYSqLF1KhUi_jHVWl6XHy6XEuzp2bs0sXEge8SAKQRlA1FJjuYTjJF_s3f4qFR15VHeIIQTWSxITJ-slVXFsdjOGkjeH7N9irrxUnI4kN-ROXZFHOmMLVbywwC92DGDNCaL0LpaUffvt3aqchVnPCw4QvtCvAgg6etN0.SQ6oYckdj1vEEzZ4nBxTToYsBCvM_3KQPFcZw8J6t4M&dib_tag=se&keywords=wireless%2Bmouse&qid=1784882110&sr=8-1&th=1:0
[   91586ms] [WARNING] The resource https://m.media-amazon.com/images/I/31lqqqMDjxL.js?AUIClients/ was preloaded using link preload but not used within a few seconds from the window's load event. Please make sure it has an appropriate `as` value and it is preloaded intentionally. @ https://www.amazon.com/Logitech-Wireless-Mouse-M185-Swift/dp/B004YAVF8I/ref=sr_1_1?dib=eyJ2IjoiMSJ9.ed2dnej92Xt1JdU0r4d90YlZxBvjfvtMRBznifwMe-a6ybkarZqNDK3jkEQ7kFfpah9JtRscYSqLF1KhUi_jHVWl6XHy6XEuzp2bs0sXEge8SAKQRlA1FJjuYTjJF_s3f4qFR15VHeIIQTWSxITJ-slVXFsdjOGkjeH7N9irrxUnI4kN-ROXZFHOmMLVbywwC92DGDNCaL0LpaUffvt3aqchVnPCw4QvtCvAgg6etN0.SQ6oYckdj1vEEzZ4nBxTToYsBCvM_3KQPFcZw8J6t4M&dib_tag=se&keywords=wireless%2Bmouse&qid=1784882110&sr=8-1&th=1:0
[  110304ms] [WARNING] The resource https://m.media-amazon.com/images/I/51On6pZ2rqL.js?AUIClients/ was preloaded using link preload but not used within a few seconds from the window's load event. Please make sure it has an appropriate `as` value and it is preloaded intentionally. @ https://www.amazon.com/Logitech-Wireless-Mouse-M185-Swift/dp/B004YAVF8I/ref=sr_1_1?dib=eyJ2IjoiMSJ9.ed2dnej92Xt1JdU0r4d90YlZxBvjfvtMRBznifwMe-a6ybkarZqNDK3jkEQ7kFfpah9JtRscYSqLF1KhUi_jHVWl6XHy6XEuzp2bs0sXEge8SAKQRlA1FJjuYTjJF_s3f4qFR15VHeIIQTWSxITJ-slVXFsdjOGkjeH7N9irrxUnI4kN-ROXZFHOmMLVbywwC92DGDNCaL0LpaUffvt3aqchVnPCw4QvtCvAgg6etN0.SQ6oYckdj1vEEzZ4nBxTToYsBCvM_3KQPFcZw8J6t4M&dib_tag=se&keywords=wireless%2Bmouse&qid=1784882110&sr=8-1&th=1:0
[  110304ms] [WARNING] The resource https://m.media-amazon.com/images/S/sash/cqKHmwD3Ut9oj5s.js#sfClientUrl was preloaded using link preload but not used within a few seconds from the window's load event. Please make sure it has an appropriate `as` value and it is preloaded intentionally. @ https://www.amazon.com/Logitech-Wireless-Mouse-M185-Swift/dp/B004YAVF8I/ref=sr_1_1?dib=eyJ2IjoiMSJ9.ed2dnej92Xt1JdU0r4d90YlZxBvjfvtMRBznifwMe-a6ybkarZqNDK3jkEQ7kFfpah9JtRscYSqLF1KhUi_jHVWl6XHy6XEuzp2bs0sXEge8SAKQRlA1FJjuYTjJF_s3f4qFR15VHeIIQTWSxITJ-slVXFsdjOGkjeH7N9irrxUnI4kN-ROXZFHOmMLVbywwC92DGDNCaL0LpaUffvt3aqchVnPCw4QvtCvAgg6etN0.SQ6oYckdj1vEEzZ4nBxTToYsBCvM_3KQPFcZw8J6t4M&dib_tag=se&keywords=wireless%2Bmouse&qid=1784882110&sr=8-1&th=1:0
[  110304ms] [WARNING] The resource https://m.media-amazon.com/images/I/61lGvbxWIUL.js?AUIClients/ was preloaded using link preload but not used within a few seconds from the window's load event. Please make sure it has an appropriate `as` value and it is preloaded intentionally. @ https://www.amazon.com/Logitech-Wireless-Mouse-M185-Swift/dp/B004YAVF8I/ref=sr_1_1?dib=eyJ2IjoiMSJ9.ed2dnej92Xt1JdU0r4d90YlZxBvjfvtMRBznifwMe-a6ybkarZqNDK3jkEQ7kFfpah9JtRscYSqLF1KhUi_jHVWl6XHy6XEuzp2bs0sXEge8SAKQRlA1FJjuYTjJF_s3f4qFR15VHeIIQTWSxITJ-slVXFsdjOGkjeH7N9irrxUnI4kN-ROXZFHOmMLVbywwC92DGDNCaL0LpaUffvt3aqchVnPCw4QvtCvAgg6etN0.SQ6oYckdj1vEEzZ4nBxTToYsBCvM_3KQPFcZw8J6t4M&dib_tag=se&keywords=wireless%2Bmouse&qid=1784882110&sr=8-1&th=1:0
[  110304ms] [WARNING] The resource https://m.media-amazon.com/images/I/617wb09azWL._RC%7C81ZLs-rhJOL.js,31jsB13JlVL.js_.js?AUIClients/ was preloaded using link preload but not used within a few seconds from the window's load event. Please make sure it has an appropriate `as` value and it is preloaded intentionally. @ https://www.amazon.com/Logitech-Wireless-Mouse-M185-Swift/dp/B004YAVF8I/ref=sr_1_1?dib=eyJ2IjoiMSJ9.ed2dnej92Xt1JdU0r4d90YlZxBvjfvtMRBznifwMe-a6ybkarZqNDK3jkEQ7kFfpah9JtRscYSqLF1KhUi_jHVWl6XHy6XEuzp2bs0sXEge8SAKQRlA1FJjuYTjJF_s3f4qFR15VHeIIQTWSxITJ-slVXFsdjOGkjeH7N9irrxUnI4kN-ROXZFHOmMLVbywwC92DGDNCaL0LpaUffvt3aqchVnPCw4QvtCvAgg6etN0.SQ6oYckdj1vEEzZ4nBxTToYsBCvM_3KQPFcZw8J6t4M&dib_tag=se&keywords=wireless%2Bmouse&qid=1784882110&sr=8-1&th=1:0
[  110305ms] [WARNING] The resource https://m.media-amazon.com/images/S/sash/1dcKWNtgTsXnwBt.html#sfClientHtmlUrl was preloaded using link preload but not used within a few seconds from the window's load event. Please make sure it has an appropriate `as` value and it is preloaded intentionally. @ https://www.amazon.com/Logitech-Wireless-Mouse-M185-Swift/dp/B004YAVF8I/ref=sr_1_1?dib=eyJ2IjoiMSJ9.ed2dnej92Xt1JdU0r4d90YlZxBvjfvtMRBznifwMe-a6ybkarZqNDK3jkEQ7kFfpah9JtRscYSqLF1KhUi_jHVWl6XHy6XEuzp2bs0sXEge8SAKQRlA1FJjuYTjJF_s3f4qFR15VHeIIQTWSxITJ-slVXFsdjOGkjeH7N9irrxUnI4kN-ROXZFHOmMLVbywwC92DGDNCaL0LpaUffvt3aqchVnPCw4QvtCvAgg6etN0.SQ6oYckdj1vEEzZ4nBxTToYsBCvM_3KQPFcZw8J6t4M&dib_tag=se&keywords=wireless%2Bmouse&qid=1784882110&sr=8-1&th=1:0
[  110305ms] [WARNING] The resource https://m.media-amazon.com/images/I/51JaN4e5NgL._RC%7C01zCndFsf4L.js,019K6hE9zSL.js,31xJau8gMoL.js_.js?AUIClients/ was preloaded using link preload but not used within a few seconds from the window's load event. Please make sure it has an appropriate `as` value and it is preloaded intentionally. @ https://www.amazon.com/Logitech-Wireless-Mouse-M185-Swift/dp/B004YAVF8I/ref=sr_1_1?dib=eyJ2IjoiMSJ9.ed2dnej92Xt1JdU0r4d90YlZxBvjfvtMRBznifwMe-a6ybkarZqNDK3jkEQ7kFfpah9JtRscYSqLF1KhUi_jHVWl6XHy6XEuzp2bs0sXEge8SAKQRlA1FJjuYTjJF_s3f4qFR15VHeIIQTWSxITJ-slVXFsdjOGkjeH7N9irrxUnI4kN-ROXZFHOmMLVbywwC92DGDNCaL0LpaUffvt3aqchVnPCw4QvtCvAgg6etN0.SQ6oYckdj1vEEzZ4nBxTToYsBCvM_3KQPFcZw8J6t4M&dib_tag=se&keywords=wireless%2Bmouse&qid=1784882110&sr=8-1&th=1:0
[  110305ms] [WARNING] The resource https://m.media-amazon.com/images/I/119lYNyqoQL.js?AUIClients/ was preloaded using link preload but not used within a few seconds from the window's load event. Please make sure it has an appropriate `as` value and it is preloaded intentionally. @ https://www.amazon.com/Logitech-Wireless-Mouse-M185-Swift/dp/B004YAVF8I/ref=sr_1_1?dib=eyJ2IjoiMSJ9.ed2dnej92Xt1JdU0r4d90YlZxBvjfvtMRBznifwMe-a6ybkarZqNDK3jkEQ7kFfpah9JtRscYSqLF1KhUi_jHVWl6XHy6XEuzp2bs0sXEge8SAKQRlA1FJjuYTjJF_s3f4qFR15VHeIIQTWSxITJ-slVXFsdjOGkjeH7N9irrxUnI4kN-ROXZFHOmMLVbywwC92DGDNCaL0LpaUffvt3aqchVnPCw4QvtCvAgg6etN0.SQ6oYckdj1vEEzZ4nBxTToYsBCvM_3KQPFcZw8J6t4M&dib_tag=se&keywords=wireless%2Bmouse&qid=1784882110&sr=8-1&th=1:0
[  110305ms] [WARNING] The resource https://m.media-amazon.com/images/I/51S-qOAsDtL.js?AUIClients/ was preloaded using link preload but not used within a few seconds from the window's load event. Please make sure it has an appropriate `as` value and it is preloaded intentionally. @ https://www.amazon.com/Logitech-Wireless-Mouse-M185-Swift/dp/B004YAVF8I/ref=sr_1_1?dib=eyJ2IjoiMSJ9.ed2dnej92Xt1JdU0r4d90YlZxBvjfvtMRBznifwMe-a6ybkarZqNDK3jkEQ7kFfpah9JtRscYSqLF1KhUi_jHVWl6XHy6XEuzp2bs0sXEge8SAKQRlA1FJjuYTjJF_s3f4qFR15VHeIIQTWSxITJ-slVXFsdjOGkjeH7N9irrxUnI4kN-ROXZFHOmMLVbywwC92DGDNCaL0LpaUffvt3aqchVnPCw4QvtCvAgg6etN0.SQ6oYckdj1vEEzZ4nBxTToYsBCvM_3KQPFcZw8J6t4M&dib_tag=se&keywords=wireless%2Bmouse&qid=1784882110&sr=8-1&th=1:0
[  110305ms] [WARNING] The resource https://m.media-amazon.com/images/I/31lqqqMDjxL.js?AUIClients/ was preloaded using link preload but not used within a few seconds from the window's load event. Please make sure it has an appropriate `as` value and it is preloaded intentionally. @ https://www.amazon.com/Logitech-Wireless-Mouse-M185-Swift/dp/B004YAVF8I/ref=sr_1_1?dib=eyJ2IjoiMSJ9.ed2dnej92Xt1JdU0r4d90YlZxBvjfvtMRBznifwMe-a6ybkarZqNDK3jkEQ7kFfpah9JtRscYSqLF1KhUi_jHVWl6XHy6XEuzp2bs0sXEge8SAKQRlA1FJjuYTjJF_s3f4qFR15VHeIIQTWSxITJ-slVXFsdjOGkjeH7N9irrxUnI4kN-ROXZFHOmMLVbywwC92DGDNCaL0LpaUffvt3aqchVnPCw4QvtCvAgg6etN0.SQ6oYckdj1vEEzZ4nBxTToYsBCvM_3KQPFcZw8J6t4M&dib_tag=se&keywords=wireless%2Bmouse&qid=1784882110&sr=8-1&th=1:0
[  121449ms] [WARNING] The resource https://m.media-amazon.com/images/I/51On6pZ2rqL.js?AUIClients/ was preloaded using link preload but not used within a few seconds from the window's load event. Please make sure it has an appropriate `as` value and it is preloaded intentionally. @ https://www.amazon.com/Logitech-Wireless-Mouse-M185-Swift/dp/B004YAVF8I/ref=sr_1_1?dib=eyJ2IjoiMSJ9.ed2dnej92Xt1JdU0r4d90YlZxBvjfvtMRBznifwMe-a6ybkarZqNDK3jkEQ7kFfpah9JtRscYSqLF1KhUi_jHVWl6XHy6XEuzp2bs0sXEge8SAKQRlA1FJjuYTjJF_s3f4qFR15VHeIIQTWSxITJ-slVXFsdjOGkjeH7N9irrxUnI4kN-ROXZFHOmMLVbywwC92DGDNCaL0LpaUffvt3aqchVnPCw4QvtCvAgg6etN0.SQ6oYckdj1vEEzZ4nBxTToYsBCvM_3KQPFcZw8J6t4M&dib_tag=se&keywords=wireless%2Bmouse&qid=1784882110&sr=8-1&th=1:0
[  121449ms] [WARNING] The resource https://m.media-amazon.com/images/S/sash/cqKHmwD3Ut9oj5s.js#sfClientUrl was preloaded using link preload but not used within a few seconds from the window's load event. Please make sure it has an appropriate `as` value and it is preloaded intentionally. @ https://www.amazon.com/Logitech-Wireless-Mouse-M185-Swift/dp/B004YAVF8I/ref=sr_1_1?dib=eyJ2IjoiMSJ9.ed2dnej92Xt1JdU0r4d90YlZxBvjfvtMRBznifwMe-a6ybkarZqNDK3jkEQ7kFfpah9JtRscYSqLF1KhUi_jHVWl6XHy6XEuzp2bs0sXEge8SAKQRlA1FJjuYTjJF_s3f4qFR15VHeIIQTWSxITJ-slVXFsdjOGkjeH7N9irrxUnI4kN-ROXZFHOmMLVbywwC92DGDNCaL0LpaUffvt3aqchVnPCw4QvtCvAgg6etN0.SQ6oYckdj1vEEzZ4nBxTToYsBCvM_3KQPFcZw8J6t4M&dib_tag=se&keywords=wireless%2Bmouse&qid=1784882110&sr=8-1&th=1:0
[  121449ms] [WARNING] The resource https://m.media-amazon.com/images/I/61lGvbxWIUL.js?AUIClients/ was preloaded using link preload but not used within a few seconds from the window's load event. Please make sure it has an appropriate `as` value and it is preloaded intentionally. @ https://www.amazon.com/Logitech-Wireless-Mouse-M185-Swift/dp/B004YAVF8I/ref=sr_1_1?dib=eyJ2IjoiMSJ9.ed2dnej92Xt1JdU0r4d90YlZxBvjfvtMRBznifwMe-a6ybkarZqNDK3jkEQ7kFfpah9JtRscYSqLF1KhUi_jHVWl6XHy6XEuzp2bs0sXEge8SAKQRlA1FJjuYTjJF_s3f4qFR15VHeIIQTWSxITJ-slVXFsdjOGkjeH7N9irrxUnI4kN-ROXZFHOmMLVbywwC92DGDNCaL0LpaUffvt3aqchVnPCw4QvtCvAgg6etN0.SQ6oYckdj1vEEzZ4nBxTToYsBCvM_3KQPFcZw8J6t4M&dib_tag=se&keywords=wireless%2Bmouse&qid=1784882110&sr=8-1&th=1:0
[  121449ms] [WARNING] The resource https://m.media-amazon.com/images/I/617wb09azWL._RC%7C81ZLs-rhJOL.js,31jsB13JlVL.js_.js?AUIClients/ was preloaded using link preload but not used within a few seconds from the window's load event. Please make sure it has an appropriate `as` value and it is preloaded intentionally. @ https://www.amazon.com/Logitech-Wireless-Mouse-M185-Swift/dp/B004YAVF8I/ref=sr_1_1?dib=eyJ2IjoiMSJ9.ed2dnej92Xt1JdU0r4d90YlZxBvjfvtMRBznifwMe-a6ybkarZqNDK3jkEQ7kFfpah9JtRscYSqLF1KhUi_jHVWl6XHy6XEuzp2bs0sXEge8SAKQRlA1FJjuYTjJF_s3f4qFR15VHeIIQTWSxITJ-slVXFsdjOGkjeH7N9irrxUnI4kN-ROXZFHOmMLVbywwC92DGDNCaL0LpaUffvt3aqchVnPCw4QvtCvAgg6etN0.SQ6oYckdj1vEEzZ4nBxTToYsBCvM_3KQPFcZw8J6t4M&dib_tag=se&keywords=wireless%2Bmouse&qid=1784882110&sr=8-1&th=1:0
[  121449ms] [WARNING] The resource https://m.media-amazon.com/images/S/sash/1dcKWNtgTsXnwBt.html#sfClientHtmlUrl was preloaded using link preload but not used within a few seconds from the window's load event. Please make sure it has an appropriate `as` value and it is preloaded intentionally. @ https://www.amazon.com/Logitech-Wireless-Mouse-M185-Swift/dp/B004YAVF8I/ref=sr_1_1?dib=eyJ2IjoiMSJ9.ed2dnej92Xt1JdU0r4d90YlZxBvjfvtMRBznifwMe-a6ybkarZqNDK3jkEQ7kFfpah9JtRscYSqLF1KhUi_jHVWl6XHy6XEuzp2bs0sXEge8SAKQRlA1FJjuYTjJF_s3f4qFR15VHeIIQTWSxITJ-slVXFsdjOGkjeH7N9irrxUnI4kN-ROXZFHOmMLVbywwC92DGDNCaL0LpaUffvt3aqchVnPCw4QvtCvAgg6etN0.SQ6oYckdj1vEEzZ4nBxTToYsBCvM_3KQPFcZw8J6t4M&dib_tag=se&keywords=wireless%2Bmouse&qid=1784882110&sr=8-1&th=1:0
[  121449ms] [WARNING] The resource https://m.media-amazon.com/images/I/51JaN4e5NgL._RC%7C01zCndFsf4L.js,019K6hE9zSL.js,31xJau8gMoL.js_.js?AUIClients/ was preloaded using link preload but not used within a few seconds from the window's load event. Please make sure it has an appropriate `as` value and it is preloaded intentionally. @ https://www.amazon.com/Logitech-Wireless-Mouse-M185-Swift/dp/B004YAVF8I/ref=sr_1_1?dib=eyJ2IjoiMSJ9.ed2dnej92Xt1JdU0r4d90YlZxBvjfvtMRBznifwMe-a6ybkarZqNDK3jkEQ7kFfpah9JtRscYSqLF1KhUi_jHVWl6XHy6XEuzp2bs0sXEge8SAKQRlA1FJjuYTjJF_s3f4qFR15VHeIIQTWSxITJ-slVXFsdjOGkjeH7N9irrxUnI4kN-ROXZFHOmMLVbywwC92DGDNCaL0LpaUffvt3aqchVnPCw4QvtCvAgg6etN0.SQ6oYckdj1vEEzZ4nBxTToYsBCvM_3KQPFcZw8J6t4M&dib_tag=se&keywords=wireless%2Bmouse&qid=1784882110&sr=8-1&th=1:0
[  121449ms] [WARNING] The resource https://m.media-amazon.com/images/I/119lYNyqoQL.js?AUIClients/ was preloaded using link preload but not used within a few seconds from the window's load event. Please make sure it has an appropriate `as` value and it is preloaded intentionally. @ https://www.amazon.com/Logitech-Wireless-Mouse-M185-Swift/dp/B004YAVF8I/ref=sr_1_1?dib=eyJ2IjoiMSJ9.ed2dnej92Xt1JdU0r4d90YlZxBvjfvtMRBznifwMe-a6ybkarZqNDK3jkEQ7kFfpah9JtRscYSqLF1KhUi_jHVWl6XHy6XEuzp2bs0sXEge8SAKQRlA1FJjuYTjJF_s3f4qFR15VHeIIQTWSxITJ-slVXFsdjOGkjeH7N9irrxUnI4kN-ROXZFHOmMLVbywwC92DGDNCaL0LpaUffvt3aqchVnPCw4QvtCvAgg6etN0.SQ6oYckdj1vEEzZ4nBxTToYsBCvM_3KQPFcZw8J6t4M&dib_tag=se&keywords=wireless%2Bmouse&qid=1784882110&sr=8-1&th=1:0
[  121449ms] [WARNING] The resource https://m.media-amazon.com/images/I/51S-qOAsDtL.js?AUIClients/ was preloaded using link preload but not used within a few seconds from the window's load event. Please make sure it has an appropriate `as` value and it is preloaded intentionally. @ https://www.amazon.com/Logitech-Wireless-Mouse-M185-Swift/dp/B004YAVF8I/ref=sr_1_1?dib=eyJ2IjoiMSJ9.ed2dnej92Xt1JdU0r4d90YlZxBvjfvtMRBznifwMe-a6ybkarZqNDK3jkEQ7kFfpah9JtRscYSqLF1KhUi_jHVWl6XHy6XEuzp2bs0sXEge8SAKQRlA1FJjuYTjJF_s3f4qFR15VHeIIQTWSxITJ-slVXFsdjOGkjeH7N9irrxUnI4kN-ROXZFHOmMLVbywwC92DGDNCaL0LpaUffvt3aqchVnPCw4QvtCvAgg6etN0.SQ6oYckdj1vEEzZ4nBxTToYsBCvM_3KQPFcZw8J6t4M&dib_tag=se&keywords=wireless%2Bmouse&qid=1784882110&sr=8-1&th=1:0
[  121449ms] [WARNING] The resource https://m.media-amazon.com/images/I/31lqqqMDjxL.js?AUIClients/ was preloaded using link preload but not used within a few seconds from the window's load event. Please make sure it has an appropriate `as` value and it is preloaded intentionally. @ https://www.amazon.com/Logitech-Wireless-Mouse-M185-Swift/dp/B004YAVF8I/ref=sr_1_1?dib=eyJ2IjoiMSJ9.ed2dnej92Xt1JdU0r4d90YlZxBvjfvtMRBznifwMe-a6ybkarZqNDK3jkEQ7kFfpah9JtRscYSqLF1KhUi_jHVWl6XHy6XEuzp2bs0sXEge8SAKQRlA1FJjuYTjJF_s3f4qFR15VHeIIQTWSxITJ-slVXFsdjOGkjeH7N9irrxUnI4kN-ROXZFHOmMLVbywwC92DGDNCaL0LpaUffvt3aqchVnPCw4QvtCvAgg6etN0.SQ6oYckdj1vEEzZ4nBxTToYsBCvM_3KQPFcZw8J6t4M&dib_tag=se&keywords=wireless%2Bmouse&qid=1784882110&sr=8-1&th=1:0
[  148588ms] [WARNING] The resource https://m.media-amazon.com/images/I/51On6pZ2rqL.js?AUIClients/ was preloaded using link preload but not used within a few seconds from the window's load event. Please make sure it has an appropriate `as` value and it is preloaded intentionally. @ https://www.amazon.com/Logitech-Wireless-Mouse-M185-Swift/dp/B004YAVF8I/ref=sr_1_1?dib=eyJ2IjoiMSJ9.ed2dnej92Xt1JdU0r4d90YlZxBvjfvtMRBznifwMe-a6ybkarZqNDK3jkEQ7kFfpah9JtRscYSqLF1KhUi_jHVWl6XHy6XEuzp2bs0sXEge8SAKQRlA1FJjuYTjJF_s3f4qFR15VHeIIQTWSxITJ-slVXFsdjOGkjeH7N9irrxUnI4kN-ROXZFHOmMLVbywwC92DGDNCaL0LpaUffvt3aqchVnPCw4QvtCvAgg6etN0.SQ6oYckdj1vEEzZ4nBxTToYsBCvM_3KQPFcZw8J6t4M&dib_tag=se&keywords=wireless%2Bmouse&qid=1784882110&sr=8-1&th=1:0
[  148588ms] [WARNING] The resource https://m.media-amazon.com/images/S/sash/cqKHmwD3Ut9oj5s.js#sfClientUrl was preloaded using link preload but not used within a few seconds from the window's load event. Please make sure it has an appropriate `as` value and it is preloaded intentionally. @ https://www.amazon.com/Logitech-Wireless-Mouse-M185-Swift/dp/B004YAVF8I/ref=sr_1_1?dib=eyJ2IjoiMSJ9.ed2dnej92Xt1JdU0r4d90YlZxBvjfvtMRBznifwMe-a6ybkarZqNDK3jkEQ7kFfpah9JtRscYSqLF1KhUi_jHVWl6XHy6XEuzp2bs0sXEge8SAKQRlA1FJjuYTjJF_s3f4qFR15VHeIIQTWSxITJ-slVXFsdjOGkjeH7N9irrxUnI4kN-ROXZFHOmMLVbywwC92DGDNCaL0LpaUffvt3aqchVnPCw4QvtCvAgg6etN0.SQ6oYckdj1vEEzZ4nBxTToYsBCvM_3KQPFcZw8J6t4M&dib_tag=se&keywords=wireless%2Bmouse&qid=1784882110&sr=8-1&th=1:0
[  148588ms] [WARNING] The resource https://m.media-amazon.com/images/I/61lGvbxWIUL.js?AUIClients/ was preloaded using link preload but not used within a few seconds from the window's load event. Please make sure it has an appropriate `as` value and it is preloaded intentionally. @ https://www.amazon.com/Logitech-Wireless-Mouse-M185-Swift/dp/B004YAVF8I/ref=sr_1_1?dib=eyJ2IjoiMSJ9.ed2dnej92Xt1JdU0r4d90YlZxBvjfvtMRBznifwMe-a6ybkarZqNDK3jkEQ7kFfpah9JtRscYSqLF1KhUi_jHVWl6XHy6XEuzp2bs0sXEge8SAKQRlA1FJjuYTjJF_s3f4qFR15VHeIIQTWSxITJ-slVXFsdjOGkjeH7N9irrxUnI4kN-ROXZFHOmMLVbywwC92DGDNCaL0LpaUffvt3aqchVnPCw4QvtCvAgg6etN0.SQ6oYckdj1vEEzZ4nBxTToYsBCvM_3KQPFcZw8J6t4M&dib_tag=se&keywords=wireless%2Bmouse&qid=1784882110&sr=8-1&th=1:0
[  148589ms] [WARNING] The resource https://m.media-amazon.com/images/I/617wb09azWL._RC%7C81ZLs-rhJOL.js,31jsB13JlVL.js_.js?AUIClients/ was preloaded using link preload but not used within a few seconds from the window's load event. Please make sure it has an appropriate `as` value and it is preloaded intentionally. @ https://www.amazon.com/Logitech-Wireless-Mouse-M185-Swift/dp/B004YAVF8I/ref=sr_1_1?dib=eyJ2IjoiMSJ9.ed2dnej92Xt1JdU0r4d90YlZxBvjfvtMRBznifwMe-a6ybkarZqNDK3jkEQ7kFfpah9JtRscYSqLF1KhUi_jHVWl6XHy6XEuzp2bs0sXEge8SAKQRlA1FJjuYTjJF_s3f4qFR15VHeIIQTWSxITJ-slVXFsdjOGkjeH7N9irrxUnI4kN-ROXZFHOmMLVbywwC92DGDNCaL0LpaUffvt3aqchVnPCw4QvtCvAgg6etN0.SQ6oYckdj1vEEzZ4nBxTToYsBCvM_3KQPFcZw8J6t4M&dib_tag=se&keywords=wireless%2Bmouse&qid=1784882110&sr=8-1&th=1:0
[  148589ms] [WARNING] The resource https://m.media-amazon.com/images/S/sash/1dcKWNtgTsXnwBt.html#sfClientHtmlUrl was preloaded using link preload but not used within a few seconds from the window's load event. Please make sure it has an appropriate `as` value and it is preloaded intentionally. @ https://www.amazon.com/Logitech-Wireless-Mouse-M185-Swift/dp/B004YAVF8I/ref=sr_1_1?dib=eyJ2IjoiMSJ9.ed2dnej92Xt1JdU0r4d90YlZxBvjfvtMRBznifwMe-a6ybkarZqNDK3jkEQ7kFfpah9JtRscYSqLF1KhUi_jHVWl6XHy6XEuzp2bs0sXEge8SAKQRlA1FJjuYTjJF_s3f4qFR15VHeIIQTWSxITJ-slVXFsdjOGkjeH7N9irrxUnI4kN-ROXZFHOmMLVbywwC92DGDNCaL0LpaUffvt3aqchVnPCw4QvtCvAgg6etN0.SQ6oYckdj1vEEzZ4nBxTToYsBCvM_3KQPFcZw8J6t4M&dib_tag=se&keywords=wireless%2Bmouse&qid=1784882110&sr=8-1&th=1:0
[  148589ms] [WARNING] The resource https://m.media-amazon.com/images/I/51JaN4e5NgL._RC%7C01zCndFsf4L.js,019K6hE9zSL.js,31xJau8gMoL.js_.js?AUIClients/ was preloaded using link preload but not used within a few seconds from the window's load event. Please make sure it has an appropriate `as` value and it is preloaded intentionally. @ https://www.amazon.com/Logitech-Wireless-Mouse-M185-Swift/dp/B004YAVF8I/ref=sr_1_1?dib=eyJ2IjoiMSJ9.ed2dnej92Xt1JdU0r4d90YlZxBvjfvtMRBznifwMe-a6ybkarZqNDK3jkEQ7kFfpah9JtRscYSqLF1KhUi_jHVWl6XHy6XEuzp2bs0sXEge8SAKQRlA1FJjuYTjJF_s3f4qFR15VHeIIQTWSxITJ-slVXFsdjOGkjeH7N9irrxUnI4kN-ROXZFHOmMLVbywwC92DGDNCaL0LpaUffvt3aqchVnPCw4QvtCvAgg6etN0.SQ6oYckdj1vEEzZ4nBxTToYsBCvM_3KQPFcZw8J6t4M&dib_tag=se&keywords=wireless%2Bmouse&qid=1784882110&sr=8-1&th=1:0
[  148589ms] [WARNING] The resource https://m.media-amazon.com/images/I/119lYNyqoQL.js?AUIClients/ was preloaded using link preload but not used within a few seconds from the window's load event. Please make sure it has an appropriate `as` value and it is preloaded intentionally. @ https://www.amazon.com/Logitech-Wireless-Mouse-M185-Swift/dp/B004YAVF8I/ref=sr_1_1?dib=eyJ2IjoiMSJ9.ed2dnej92Xt1JdU0r4d90YlZxBvjfvtMRBznifwMe-a6ybkarZqNDK3jkEQ7kFfpah9JtRscYSqLF1KhUi_jHVWl6XHy6XEuzp2bs0sXEge8SAKQRlA1FJjuYTjJF_s3f4qFR15VHeIIQTWSxITJ-slVXFsdjOGkjeH7N9irrxUnI4kN-ROXZFHOmMLVbywwC92DGDNCaL0LpaUffvt3aqchVnPCw4QvtCvAgg6etN0.SQ6oYckdj1vEEzZ4nBxTToYsBCvM_3KQPFcZw8J6t4M&dib_tag=se&keywords=wireless%2Bmouse&qid=1784882110&sr=8-1&th=1:0
[  148589ms] [WARNING] The resource https://m.media-amazon.com/images/I/51S-qOAsDtL.js?AUIClients/ was preloaded using link preload but not used within a few seconds from the window's load event. Please make sure it has an appropriate `as` value and it is preloaded intentionally. @ https://www.amazon.com/Logitech-Wireless-Mouse-M185-Swift/dp/B004YAVF8I/ref=sr_1_1?dib=eyJ2IjoiMSJ9.ed2dnej92Xt1JdU0r4d90YlZxBvjfvtMRBznifwMe-a6ybkarZqNDK3jkEQ7kFfpah9JtRscYSqLF1KhUi_jHVWl6XHy6XEuzp2bs0sXEge8SAKQRlA1FJjuYTjJF_s3f4qFR15VHeIIQTWSxITJ-slVXFsdjOGkjeH7N9irrxUnI4kN-ROXZFHOmMLVbywwC92DGDNCaL0LpaUffvt3aqchVnPCw4QvtCvAgg6etN0.SQ6oYckdj1vEEzZ4nBxTToYsBCvM_3KQPFcZw8J6t4M&dib_tag=se&keywords=wireless%2Bmouse&qid=1784882110&sr=8-1&th=1:0
[  148589ms] [WARNING] The resource https://m.media-amazon.com/images/I/31lqqqMDjxL.js?AUIClients/ was preloaded using link preload but not used within a few seconds from the window's load event. Please make sure it has an appropriate `as` value and it is preloaded intentionally. @ https://www.amazon.com/Logitech-Wireless-Mouse-M185-Swift/dp/B004YAVF8I/ref=sr_1_1?dib=eyJ2IjoiMSJ9.ed2dnej92Xt1JdU0r4d90YlZxBvjfvtMRBznifwMe-a6ybkarZqNDK3jkEQ7kFfpah9JtRscYSqLF1KhUi_jHVWl6XHy6XEuzp2bs0sXEge8SAKQRlA1FJjuYTjJF_s3f4qFR15VHeIIQTWSxITJ-slVXFsdjOGkjeH7N9irrxUnI4kN-ROXZFHOmMLVbywwC92DGDNCaL0LpaUffvt3aqchVnPCw4QvtCvAgg6etN0.SQ6oYckdj1vEEzZ4nBxTToYsBCvM_3KQPFcZw8J6t4M&dib_tag=se&keywords=wireless%2Bmouse&qid=1784882110&sr=8-1&th=1:0
