[     737ms] TypeError: Cannot redefine property: languages
    at Object.defineProperty (<anonymous>)
    at <anonymous>:28:12
    at <anonymous>:46:5
    at <anonymous>:47:7
[     740ms] TypeError: Cannot redefine property: languages
    at Object.defineProperty (<anonymous>)
    at <anonymous>:28:12
    at <anonymous>:46:5
    at <anonymous>:47:7
[    2339ms] [WARNING] A preload for 'https://duckduckgo.com/country.json' is found, but is not used because the request credentials mode does not match. Consider taking a look at crossorigin attribute. @ https://duckduckgo.com/_next/static/chunks/pages/_app-d940d4a1850ae68a.js:0
[    6098ms] [WARNING] The resource https://duckduckgo.com/static-assets/image/pages/app/app-store-badge-light.svg was preloaded using link preload but not used within a few seconds from the window's load event. Please make sure it has an appropriate `as` value and it is preloaded intentionally. @ https://duckduckgo.com/:0
[    6098ms] [WARNING] The resource https://duckduckgo.com/country.json was preloaded using link preload but not used within a few seconds from the window's load event. Please make sure it has an appropriate `as` value and it is preloaded intentionally. @ https://duckduckgo.com/:0
[    6201ms] [WARNING] Attempted to start an event that already exists: homepage_search-from-homepage @ https://duckduckgo.com/_next/static/chunks/pages/_app-d940d4a1850ae68a.js:0
[    6458ms] TypeError: Cannot redefine property: languages
    at Object.defineProperty (<anonymous>)
    at <anonymous>:28:12
    at <anonymous>:46:5
    at <anonymous>:47:7
[    6459ms] TypeError: Cannot redefine property: languages
    at Object.defineProperty (<anonymous>)
    at <anonymous>:28:12
    at <anonymous>:46:5
    at <anonymous>:47:7
[    7982ms] [INFO] Slow network is detected. See https://www.chromestatus.com/feature/5636954674692096 for more details. Fallback font will be used while loading: https://duckduckgo.com/font/DuckSansDisplay-Regular.woff2 @ https://duckduckgo.com/dist/wpm.main.0ef90a8d02fd2b7f24cd.js:0
[    7996ms] [INFO] Slow network is detected. See https://www.chromestatus.com/feature/5636954674692096 for more details. Fallback font will be used while loading: https://duckduckgo.com/font/DuckSansDisplay-Bold.woff2 @ https://duckduckgo.com/dist/lib/l.3ae6f13dc257d9500d18.js:46
[    8076ms] TypeError: Cannot redefine property: languages
    at Object.defineProperty (<anonymous>)
    at <anonymous>:28:12
    at <anonymous>:46:5
    at <anonymous>:47:7
[    8077ms] TypeError: Cannot redefine property: languages
    at Object.defineProperty (<anonymous>)
    at <anonymous>:28:12
    at <anonymous>:46:5
    at <anonymous>:47:7
[    8084ms] [WARNING] useTranslation: DISMISS is not available @ https://duckduckgo.com/dist/wpm.main.0ef90a8d02fd2b7f24cd.js:0
[    8120ms] [WARNING] useTranslation: DISMISS is not available @ https://duckduckgo.com/dist/wpm.main.0ef90a8d02fd2b7f24cd.js:0
[    8566ms] [ERROR] Failed to load resource: the server responded with a status of 404 () @ https://external-content.duckduckgo.com/ip3/www.ft.com.ico:0
