[    2435ms] [INFO] Helios: confiant disable  @ :5
[    2436ms] [INFO] Helios: helios disable  @ :5
[    2556ms] [ERROR] %cAY background: linear-gradient(-152deg,#6937ea,#377fea 65%);border-radius: 3px;color: white;padding: 1px 5px Missing required modules: prebidServerBidAdapter, s2sTesting @ :5
[    2703ms] Error: Minified React error #418; visit https://react.dev/errors/418?args[]=HTML&args[]= for the full message or use the non-minified dev environment for full errors and additional helpful warnings.
    at rQ (https://weather.com/_next/static/chunks/407047f5-9db8.js?dpl=dpl_6mvSuGWkee2HYUq1UG98CoqNj8xK:6:105197)
    at rZ (https://weather.com/_next/static/chunks/407047f5-9db8.js?dpl=dpl_6mvSuGWkee2HYUq1UG98CoqNj8xK:6:106565)
    at https://weather.com/_next/static/chunks/407047f5-9db8.js?dpl=dpl_6mvSuGWkee2HYUq1UG98CoqNj8xK:6:200572
    at sm (https://weather.com/_next/static/chunks/407047f5-9db8.js?dpl=dpl_6mvSuGWkee2HYUq1UG98CoqNj8xK:6:205739)
    at sd (https://weather.com/_next/static/chunks/407047f5-9db8.js?dpl=dpl_6mvSuGWkee2HYUq1UG98CoqNj8xK:6:196989)
    at https://weather.com/_next/static/chunks/407047f5-9db8.js?dpl=dpl_6mvSuGWkee2HYUq1UG98CoqNj8xK:6:191814
    at se (https://weather.com/_next/static/chunks/407047f5-9db8.js?dpl=dpl_6mvSuGWkee2HYUq1UG98CoqNj8xK:6:191915)
    at sW (https://weather.com/_next/static/chunks/407047f5-9db8.js?dpl=dpl_6mvSuGWkee2HYUq1UG98CoqNj8xK:6:218479)
    at MessagePort.O (https://weather.com/_next/static/chunks/407047f5-9db8.js?dpl=dpl_6mvSuGWkee2HYUq1UG98CoqNj8xK:6:66637)
[    3211ms] [WARNING] [GPT] PubAdsService.enableSingleRequest is deprecated, use googletag.setConfig({singleRequest: ...}) instead.
https://goo.gle/gpt-message#170 @ :5
[    3212ms] [INFO] Helios: Process special slot  WX_Hidden @ :5
[    3212ms] [INFO] Helios: Process special slot  MW_Interstitial @ :5
[    3215ms] [WARNING] [GPT] Slot.setTargeting is deprecated, use Slot.setConfig({targeting: ...}) instead.
https://goo.gle/gpt-message#171 @ :5
[    3453ms] [WARNING] Identity value for 'email' is falsy (). This value will be removed from the request. @ :5
[    3661ms] [ERROR] p: MISSING_MESSAGE: HealthAndActivities.healthAndActivities (en-IN)
    at c (https://weather.com/_next/static/chunks/1agbnwcbp22v4.js?dpl=dpl_6mvSuGWkee2HYUq1UG98CoqNj8xK:3:8277)
    at m (https://weather.com/_next/static/chunks/1agbnwcbp22v4.js?dpl=dpl_6mvSuGWkee2HYUq1UG98CoqNj8xK:3:8464)
    at f (https://weather.com/_next/static/chunks/1agbnwcbp22v4.js?dpl=dpl_6mvSuGWkee2HYUq1UG98CoqNj8xK:3:8923)
    at d (https://weather.com/_next/static/chunks/2rqgnaba-_iax.js?dpl=dpl_6mvSuGWkee2HYUq1UG98CoqNj8xK:5:208629)
    at oy (https://weather.com/_next/static/chunks/407047f5-9db8.js?dpl=dpl_6mvSuGWkee2HYUq1UG98CoqNj8xK:6:121829)
    at i0 (https://weather.com/_next/static/chunks/407047f5-9db8.js?dpl=dpl_6mvSuGWkee2HYUq1UG98CoqNj8xK:6:142086)
    at ls (https://weather.com/_next/static/chunks/407047f5-9db8.js?dpl=dpl_6mvSuGWkee2HYUq1UG98CoqNj8xK:6:153688)
    at sd (https://weather.com/_next/static/chunks/407047f5-9db8.js?dpl=dpl_6mvSuGWkee2HYUq1UG98CoqNj8xK:6:196928)
    at https://weather.com/_next/static/chunks/407047f5-9db8.js?dpl=dpl_6mvSuGWkee2HYUq1UG98CoqNj8xK:6:196773
    at sf (https://weather.com/_next/static/chunks/407047f5-9db8.js?dpl=dpl_6mvSuGWkee2HYUq1UG98CoqNj8xK:6:196781) @ :5
[    3690ms] [ERROR] p: MISSING_MESSAGE: HealthAndActivities.healthAndActivities (en-IN)
    at c (https://weather.com/_next/static/chunks/1agbnwcbp22v4.js?dpl=dpl_6mvSuGWkee2HYUq1UG98CoqNj8xK:3:8277)
    at m (https://weather.com/_next/static/chunks/1agbnwcbp22v4.js?dpl=dpl_6mvSuGWkee2HYUq1UG98CoqNj8xK:3:8464)
    at f (https://weather.com/_next/static/chunks/1agbnwcbp22v4.js?dpl=dpl_6mvSuGWkee2HYUq1UG98CoqNj8xK:3:8923)
    at d (https://weather.com/_next/static/chunks/2rqgnaba-_iax.js?dpl=dpl_6mvSuGWkee2HYUq1UG98CoqNj8xK:5:208629)
    at oy (https://weather.com/_next/static/chunks/407047f5-9db8.js?dpl=dpl_6mvSuGWkee2HYUq1UG98CoqNj8xK:6:121829)
    at i0 (https://weather.com/_next/static/chunks/407047f5-9db8.js?dpl=dpl_6mvSuGWkee2HYUq1UG98CoqNj8xK:6:142086)
    at ls (https://weather.com/_next/static/chunks/407047f5-9db8.js?dpl=dpl_6mvSuGWkee2HYUq1UG98CoqNj8xK:6:153688)
    at sd (https://weather.com/_next/static/chunks/407047f5-9db8.js?dpl=dpl_6mvSuGWkee2HYUq1UG98CoqNj8xK:6:196928)
    at https://weather.com/_next/static/chunks/407047f5-9db8.js?dpl=dpl_6mvSuGWkee2HYUq1UG98CoqNj8xK:6:196773
    at sf (https://weather.com/_next/static/chunks/407047f5-9db8.js?dpl=dpl_6mvSuGWkee2HYUq1UG98CoqNj8xK:6:196781) @ :5
[    3948ms] [ERROR] Failed to load resource: the server responded with a status of 404 () @ https://api.weather.com/v3/alerts/headlines?format=json&language=en-IN&apiKey=71f92ea9dd2f4790b92ea9dd2f779061&geocode=28.614%2C77.209:0
[    4723ms] [ERROR] Provider's accounts list is empty. @ https://weather.com/en-IN/in/delhi/city/new-delhi/today?Goto=Redirected:0
[    6743ms] [WARNING] adgb - not initialized. @ :5
[    7462ms] [ERROR] [GSI_LOGGER]: FedCM get() rejects with NetworkError: Error retrieving a token. @ :5
[    7489ms] [WARNING] Placements With no Content: Below Content Thumbnails - today | Lazy Injected 1 @ :5
[    7490ms] [WARNING] Placements With no Content: Below Content Thumbnails - today | Lazy Injected 1 @ :5
[    7871ms] [WARNING] [GPT] Using deprecated googletag.encryptedSignalProviders. Please use googletag.secureSignalProviders instead.
https://goo.gle/gpt-message#155 @ :5
[    9044ms] [ERROR] Failed to load resource: the server responded with a status of 404 () @ https://api.weather.com/v3/alerts/headlines?format=json&language=en-IN&apiKey=71f92ea9dd2f4790b92ea9dd2f779061&geocode=28.614%2C77.209:0
[   15948ms] [WARNING] The resource https://weather.com/_next/static/chunks/16yf-fk_5dxil.js?dpl=dpl_6mvSuGWkee2HYUq1UG98CoqNj8xK was preloaded using link preload but not used within a few seconds from the window's load event. Please make sure it has an appropriate `as` value and it is preloaded intentionally. @ https://weather.com/en-IN/in/delhi/city/new-delhi/today?Goto=Redirected:0
[   16502ms] [ERROR] Attestation check for Attribution Reporting on https://ad.doubleclick.net failed. @ https://weather.com/en-IN/in/delhi/city/new-delhi/today?Goto=Redirected:0
[   16965ms] [ERROR] Attestation check for Attribution Reporting on https://ad.doubleclick.net failed. @ https://weather.com/en-IN/in/delhi/city/new-delhi/today?Goto=Redirected:0
[   17718ms] [ERROR] Attestation check for Shared Storage on https://www.googleadservices.com failed. @ https://www.googleadservices.com/pagead/managed/js/activeview/current/reach_worklet.html:0
[   19162ms] [ERROR] Failed to load resource: the server responded with a status of 400 () @ https://match.prod.bidr.io/cookie-sync/see:0
[   20688ms] [ERROR] Failed to load resource: the server responded with a status of 424 (Failed Dependency) @ https://t.adx.opera.com/pub/sync?pubid=pub10101531197440&gdpr=1&gdpr_consent=:0
[   21392ms] [ERROR] Failed to load resource: net::ERR_CONNECTION_REFUSED @ https://cs.nex8.net/cs/openx:0
[   21392ms] [ERROR] Failed to load resource: net::ERR_CONNECTION_REFUSED @ https://cs.nex8.net/cs/openx:0
[   28452ms] [ERROR] Failed to load resource: net::ERR_NAME_NOT_RESOLVED @ https://dps.jp.cinarra.com/pxd?PLATFORM_ID=1&USER_ID=988e612d-b55e-8185-eaf6-2e69467ec506:0
[   28470ms] [ERROR] Failed to load resource: net::ERR_NAME_NOT_RESOLVED @ https://match.rundsp.com/redirect?ex=openx:0
[   29138ms] [ERROR] Failed to load resource: the server responded with a status of 404 () @ https://api.weather.com/v3/alerts/headlines?format=json&language=en-IN&apiKey=71f92ea9dd2f4790b92ea9dd2f779061&geocode=28.614%2C77.209:0
[   46027ms] [ERROR] Attestation check for Shared Storage on https://www.googleadservices.com failed. @ https://www.googleadservices.com/pagead/managed/js/activeview/current/reach_worklet.html:0
[   46490ms] [ERROR] Failed to load resource: net::ERR_CONNECTION_CLOSED @ https://ep1.adtrafficquality.google/pagead/gen_204?id=sodar&v=46&t=2&bgai=BnzOpYydfat-JGfeejMwP5OnZwAIAAAAAOAHgBAI&bg=!nJ-ln_3NAAaHuSoKp7k7AEcBe5WfOGi_oToD-XM6fgAVTTgmPM541YIp252-9J3fav7GZJpt8G-Not29P5URkiSS048llvgsD7nYBiVpAGGFIPLa--wMbwIAAACEUgAAAAtoAQd-ADUxUWWbNEC__yxzZHm0CNpkuBPv0CdhEZeWzJOJDRtWxL8lSAONfm-Va9QZ2XHTPERmc05nzQoALynJsKwLyTfAERn5n9YHFiRD1i8pxtkEGoqIBkDYPnHJekQkj65WORfHNTxy8ZBWmQLdETMbtulc8mYybVvpcl5WooBYwuZGp680wHt6IU6GQGDdWMO47YooV9rF63G0HGHpMF5n_nuNtEfDn618fe7Mrkb6fOM_YOvbJJjliie11m28nKlwuEaUKjge6fg8zqmEmmDyti6P9oGm3mY1vA3a_Jvmhe73J936a2ioBmCA2a6K3nYW32t_2FSjkKkq3NMRdtMCjVV0YaJ3I8tCo9KJ9m0x6A5aJyUFvWyygPX8EP_P0Wai3ctm_LRjSMeNgtTqpl19ytefw_UXxDs03PA1cNXtA7qdwPcDb5fo9j2LTb8SjpDAxc6yzBF2sgy0OmrMv6v8jnr0e98ftNV23G-pXKn5_HCNuQwrs72qvD9kDXVSp8hegXp2kRbFUBqo62Q9Te9Ix6IfspZeGk7ERk_gejcOrJi1916TlxQGQoAOxhBFTSRT8PSQCKt-uNK34r0ioqj_PkKQhgvMnhi9PPsLyOWQl4plNdD7F5z-1xkrdEyK84lJnthme3Vqy6XRq3qEUIP_uxAs3beVe942pDPbRXJpqJiH-m8xtu8u73c3IyH1dTXV8xqlQwV2FgQRNOy7gHnGduthMciucUUcArjjQ7VSF0QFuOYYW9nU7y0d5YEQohpqw6i1U1Pbqoy2t2nwJZex-lzLT06oTslkiL3YXHh3Eo3vbeVQGsTu-y9BxMKstZ7Wc21lq2AHL6LszgjQzHfdP16aQRfW45FNH9i9lxnukZlTTWZU_xIs594la0ptyoKyOonnAk0UWfieVme4NDx7j-xS9amqAtusW4gNFMmc03Xice-G5OwfBd_yP-O0Ag7ogrd22adivxjg3_7DCUty7Y-5TLzq0V-5lApLF-XOLwo6dnzTFdMEBOvt0C9QESYNKoMN9yJ9Y6cnpXty3LQxqh08F3gbNe42ZiXqBq0MBQyLXHLZaPyBi_D1Y83DPjfS3nUW-ICrNUlGqzdR578stz5DhBLfhAmB2g:0
[   46689ms] [ERROR] Attestation check for Attribution Reporting on https://ad.doubleclick.net failed. @ https://weather.com/en-IN/in/delhi/city/new-delhi/today?Goto=Redirected:0
[   46699ms] [ERROR] Attestation check for Attribution Reporting on https://ad.doubleclick.net failed. @ https://weather.com/en-IN/in/delhi/city/new-delhi/today?Goto=Redirected:0
[   54761ms] [ERROR] Failed to load resource: net::ERR_TOO_MANY_REDIRECTS @ https://uipglob.semasio.net/id5/1/get?gdpr=0&gdpr_consent=&_url=https%3A%2F%2Fid5-sync.com%2Fc%2F464%2F112%2F0%2F8.gif%3Fpuid%3D%24%7BUIPID%7D%26gdpr%3D0%26gdpr_consent%3D:0
[   57768ms] [WARNING] The resource https://weather.com/_next/static/chunks/16yf-fk_5dxil.js?dpl=dpl_6mvSuGWkee2HYUq1UG98CoqNj8xK was preloaded using link preload but not used within a few seconds from the window's load event. Please make sure it has an appropriate `as` value and it is preloaded intentionally. @ https://weather.com/en-IN/in/delhi/city/new-delhi/today?Goto=Redirected:0
[   60922ms] [WARNING] The resource https://weather.com/_next/static/chunks/16yf-fk_5dxil.js?dpl=dpl_6mvSuGWkee2HYUq1UG98CoqNj8xK was preloaded using link preload but not used within a few seconds from the window's load event. Please make sure it has an appropriate `as` value and it is preloaded intentionally. @ https://weather.com/en-IN/in/delhi/city/new-delhi/today?Goto=Redirected:0
[   64443ms] [ERROR] Failed to load resource: the server responded with a status of 404 () @ https://api.weather.com/v3/alerts/headlines?format=json&language=en-IN&apiKey=71f92ea9dd2f4790b92ea9dd2f779061&geocode=28.614%2C77.209:0
[   67499ms] [WARNING] The resource https://weather.com/_next/static/chunks/16yf-fk_5dxil.js?dpl=dpl_6mvSuGWkee2HYUq1UG98CoqNj8xK was preloaded using link preload but not used within a few seconds from the window's load event. Please make sure it has an appropriate `as` value and it is preloaded intentionally. @ https://weather.com/en-IN/in/delhi/city/new-delhi/today?Goto=Redirected:0
[   70905ms] [WARNING] The resource https://weather.com/_next/static/chunks/16yf-fk_5dxil.js?dpl=dpl_6mvSuGWkee2HYUq1UG98CoqNj8xK was preloaded using link preload but not used within a few seconds from the window's load event. Please make sure it has an appropriate `as` value and it is preloaded intentionally. @ https://weather.com/en-IN/in/delhi/city/new-delhi/today?Goto=Redirected:0
[   79374ms] [ERROR] Attestation check for Shared Storage on https://www.googleadservices.com failed. @ https://www.googleadservices.com/pagead/managed/js/activeview/current/reach_worklet.html:0
[   80045ms] [ERROR] Attestation check for Attribution Reporting on https://ad.doubleclick.net failed. @ https://weather.com/en-IN/in/delhi/city/new-delhi/today?Goto=Redirected:0
[   80385ms] [ERROR] Attestation check for Attribution Reporting on https://ad.doubleclick.net failed. @ https://weather.com/en-IN/in/delhi/city/new-delhi/today?Goto=Redirected:0
[   80997ms] [ERROR] Failed to load resource: net::ERR_NAME_NOT_RESOLVED @ https://sync.search.spotxchange.com/partner?adv_id=7025&uid=CAESEObL1b8_bLr72rCVzFLPq0A&google_cver=1:0
[   80998ms] [ERROR] Failed to load resource: net::ERR_NAME_NOT_RESOLVED @ https://sync.search.spotxchange.com/partner?adv_id=7025&redir=https%3A%2F%2Fcm.g.doubleclick.net%2Fpixel%3Fgoogle_nid%3Dspotxchange_dbm%26google_hm%3D%24SPOTX_BASE64_USER_ID:0
[   81388ms] [WARNING] The resource https://weather.com/_next/static/chunks/16yf-fk_5dxil.js?dpl=dpl_6mvSuGWkee2HYUq1UG98CoqNj8xK was preloaded using link preload but not used within a few seconds from the window's load event. Please make sure it has an appropriate `as` value and it is preloaded intentionally. @ https://weather.com/en-IN/in/delhi/city/new-delhi/today?Goto=Redirected:0
[   85076ms] [WARNING] The resource https://weather.com/_next/static/chunks/16yf-fk_5dxil.js?dpl=dpl_6mvSuGWkee2HYUq1UG98CoqNj8xK was preloaded using link preload but not used within a few seconds from the window's load event. Please make sure it has an appropriate `as` value and it is preloaded intentionally. @ https://weather.com/en-IN/in/delhi/city/new-delhi/today?Goto=Redirected:0
[   88263ms] [WARNING] The resource https://weather.com/_next/static/chunks/16yf-fk_5dxil.js?dpl=dpl_6mvSuGWkee2HYUq1UG98CoqNj8xK was preloaded using link preload but not used within a few seconds from the window's load event. Please make sure it has an appropriate `as` value and it is preloaded intentionally. @ https://weather.com/en-IN/in/delhi/city/new-delhi/today?Goto=Redirected:0
[   94776ms] [WARNING] The resource https://weather.com/_next/static/chunks/16yf-fk_5dxil.js?dpl=dpl_6mvSuGWkee2HYUq1UG98CoqNj8xK was preloaded using link preload but not used within a few seconds from the window's load event. Please make sure it has an appropriate `as` value and it is preloaded intentionally. @ https://weather.com/en-IN/in/delhi/city/new-delhi/today?Goto=Redirected:0
[  107555ms] [WARNING] The resource https://weather.com/_next/static/chunks/16yf-fk_5dxil.js?dpl=dpl_6mvSuGWkee2HYUq1UG98CoqNj8xK was preloaded using link preload but not used within a few seconds from the window's load event. Please make sure it has an appropriate `as` value and it is preloaded intentionally. @ https://weather.com/en-IN/in/delhi/city/new-delhi/today?Goto=Redirected:0
[  109784ms] [ERROR] Failed to load resource: the server responded with a status of 404 () @ https://api.weather.com/v3/alerts/headlines?format=json&language=en-IN&apiKey=71f92ea9dd2f4790b92ea9dd2f779061&geocode=28.614%2C77.209:0
[  110626ms] [ERROR] Attestation check for Shared Storage on https://www.googleadservices.com failed. @ https://www.googleadservices.com/pagead/managed/js/activeview/current/reach_worklet.html:0
[  111008ms] [ERROR] Attestation check for Attribution Reporting on https://ad.doubleclick.net failed. @ https://weather.com/en-IN/in/delhi/city/new-delhi/today?Goto=Redirected:0
[   80997ms] [ERROR] Failed to load resource: net::ERR_NAME_NOT_RESOLVED @ https://sync.search.spotxchange.com/partner?adv_id=7025&uid=CAESEObL1b8_bLr72rCVzFLPq0A&google_cver=1:0
[   80998ms] [ERROR] Failed to load resource: net::ERR_NAME_NOT_RESOLVED @ https://sync.search.spotxchange.com/partner?adv_id=7025&redir=https%3A%2F%2Fcm.g.doubleclick.net%2Fpixel%3Fgoogle_nid%3Dspotxchange_dbm%26google_hm%3D%24SPOTX_BASE64_USER_ID:0
[  111259ms] [ERROR] Attestation check for Attribution Reporting on https://ad.doubleclick.net failed. @ https://weather.com/en-IN/in/delhi/city/new-delhi/today?Goto=Redirected:0
[  112848ms] [WARNING] The resource https://weather.com/_next/static/chunks/16yf-fk_5dxil.js?dpl=dpl_6mvSuGWkee2HYUq1UG98CoqNj8xK was preloaded using link preload but not used within a few seconds from the window's load event. Please make sure it has an appropriate `as` value and it is preloaded intentionally. @ https://weather.com/en-IN/in/delhi/city/new-delhi/today?Goto=Redirected:0
[  142420ms] [ERROR] Attestation check for Shared Storage on https://www.googleadservices.com failed. @ https://www.googleadservices.com/pagead/managed/js/activeview/current/reach_worklet.html:0
[   80997ms] [ERROR] Failed to load resource: net::ERR_NAME_NOT_RESOLVED @ https://sync.search.spotxchange.com/partner?adv_id=7025&uid=CAESEObL1b8_bLr72rCVzFLPq0A&google_cver=1:0
[   80998ms] [ERROR] Failed to load resource: net::ERR_NAME_NOT_RESOLVED @ https://sync.search.spotxchange.com/partner?adv_id=7025&redir=https%3A%2F%2Fcm.g.doubleclick.net%2Fpixel%3Fgoogle_nid%3Dspotxchange_dbm%26google_hm%3D%24SPOTX_BASE64_USER_ID:0
[  143007ms] [ERROR] Attestation check for Attribution Reporting on https://ad.doubleclick.net failed. @ https://weather.com/en-IN/in/delhi/city/new-delhi/today?Goto=Redirected:0
[  143016ms] [ERROR] Attestation check for Attribution Reporting on https://ad.doubleclick.net failed. @ https://weather.com/en-IN/in/delhi/city/new-delhi/today?Goto=Redirected:0
[  150196ms] [WARNING] The resource https://weather.com/_next/static/chunks/16yf-fk_5dxil.js?dpl=dpl_6mvSuGWkee2HYUq1UG98CoqNj8xK was preloaded using link preload but not used within a few seconds from the window's load event. Please make sure it has an appropriate `as` value and it is preloaded intentionally. @ https://weather.com/en-IN/in/delhi/city/new-delhi/today?Goto=Redirected:0
[  156759ms] [WARNING] The resource https://weather.com/_next/static/chunks/16yf-fk_5dxil.js?dpl=dpl_6mvSuGWkee2HYUq1UG98CoqNj8xK was preloaded using link preload but not used within a few seconds from the window's load event. Please make sure it has an appropriate `as` value and it is preloaded intentionally. @ https://weather.com/en-IN/in/delhi/city/new-delhi/today?Goto=Redirected:0
[  167575ms] [WARNING] The resource https://weather.com/_next/static/chunks/16yf-fk_5dxil.js?dpl=dpl_6mvSuGWkee2HYUq1UG98CoqNj8xK was preloaded using link preload but not used within a few seconds from the window's load event. Please make sure it has an appropriate `as` value and it is preloaded intentionally. @ https://weather.com/en-IN/in/delhi/city/new-delhi/today?Goto=Redirected:0
[  176427ms] [WARNING] The resource https://weather.com/_next/static/chunks/16yf-fk_5dxil.js?dpl=dpl_6mvSuGWkee2HYUq1UG98CoqNj8xK was preloaded using link preload but not used within a few seconds from the window's load event. Please make sure it has an appropriate `as` value and it is preloaded intentionally. @ https://weather.com/en-IN/in/delhi/city/new-delhi/today?Goto=Redirected:0
[  180492ms] [WARNING] The resource https://weather.com/_next/static/chunks/16yf-fk_5dxil.js?dpl=dpl_6mvSuGWkee2HYUq1UG98CoqNj8xK was preloaded using link preload but not used within a few seconds from the window's load event. Please make sure it has an appropriate `as` value and it is preloaded intentionally. @ https://weather.com/en-IN/in/delhi/city/new-delhi/today?Goto=Redirected:0
[  197723ms] [WARNING] The resource https://weather.com/_next/static/chunks/16yf-fk_5dxil.js?dpl=dpl_6mvSuGWkee2HYUq1UG98CoqNj8xK was preloaded using link preload but not used within a few seconds from the window's load event. Please make sure it has an appropriate `as` value and it is preloaded intentionally. @ https://weather.com/en-IN/in/delhi/city/new-delhi/today?Goto=Redirected:0
