[     969ms] TypeError: Cannot redefine property: languages
    at Object.defineProperty (<anonymous>)
    at <anonymous>:28:12
    at <anonymous>:46:5
    at <anonymous>:47:7
[     971ms] TypeError: Cannot redefine property: languages
    at Object.defineProperty (<anonymous>)
    at <anonymous>:28:12
    at <anonymous>:46:5
    at <anonymous>:47:7
[    1157ms] [WARNING] An iframe which has both allow-scripts and allow-same-origin for its sandbox attribute can escape its sandboxing. @ https://www.google.com/recaptcha/enterprise/anchor?ar=1&k=6LdLLIMbAAAAAIl-KLj9p1ePhM-4LCCDbjtJLqRO&co=aHR0cHM6Ly93d3cuZ29vZ2xlLmNvbTo0NDM.&hl=en&v=A7KpaEASfhDcK0nXxgQEyyYv&size=normal&s=Sbn5c9jaVyh_V53epG33HQorQ2xk7eXNnUEX9Z948-vlIdKvZ9B5YCBWOCCa0GcMhPCGHgQnn5x_4I9y96hMBZBq_WehK-5I0zGOu_gTSua_cbFvbQf7qjx0JfHfCtYVXeYrWfJQJFNYKUTioOhkKjxXRys2oKv3MSSn_cDI51uyZIBgJQYFryVAKvSawAjIkgV5U5k-mjaEzxbdz3nx848AS-QxgG5mpsDAk7PtnHp_DfUBI9NptBjquZw2H0NY6cC8nlUULzi1ftK5CYm-F2idwkcWd-U&anchor-ms=20000&execute-ms=30000&cb=fuvzdsese27c:0
[    1390ms] [INFO] Slow network is detected. See https://www.chromestatus.com/feature/5636954674692096 for more details. Fallback font will be used while loading: https://fonts.gstatic.com/s/roboto/v48/KFO7CnqEu92Fr1ME7kSn66aGLdTylUAMa3yUBA.woff2 @ https://www.gstatic.com/recaptcha/releases/A7KpaEASfhDcK0nXxgQEyyYv/recaptcha__en.js:559
[    1423ms] TypeError: Cannot redefine property: languages
    at Object.defineProperty (<anonymous>)
    at <anonymous>:28:12
    at <anonymous>:46:5
    at <anonymous>:47:7
    at Array.<anonymous> (https://www.gstatic.com/recaptcha/releases/A7KpaEASfhDcK0nXxgQEyyYv/recaptcha__en.js:371:62)
    at Array.<anonymous> (https://www.gstatic.com/recaptcha/releases/A7KpaEASfhDcK0nXxgQEyyYv/recaptcha__en.js:374:399)
    at aN.M (https://www.gstatic.com/recaptcha/releases/A7KpaEASfhDcK0nXxgQEyyYv/recaptcha__en.js:118:303)
    at Array.<anonymous> (https://www.gstatic.com/recaptcha/releases/A7KpaEASfhDcK0nXxgQEyyYv/recaptcha__en.js:233:151)
    at B.next (https://www.gstatic.com/recaptcha/releases/A7KpaEASfhDcK0nXxgQEyyYv/recaptcha__en.js:799:238)
    at https://www.gstatic.com/recaptcha/releases/A7KpaEASfhDcK0nXxgQEyyYv/recaptcha__en.js:133:18
[    1424ms] TypeError: Cannot redefine property: languages
    at Object.defineProperty (<anonymous>)
    at <anonymous>:28:12
    at <anonymous>:46:5
    at <anonymous>:47:7
    at Array.<anonymous> (https://www.gstatic.com/recaptcha/releases/A7KpaEASfhDcK0nXxgQEyyYv/recaptcha__en.js:371:62)
    at Array.<anonymous> (https://www.gstatic.com/recaptcha/releases/A7KpaEASfhDcK0nXxgQEyyYv/recaptcha__en.js:374:399)
    at aN.M (https://www.gstatic.com/recaptcha/releases/A7KpaEASfhDcK0nXxgQEyyYv/recaptcha__en.js:118:303)
    at Array.<anonymous> (https://www.gstatic.com/recaptcha/releases/A7KpaEASfhDcK0nXxgQEyyYv/recaptcha__en.js:233:151)
    at B.next (https://www.gstatic.com/recaptcha/releases/A7KpaEASfhDcK0nXxgQEyyYv/recaptcha__en.js:799:238)
    at https://www.gstatic.com/recaptcha/releases/A7KpaEASfhDcK0nXxgQEyyYv/recaptcha__en.js:133:18
[    1626ms] ReferenceError: solveSimpleChallenge is not defined
    at onload (https://www.google.com/sorry/index?continue=https://www.google.com/search%3Fq%3Dbest%2Bselling%2Blaptops%26sca_esv%3D5fc228418363e72d%26source%3Dhp%26ei%3D3bJpaoLrBqC0hvcP7OHKsQQ%26iflsig%3DABILxe8AAAAAamnA7cFc1-RrJRnAP0z8LL7oUraniyn-%26ved%3D0ahUKEwjCzfmrtfeVAxUgmuEIHeywMkYQ4dUDCB4%26uact%3D5%26oq%3Dbest%2Bselling%2Blaptops%26gs_lp%3DEgdnd3Mtd2l6IhRiZXN0IHNlbGxpbmcgbGFwdG9wczIFEAAYgAQyBRAAGIAEMgUQABiABDIFEAAYgAQyBRAAGIAEMgUQABiABDIFEAAYgAQyBRAAGIAEMgUQABiABDIIEAAYiQUYogRIiN0EUABYAHAAeACQAQCYAaAIoAGgCKoBAzctMbgBA8gBAPgBAZgCAaACqQiYAwCSBwM2LTGgB7EFsgcDNi0xuAepCMIHAzItMcgHBoAIAQ%26sclient%3Dgws-wiz%26sei%3DgLNpao2ENtmXhvcPg56EGQ&q=EhAkCUDlEBeGZAA9U9xsZCGgGIHnptMGIjCB46TLm1iebwR8h3qIGsNNACHEz0VjNnFfWGm-4I2VJyQPJIOuFUZp2ZbH8w0pp0QyAVJaAUM:4:316)
[    1847ms] TypeError: Cannot redefine property: languages
    at Object.defineProperty (<anonymous>)
    at <anonymous>:28:12
    at <anonymous>:46:5
    at <anonymous>:47:7
    at Array.<anonymous> (https://www.gstatic.com/recaptcha/releases/A7KpaEASfhDcK0nXxgQEyyYv/recaptcha__en.js:371:62)
    at https://www.gstatic.com/recaptcha/releases/A7KpaEASfhDcK0nXxgQEyyYv/recaptcha__en.js:1205:43
    at https://www.gstatic.com/recaptcha/releases/A7KpaEASfhDcK0nXxgQEyyYv/recaptcha__en.js:1261:125
    at https://www.gstatic.com/recaptcha/releases/A7KpaEASfhDcK0nXxgQEyyYv/recaptcha__en.js:764:104
    at https://www.gstatic.com/recaptcha/releases/A7KpaEASfhDcK0nXxgQEyyYv/recaptcha__en.js:250:328
    at Array.<anonymous> (https://www.gstatic.com/recaptcha/releases/A7KpaEASfhDcK0nXxgQEyyYv/recaptcha__en.js:120:110)
[    1850ms] TypeError: Cannot redefine property: languages
    at Object.defineProperty (<anonymous>)
    at <anonymous>:28:12
    at <anonymous>:46:5
    at <anonymous>:47:7
    at Array.<anonymous> (https://www.gstatic.com/recaptcha/releases/A7KpaEASfhDcK0nXxgQEyyYv/recaptcha__en.js:371:62)
    at https://www.gstatic.com/recaptcha/releases/A7KpaEASfhDcK0nXxgQEyyYv/recaptcha__en.js:1205:43
    at https://www.gstatic.com/recaptcha/releases/A7KpaEASfhDcK0nXxgQEyyYv/recaptcha__en.js:1261:125
    at https://www.gstatic.com/recaptcha/releases/A7KpaEASfhDcK0nXxgQEyyYv/recaptcha__en.js:764:104
    at https://www.gstatic.com/recaptcha/releases/A7KpaEASfhDcK0nXxgQEyyYv/recaptcha__en.js:250:328
    at Array.<anonymous> (https://www.gstatic.com/recaptcha/releases/A7KpaEASfhDcK0nXxgQEyyYv/recaptcha__en.js:120:110)
[    1890ms] TypeError: Cannot redefine property: languages
    at Object.defineProperty (<anonymous>)
    at <anonymous>:28:12
    at <anonymous>:46:5
    at <anonymous>:47:7
    at xy.<anonymous> (https://www.gstatic.com/recaptcha/releases/A7KpaEASfhDcK0nXxgQEyyYv/recaptcha__en.js:821:387)
    at xy.K.R.<computed>.ab (https://www.gstatic.com/recaptcha/releases/A7KpaEASfhDcK0nXxgQEyyYv/recaptcha__en.js:1658:488)
    at xy.<anonymous> (https://www.gstatic.com/recaptcha/releases/A7KpaEASfhDcK0nXxgQEyyYv/recaptcha__en.js:536:82)
    at xy.K.R.<computed>.F.FX (https://www.gstatic.com/recaptcha/releases/A7KpaEASfhDcK0nXxgQEyyYv/recaptcha__en.js:1655:237)
    at https://www.gstatic.com/recaptcha/releases/A7KpaEASfhDcK0nXxgQEyyYv/recaptcha__en.js:430:184
    at Pb (https://www.gstatic.com/recaptcha/releases/A7KpaEASfhDcK0nXxgQEyyYv/recaptcha__en.js:943:79)
[    1890ms] TypeError: Cannot redefine property: languages
    at Object.defineProperty (<anonymous>)
    at <anonymous>:28:12
    at <anonymous>:46:5
    at <anonymous>:47:7
    at xy.<anonymous> (https://www.gstatic.com/recaptcha/releases/A7KpaEASfhDcK0nXxgQEyyYv/recaptcha__en.js:821:387)
    at xy.K.R.<computed>.ab (https://www.gstatic.com/recaptcha/releases/A7KpaEASfhDcK0nXxgQEyyYv/recaptcha__en.js:1658:488)
    at xy.<anonymous> (https://www.gstatic.com/recaptcha/releases/A7KpaEASfhDcK0nXxgQEyyYv/recaptcha__en.js:536:82)
    at xy.K.R.<computed>.F.FX (https://www.gstatic.com/recaptcha/releases/A7KpaEASfhDcK0nXxgQEyyYv/recaptcha__en.js:1655:237)
    at https://www.gstatic.com/recaptcha/releases/A7KpaEASfhDcK0nXxgQEyyYv/recaptcha__en.js:430:184
    at Pb (https://www.gstatic.com/recaptcha/releases/A7KpaEASfhDcK0nXxgQEyyYv/recaptcha__en.js:943:79)
[    2010ms] [WARNING] An iframe which has both allow-scripts and allow-same-origin for its sandbox attribute can escape its sandboxing. @ https://www.google.com/recaptcha/enterprise/bframe?hl=en&v=A7KpaEASfhDcK0nXxgQEyyYv&k=6LdLLIMbAAAAAIl-KLj9p1ePhM-4LCCDbjtJLqRO&bft=0dAFcWeA6h6gI1Ptmg8Cygc4kxndam-FjMNnvzyR_m3g8juD_bMpw_rfMNGG4dQON2rTpeY4-tOTo4pYQQ8abP6qlG-7exYgjseQ:0
[    2016ms] TypeError: Cannot redefine property: languages
    at Object.defineProperty (<anonymous>)
    at <anonymous>:28:12
    at <anonymous>:46:5
    at <anonymous>:47:7
[    2016ms] TypeError: Cannot redefine property: languages
    at Object.defineProperty (<anonymous>)
    at <anonymous>:28:12
    at <anonymous>:46:5
    at <anonymous>:47:7
[    2194ms] TypeError: Cannot redefine property: languages
    at Object.defineProperty (<anonymous>)
    at <anonymous>:28:12
    at <anonymous>:46:5
    at <anonymous>:47:7
    at xy.<anonymous> (https://www.gstatic.com/recaptcha/releases/A7KpaEASfhDcK0nXxgQEyyYv/recaptcha__en.js:821:387)
    at xy.K.R.<computed>.ab (https://www.gstatic.com/recaptcha/releases/A7KpaEASfhDcK0nXxgQEyyYv/recaptcha__en.js:1658:488)
    at xy.<anonymous> (https://www.gstatic.com/recaptcha/releases/A7KpaEASfhDcK0nXxgQEyyYv/recaptcha__en.js:536:82)
    at xy.K.R.<computed>.F.FX (https://www.gstatic.com/recaptcha/releases/A7KpaEASfhDcK0nXxgQEyyYv/recaptcha__en.js:1655:237)
    at https://www.gstatic.com/recaptcha/releases/A7KpaEASfhDcK0nXxgQEyyYv/recaptcha__en.js:430:184
    at Pb (https://www.gstatic.com/recaptcha/releases/A7KpaEASfhDcK0nXxgQEyyYv/recaptcha__en.js:943:79)
[    2195ms] TypeError: Cannot redefine property: languages
    at Object.defineProperty (<anonymous>)
    at <anonymous>:28:12
    at <anonymous>:46:5
    at <anonymous>:47:7
    at xy.<anonymous> (https://www.gstatic.com/recaptcha/releases/A7KpaEASfhDcK0nXxgQEyyYv/recaptcha__en.js:821:387)
    at xy.K.R.<computed>.ab (https://www.gstatic.com/recaptcha/releases/A7KpaEASfhDcK0nXxgQEyyYv/recaptcha__en.js:1658:488)
    at xy.<anonymous> (https://www.gstatic.com/recaptcha/releases/A7KpaEASfhDcK0nXxgQEyyYv/recaptcha__en.js:536:82)
    at xy.K.R.<computed>.F.FX (https://www.gstatic.com/recaptcha/releases/A7KpaEASfhDcK0nXxgQEyyYv/recaptcha__en.js:1655:237)
    at https://www.gstatic.com/recaptcha/releases/A7KpaEASfhDcK0nXxgQEyyYv/recaptcha__en.js:430:184
    at Pb (https://www.gstatic.com/recaptcha/releases/A7KpaEASfhDcK0nXxgQEyyYv/recaptcha__en.js:943:79)
[    5036ms] TypeError: Cannot redefine property: languages
    at Object.defineProperty (<anonymous>)
    at <anonymous>:28:12
    at <anonymous>:46:5
    at <anonymous>:47:7
[    5041ms] TypeError: Cannot redefine property: languages
    at Object.defineProperty (<anonymous>)
    at <anonymous>:28:12
    at <anonymous>:46:5
    at <anonymous>:47:7
