[     405ms] TypeError: Cannot redefine property: webdriver
    at Object.defineProperty (<anonymous>)
    at <anonymous>:3:12
    at <anonymous>:5:5
    at <anonymous>:6:7
[     406ms] TypeError: Cannot redefine property: webdriver
    at Object.defineProperty (<anonymous>)
    at <anonymous>:3:12
    at <anonymous>:5:5
    at <anonymous>:6:7
[    2573ms] TypeError: Cannot redefine property: webdriver
    at Object.defineProperty (<anonymous>)
    at <anonymous>:3:12
    at <anonymous>:5:5
    at <anonymous>:6:7
[    2575ms] TypeError: Cannot redefine property: webdriver
    at Object.defineProperty (<anonymous>)
    at <anonymous>:3:12
    at <anonymous>:5:5
    at <anonymous>:6:7
[    6269ms] TypeError: Cannot redefine property: webdriver
    at Object.defineProperty (<anonymous>)
    at <anonymous>:3:12
    at <anonymous>:5:5
    at <anonymous>:6:7
[    6276ms] TypeError: Cannot redefine property: webdriver
    at Object.defineProperty (<anonymous>)
    at <anonymous>:3:12
    at <anonymous>:5:5
    at <anonymous>:6:7
[    6591ms] TypeError: Cannot redefine property: webdriver
    at Object.defineProperty (<anonymous>)
    at <anonymous>:3:12
    at <anonymous>:5:5
    at <anonymous>:6:7
[    6593ms] TypeError: Cannot redefine property: webdriver
    at Object.defineProperty (<anonymous>)
    at <anonymous>:3:12
    at <anonymous>:5:5
    at <anonymous>:6:7
[    7752ms] [ERROR] Loading the image 'https://match.adsrvr.org/track/cmf/generic?ttd_pid=stickyads&ttd_tpi=1&gdpr=0&gdpr_consent=' violates the following Content Security Policy directive: "default-src 'self' s.amazon-adsystem.com aax-eu.amazon-adsystem.com aax-fe.amazon-adsystem.com fonts.gstatic.com *.firefox.etp doubleclick.net *.stickyadstv.com *.g.doubleclick.net fout.jp ninthdecimal.com *.postrelease.com *.yahoo.com *.adnxs.com exelator.com richaudience.com *.presage.io samplicio.us *.rubiconproject.com semasio.net cm.g.doubleclick.net *.samba.tv presage.io yahoo.com *.loopme.me *.amazon-adsystem.com yahoo.net gumgum.com *.imdb.com google.com amazon-adsystem.com *.samplicio.us *.smartadserver.com loopme.me zeotap.com *.mediarithmics.com taboola.com *.bidswitch.net *.thisisdax.com *.fwmrm.net *.yahoo.net adscale.de *.ninthdecimal.com *.zeotap.com *.adscale.de fwmrm.net demdex.net *.scorecardresearch.com agkn.com *.kargo.com connatix.com *.dmxleo.com *.casalemedia.com bidswitch.net dmxleo.com imdb.com *.gumgum.com *.demdex.net *.ispot.tv *.google.com *.exelator.com *.pubmatic.com kargo.com scorecardresearch.com *.3lift.com thisisdax.com postrelease.com *.doubleclick.net stickyadstv.com yieldmo.com *.mookie1.com ispot.tv *.connatix.com *.agkn.com samba.tv pubmatic.com smartadserver.com s.amazon-adsystem.com/ecm3 *.match.360yield.com *.richaudience.com *.fout.jp casalemedia.com rubiconproject.com openx.net adnxs.com mookie1.com match.360yield.com *.taboola.com *.openx.net *.semasio.net *.yieldmo.com". Note that 'img-src' was not explicitly set, so 'default-src' is used as a fallback. The action has been blocked. @ https://s.amazon-adsystem.com/v3/pr?exlist=n-xr-HMT_n-id-HMT_n-nt-HMT_ns_n-eq-HMT3_n-ix-HMT_bsw_n-y-HMT_n-cx-HMT_n-dm2-HMT_n-dx-HMT2_n-zeotap-4_fw_imdb_n-fo-HMT_n-lucid_n-st-HMT1_n-samba.tv_n-rb-HMT3_n-fw-HMT1_n-og-HMT_adelphic_adb_mp_n-mediarithmics_g_n-comscr.com_n-lm-HMT3_ox_n-tl-HMT_n-semasio-ecm_n-kg-HMT_n-gg-HMT2_an_n-pm-HMT_n-g-hmt_nsln_nd_n-ispot_n-stroer-HMT_n-ym-HMT_n-ox-hmt_n-ex1-HMT_tbl&fv=1.0&a=cm&dmt=1&gdpr_consent=&ex-pl-n-g-hmt=Bo3RmUgJT8qC_7EgEeRN2w&gdpr=0&ep=_PphMXgNUWeHNhgFUMwxlMumV9SgDSJXV2MKvGWhZy84DR1yz8OUP8tCYe4jm4w-Bo-WMK-FMZRtClKeFvS0Ii334Tl58zA9A55rcsWxGlZ7m_UV_jlyPqX2xChDapYUMH4Ui_eaxctXZTWOOgUvXmbxhKz6XUPqvwdQod50gETDUqWKmV2yni_PDmg_iImWeT5xziH_PVFgZ-DeeMv4XVlpdZmqQUuVj49VcTFSucWC5dscvvGBB9O6zlLUwQHnVmWzpAj_Xf4n5H2nAXw3G1ly3Xj5KEpHzI0W8qI14om1DR8IpYbRowaM-IwGSc-rOrOrGjQXAblKM4Mie3-RjIS1PVm9EH8nL6G-hfMIYfvdZTqiu8XjTqVfcZKu8i9wZiROj06qTYN6ar8pMyByQtYPZFFnf9EKJeZkPrfI_OiMByHEcpU1A7pwdFda8OgFYfTWucQDrcc9lj0g-r7m2b_UBmsCjRf6WiiACZJtGCxQJi7DDIDR3vpgIkjyKLjHuTSyrbiWmLmEU-wnfD0qlt93xDufX8x-gbq8OEYFzXBJPE7CvYdB5dJnTZpp3V1ISrDSk7QonPn7krF0kbotMT7YBzH50iVW6TmordoM1QcLcLicC7apAZN7-nQJlHjUOAijq7VC0PP5EnOMjMivAU2WBV79QEVqIxhJ2UtV_rT6ueVt71kAh53ouQjjbupygY6BDXJkYTYVXic_DYNz0Zz-22FFqTCmNbnkBzavxfj-S0T5D5T3W8NCUoD4qPdOoUh3wQqbKQjHbhw7TmANokH3gK8EBlhFS2zcNPGexrk8ShZbqWCEFIkEW_preh_84BHwzdRUNq7UCPnC_sOK6GIVhf6JwNJjxYgmVrAidP0nCt-cDoGt3xzJtOzgmDpWsYrkdi3ksjJYXnL4f46b32l007WdvQ_3g4Jm7ZVZv7EQWs2P13TsSDXrR9h913uguLTixoMoUvA8G82IF7X2Snou6aofA8WrDE2c0DueMmoOvvEBBTD1uTQmjLOxCzGFssBLUsagiEegg_eZV2mx4ZY1UDE2dljfYWG6r1w2lJxa7dxnNS9NNXibX2JlUmbmrKDhCtvd9KY-NYaz6uDlv-j3mt2PAkWsrqDX_s3TRJ6DIPn9WaDpq5P06ggzXRb9iQ5pSJkx21FAklBLFyIHr7az4uSgfIqzOeikIVV0Ma_8znoYYq7l_VHQRk4HfTltAa09_giPe3lIKeuhfYk9m7NbJg2fIXpiVyviYWbRUEhjJWTnmFksIowwPmKY1OpHHhgkpDTlWQh2cS3oqUTPU6_repf-yNipOYDDx8nGZ3Q7wzDSx1HToJeVI7R_jOKL4Ybd_xWufq4LhG6cascowgMf1I5FWH2DSqpCC_SV5UeE3uMdLgKb27rfRXigWLeQ1XWI14Riapxy7WoZC3gxTHbsCKpzDg7LHsxFmwarwqxwq6i5kZYuyaicn5hSRnvh:0
[   92905ms] TypeError: Cannot redefine property: webdriver
    at Object.defineProperty (<anonymous>)
    at <anonymous>:3:12
    at <anonymous>:5:5
    at <anonymous>:6:7
[   92905ms] TypeError: Cannot redefine property: webdriver
    at Object.defineProperty (<anonymous>)
    at <anonymous>:3:12
    at <anonymous>:5:5
    at <anonymous>:6:7
[   93842ms] TypeError: Cannot redefine property: webdriver
    at Object.defineProperty (<anonymous>)
    at <anonymous>:3:12
    at <anonymous>:5:5
    at <anonymous>:6:7
[   93843ms] TypeError: Cannot redefine property: webdriver
    at Object.defineProperty (<anonymous>)
    at <anonymous>:3:12
    at <anonymous>:5:5
    at <anonymous>:6:7
[   93883ms] TypeError: Cannot redefine property: webdriver
    at Object.defineProperty (<anonymous>)
    at <anonymous>:3:12
    at <anonymous>:5:5
    at <anonymous>:6:7
[   93883ms] TypeError: Cannot redefine property: webdriver
    at Object.defineProperty (<anonymous>)
    at <anonymous>:3:12
    at <anonymous>:5:5
    at <anonymous>:6:7
[   93926ms] TypeError: Cannot redefine property: webdriver
    at Object.defineProperty (<anonymous>)
    at <anonymous>:3:12
    at <anonymous>:5:5
    at <anonymous>:6:7
[   93928ms] TypeError: Cannot redefine property: webdriver
    at Object.defineProperty (<anonymous>)
    at <anonymous>:3:12
    at <anonymous>:5:5
    at <anonymous>:6:7
[   96031ms] TypeError: Cannot redefine property: webdriver
    at Object.defineProperty (<anonymous>)
    at <anonymous>:3:12
    at <anonymous>:5:5
    at <anonymous>:6:7
[   96033ms] TypeError: Cannot redefine property: webdriver
    at Object.defineProperty (<anonymous>)
    at <anonymous>:3:12
    at <anonymous>:5:5
    at <anonymous>:6:7
[   96357ms] TypeError: Cannot redefine property: webdriver
    at Object.defineProperty (<anonymous>)
    at <anonymous>:3:12
    at <anonymous>:5:5
    at <anonymous>:6:7
[   96365ms] TypeError: Cannot redefine property: webdriver
    at Object.defineProperty (<anonymous>)
    at <anonymous>:3:12
    at <anonymous>:5:5
    at <anonymous>:6:7
[   96872ms] [ERROR] Error logged with the Track&Report JS errors API(http://tiny/1covqr6l8/wamazindeClieUserJava): {"m":"ARA:RegisterTriggerResponseError:SEARCH. Error receiving response from ARAServiceFailed to execute 'json' on 'Response': Unexpected end of JSON input","name":"SyntaxError","csm":"v5 ueLogError stack","logLevel":"ERROR","attribution":"ARARegisterTrigger","pageURL":"https://www.amazon.com/s?k=noise+cancelling+headphones&ref=nb_sb_noss","f":"https://m.media-amazon.com/images/I/21vARlfe4pL._RC%7C11s0wiXngEL.js_.js?AUIClients/ARARegisterTriggerSubAssets-search","l":"7","s":["SyntaxError: Unexpected end of JSON input","at https://m.media-amazon.com/images/I/21vARlfe4pL._RC%7C11s0wiXngEL.js_.js?AUIClients/ARARegisterTriggerSubAssets-search:7:384"],"t":3952} {m: ARA:RegisterTriggerResponseError:SEARCH. Error rec…json' on 'Response': Unexpected end of JSON input, name: SyntaxError, type: undefined, csm: v5 ueLogError stack, logLevel: ERROR} @ https://images-na.ssl-images-amazon.com/images/I/215h87l68bL.js:3
[  103534ms] [WARNING] The resource https://m.media-amazon.com/images/S/sash/i-VQjgAwefVc6gy.js#sfClientUrl was preloaded using link preload but not used within a few seconds from the window's load event. Please make sure it has an appropriate `as` value and it is preloaded intentionally. @ https://www.amazon.com/s?k=noise+cancelling+headphones&ref=nb_sb_noss:0
[  103534ms] [WARNING] The resource https://redirect.prod.experiment.routing.cloudfront.aws.a2z.com/x.png?timestamp=1784743215711 was preloaded using link preload but not used within a few seconds from the window's load event. Please make sure it has an appropriate `as` value and it is preloaded intentionally. @ https://www.amazon.com/s?k=noise+cancelling+headphones&ref=nb_sb_noss:0
[  103534ms] [WARNING] The resource https://m.media-amazon.com/images/S/sash/shz7L5-RmFPx81a.html#sfClientHtmlUrl was preloaded using link preload but not used within a few seconds from the window's load event. Please make sure it has an appropriate `as` value and it is preloaded intentionally. @ https://www.amazon.com/s?k=noise+cancelling+headphones&ref=nb_sb_noss:0
[  107237ms] [WARNING] The resource https://m.media-amazon.com/images/S/sash/i-VQjgAwefVc6gy.js#sfClientUrl was preloaded using link preload but not used within a few seconds from the window's load event. Please make sure it has an appropriate `as` value and it is preloaded intentionally. @ https://www.amazon.com/s?k=noise+cancelling+headphones&ref=nb_sb_noss:0
[  107238ms] [WARNING] The resource https://redirect.prod.experiment.routing.cloudfront.aws.a2z.com/x.png?timestamp=1784743215711 was preloaded using link preload but not used within a few seconds from the window's load event. Please make sure it has an appropriate `as` value and it is preloaded intentionally. @ https://www.amazon.com/s?k=noise+cancelling+headphones&ref=nb_sb_noss:0
[  107238ms] [WARNING] The resource https://m.media-amazon.com/images/S/sash/shz7L5-RmFPx81a.html#sfClientHtmlUrl was preloaded using link preload but not used within a few seconds from the window's load event. Please make sure it has an appropriate `as` value and it is preloaded intentionally. @ https://www.amazon.com/s?k=noise+cancelling+headphones&ref=nb_sb_noss:0
[  115244ms] [WARNING] The resource https://m.media-amazon.com/images/S/sash/i-VQjgAwefVc6gy.js#sfClientUrl was preloaded using link preload but not used within a few seconds from the window's load event. Please make sure it has an appropriate `as` value and it is preloaded intentionally. @ https://www.amazon.com/s?k=noise+cancelling+headphones&ref=nb_sb_noss:0
[  115245ms] [WARNING] The resource https://redirect.prod.experiment.routing.cloudfront.aws.a2z.com/x.png?timestamp=1784743215711 was preloaded using link preload but not used within a few seconds from the window's load event. Please make sure it has an appropriate `as` value and it is preloaded intentionally. @ https://www.amazon.com/s?k=noise+cancelling+headphones&ref=nb_sb_noss:0
[  115245ms] [WARNING] The resource https://m.media-amazon.com/images/S/sash/shz7L5-RmFPx81a.html#sfClientHtmlUrl was preloaded using link preload but not used within a few seconds from the window's load event. Please make sure it has an appropriate `as` value and it is preloaded intentionally. @ https://www.amazon.com/s?k=noise+cancelling+headphones&ref=nb_sb_noss:0
[  119883ms] [WARNING] The resource https://m.media-amazon.com/images/S/sash/i-VQjgAwefVc6gy.js#sfClientUrl was preloaded using link preload but not used within a few seconds from the window's load event. Please make sure it has an appropriate `as` value and it is preloaded intentionally. @ https://www.amazon.com/s?k=noise+cancelling+headphones&ref=nb_sb_noss:0
[  119883ms] [WARNING] The resource https://redirect.prod.experiment.routing.cloudfront.aws.a2z.com/x.png?timestamp=1784743215711 was preloaded using link preload but not used within a few seconds from the window's load event. Please make sure it has an appropriate `as` value and it is preloaded intentionally. @ https://www.amazon.com/s?k=noise+cancelling+headphones&ref=nb_sb_noss:0
[  119883ms] [WARNING] The resource https://m.media-amazon.com/images/S/sash/shz7L5-RmFPx81a.html#sfClientHtmlUrl was preloaded using link preload but not used within a few seconds from the window's load event. Please make sure it has an appropriate `as` value and it is preloaded intentionally. @ https://www.amazon.com/s?k=noise+cancelling+headphones&ref=nb_sb_noss:0
[  125966ms] [WARNING] The resource https://m.media-amazon.com/images/S/sash/i-VQjgAwefVc6gy.js#sfClientUrl was preloaded using link preload but not used within a few seconds from the window's load event. Please make sure it has an appropriate `as` value and it is preloaded intentionally. @ https://www.amazon.com/s?k=noise+cancelling+headphones&ref=nb_sb_noss:0
[  125966ms] [WARNING] The resource https://redirect.prod.experiment.routing.cloudfront.aws.a2z.com/x.png?timestamp=1784743215711 was preloaded using link preload but not used within a few seconds from the window's load event. Please make sure it has an appropriate `as` value and it is preloaded intentionally. @ https://www.amazon.com/s?k=noise+cancelling+headphones&ref=nb_sb_noss:0
[  125966ms] [WARNING] The resource https://m.media-amazon.com/images/S/sash/shz7L5-RmFPx81a.html#sfClientHtmlUrl was preloaded using link preload but not used within a few seconds from the window's load event. Please make sure it has an appropriate `as` value and it is preloaded intentionally. @ https://www.amazon.com/s?k=noise+cancelling+headphones&ref=nb_sb_noss:0
[  142827ms] [WARNING] The resource https://m.media-amazon.com/images/S/sash/i-VQjgAwefVc6gy.js#sfClientUrl was preloaded using link preload but not used within a few seconds from the window's load event. Please make sure it has an appropriate `as` value and it is preloaded intentionally. @ https://www.amazon.com/s?k=noise+cancelling+headphones&ref=nb_sb_noss:0
[  142827ms] [WARNING] The resource https://redirect.prod.experiment.routing.cloudfront.aws.a2z.com/x.png?timestamp=1784743215711 was preloaded using link preload but not used within a few seconds from the window's load event. Please make sure it has an appropriate `as` value and it is preloaded intentionally. @ https://www.amazon.com/s?k=noise+cancelling+headphones&ref=nb_sb_noss:0
[  142827ms] [WARNING] The resource https://m.media-amazon.com/images/S/sash/shz7L5-RmFPx81a.html#sfClientHtmlUrl was preloaded using link preload but not used within a few seconds from the window's load event. Please make sure it has an appropriate `as` value and it is preloaded intentionally. @ https://www.amazon.com/s?k=noise+cancelling+headphones&ref=nb_sb_noss:0
[  149805ms] [WARNING] The resource https://m.media-amazon.com/images/S/sash/i-VQjgAwefVc6gy.js#sfClientUrl was preloaded using link preload but not used within a few seconds from the window's load event. Please make sure it has an appropriate `as` value and it is preloaded intentionally. @ https://www.amazon.com/s?k=noise+cancelling+headphones&ref=nb_sb_noss:0
[  149805ms] [WARNING] The resource https://redirect.prod.experiment.routing.cloudfront.aws.a2z.com/x.png?timestamp=1784743215711 was preloaded using link preload but not used within a few seconds from the window's load event. Please make sure it has an appropriate `as` value and it is preloaded intentionally. @ https://www.amazon.com/s?k=noise+cancelling+headphones&ref=nb_sb_noss:0
[  149806ms] [WARNING] The resource https://m.media-amazon.com/images/S/sash/shz7L5-RmFPx81a.html#sfClientHtmlUrl was preloaded using link preload but not used within a few seconds from the window's load event. Please make sure it has an appropriate `as` value and it is preloaded intentionally. @ https://www.amazon.com/s?k=noise+cancelling+headphones&ref=nb_sb_noss:0
[  168158ms] [WARNING] The resource https://m.media-amazon.com/images/S/sash/i-VQjgAwefVc6gy.js#sfClientUrl was preloaded using link preload but not used within a few seconds from the window's load event. Please make sure it has an appropriate `as` value and it is preloaded intentionally. @ https://www.amazon.com/s?k=noise+cancelling+headphones&ref=nb_sb_noss:0
[  168158ms] [WARNING] The resource https://redirect.prod.experiment.routing.cloudfront.aws.a2z.com/x.png?timestamp=1784743215711 was preloaded using link preload but not used within a few seconds from the window's load event. Please make sure it has an appropriate `as` value and it is preloaded intentionally. @ https://www.amazon.com/s?k=noise+cancelling+headphones&ref=nb_sb_noss:0
[  168159ms] [WARNING] The resource https://m.media-amazon.com/images/S/sash/shz7L5-RmFPx81a.html#sfClientHtmlUrl was preloaded using link preload but not used within a few seconds from the window's load event. Please make sure it has an appropriate `as` value and it is preloaded intentionally. @ https://www.amazon.com/s?k=noise+cancelling+headphones&ref=nb_sb_noss:0
[  179680ms] [WARNING] The resource https://m.media-amazon.com/images/S/sash/i-VQjgAwefVc6gy.js#sfClientUrl was preloaded using link preload but not used within a few seconds from the window's load event. Please make sure it has an appropriate `as` value and it is preloaded intentionally. @ https://www.amazon.com/s?k=noise+cancelling+headphones&ref=nb_sb_noss:0
[  179680ms] [WARNING] The resource https://redirect.prod.experiment.routing.cloudfront.aws.a2z.com/x.png?timestamp=1784743215711 was preloaded using link preload but not used within a few seconds from the window's load event. Please make sure it has an appropriate `as` value and it is preloaded intentionally. @ https://www.amazon.com/s?k=noise+cancelling+headphones&ref=nb_sb_noss:0
[  179681ms] [WARNING] The resource https://m.media-amazon.com/images/S/sash/shz7L5-RmFPx81a.html#sfClientHtmlUrl was preloaded using link preload but not used within a few seconds from the window's load event. Please make sure it has an appropriate `as` value and it is preloaded intentionally. @ https://www.amazon.com/s?k=noise+cancelling+headphones&ref=nb_sb_noss:0
[  206415ms] [WARNING] The resource https://m.media-amazon.com/images/S/sash/i-VQjgAwefVc6gy.js#sfClientUrl was preloaded using link preload but not used within a few seconds from the window's load event. Please make sure it has an appropriate `as` value and it is preloaded intentionally. @ https://www.amazon.com/s?k=noise+cancelling+headphones&ref=nb_sb_noss:0
[  206415ms] [WARNING] The resource https://redirect.prod.experiment.routing.cloudfront.aws.a2z.com/x.png?timestamp=1784743215711 was preloaded using link preload but not used within a few seconds from the window's load event. Please make sure it has an appropriate `as` value and it is preloaded intentionally. @ https://www.amazon.com/s?k=noise+cancelling+headphones&ref=nb_sb_noss:0
[  206415ms] [WARNING] The resource https://m.media-amazon.com/images/S/sash/shz7L5-RmFPx81a.html#sfClientHtmlUrl was preloaded using link preload but not used within a few seconds from the window's load event. Please make sure it has an appropriate `as` value and it is preloaded intentionally. @ https://www.amazon.com/s?k=noise+cancelling+headphones&ref=nb_sb_noss:0
[  239721ms] [WARNING] The resource https://m.media-amazon.com/images/S/sash/i-VQjgAwefVc6gy.js#sfClientUrl was preloaded using link preload but not used within a few seconds from the window's load event. Please make sure it has an appropriate `as` value and it is preloaded intentionally. @ https://www.amazon.com/s?k=noise+cancelling+headphones&ref=nb_sb_noss:0
[  239721ms] [WARNING] The resource https://redirect.prod.experiment.routing.cloudfront.aws.a2z.com/x.png?timestamp=1784743215711 was preloaded using link preload but not used within a few seconds from the window's load event. Please make sure it has an appropriate `as` value and it is preloaded intentionally. @ https://www.amazon.com/s?k=noise+cancelling+headphones&ref=nb_sb_noss:0
[  239721ms] [WARNING] The resource https://m.media-amazon.com/images/S/sash/shz7L5-RmFPx81a.html#sfClientHtmlUrl was preloaded using link preload but not used within a few seconds from the window's load event. Please make sure it has an appropriate `as` value and it is preloaded intentionally. @ https://www.amazon.com/s?k=noise+cancelling+headphones&ref=nb_sb_noss:0
[  263256ms] [WARNING] The resource https://m.media-amazon.com/images/S/sash/i-VQjgAwefVc6gy.js#sfClientUrl was preloaded using link preload but not used within a few seconds from the window's load event. Please make sure it has an appropriate `as` value and it is preloaded intentionally. @ https://www.amazon.com/s?k=noise+cancelling+headphones&ref=nb_sb_noss:0
[  263256ms] [WARNING] The resource https://redirect.prod.experiment.routing.cloudfront.aws.a2z.com/x.png?timestamp=1784743215711 was preloaded using link preload but not used within a few seconds from the window's load event. Please make sure it has an appropriate `as` value and it is preloaded intentionally. @ https://www.amazon.com/s?k=noise+cancelling+headphones&ref=nb_sb_noss:0
[  263256ms] [WARNING] The resource https://m.media-amazon.com/images/S/sash/shz7L5-RmFPx81a.html#sfClientHtmlUrl was preloaded using link preload but not used within a few seconds from the window's load event. Please make sure it has an appropriate `as` value and it is preloaded intentionally. @ https://www.amazon.com/s?k=noise+cancelling+headphones&ref=nb_sb_noss:0
[  269860ms] [WARNING] The resource https://m.media-amazon.com/images/S/sash/i-VQjgAwefVc6gy.js#sfClientUrl was preloaded using link preload but not used within a few seconds from the window's load event. Please make sure it has an appropriate `as` value and it is preloaded intentionally. @ https://www.amazon.com/s?k=noise+cancelling+headphones&ref=nb_sb_noss:0
[  269860ms] [WARNING] The resource https://redirect.prod.experiment.routing.cloudfront.aws.a2z.com/x.png?timestamp=1784743215711 was preloaded using link preload but not used within a few seconds from the window's load event. Please make sure it has an appropriate `as` value and it is preloaded intentionally. @ https://www.amazon.com/s?k=noise+cancelling+headphones&ref=nb_sb_noss:0
[  269860ms] [WARNING] The resource https://m.media-amazon.com/images/S/sash/shz7L5-RmFPx81a.html#sfClientHtmlUrl was preloaded using link preload but not used within a few seconds from the window's load event. Please make sure it has an appropriate `as` value and it is preloaded intentionally. @ https://www.amazon.com/s?k=noise+cancelling+headphones&ref=nb_sb_noss:0
[  299684ms] [WARNING] The resource https://m.media-amazon.com/images/S/sash/i-VQjgAwefVc6gy.js#sfClientUrl was preloaded using link preload but not used within a few seconds from the window's load event. Please make sure it has an appropriate `as` value and it is preloaded intentionally. @ https://www.amazon.com/s?k=noise+cancelling+headphones&ref=nb_sb_noss:0
[  299685ms] [WARNING] The resource https://redirect.prod.experiment.routing.cloudfront.aws.a2z.com/x.png?timestamp=1784743215711 was preloaded using link preload but not used within a few seconds from the window's load event. Please make sure it has an appropriate `as` value and it is preloaded intentionally. @ https://www.amazon.com/s?k=noise+cancelling+headphones&ref=nb_sb_noss:0
[  299685ms] [WARNING] The resource https://m.media-amazon.com/images/S/sash/shz7L5-RmFPx81a.html#sfClientHtmlUrl was preloaded using link preload but not used within a few seconds from the window's load event. Please make sure it has an appropriate `as` value and it is preloaded intentionally. @ https://www.amazon.com/s?k=noise+cancelling+headphones&ref=nb_sb_noss:0
[  312830ms] [WARNING] The resource https://m.media-amazon.com/images/S/sash/i-VQjgAwefVc6gy.js#sfClientUrl was preloaded using link preload but not used within a few seconds from the window's load event. Please make sure it has an appropriate `as` value and it is preloaded intentionally. @ https://www.amazon.com/s?k=noise+cancelling+headphones&ref=nb_sb_noss:0
[  312831ms] [WARNING] The resource https://redirect.prod.experiment.routing.cloudfront.aws.a2z.com/x.png?timestamp=1784743215711 was preloaded using link preload but not used within a few seconds from the window's load event. Please make sure it has an appropriate `as` value and it is preloaded intentionally. @ https://www.amazon.com/s?k=noise+cancelling+headphones&ref=nb_sb_noss:0
[  312831ms] [WARNING] The resource https://m.media-amazon.com/images/S/sash/shz7L5-RmFPx81a.html#sfClientHtmlUrl was preloaded using link preload but not used within a few seconds from the window's load event. Please make sure it has an appropriate `as` value and it is preloaded intentionally. @ https://www.amazon.com/s?k=noise+cancelling+headphones&ref=nb_sb_noss:0
[  319878ms] [WARNING] The resource https://m.media-amazon.com/images/S/sash/i-VQjgAwefVc6gy.js#sfClientUrl was preloaded using link preload but not used within a few seconds from the window's load event. Please make sure it has an appropriate `as` value and it is preloaded intentionally. @ https://www.amazon.com/s?k=noise+cancelling+headphones&ref=nb_sb_noss:0
[  319879ms] [WARNING] The resource https://redirect.prod.experiment.routing.cloudfront.aws.a2z.com/x.png?timestamp=1784743215711 was preloaded using link preload but not used within a few seconds from the window's load event. Please make sure it has an appropriate `as` value and it is preloaded intentionally. @ https://www.amazon.com/s?k=noise+cancelling+headphones&ref=nb_sb_noss:0
[  319879ms] [WARNING] The resource https://m.media-amazon.com/images/S/sash/shz7L5-RmFPx81a.html#sfClientHtmlUrl was preloaded using link preload but not used within a few seconds from the window's load event. Please make sure it has an appropriate `as` value and it is preloaded intentionally. @ https://www.amazon.com/s?k=noise+cancelling+headphones&ref=nb_sb_noss:0
[  329797ms] [WARNING] The resource https://m.media-amazon.com/images/S/sash/i-VQjgAwefVc6gy.js#sfClientUrl was preloaded using link preload but not used within a few seconds from the window's load event. Please make sure it has an appropriate `as` value and it is preloaded intentionally. @ https://www.amazon.com/s?k=noise+cancelling+headphones&ref=nb_sb_noss:0
[  329797ms] [WARNING] The resource https://redirect.prod.experiment.routing.cloudfront.aws.a2z.com/x.png?timestamp=1784743215711 was preloaded using link preload but not used within a few seconds from the window's load event. Please make sure it has an appropriate `as` value and it is preloaded intentionally. @ https://www.amazon.com/s?k=noise+cancelling+headphones&ref=nb_sb_noss:0
[  329797ms] [WARNING] The resource https://m.media-amazon.com/images/S/sash/shz7L5-RmFPx81a.html#sfClientHtmlUrl was preloaded using link preload but not used within a few seconds from the window's load event. Please make sure it has an appropriate `as` value and it is preloaded intentionally. @ https://www.amazon.com/s?k=noise+cancelling+headphones&ref=nb_sb_noss:0
[  348600ms] [WARNING] The resource https://m.media-amazon.com/images/S/sash/i-VQjgAwefVc6gy.js#sfClientUrl was preloaded using link preload but not used within a few seconds from the window's load event. Please make sure it has an appropriate `as` value and it is preloaded intentionally. @ https://www.amazon.com/s?k=noise+cancelling+headphones&ref=nb_sb_noss:0
[  348600ms] [WARNING] The resource https://redirect.prod.experiment.routing.cloudfront.aws.a2z.com/x.png?timestamp=1784743215711 was preloaded using link preload but not used within a few seconds from the window's load event. Please make sure it has an appropriate `as` value and it is preloaded intentionally. @ https://www.amazon.com/s?k=noise+cancelling+headphones&ref=nb_sb_noss:0
[  348600ms] [WARNING] The resource https://m.media-amazon.com/images/S/sash/shz7L5-RmFPx81a.html#sfClientHtmlUrl was preloaded using link preload but not used within a few seconds from the window's load event. Please make sure it has an appropriate `as` value and it is preloaded intentionally. @ https://www.amazon.com/s?k=noise+cancelling+headphones&ref=nb_sb_noss:0
[  360086ms] [WARNING] The resource https://m.media-amazon.com/images/S/sash/i-VQjgAwefVc6gy.js#sfClientUrl was preloaded using link preload but not used within a few seconds from the window's load event. Please make sure it has an appropriate `as` value and it is preloaded intentionally. @ https://www.amazon.com/s?k=noise+cancelling+headphones&ref=nb_sb_noss:0
[  360086ms] [WARNING] The resource https://redirect.prod.experiment.routing.cloudfront.aws.a2z.com/x.png?timestamp=1784743215711 was preloaded using link preload but not used within a few seconds from the window's load event. Please make sure it has an appropriate `as` value and it is preloaded intentionally. @ https://www.amazon.com/s?k=noise+cancelling+headphones&ref=nb_sb_noss:0
[  360086ms] [WARNING] The resource https://m.media-amazon.com/images/S/sash/shz7L5-RmFPx81a.html#sfClientHtmlUrl was preloaded using link preload but not used within a few seconds from the window's load event. Please make sure it has an appropriate `as` value and it is preloaded intentionally. @ https://www.amazon.com/s?k=noise+cancelling+headphones&ref=nb_sb_noss:0
[  394127ms] [WARNING] The resource https://m.media-amazon.com/images/S/sash/i-VQjgAwefVc6gy.js#sfClientUrl was preloaded using link preload but not used within a few seconds from the window's load event. Please make sure it has an appropriate `as` value and it is preloaded intentionally. @ https://www.amazon.com/s?k=noise+cancelling+headphones&ref=nb_sb_noss:0
[  394128ms] [WARNING] The resource https://redirect.prod.experiment.routing.cloudfront.aws.a2z.com/x.png?timestamp=1784743215711 was preloaded using link preload but not used within a few seconds from the window's load event. Please make sure it has an appropriate `as` value and it is preloaded intentionally. @ https://www.amazon.com/s?k=noise+cancelling+headphones&ref=nb_sb_noss:0
[  394128ms] [WARNING] The resource https://m.media-amazon.com/images/S/sash/shz7L5-RmFPx81a.html#sfClientHtmlUrl was preloaded using link preload but not used within a few seconds from the window's load event. Please make sure it has an appropriate `as` value and it is preloaded intentionally. @ https://www.amazon.com/s?k=noise+cancelling+headphones&ref=nb_sb_noss:0
[  401321ms] [WARNING] The resource https://m.media-amazon.com/images/S/sash/i-VQjgAwefVc6gy.js#sfClientUrl was preloaded using link preload but not used within a few seconds from the window's load event. Please make sure it has an appropriate `as` value and it is preloaded intentionally. @ https://www.amazon.com/s?k=noise+cancelling+headphones&ref=nb_sb_noss:0
[  401321ms] [WARNING] The resource https://redirect.prod.experiment.routing.cloudfront.aws.a2z.com/x.png?timestamp=1784743215711 was preloaded using link preload but not used within a few seconds from the window's load event. Please make sure it has an appropriate `as` value and it is preloaded intentionally. @ https://www.amazon.com/s?k=noise+cancelling+headphones&ref=nb_sb_noss:0
[  401321ms] [WARNING] The resource https://m.media-amazon.com/images/S/sash/shz7L5-RmFPx81a.html#sfClientHtmlUrl was preloaded using link preload but not used within a few seconds from the window's load event. Please make sure it has an appropriate `as` value and it is preloaded intentionally. @ https://www.amazon.com/s?k=noise+cancelling+headphones&ref=nb_sb_noss:0
[  406622ms] [WARNING] The resource https://m.media-amazon.com/images/S/sash/i-VQjgAwefVc6gy.js#sfClientUrl was preloaded using link preload but not used within a few seconds from the window's load event. Please make sure it has an appropriate `as` value and it is preloaded intentionally. @ https://www.amazon.com/s?k=noise+cancelling+headphones&ref=nb_sb_noss:0
[  406622ms] [WARNING] The resource https://redirect.prod.experiment.routing.cloudfront.aws.a2z.com/x.png?timestamp=1784743215711 was preloaded using link preload but not used within a few seconds from the window's load event. Please make sure it has an appropriate `as` value and it is preloaded intentionally. @ https://www.amazon.com/s?k=noise+cancelling+headphones&ref=nb_sb_noss:0
[  406622ms] [WARNING] The resource https://m.media-amazon.com/images/S/sash/shz7L5-RmFPx81a.html#sfClientHtmlUrl was preloaded using link preload but not used within a few seconds from the window's load event. Please make sure it has an appropriate `as` value and it is preloaded intentionally. @ https://www.amazon.com/s?k=noise+cancelling+headphones&ref=nb_sb_noss:0
[  416058ms] [WARNING] The resource https://m.media-amazon.com/images/S/sash/i-VQjgAwefVc6gy.js#sfClientUrl was preloaded using link preload but not used within a few seconds from the window's load event. Please make sure it has an appropriate `as` value and it is preloaded intentionally. @ https://www.amazon.com/s?k=noise+cancelling+headphones&ref=nb_sb_noss:0
[  416058ms] [WARNING] The resource https://redirect.prod.experiment.routing.cloudfront.aws.a2z.com/x.png?timestamp=1784743215711 was preloaded using link preload but not used within a few seconds from the window's load event. Please make sure it has an appropriate `as` value and it is preloaded intentionally. @ https://www.amazon.com/s?k=noise+cancelling+headphones&ref=nb_sb_noss:0
[  416058ms] [WARNING] The resource https://m.media-amazon.com/images/S/sash/shz7L5-RmFPx81a.html#sfClientHtmlUrl was preloaded using link preload but not used within a few seconds from the window's load event. Please make sure it has an appropriate `as` value and it is preloaded intentionally. @ https://www.amazon.com/s?k=noise+cancelling+headphones&ref=nb_sb_noss:0
[  419842ms] [WARNING] The resource https://m.media-amazon.com/images/S/sash/i-VQjgAwefVc6gy.js#sfClientUrl was preloaded using link preload but not used within a few seconds from the window's load event. Please make sure it has an appropriate `as` value and it is preloaded intentionally. @ https://www.amazon.com/s?k=noise+cancelling+headphones&ref=nb_sb_noss:0
[  419842ms] [WARNING] The resource https://redirect.prod.experiment.routing.cloudfront.aws.a2z.com/x.png?timestamp=1784743215711 was preloaded using link preload but not used within a few seconds from the window's load event. Please make sure it has an appropriate `as` value and it is preloaded intentionally. @ https://www.amazon.com/s?k=noise+cancelling+headphones&ref=nb_sb_noss:0
[  419842ms] [WARNING] The resource https://m.media-amazon.com/images/S/sash/shz7L5-RmFPx81a.html#sfClientHtmlUrl was preloaded using link preload but not used within a few seconds from the window's load event. Please make sure it has an appropriate `as` value and it is preloaded intentionally. @ https://www.amazon.com/s?k=noise+cancelling+headphones&ref=nb_sb_noss:0
[  424313ms] [WARNING] The resource https://m.media-amazon.com/images/S/sash/i-VQjgAwefVc6gy.js#sfClientUrl was preloaded using link preload but not used within a few seconds from the window's load event. Please make sure it has an appropriate `as` value and it is preloaded intentionally. @ https://www.amazon.com/s?k=noise+cancelling+headphones&ref=nb_sb_noss:0
[  424314ms] [WARNING] The resource https://redirect.prod.experiment.routing.cloudfront.aws.a2z.com/x.png?timestamp=1784743215711 was preloaded using link preload but not used within a few seconds from the window's load event. Please make sure it has an appropriate `as` value and it is preloaded intentionally. @ https://www.amazon.com/s?k=noise+cancelling+headphones&ref=nb_sb_noss:0
[  424315ms] [WARNING] The resource https://m.media-amazon.com/images/S/sash/shz7L5-RmFPx81a.html#sfClientHtmlUrl was preloaded using link preload but not used within a few seconds from the window's load event. Please make sure it has an appropriate `as` value and it is preloaded intentionally. @ https://www.amazon.com/s?k=noise+cancelling+headphones&ref=nb_sb_noss:0
[  446758ms] [WARNING] The resource https://m.media-amazon.com/images/S/sash/i-VQjgAwefVc6gy.js#sfClientUrl was preloaded using link preload but not used within a few seconds from the window's load event. Please make sure it has an appropriate `as` value and it is preloaded intentionally. @ https://www.amazon.com/s?k=noise+cancelling+headphones&ref=nb_sb_noss:0
[  446758ms] [WARNING] The resource https://redirect.prod.experiment.routing.cloudfront.aws.a2z.com/x.png?timestamp=1784743215711 was preloaded using link preload but not used within a few seconds from the window's load event. Please make sure it has an appropriate `as` value and it is preloaded intentionally. @ https://www.amazon.com/s?k=noise+cancelling+headphones&ref=nb_sb_noss:0
[  446758ms] [WARNING] The resource https://m.media-amazon.com/images/S/sash/shz7L5-RmFPx81a.html#sfClientHtmlUrl was preloaded using link preload but not used within a few seconds from the window's load event. Please make sure it has an appropriate `as` value and it is preloaded intentionally. @ https://www.amazon.com/s?k=noise+cancelling+headphones&ref=nb_sb_noss:0
[  449799ms] [WARNING] The resource https://m.media-amazon.com/images/S/sash/i-VQjgAwefVc6gy.js#sfClientUrl was preloaded using link preload but not used within a few seconds from the window's load event. Please make sure it has an appropriate `as` value and it is preloaded intentionally. @ https://www.amazon.com/s?k=noise+cancelling+headphones&ref=nb_sb_noss:0
[  449799ms] [WARNING] The resource https://redirect.prod.experiment.routing.cloudfront.aws.a2z.com/x.png?timestamp=1784743215711 was preloaded using link preload but not used within a few seconds from the window's load event. Please make sure it has an appropriate `as` value and it is preloaded intentionally. @ https://www.amazon.com/s?k=noise+cancelling+headphones&ref=nb_sb_noss:0
[  449799ms] [WARNING] The resource https://m.media-amazon.com/images/S/sash/shz7L5-RmFPx81a.html#sfClientHtmlUrl was preloaded using link preload but not used within a few seconds from the window's load event. Please make sure it has an appropriate `as` value and it is preloaded intentionally. @ https://www.amazon.com/s?k=noise+cancelling+headphones&ref=nb_sb_noss:0
[  476848ms] [WARNING] The resource https://m.media-amazon.com/images/S/sash/i-VQjgAwefVc6gy.js#sfClientUrl was preloaded using link preload but not used within a few seconds from the window's load event. Please make sure it has an appropriate `as` value and it is preloaded intentionally. @ https://www.amazon.com/s?k=noise+cancelling+headphones&ref=nb_sb_noss:0
[  476848ms] [WARNING] The resource https://redirect.prod.experiment.routing.cloudfront.aws.a2z.com/x.png?timestamp=1784743215711 was preloaded using link preload but not used within a few seconds from the window's load event. Please make sure it has an appropriate `as` value and it is preloaded intentionally. @ https://www.amazon.com/s?k=noise+cancelling+headphones&ref=nb_sb_noss:0
[  476848ms] [WARNING] The resource https://m.media-amazon.com/images/S/sash/shz7L5-RmFPx81a.html#sfClientHtmlUrl was preloaded using link preload but not used within a few seconds from the window's load event. Please make sure it has an appropriate `as` value and it is preloaded intentionally. @ https://www.amazon.com/s?k=noise+cancelling+headphones&ref=nb_sb_noss:0
[  509708ms] [WARNING] The resource https://m.media-amazon.com/images/S/sash/i-VQjgAwefVc6gy.js#sfClientUrl was preloaded using link preload but not used within a few seconds from the window's load event. Please make sure it has an appropriate `as` value and it is preloaded intentionally. @ https://www.amazon.com/s?k=noise+cancelling+headphones&ref=nb_sb_noss:0
[  509708ms] [WARNING] The resource https://redirect.prod.experiment.routing.cloudfront.aws.a2z.com/x.png?timestamp=1784743215711 was preloaded using link preload but not used within a few seconds from the window's load event. Please make sure it has an appropriate `as` value and it is preloaded intentionally. @ https://www.amazon.com/s?k=noise+cancelling+headphones&ref=nb_sb_noss:0
[  509709ms] [WARNING] The resource https://m.media-amazon.com/images/S/sash/shz7L5-RmFPx81a.html#sfClientHtmlUrl was preloaded using link preload but not used within a few seconds from the window's load event. Please make sure it has an appropriate `as` value and it is preloaded intentionally. @ https://www.amazon.com/s?k=noise+cancelling+headphones&ref=nb_sb_noss:0
[  539680ms] [WARNING] The resource https://m.media-amazon.com/images/S/sash/i-VQjgAwefVc6gy.js#sfClientUrl was preloaded using link preload but not used within a few seconds from the window's load event. Please make sure it has an appropriate `as` value and it is preloaded intentionally. @ https://www.amazon.com/s?k=noise+cancelling+headphones&ref=nb_sb_noss:0
[  539680ms] [WARNING] The resource https://redirect.prod.experiment.routing.cloudfront.aws.a2z.com/x.png?timestamp=1784743215711 was preloaded using link preload but not used within a few seconds from the window's load event. Please make sure it has an appropriate `as` value and it is preloaded intentionally. @ https://www.amazon.com/s?k=noise+cancelling+headphones&ref=nb_sb_noss:0
[  539680ms] [WARNING] The resource https://m.media-amazon.com/images/S/sash/shz7L5-RmFPx81a.html#sfClientHtmlUrl was preloaded using link preload but not used within a few seconds from the window's load event. Please make sure it has an appropriate `as` value and it is preloaded intentionally. @ https://www.amazon.com/s?k=noise+cancelling+headphones&ref=nb_sb_noss:0
[  569688ms] [WARNING] The resource https://m.media-amazon.com/images/S/sash/i-VQjgAwefVc6gy.js#sfClientUrl was preloaded using link preload but not used within a few seconds from the window's load event. Please make sure it has an appropriate `as` value and it is preloaded intentionally. @ https://www.amazon.com/s?k=noise+cancelling+headphones&ref=nb_sb_noss:0
[  569689ms] [WARNING] The resource https://redirect.prod.experiment.routing.cloudfront.aws.a2z.com/x.png?timestamp=1784743215711 was preloaded using link preload but not used within a few seconds from the window's load event. Please make sure it has an appropriate `as` value and it is preloaded intentionally. @ https://www.amazon.com/s?k=noise+cancelling+headphones&ref=nb_sb_noss:0
[  569689ms] [WARNING] The resource https://m.media-amazon.com/images/S/sash/shz7L5-RmFPx81a.html#sfClientHtmlUrl was preloaded using link preload but not used within a few seconds from the window's load event. Please make sure it has an appropriate `as` value and it is preloaded intentionally. @ https://www.amazon.com/s?k=noise+cancelling+headphones&ref=nb_sb_noss:0
[  599720ms] [WARNING] The resource https://m.media-amazon.com/images/S/sash/i-VQjgAwefVc6gy.js#sfClientUrl was preloaded using link preload but not used within a few seconds from the window's load event. Please make sure it has an appropriate `as` value and it is preloaded intentionally. @ https://www.amazon.com/s?k=noise+cancelling+headphones&ref=nb_sb_noss:0
[  599720ms] [WARNING] The resource https://redirect.prod.experiment.routing.cloudfront.aws.a2z.com/x.png?timestamp=1784743215711 was preloaded using link preload but not used within a few seconds from the window's load event. Please make sure it has an appropriate `as` value and it is preloaded intentionally. @ https://www.amazon.com/s?k=noise+cancelling+headphones&ref=nb_sb_noss:0
[  599720ms] [WARNING] The resource https://m.media-amazon.com/images/S/sash/shz7L5-RmFPx81a.html#sfClientHtmlUrl was preloaded using link preload but not used within a few seconds from the window's load event. Please make sure it has an appropriate `as` value and it is preloaded intentionally. @ https://www.amazon.com/s?k=noise+cancelling+headphones&ref=nb_sb_noss:0
[  629694ms] [WARNING] The resource https://m.media-amazon.com/images/S/sash/i-VQjgAwefVc6gy.js#sfClientUrl was preloaded using link preload but not used within a few seconds from the window's load event. Please make sure it has an appropriate `as` value and it is preloaded intentionally. @ https://www.amazon.com/s?k=noise+cancelling+headphones&ref=nb_sb_noss:0
[  629694ms] [WARNING] The resource https://redirect.prod.experiment.routing.cloudfront.aws.a2z.com/x.png?timestamp=1784743215711 was preloaded using link preload but not used within a few seconds from the window's load event. Please make sure it has an appropriate `as` value and it is preloaded intentionally. @ https://www.amazon.com/s?k=noise+cancelling+headphones&ref=nb_sb_noss:0
[  629694ms] [WARNING] The resource https://m.media-amazon.com/images/S/sash/shz7L5-RmFPx81a.html#sfClientHtmlUrl was preloaded using link preload but not used within a few seconds from the window's load event. Please make sure it has an appropriate `as` value and it is preloaded intentionally. @ https://www.amazon.com/s?k=noise+cancelling+headphones&ref=nb_sb_noss:0
[  639136ms] [WARNING] The resource https://m.media-amazon.com/images/S/sash/i-VQjgAwefVc6gy.js#sfClientUrl was preloaded using link preload but not used within a few seconds from the window's load event. Please make sure it has an appropriate `as` value and it is preloaded intentionally. @ https://www.amazon.com/s?k=noise+cancelling+headphones&ref=nb_sb_noss:0
[  639136ms] [WARNING] The resource https://redirect.prod.experiment.routing.cloudfront.aws.a2z.com/x.png?timestamp=1784743215711 was preloaded using link preload but not used within a few seconds from the window's load event. Please make sure it has an appropriate `as` value and it is preloaded intentionally. @ https://www.amazon.com/s?k=noise+cancelling+headphones&ref=nb_sb_noss:0
[  639137ms] [WARNING] The resource https://m.media-amazon.com/images/S/sash/shz7L5-RmFPx81a.html#sfClientHtmlUrl was preloaded using link preload but not used within a few seconds from the window's load event. Please make sure it has an appropriate `as` value and it is preloaded intentionally. @ https://www.amazon.com/s?k=noise+cancelling+headphones&ref=nb_sb_noss:0
[  659714ms] [WARNING] The resource https://m.media-amazon.com/images/S/sash/i-VQjgAwefVc6gy.js#sfClientUrl was preloaded using link preload but not used within a few seconds from the window's load event. Please make sure it has an appropriate `as` value and it is preloaded intentionally. @ https://www.amazon.com/s?k=noise+cancelling+headphones&ref=nb_sb_noss:0
[  659716ms] [WARNING] The resource https://redirect.prod.experiment.routing.cloudfront.aws.a2z.com/x.png?timestamp=1784743215711 was preloaded using link preload but not used within a few seconds from the window's load event. Please make sure it has an appropriate `as` value and it is preloaded intentionally. @ https://www.amazon.com/s?k=noise+cancelling+headphones&ref=nb_sb_noss:0
[  659717ms] [WARNING] The resource https://m.media-amazon.com/images/S/sash/shz7L5-RmFPx81a.html#sfClientHtmlUrl was preloaded using link preload but not used within a few seconds from the window's load event. Please make sure it has an appropriate `as` value and it is preloaded intentionally. @ https://www.amazon.com/s?k=noise+cancelling+headphones&ref=nb_sb_noss:0
