[     301ms] TypeError: Cannot redefine property: languages
    at Object.defineProperty (<anonymous>)
    at <anonymous>:28:12
    at <anonymous>:40:5
    at <anonymous>:41:7
[    1920ms] TypeError: Cannot redefine property: languages
    at Object.defineProperty (<anonymous>)
    at <anonymous>:28:12
    at <anonymous>:40:5
    at <anonymous>:41:7
[    1923ms] TypeError: Cannot redefine property: languages
    at Object.defineProperty (<anonymous>)
    at <anonymous>:28:12
    at <anonymous>:40:5
    at <anonymous>:41:7
[    7543ms] TypeError: Cannot redefine property: languages
    at Object.defineProperty (<anonymous>)
    at <anonymous>:28:12
    at <anonymous>:40:5
    at <anonymous>:41:7
[    7544ms] TypeError: Cannot redefine property: languages
    at Object.defineProperty (<anonymous>)
    at <anonymous>:28:12
    at <anonymous>:40:5
    at <anonymous>:41:7
[    7848ms] TypeError: Cannot redefine property: languages
    at Object.defineProperty (<anonymous>)
    at <anonymous>:28:12
    at <anonymous>:40:5
    at <anonymous>:41:7
[    7851ms] TypeError: Cannot redefine property: languages
    at Object.defineProperty (<anonymous>)
    at <anonymous>:28:12
    at <anonymous>:40:5
    at <anonymous>:41:7
[    8970ms] [ERROR] Loading the image 'https://match.adsrvr.org/track/cmf/generic?ttd_pid=stickyads&ttd_tpi=1&gdpr=0&gdpr_consent=' violates the following Content Security Policy directive: "default-src 'self' s.amazon-adsystem.com aax-eu.amazon-adsystem.com aax-fe.amazon-adsystem.com fonts.gstatic.com *.firefox.etp doubleclick.net *.stickyadstv.com *.g.doubleclick.net fout.jp ninthdecimal.com *.postrelease.com *.yahoo.com *.adnxs.com exelator.com richaudience.com *.presage.io samplicio.us *.rubiconproject.com semasio.net cm.g.doubleclick.net *.samba.tv presage.io yahoo.com *.loopme.me *.amazon-adsystem.com yahoo.net gumgum.com *.imdb.com google.com amazon-adsystem.com *.samplicio.us *.smartadserver.com loopme.me zeotap.com *.mediarithmics.com taboola.com *.bidswitch.net *.thisisdax.com *.fwmrm.net *.yahoo.net adscale.de *.ninthdecimal.com *.zeotap.com *.adscale.de fwmrm.net demdex.net *.scorecardresearch.com agkn.com *.kargo.com connatix.com *.dmxleo.com *.casalemedia.com bidswitch.net dmxleo.com imdb.com *.gumgum.com *.demdex.net *.ispot.tv *.google.com *.exelator.com *.pubmatic.com kargo.com scorecardresearch.com *.3lift.com thisisdax.com postrelease.com *.doubleclick.net stickyadstv.com yieldmo.com *.mookie1.com ispot.tv *.connatix.com *.agkn.com samba.tv pubmatic.com smartadserver.com s.amazon-adsystem.com/ecm3 *.match.360yield.com *.richaudience.com *.fout.jp casalemedia.com rubiconproject.com openx.net adnxs.com mookie1.com match.360yield.com *.taboola.com *.openx.net *.semasio.net *.yieldmo.com". Note that 'img-src' was not explicitly set, so 'default-src' is used as a fallback. The action has been blocked. @ https://s.amazon-adsystem.com/v3/pr?exlist=n-xr-HMT_n-id-HMT_n-nt-HMT_ns_n-eq-HMT3_n-ix-HMT_bsw_n-y-HMT_n-cx-HMT_n-dm2-HMT_n-dx-HMT2_n-zeotap-4_fw_imdb_n-fo-HMT_n-lucid_n-st-HMT1_n-samba.tv_n-rb-HMT3_n-fw-HMT1_n-og-HMT_adelphic_adb_mp_n-mediarithmics_g_n-comscr.com_n-lm-HMT3_ox_n-tl-HMT_n-semasio-ecm_n-kg-HMT_n-gg-HMT2_an_n-pm-HMT_n-g-hmt_nsln_nd_n-ispot_n-stroer-HMT_n-ym-HMT_n-ox-hmt_n-ex1-HMT_tbl&fv=1.0&a=cm&dmt=1&gdpr_consent=&ex-pl-n-g-hmt=MEpJrAQGRQyO41KQhE1Euw&gdpr=0&ep=6Eg56R-9BMj5q5SSNdvyUn2pt8Mwq18TcgJ1jDDWff62JMOghbov8oeTGKJWYSo5c7cAirI-CEHezIYsbgcQorkK9DxSr-Nqkhc3ZxitKX17m_UV_jlyPqX2xChDapYUi_Px3QJ5yF7syzZrpeT7gTZZl8893f54wlHFtnPNzXYcqX0lPedsad2BLpZ9YKgu_cICrkRaQqCUprazZHqf51lpdZmqQUuVj49VcTFSucUw-2MIa6ApOkfeKg7n5XWXbC8aaYcdTY0hErXxqgNHTNDTHHkxG-KU3ITSl_6IPPu8gVdBmCybxa_GDE-97fE8pL15B-_3d4mVr53cZjpxXKtBM_ku2YG3WyqnROAmKBC_c0QZ9gyUnfHH9W6WXQxWZiROj06qTYN6ar8pMyByQuzmpb5jZaczKxPgh7gxl07sePB50XZXRhEg6AtYZJ9in2cEZZaw8CbmT7IxoBOl6l__pQ3MsWRu-W_1Hi-O_l5QJi7DDIDR3vpgIkjyKLjHkN6yTrz4FyDhTZsy-howpc12lV7xF9bIeLXahNtSAGnTF9uvJ53AqxKHGuJBXxXPqf2zRzqTOHYB_ySyCCxTsd3tyyeBq0BuHeNtkglczBLQh1RujMX_8Ra5XJU5HnymdzOHebx09D0ZkZ-xhlPKE02WBV79QEVqIxhJ2UtV_rQiHQMDRg4SxZHlNbS5MxNV0ZciaxWaTedeoLerzcoSP1L-28r45BsYm15_UqG1qsRtP0xs029qsnWoFbLyH0UbKAtZIZuJDHdoqpf4php1ivOEVKn7FGHZky1BjzeeR-XXZjOJjm_2GGKGtmJjCVJ04BHwzdRUNq7UCPnC_sOK6FWfR0sTtQPqmsv7JZM5kmVRD3x-qNSiA280KWvGZdnZistIIsXZCnucpS5Fx22ihCBp-wi8t4sHvSmCT-dkup4QWs2P13TsSDXrR9h913ugrmoqLvL8A-LvTJrmSysF8AagHmKpiajT14GUBQRRPg8OvvEBBTD1uTQmjLOxCzGF8a5WjeNWWgMEYA-9Sj1E_sMaWf845Gd4mfPnRmoVSswez90GkECJ5uODAFS9o2grD7xhHxbZhwlBZIbnA3g1l-j3mt2PAkWsrqDX_s3TRJ7nWQtr-wgWS4LGQCukdvAoxsIW_5jtFiBRjDa7V-I3mrGX6OT538wYp0sZSy5ENGdswQ8JvPcv2P5wvZst_mBNSjDfzWmIInYKTgs_SDyGqWKcJ4HW6BReUTDdP9yomk14-0tuHLlmF4c14VVqTpl8HhgkpDTlWQh2cS3oqUTPU_m5pGf5fYiwmW9k5-tiKgGzlyzsdK7ZX_u1QeuAF6yfGYHyY7hG8n3qvOMg6lu7gQ2vxFJ4m132OuQe_A1c4gOxZhkC5HTC6oiVu9GmdC0DvUz-Ycg5b__5o1RY40UqjPWWrv-Sawi1U2hNqAyWwntwq6i5kZYuyaicn5hSRnvh:0
[   11944ms] TypeError: Cannot redefine property: languages
    at Object.defineProperty (<anonymous>)
    at <anonymous>:28:12
    at <anonymous>:40:5
    at <anonymous>:41:7
[   11944ms] TypeError: Cannot redefine property: languages
    at Object.defineProperty (<anonymous>)
    at <anonymous>:28:12
    at <anonymous>:40:5
    at <anonymous>:41:7
[   12749ms] TypeError: Cannot redefine property: languages
    at Object.defineProperty (<anonymous>)
    at <anonymous>:28:12
    at <anonymous>:40:5
    at <anonymous>:41:7
[   12750ms] TypeError: Cannot redefine property: languages
    at Object.defineProperty (<anonymous>)
    at <anonymous>:28:12
    at <anonymous>:40:5
    at <anonymous>:41:7
[   12797ms] TypeError: Cannot redefine property: languages
    at Object.defineProperty (<anonymous>)
    at <anonymous>:28:12
    at <anonymous>:40:5
    at <anonymous>:41:7
[   12799ms] TypeError: Cannot redefine property: languages
    at Object.defineProperty (<anonymous>)
    at <anonymous>:28:12
    at <anonymous>:40:5
    at <anonymous>:41:7
[   15311ms] TypeError: Cannot redefine property: languages
    at Object.defineProperty (<anonymous>)
    at <anonymous>:28:12
    at <anonymous>:40:5
    at <anonymous>:41:7
[   15312ms] TypeError: Cannot redefine property: languages
    at Object.defineProperty (<anonymous>)
    at <anonymous>:28:12
    at <anonymous>:40:5
    at <anonymous>:41:7
[   15710ms] TypeError: Cannot redefine property: languages
    at Object.defineProperty (<anonymous>)
    at <anonymous>:28:12
    at <anonymous>:40:5
    at <anonymous>:41:7
[   15712ms] TypeError: Cannot redefine property: languages
    at Object.defineProperty (<anonymous>)
    at <anonymous>:28:12
    at <anonymous>:40:5
    at <anonymous>:41:7
[   16693ms] [ERROR] Error logged with the Track&Report JS errors API(http://tiny/1covqr6l8/wamazindeClieUserJava): {"m":"ARA:RegisterTriggerResponseError:SEARCH. Error receiving response from ARAServiceFailed to execute 'json' on 'Response': Unexpected end of JSON input","name":"SyntaxError","csm":"v5 ueLogError stack","logLevel":"ERROR","attribution":"ARARegisterTrigger","pageURL":"https://www.amazon.com/s?k=wireless+mouse&ref=nb_sb_noss","f":"https://m.media-amazon.com/images/I/21vARlfe4pL._RC%7C11s0wiXngEL.js_.js?AUIClients/ARARegisterTriggerSubAssets-search","l":"7","s":["SyntaxError: Unexpected end of JSON input","at https://m.media-amazon.com/images/I/21vARlfe4pL._RC%7C11s0wiXngEL.js_.js?AUIClients/ARARegisterTriggerSubAssets-search:7:384"],"t":4744} {m: ARA:RegisterTriggerResponseError:SEARCH. Error rec…json' on 'Response': Unexpected end of JSON input, name: SyntaxError, type: undefined, csm: v5 ueLogError stack, logLevel: ERROR} @ https://images-na.ssl-images-amazon.com/images/I/215h87l68bL.js:3
[   54738ms] TypeError: Cannot redefine property: languages
    at Object.defineProperty (<anonymous>)
    at <anonymous>:28:12
    at <anonymous>:40:5
    at <anonymous>:41:7
[   54739ms] TypeError: Cannot redefine property: languages
    at Object.defineProperty (<anonymous>)
    at <anonymous>:28:12
    at <anonymous>:40:5
    at <anonymous>:41:7
[   55938ms] TypeError: Cannot redefine property: languages
    at Object.defineProperty (<anonymous>)
    at <anonymous>:28:12
    at <anonymous>:40:5
    at <anonymous>:41:7
[   55945ms] TypeError: Cannot redefine property: languages
    at Object.defineProperty (<anonymous>)
    at <anonymous>:28:12
    at <anonymous>:40:5
    at <anonymous>:41:7
[   57484ms] [ERROR] Failed to load resource: the server responded with a status of 404 () @ https://www.amazon.com/gp/product/ajax/billOfMaterial?ref=bom_pw_initialLoad&viewID=billOfMaterial-primary-widget&bomPageNum=1&searchTerm=&_=1784890330417:0
[   57580ms] [WARNING] VIDEOJS: WARN: Using hls options is deprecated. Use vhs instead. @ https://m.media-amazon.com/images/I/3175HHgX+OL._RC%7C01x4giTy+uL.js,01r9LpT6pbL.js,41NWBkfooBL.js,11QfrzttlqL.js,91VXiFQ1TCL.js,01ELLYeIOkL.js_.js?AUIClients/Brila:491
[   57866ms] [WARNING] VIDEOJS: WARN: Using hls options is deprecated. Use vhs instead. @ https://m.media-amazon.com/images/I/3175HHgX+OL._RC%7C01x4giTy+uL.js,01r9LpT6pbL.js,41NWBkfooBL.js,11QfrzttlqL.js,91VXiFQ1TCL.js,01ELLYeIOkL.js_.js?AUIClients/Brila:491
[   59826ms] TypeError: Cannot redefine property: languages
    at Object.defineProperty (<anonymous>)
    at <anonymous>:28:12
    at <anonymous>:40:5
    at <anonymous>:41:7
[   59833ms] TypeError: Cannot redefine property: languages
    at Object.defineProperty (<anonymous>)
    at <anonymous>:28:12
    at <anonymous>:40:5
    at <anonymous>:41:7
[   60140ms] TypeError: Cannot redefine property: languages
    at Object.defineProperty (<anonymous>)
    at <anonymous>:28:12
    at <anonymous>:40:5
    at <anonymous>:41:7
[   60144ms] TypeError: Cannot redefine property: languages
    at Object.defineProperty (<anonymous>)
    at <anonymous>:28:12
    at <anonymous>:40:5
    at <anonymous>:41:7
[   60970ms] [ERROR] Error logged with the Track&Report JS errors API(http://tiny/1covqr6l8/wamazindeClieUserJava): {"m":"ARA:RegisterTriggerResponseError:DPV. Error receiving response from ARAServiceFailed to execute 'json' on 'Response': Unexpected end of JSON input","name":"SyntaxError","csm":"v5 ueLogError stack","logLevel":"ERROR","attribution":"ARARegisterTrigger","pageURL":"https://www.amazon.com/Logitech-Wireless-Mouse-M185-Swift/dp/B004YAVF8I/ref=sr_1_1?dib=eyJ2IjoiMSJ9.a0MX2hfgvGHgrB0IKodKCRSsDicCDy6LP2jVcYYYyXN4fpLXNqPk7aoWGbh8nuCenXy3GfNfGDi5FP0oyg3GtUiQCf9qxARbZ5aolYeEtcw-ON1iHFxyen4KUkSDtOwCPgdFKpvd6mVDALrF2p-ZPhIo6SPM9mGgZSmB2UNcCY28qFRromwNius-NTV5reb6jAvCQhnf_T9hqahyFzw8zNylb6GS9I2yhtuTybn9WKA.wg1lw-Ivcxu7dTraSahU8qUr9SZmaJwh5nAmeiYuU_8&dib_tag=se&keywords=wireless%2Bmouse&qid=1784890285&sr=8-1&th=1","f":"https://m.media-amazon.com/images/I/21vARlfe4pL._RC%7C11WTF6kPMoL.js_.js?AUIClients/ARARegisterTriggerSubAssets-dpv","l":"7","s":["SyntaxError: Unexpected end of JSON input","at https://m.media-amazon.com/images/I/21vARlfe4pL._RC%7C11WTF6kPMoL.js_.js?AUIClients/ARARegisterTriggerSubAssets-dpv:7:384"],"t":6220} {m: ARA:RegisterTriggerResponseError:DPV. Error receiv…json' on 'Response': Unexpected end of JSON input, name: SyntaxError, type: undefined, csm: v5 ueLogError stack, logLevel: ERROR} @ https://images-na.ssl-images-amazon.com/images/I/215h87l68bL.js:3
[   72357ms] [WARNING] The resource https://m.media-amazon.com/images/I/51On6pZ2rqL.js?AUIClients/ was preloaded using link preload but not used within a few seconds from the window's load event. Please make sure it has an appropriate `as` value and it is preloaded intentionally. @ https://www.amazon.com/Logitech-Wireless-Mouse-M185-Swift/dp/B004YAVF8I/ref=sr_1_1?dib=eyJ2IjoiMSJ9.a0MX2hfgvGHgrB0IKodKCRSsDicCDy6LP2jVcYYYyXN4fpLXNqPk7aoWGbh8nuCenXy3GfNfGDi5FP0oyg3GtUiQCf9qxARbZ5aolYeEtcw-ON1iHFxyen4KUkSDtOwCPgdFKpvd6mVDALrF2p-ZPhIo6SPM9mGgZSmB2UNcCY28qFRromwNius-NTV5reb6jAvCQhnf_T9hqahyFzw8zNylb6GS9I2yhtuTybn9WKA.wg1lw-Ivcxu7dTraSahU8qUr9SZmaJwh5nAmeiYuU_8&dib_tag=se&keywords=wireless%2Bmouse&qid=1784890285&sr=8-1&th=1:0
[   72357ms] [WARNING] The resource https://m.media-amazon.com/images/S/sash/cqKHmwD3Ut9oj5s.js#sfClientUrl was preloaded using link preload but not used within a few seconds from the window's load event. Please make sure it has an appropriate `as` value and it is preloaded intentionally. @ https://www.amazon.com/Logitech-Wireless-Mouse-M185-Swift/dp/B004YAVF8I/ref=sr_1_1?dib=eyJ2IjoiMSJ9.a0MX2hfgvGHgrB0IKodKCRSsDicCDy6LP2jVcYYYyXN4fpLXNqPk7aoWGbh8nuCenXy3GfNfGDi5FP0oyg3GtUiQCf9qxARbZ5aolYeEtcw-ON1iHFxyen4KUkSDtOwCPgdFKpvd6mVDALrF2p-ZPhIo6SPM9mGgZSmB2UNcCY28qFRromwNius-NTV5reb6jAvCQhnf_T9hqahyFzw8zNylb6GS9I2yhtuTybn9WKA.wg1lw-Ivcxu7dTraSahU8qUr9SZmaJwh5nAmeiYuU_8&dib_tag=se&keywords=wireless%2Bmouse&qid=1784890285&sr=8-1&th=1:0
[   72357ms] [WARNING] The resource https://m.media-amazon.com/images/I/61lGvbxWIUL.js?AUIClients/ was preloaded using link preload but not used within a few seconds from the window's load event. Please make sure it has an appropriate `as` value and it is preloaded intentionally. @ https://www.amazon.com/Logitech-Wireless-Mouse-M185-Swift/dp/B004YAVF8I/ref=sr_1_1?dib=eyJ2IjoiMSJ9.a0MX2hfgvGHgrB0IKodKCRSsDicCDy6LP2jVcYYYyXN4fpLXNqPk7aoWGbh8nuCenXy3GfNfGDi5FP0oyg3GtUiQCf9qxARbZ5aolYeEtcw-ON1iHFxyen4KUkSDtOwCPgdFKpvd6mVDALrF2p-ZPhIo6SPM9mGgZSmB2UNcCY28qFRromwNius-NTV5reb6jAvCQhnf_T9hqahyFzw8zNylb6GS9I2yhtuTybn9WKA.wg1lw-Ivcxu7dTraSahU8qUr9SZmaJwh5nAmeiYuU_8&dib_tag=se&keywords=wireless%2Bmouse&qid=1784890285&sr=8-1&th=1:0
[   72357ms] [WARNING] The resource https://m.media-amazon.com/images/I/617wb09azWL._RC%7C81ZLs-rhJOL.js,31jsB13JlVL.js_.js?AUIClients/ was preloaded using link preload but not used within a few seconds from the window's load event. Please make sure it has an appropriate `as` value and it is preloaded intentionally. @ https://www.amazon.com/Logitech-Wireless-Mouse-M185-Swift/dp/B004YAVF8I/ref=sr_1_1?dib=eyJ2IjoiMSJ9.a0MX2hfgvGHgrB0IKodKCRSsDicCDy6LP2jVcYYYyXN4fpLXNqPk7aoWGbh8nuCenXy3GfNfGDi5FP0oyg3GtUiQCf9qxARbZ5aolYeEtcw-ON1iHFxyen4KUkSDtOwCPgdFKpvd6mVDALrF2p-ZPhIo6SPM9mGgZSmB2UNcCY28qFRromwNius-NTV5reb6jAvCQhnf_T9hqahyFzw8zNylb6GS9I2yhtuTybn9WKA.wg1lw-Ivcxu7dTraSahU8qUr9SZmaJwh5nAmeiYuU_8&dib_tag=se&keywords=wireless%2Bmouse&qid=1784890285&sr=8-1&th=1:0
[   72357ms] [WARNING] The resource https://m.media-amazon.com/images/S/sash/1dcKWNtgTsXnwBt.html#sfClientHtmlUrl was preloaded using link preload but not used within a few seconds from the window's load event. Please make sure it has an appropriate `as` value and it is preloaded intentionally. @ https://www.amazon.com/Logitech-Wireless-Mouse-M185-Swift/dp/B004YAVF8I/ref=sr_1_1?dib=eyJ2IjoiMSJ9.a0MX2hfgvGHgrB0IKodKCRSsDicCDy6LP2jVcYYYyXN4fpLXNqPk7aoWGbh8nuCenXy3GfNfGDi5FP0oyg3GtUiQCf9qxARbZ5aolYeEtcw-ON1iHFxyen4KUkSDtOwCPgdFKpvd6mVDALrF2p-ZPhIo6SPM9mGgZSmB2UNcCY28qFRromwNius-NTV5reb6jAvCQhnf_T9hqahyFzw8zNylb6GS9I2yhtuTybn9WKA.wg1lw-Ivcxu7dTraSahU8qUr9SZmaJwh5nAmeiYuU_8&dib_tag=se&keywords=wireless%2Bmouse&qid=1784890285&sr=8-1&th=1:0
[   72357ms] [WARNING] The resource https://m.media-amazon.com/images/I/119lYNyqoQL.js?AUIClients/ was preloaded using link preload but not used within a few seconds from the window's load event. Please make sure it has an appropriate `as` value and it is preloaded intentionally. @ https://www.amazon.com/Logitech-Wireless-Mouse-M185-Swift/dp/B004YAVF8I/ref=sr_1_1?dib=eyJ2IjoiMSJ9.a0MX2hfgvGHgrB0IKodKCRSsDicCDy6LP2jVcYYYyXN4fpLXNqPk7aoWGbh8nuCenXy3GfNfGDi5FP0oyg3GtUiQCf9qxARbZ5aolYeEtcw-ON1iHFxyen4KUkSDtOwCPgdFKpvd6mVDALrF2p-ZPhIo6SPM9mGgZSmB2UNcCY28qFRromwNius-NTV5reb6jAvCQhnf_T9hqahyFzw8zNylb6GS9I2yhtuTybn9WKA.wg1lw-Ivcxu7dTraSahU8qUr9SZmaJwh5nAmeiYuU_8&dib_tag=se&keywords=wireless%2Bmouse&qid=1784890285&sr=8-1&th=1:0
[   72357ms] [WARNING] The resource https://m.media-amazon.com/images/I/51S-qOAsDtL.js?AUIClients/ was preloaded using link preload but not used within a few seconds from the window's load event. Please make sure it has an appropriate `as` value and it is preloaded intentionally. @ https://www.amazon.com/Logitech-Wireless-Mouse-M185-Swift/dp/B004YAVF8I/ref=sr_1_1?dib=eyJ2IjoiMSJ9.a0MX2hfgvGHgrB0IKodKCRSsDicCDy6LP2jVcYYYyXN4fpLXNqPk7aoWGbh8nuCenXy3GfNfGDi5FP0oyg3GtUiQCf9qxARbZ5aolYeEtcw-ON1iHFxyen4KUkSDtOwCPgdFKpvd6mVDALrF2p-ZPhIo6SPM9mGgZSmB2UNcCY28qFRromwNius-NTV5reb6jAvCQhnf_T9hqahyFzw8zNylb6GS9I2yhtuTybn9WKA.wg1lw-Ivcxu7dTraSahU8qUr9SZmaJwh5nAmeiYuU_8&dib_tag=se&keywords=wireless%2Bmouse&qid=1784890285&sr=8-1&th=1:0
[   72357ms] [WARNING] The resource https://m.media-amazon.com/images/I/31lqqqMDjxL.js?AUIClients/ was preloaded using link preload but not used within a few seconds from the window's load event. Please make sure it has an appropriate `as` value and it is preloaded intentionally. @ https://www.amazon.com/Logitech-Wireless-Mouse-M185-Swift/dp/B004YAVF8I/ref=sr_1_1?dib=eyJ2IjoiMSJ9.a0MX2hfgvGHgrB0IKodKCRSsDicCDy6LP2jVcYYYyXN4fpLXNqPk7aoWGbh8nuCenXy3GfNfGDi5FP0oyg3GtUiQCf9qxARbZ5aolYeEtcw-ON1iHFxyen4KUkSDtOwCPgdFKpvd6mVDALrF2p-ZPhIo6SPM9mGgZSmB2UNcCY28qFRromwNius-NTV5reb6jAvCQhnf_T9hqahyFzw8zNylb6GS9I2yhtuTybn9WKA.wg1lw-Ivcxu7dTraSahU8qUr9SZmaJwh5nAmeiYuU_8&dib_tag=se&keywords=wireless%2Bmouse&qid=1784890285&sr=8-1&th=1:0
[   72357ms] [WARNING] The resource https://m.media-amazon.com/images/I/31xJau8gMoL.js?AUIClients/ was preloaded using link preload but not used within a few seconds from the window's load event. Please make sure it has an appropriate `as` value and it is preloaded intentionally. @ https://www.amazon.com/Logitech-Wireless-Mouse-M185-Swift/dp/B004YAVF8I/ref=sr_1_1?dib=eyJ2IjoiMSJ9.a0MX2hfgvGHgrB0IKodKCRSsDicCDy6LP2jVcYYYyXN4fpLXNqPk7aoWGbh8nuCenXy3GfNfGDi5FP0oyg3GtUiQCf9qxARbZ5aolYeEtcw-ON1iHFxyen4KUkSDtOwCPgdFKpvd6mVDALrF2p-ZPhIo6SPM9mGgZSmB2UNcCY28qFRromwNius-NTV5reb6jAvCQhnf_T9hqahyFzw8zNylb6GS9I2yhtuTybn9WKA.wg1lw-Ivcxu7dTraSahU8qUr9SZmaJwh5nAmeiYuU_8&dib_tag=se&keywords=wireless%2Bmouse&qid=1784890285&sr=8-1&th=1:0
[   77316ms] [WARNING] The resource https://m.media-amazon.com/images/I/51On6pZ2rqL.js?AUIClients/ was preloaded using link preload but not used within a few seconds from the window's load event. Please make sure it has an appropriate `as` value and it is preloaded intentionally. @ https://www.amazon.com/Logitech-Wireless-Mouse-M185-Swift/dp/B004YAVF8I/ref=sr_1_1?dib=eyJ2IjoiMSJ9.a0MX2hfgvGHgrB0IKodKCRSsDicCDy6LP2jVcYYYyXN4fpLXNqPk7aoWGbh8nuCenXy3GfNfGDi5FP0oyg3GtUiQCf9qxARbZ5aolYeEtcw-ON1iHFxyen4KUkSDtOwCPgdFKpvd6mVDALrF2p-ZPhIo6SPM9mGgZSmB2UNcCY28qFRromwNius-NTV5reb6jAvCQhnf_T9hqahyFzw8zNylb6GS9I2yhtuTybn9WKA.wg1lw-Ivcxu7dTraSahU8qUr9SZmaJwh5nAmeiYuU_8&dib_tag=se&keywords=wireless%2Bmouse&qid=1784890285&sr=8-1&th=1:0
[   77317ms] [WARNING] The resource https://m.media-amazon.com/images/S/sash/cqKHmwD3Ut9oj5s.js#sfClientUrl was preloaded using link preload but not used within a few seconds from the window's load event. Please make sure it has an appropriate `as` value and it is preloaded intentionally. @ https://www.amazon.com/Logitech-Wireless-Mouse-M185-Swift/dp/B004YAVF8I/ref=sr_1_1?dib=eyJ2IjoiMSJ9.a0MX2hfgvGHgrB0IKodKCRSsDicCDy6LP2jVcYYYyXN4fpLXNqPk7aoWGbh8nuCenXy3GfNfGDi5FP0oyg3GtUiQCf9qxARbZ5aolYeEtcw-ON1iHFxyen4KUkSDtOwCPgdFKpvd6mVDALrF2p-ZPhIo6SPM9mGgZSmB2UNcCY28qFRromwNius-NTV5reb6jAvCQhnf_T9hqahyFzw8zNylb6GS9I2yhtuTybn9WKA.wg1lw-Ivcxu7dTraSahU8qUr9SZmaJwh5nAmeiYuU_8&dib_tag=se&keywords=wireless%2Bmouse&qid=1784890285&sr=8-1&th=1:0
[   77317ms] [WARNING] The resource https://m.media-amazon.com/images/I/61lGvbxWIUL.js?AUIClients/ was preloaded using link preload but not used within a few seconds from the window's load event. Please make sure it has an appropriate `as` value and it is preloaded intentionally. @ https://www.amazon.com/Logitech-Wireless-Mouse-M185-Swift/dp/B004YAVF8I/ref=sr_1_1?dib=eyJ2IjoiMSJ9.a0MX2hfgvGHgrB0IKodKCRSsDicCDy6LP2jVcYYYyXN4fpLXNqPk7aoWGbh8nuCenXy3GfNfGDi5FP0oyg3GtUiQCf9qxARbZ5aolYeEtcw-ON1iHFxyen4KUkSDtOwCPgdFKpvd6mVDALrF2p-ZPhIo6SPM9mGgZSmB2UNcCY28qFRromwNius-NTV5reb6jAvCQhnf_T9hqahyFzw8zNylb6GS9I2yhtuTybn9WKA.wg1lw-Ivcxu7dTraSahU8qUr9SZmaJwh5nAmeiYuU_8&dib_tag=se&keywords=wireless%2Bmouse&qid=1784890285&sr=8-1&th=1:0
[   77317ms] [WARNING] The resource https://m.media-amazon.com/images/I/617wb09azWL._RC%7C81ZLs-rhJOL.js,31jsB13JlVL.js_.js?AUIClients/ was preloaded using link preload but not used within a few seconds from the window's load event. Please make sure it has an appropriate `as` value and it is preloaded intentionally. @ https://www.amazon.com/Logitech-Wireless-Mouse-M185-Swift/dp/B004YAVF8I/ref=sr_1_1?dib=eyJ2IjoiMSJ9.a0MX2hfgvGHgrB0IKodKCRSsDicCDy6LP2jVcYYYyXN4fpLXNqPk7aoWGbh8nuCenXy3GfNfGDi5FP0oyg3GtUiQCf9qxARbZ5aolYeEtcw-ON1iHFxyen4KUkSDtOwCPgdFKpvd6mVDALrF2p-ZPhIo6SPM9mGgZSmB2UNcCY28qFRromwNius-NTV5reb6jAvCQhnf_T9hqahyFzw8zNylb6GS9I2yhtuTybn9WKA.wg1lw-Ivcxu7dTraSahU8qUr9SZmaJwh5nAmeiYuU_8&dib_tag=se&keywords=wireless%2Bmouse&qid=1784890285&sr=8-1&th=1:0
[   77317ms] [WARNING] The resource https://m.media-amazon.com/images/S/sash/1dcKWNtgTsXnwBt.html#sfClientHtmlUrl was preloaded using link preload but not used within a few seconds from the window's load event. Please make sure it has an appropriate `as` value and it is preloaded intentionally. @ https://www.amazon.com/Logitech-Wireless-Mouse-M185-Swift/dp/B004YAVF8I/ref=sr_1_1?dib=eyJ2IjoiMSJ9.a0MX2hfgvGHgrB0IKodKCRSsDicCDy6LP2jVcYYYyXN4fpLXNqPk7aoWGbh8nuCenXy3GfNfGDi5FP0oyg3GtUiQCf9qxARbZ5aolYeEtcw-ON1iHFxyen4KUkSDtOwCPgdFKpvd6mVDALrF2p-ZPhIo6SPM9mGgZSmB2UNcCY28qFRromwNius-NTV5reb6jAvCQhnf_T9hqahyFzw8zNylb6GS9I2yhtuTybn9WKA.wg1lw-Ivcxu7dTraSahU8qUr9SZmaJwh5nAmeiYuU_8&dib_tag=se&keywords=wireless%2Bmouse&qid=1784890285&sr=8-1&th=1:0
[   77317ms] [WARNING] The resource https://m.media-amazon.com/images/I/119lYNyqoQL.js?AUIClients/ was preloaded using link preload but not used within a few seconds from the window's load event. Please make sure it has an appropriate `as` value and it is preloaded intentionally. @ https://www.amazon.com/Logitech-Wireless-Mouse-M185-Swift/dp/B004YAVF8I/ref=sr_1_1?dib=eyJ2IjoiMSJ9.a0MX2hfgvGHgrB0IKodKCRSsDicCDy6LP2jVcYYYyXN4fpLXNqPk7aoWGbh8nuCenXy3GfNfGDi5FP0oyg3GtUiQCf9qxARbZ5aolYeEtcw-ON1iHFxyen4KUkSDtOwCPgdFKpvd6mVDALrF2p-ZPhIo6SPM9mGgZSmB2UNcCY28qFRromwNius-NTV5reb6jAvCQhnf_T9hqahyFzw8zNylb6GS9I2yhtuTybn9WKA.wg1lw-Ivcxu7dTraSahU8qUr9SZmaJwh5nAmeiYuU_8&dib_tag=se&keywords=wireless%2Bmouse&qid=1784890285&sr=8-1&th=1:0
[   77317ms] [WARNING] The resource https://m.media-amazon.com/images/I/51S-qOAsDtL.js?AUIClients/ was preloaded using link preload but not used within a few seconds from the window's load event. Please make sure it has an appropriate `as` value and it is preloaded intentionally. @ https://www.amazon.com/Logitech-Wireless-Mouse-M185-Swift/dp/B004YAVF8I/ref=sr_1_1?dib=eyJ2IjoiMSJ9.a0MX2hfgvGHgrB0IKodKCRSsDicCDy6LP2jVcYYYyXN4fpLXNqPk7aoWGbh8nuCenXy3GfNfGDi5FP0oyg3GtUiQCf9qxARbZ5aolYeEtcw-ON1iHFxyen4KUkSDtOwCPgdFKpvd6mVDALrF2p-ZPhIo6SPM9mGgZSmB2UNcCY28qFRromwNius-NTV5reb6jAvCQhnf_T9hqahyFzw8zNylb6GS9I2yhtuTybn9WKA.wg1lw-Ivcxu7dTraSahU8qUr9SZmaJwh5nAmeiYuU_8&dib_tag=se&keywords=wireless%2Bmouse&qid=1784890285&sr=8-1&th=1:0
[   77317ms] [WARNING] The resource https://m.media-amazon.com/images/I/31lqqqMDjxL.js?AUIClients/ was preloaded using link preload but not used within a few seconds from the window's load event. Please make sure it has an appropriate `as` value and it is preloaded intentionally. @ https://www.amazon.com/Logitech-Wireless-Mouse-M185-Swift/dp/B004YAVF8I/ref=sr_1_1?dib=eyJ2IjoiMSJ9.a0MX2hfgvGHgrB0IKodKCRSsDicCDy6LP2jVcYYYyXN4fpLXNqPk7aoWGbh8nuCenXy3GfNfGDi5FP0oyg3GtUiQCf9qxARbZ5aolYeEtcw-ON1iHFxyen4KUkSDtOwCPgdFKpvd6mVDALrF2p-ZPhIo6SPM9mGgZSmB2UNcCY28qFRromwNius-NTV5reb6jAvCQhnf_T9hqahyFzw8zNylb6GS9I2yhtuTybn9WKA.wg1lw-Ivcxu7dTraSahU8qUr9SZmaJwh5nAmeiYuU_8&dib_tag=se&keywords=wireless%2Bmouse&qid=1784890285&sr=8-1&th=1:0
[   77317ms] [WARNING] The resource https://m.media-amazon.com/images/I/31xJau8gMoL.js?AUIClients/ was preloaded using link preload but not used within a few seconds from the window's load event. Please make sure it has an appropriate `as` value and it is preloaded intentionally. @ https://www.amazon.com/Logitech-Wireless-Mouse-M185-Swift/dp/B004YAVF8I/ref=sr_1_1?dib=eyJ2IjoiMSJ9.a0MX2hfgvGHgrB0IKodKCRSsDicCDy6LP2jVcYYYyXN4fpLXNqPk7aoWGbh8nuCenXy3GfNfGDi5FP0oyg3GtUiQCf9qxARbZ5aolYeEtcw-ON1iHFxyen4KUkSDtOwCPgdFKpvd6mVDALrF2p-ZPhIo6SPM9mGgZSmB2UNcCY28qFRromwNius-NTV5reb6jAvCQhnf_T9hqahyFzw8zNylb6GS9I2yhtuTybn9WKA.wg1lw-Ivcxu7dTraSahU8qUr9SZmaJwh5nAmeiYuU_8&dib_tag=se&keywords=wireless%2Bmouse&qid=1784890285&sr=8-1&th=1:0
[   83977ms] [WARNING] The resource https://m.media-amazon.com/images/I/51On6pZ2rqL.js?AUIClients/ was preloaded using link preload but not used within a few seconds from the window's load event. Please make sure it has an appropriate `as` value and it is preloaded intentionally. @ https://www.amazon.com/Logitech-Wireless-Mouse-M185-Swift/dp/B004YAVF8I/ref=sr_1_1?dib=eyJ2IjoiMSJ9.a0MX2hfgvGHgrB0IKodKCRSsDicCDy6LP2jVcYYYyXN4fpLXNqPk7aoWGbh8nuCenXy3GfNfGDi5FP0oyg3GtUiQCf9qxARbZ5aolYeEtcw-ON1iHFxyen4KUkSDtOwCPgdFKpvd6mVDALrF2p-ZPhIo6SPM9mGgZSmB2UNcCY28qFRromwNius-NTV5reb6jAvCQhnf_T9hqahyFzw8zNylb6GS9I2yhtuTybn9WKA.wg1lw-Ivcxu7dTraSahU8qUr9SZmaJwh5nAmeiYuU_8&dib_tag=se&keywords=wireless%2Bmouse&qid=1784890285&sr=8-1&th=1:0
[   83977ms] [WARNING] The resource https://m.media-amazon.com/images/S/sash/cqKHmwD3Ut9oj5s.js#sfClientUrl was preloaded using link preload but not used within a few seconds from the window's load event. Please make sure it has an appropriate `as` value and it is preloaded intentionally. @ https://www.amazon.com/Logitech-Wireless-Mouse-M185-Swift/dp/B004YAVF8I/ref=sr_1_1?dib=eyJ2IjoiMSJ9.a0MX2hfgvGHgrB0IKodKCRSsDicCDy6LP2jVcYYYyXN4fpLXNqPk7aoWGbh8nuCenXy3GfNfGDi5FP0oyg3GtUiQCf9qxARbZ5aolYeEtcw-ON1iHFxyen4KUkSDtOwCPgdFKpvd6mVDALrF2p-ZPhIo6SPM9mGgZSmB2UNcCY28qFRromwNius-NTV5reb6jAvCQhnf_T9hqahyFzw8zNylb6GS9I2yhtuTybn9WKA.wg1lw-Ivcxu7dTraSahU8qUr9SZmaJwh5nAmeiYuU_8&dib_tag=se&keywords=wireless%2Bmouse&qid=1784890285&sr=8-1&th=1:0
[   83977ms] [WARNING] The resource https://m.media-amazon.com/images/I/61lGvbxWIUL.js?AUIClients/ was preloaded using link preload but not used within a few seconds from the window's load event. Please make sure it has an appropriate `as` value and it is preloaded intentionally. @ https://www.amazon.com/Logitech-Wireless-Mouse-M185-Swift/dp/B004YAVF8I/ref=sr_1_1?dib=eyJ2IjoiMSJ9.a0MX2hfgvGHgrB0IKodKCRSsDicCDy6LP2jVcYYYyXN4fpLXNqPk7aoWGbh8nuCenXy3GfNfGDi5FP0oyg3GtUiQCf9qxARbZ5aolYeEtcw-ON1iHFxyen4KUkSDtOwCPgdFKpvd6mVDALrF2p-ZPhIo6SPM9mGgZSmB2UNcCY28qFRromwNius-NTV5reb6jAvCQhnf_T9hqahyFzw8zNylb6GS9I2yhtuTybn9WKA.wg1lw-Ivcxu7dTraSahU8qUr9SZmaJwh5nAmeiYuU_8&dib_tag=se&keywords=wireless%2Bmouse&qid=1784890285&sr=8-1&th=1:0
[   83977ms] [WARNING] The resource https://m.media-amazon.com/images/I/617wb09azWL._RC%7C81ZLs-rhJOL.js,31jsB13JlVL.js_.js?AUIClients/ was preloaded using link preload but not used within a few seconds from the window's load event. Please make sure it has an appropriate `as` value and it is preloaded intentionally. @ https://www.amazon.com/Logitech-Wireless-Mouse-M185-Swift/dp/B004YAVF8I/ref=sr_1_1?dib=eyJ2IjoiMSJ9.a0MX2hfgvGHgrB0IKodKCRSsDicCDy6LP2jVcYYYyXN4fpLXNqPk7aoWGbh8nuCenXy3GfNfGDi5FP0oyg3GtUiQCf9qxARbZ5aolYeEtcw-ON1iHFxyen4KUkSDtOwCPgdFKpvd6mVDALrF2p-ZPhIo6SPM9mGgZSmB2UNcCY28qFRromwNius-NTV5reb6jAvCQhnf_T9hqahyFzw8zNylb6GS9I2yhtuTybn9WKA.wg1lw-Ivcxu7dTraSahU8qUr9SZmaJwh5nAmeiYuU_8&dib_tag=se&keywords=wireless%2Bmouse&qid=1784890285&sr=8-1&th=1:0
[   83977ms] [WARNING] The resource https://m.media-amazon.com/images/S/sash/1dcKWNtgTsXnwBt.html#sfClientHtmlUrl was preloaded using link preload but not used within a few seconds from the window's load event. Please make sure it has an appropriate `as` value and it is preloaded intentionally. @ https://www.amazon.com/Logitech-Wireless-Mouse-M185-Swift/dp/B004YAVF8I/ref=sr_1_1?dib=eyJ2IjoiMSJ9.a0MX2hfgvGHgrB0IKodKCRSsDicCDy6LP2jVcYYYyXN4fpLXNqPk7aoWGbh8nuCenXy3GfNfGDi5FP0oyg3GtUiQCf9qxARbZ5aolYeEtcw-ON1iHFxyen4KUkSDtOwCPgdFKpvd6mVDALrF2p-ZPhIo6SPM9mGgZSmB2UNcCY28qFRromwNius-NTV5reb6jAvCQhnf_T9hqahyFzw8zNylb6GS9I2yhtuTybn9WKA.wg1lw-Ivcxu7dTraSahU8qUr9SZmaJwh5nAmeiYuU_8&dib_tag=se&keywords=wireless%2Bmouse&qid=1784890285&sr=8-1&th=1:0
[   83977ms] [WARNING] The resource https://m.media-amazon.com/images/I/119lYNyqoQL.js?AUIClients/ was preloaded using link preload but not used within a few seconds from the window's load event. Please make sure it has an appropriate `as` value and it is preloaded intentionally. @ https://www.amazon.com/Logitech-Wireless-Mouse-M185-Swift/dp/B004YAVF8I/ref=sr_1_1?dib=eyJ2IjoiMSJ9.a0MX2hfgvGHgrB0IKodKCRSsDicCDy6LP2jVcYYYyXN4fpLXNqPk7aoWGbh8nuCenXy3GfNfGDi5FP0oyg3GtUiQCf9qxARbZ5aolYeEtcw-ON1iHFxyen4KUkSDtOwCPgdFKpvd6mVDALrF2p-ZPhIo6SPM9mGgZSmB2UNcCY28qFRromwNius-NTV5reb6jAvCQhnf_T9hqahyFzw8zNylb6GS9I2yhtuTybn9WKA.wg1lw-Ivcxu7dTraSahU8qUr9SZmaJwh5nAmeiYuU_8&dib_tag=se&keywords=wireless%2Bmouse&qid=1784890285&sr=8-1&th=1:0
[   83977ms] [WARNING] The resource https://m.media-amazon.com/images/I/51S-qOAsDtL.js?AUIClients/ was preloaded using link preload but not used within a few seconds from the window's load event. Please make sure it has an appropriate `as` value and it is preloaded intentionally. @ https://www.amazon.com/Logitech-Wireless-Mouse-M185-Swift/dp/B004YAVF8I/ref=sr_1_1?dib=eyJ2IjoiMSJ9.a0MX2hfgvGHgrB0IKodKCRSsDicCDy6LP2jVcYYYyXN4fpLXNqPk7aoWGbh8nuCenXy3GfNfGDi5FP0oyg3GtUiQCf9qxARbZ5aolYeEtcw-ON1iHFxyen4KUkSDtOwCPgdFKpvd6mVDALrF2p-ZPhIo6SPM9mGgZSmB2UNcCY28qFRromwNius-NTV5reb6jAvCQhnf_T9hqahyFzw8zNylb6GS9I2yhtuTybn9WKA.wg1lw-Ivcxu7dTraSahU8qUr9SZmaJwh5nAmeiYuU_8&dib_tag=se&keywords=wireless%2Bmouse&qid=1784890285&sr=8-1&th=1:0
[   83977ms] [WARNING] The resource https://m.media-amazon.com/images/I/31lqqqMDjxL.js?AUIClients/ was preloaded using link preload but not used within a few seconds from the window's load event. Please make sure it has an appropriate `as` value and it is preloaded intentionally. @ https://www.amazon.com/Logitech-Wireless-Mouse-M185-Swift/dp/B004YAVF8I/ref=sr_1_1?dib=eyJ2IjoiMSJ9.a0MX2hfgvGHgrB0IKodKCRSsDicCDy6LP2jVcYYYyXN4fpLXNqPk7aoWGbh8nuCenXy3GfNfGDi5FP0oyg3GtUiQCf9qxARbZ5aolYeEtcw-ON1iHFxyen4KUkSDtOwCPgdFKpvd6mVDALrF2p-ZPhIo6SPM9mGgZSmB2UNcCY28qFRromwNius-NTV5reb6jAvCQhnf_T9hqahyFzw8zNylb6GS9I2yhtuTybn9WKA.wg1lw-Ivcxu7dTraSahU8qUr9SZmaJwh5nAmeiYuU_8&dib_tag=se&keywords=wireless%2Bmouse&qid=1784890285&sr=8-1&th=1:0
[   83977ms] [WARNING] The resource https://m.media-amazon.com/images/I/31xJau8gMoL.js?AUIClients/ was preloaded using link preload but not used within a few seconds from the window's load event. Please make sure it has an appropriate `as` value and it is preloaded intentionally. @ https://www.amazon.com/Logitech-Wireless-Mouse-M185-Swift/dp/B004YAVF8I/ref=sr_1_1?dib=eyJ2IjoiMSJ9.a0MX2hfgvGHgrB0IKodKCRSsDicCDy6LP2jVcYYYyXN4fpLXNqPk7aoWGbh8nuCenXy3GfNfGDi5FP0oyg3GtUiQCf9qxARbZ5aolYeEtcw-ON1iHFxyen4KUkSDtOwCPgdFKpvd6mVDALrF2p-ZPhIo6SPM9mGgZSmB2UNcCY28qFRromwNius-NTV5reb6jAvCQhnf_T9hqahyFzw8zNylb6GS9I2yhtuTybn9WKA.wg1lw-Ivcxu7dTraSahU8qUr9SZmaJwh5nAmeiYuU_8&dib_tag=se&keywords=wireless%2Bmouse&qid=1784890285&sr=8-1&th=1:0
[   84983ms] TypeError: Cannot redefine property: languages
    at Object.defineProperty (<anonymous>)
    at <anonymous>:28:12
    at <anonymous>:40:5
    at <anonymous>:41:7
[   84984ms] TypeError: Cannot redefine property: languages
    at Object.defineProperty (<anonymous>)
    at <anonymous>:28:12
    at <anonymous>:40:5
    at <anonymous>:41:7
[   84984ms] TypeError: Cannot redefine property: languages
    at Object.defineProperty (<anonymous>)
    at <anonymous>:28:12
    at <anonymous>:40:5
    at <anonymous>:41:7
[   84984ms] TypeError: Cannot redefine property: languages
    at Object.defineProperty (<anonymous>)
    at <anonymous>:28:12
    at <anonymous>:40:5
    at <anonymous>:41:7
[   84987ms] TypeError: Cannot redefine property: languages
    at Object.defineProperty (<anonymous>)
    at <anonymous>:28:12
    at <anonymous>:40:5
    at <anonymous>:41:7
[   84988ms] TypeError: Cannot redefine property: languages
    at Object.defineProperty (<anonymous>)
    at <anonymous>:28:12
    at <anonymous>:40:5
    at <anonymous>:41:7
[   84990ms] TypeError: Cannot redefine property: languages
    at Object.defineProperty (<anonymous>)
    at <anonymous>:28:12
    at <anonymous>:40:5
    at <anonymous>:41:7
[   84990ms] TypeError: Cannot redefine property: languages
    at Object.defineProperty (<anonymous>)
    at <anonymous>:28:12
    at <anonymous>:40:5
    at <anonymous>:41:7
[   84991ms] TypeError: Cannot redefine property: languages
    at Object.defineProperty (<anonymous>)
    at <anonymous>:28:12
    at <anonymous>:40:5
    at <anonymous>:41:7
[   84991ms] TypeError: Cannot redefine property: languages
    at Object.defineProperty (<anonymous>)
    at <anonymous>:28:12
    at <anonymous>:40:5
    at <anonymous>:41:7
[   85160ms] TypeError: Cannot redefine property: languages
    at Object.defineProperty (<anonymous>)
    at <anonymous>:28:12
    at <anonymous>:40:5
    at <anonymous>:41:7
[   85160ms] TypeError: Cannot redefine property: languages
    at Object.defineProperty (<anonymous>)
    at <anonymous>:28:12
    at <anonymous>:40:5
    at <anonymous>:41:7
[   85161ms] Uncaught TypeError: Cannot redefine property: languages
    at <anonymous> (:27:11)
    at <anonymous> (:39:4)
    at <anonymous> (:40:6)
[   85161ms] Uncaught TypeError: Cannot redefine property: languages
    at <anonymous> (:27:11)
    at <anonymous> (:39:4)
    at <anonymous> (:40:6)
[   85162ms] TypeError: Cannot redefine property: languages
    at Object.defineProperty (<anonymous>)
    at <anonymous>:28:12
    at <anonymous>:40:5
    at <anonymous>:41:7
[   85162ms] TypeError: Cannot redefine property: languages
    at Object.defineProperty (<anonymous>)
    at <anonymous>:28:12
    at <anonymous>:40:5
    at <anonymous>:41:7
[   16693ms] [ERROR] Error logged with the Track&Report JS errors API(http://tiny/1covqr6l8/wamazindeClieUserJava): {"m":"ARA:RegisterTriggerResponseError:SEARCH. Error receiving response from ARAServiceFailed to execute 'json' on 'Response': Unexpected end of JSON input","name":"SyntaxError","csm":"v5 ueLogError stack","logLevel":"ERROR","attribution":"ARARegisterTrigger","pageURL":"https://www.amazon.com/s?k=wireless+mouse&ref=nb_sb_noss","f":"https://m.media-amazon.com/images/I/21vARlfe4pL._RC%7C11s0wiXngEL.js_.js?AUIClients/ARARegisterTriggerSubAssets-search","l":"7","s":["SyntaxError: Unexpected end of JSON input","at https://m.media-amazon.com/images/I/21vARlfe4pL._RC%7C11s0wiXngEL.js_.js?AUIClients/ARARegisterTriggerSubAssets-search:7:384"],"t":4744} Object @ https://images-na.ssl-images-amazon.com/images/I/215h87l68bL.js:3
