[     669ms] TypeError: Cannot redefine property: languages
    at Object.defineProperty (<anonymous>)
    at <anonymous>:22:12
    at <anonymous>:32:5
    at <anonymous>:33:7
[    1095ms] TypeError: Cannot redefine property: languages
    at Object.defineProperty (<anonymous>)
    at <anonymous>:22:12
    at <anonymous>:32:5
    at <anonymous>:33:7
[    1099ms] TypeError: Cannot redefine property: languages
    at Object.defineProperty (<anonymous>)
    at <anonymous>:22:12
    at <anonymous>:32:5
    at <anonymous>:33:7
[    3929ms] TypeError: Cannot redefine property: languages
    at Object.defineProperty (<anonymous>)
    at <anonymous>:22:12
    at <anonymous>:32:5
    at <anonymous>:33:7
[    3931ms] TypeError: Cannot redefine property: languages
    at Object.defineProperty (<anonymous>)
    at <anonymous>:22:12
    at <anonymous>:32:5
    at <anonymous>:33:7
[   20705ms] TypeError: Cannot redefine property: languages
    at Object.defineProperty (<anonymous>)
    at <anonymous>:22:12
    at <anonymous>:32:5
    at <anonymous>:33:7
[   20706ms] TypeError: Cannot redefine property: languages
    at Object.defineProperty (<anonymous>)
    at <anonymous>:22:12
    at <anonymous>:32:5
    at <anonymous>:33:7
[   22050ms] TypeError: Cannot redefine property: languages
    at Object.defineProperty (<anonymous>)
    at <anonymous>:22:12
    at <anonymous>:32:5
    at <anonymous>:33:7
[   22053ms] TypeError: Cannot redefine property: languages
    at Object.defineProperty (<anonymous>)
    at <anonymous>:22:12
    at <anonymous>:32:5
    at <anonymous>:33:7
[   26124ms] [ERROR] Loading the image 'https://match.adsrvr.org/track/cmf/generic?ttd_pid=stickyads&ttd_tpi=1&gdpr=0&gdpr_consent=' violates the following Content Security Policy directive: "default-src 'self' s.amazon-adsystem.com aax-eu.amazon-adsystem.com aax-fe.amazon-adsystem.com fonts.gstatic.com *.firefox.etp doubleclick.net *.stickyadstv.com *.g.doubleclick.net fout.jp ninthdecimal.com *.postrelease.com *.yahoo.com *.adnxs.com exelator.com richaudience.com *.presage.io samplicio.us *.rubiconproject.com semasio.net cm.g.doubleclick.net *.samba.tv presage.io yahoo.com *.loopme.me *.amazon-adsystem.com yahoo.net gumgum.com *.imdb.com google.com amazon-adsystem.com *.samplicio.us *.smartadserver.com loopme.me zeotap.com *.mediarithmics.com taboola.com *.bidswitch.net *.thisisdax.com *.fwmrm.net *.yahoo.net adscale.de *.ninthdecimal.com *.zeotap.com *.adscale.de fwmrm.net demdex.net *.scorecardresearch.com agkn.com *.kargo.com connatix.com *.dmxleo.com *.casalemedia.com bidswitch.net dmxleo.com imdb.com *.gumgum.com *.demdex.net *.ispot.tv *.google.com *.exelator.com *.pubmatic.com kargo.com scorecardresearch.com *.3lift.com thisisdax.com postrelease.com *.doubleclick.net stickyadstv.com yieldmo.com *.mookie1.com ispot.tv *.connatix.com *.agkn.com samba.tv pubmatic.com smartadserver.com s.amazon-adsystem.com/ecm3 *.match.360yield.com *.richaudience.com *.fout.jp casalemedia.com rubiconproject.com openx.net adnxs.com mookie1.com match.360yield.com *.taboola.com *.openx.net *.semasio.net *.yieldmo.com". Note that 'img-src' was not explicitly set, so 'default-src' is used as a fallback. The action has been blocked. @ https://s.amazon-adsystem.com/v3/pr?exlist=n-xr-HMT_n-id-HMT_n-nt-HMT_ns_n-eq-HMT3_n-ix-HMT_bsw_n-y-HMT_n-cx-HMT_n-dm2-HMT_n-dx-HMT2_n-zeotap-4_fw_imdb_n-fo-HMT_n-lucid_n-st-HMT1_n-samba.tv_n-rb-HMT3_n-fw-HMT1_n-og-HMT_adelphic_adb_mp_n-mediarithmics_g_n-comscr.com_n-lm-HMT3_ox_n-tl-HMT_n-semasio-ecm_n-kg-HMT_n-gg-HMT2_an_n-pm-HMT_n-g-hmt_nsln_nd_n-ispot_n-stroer-HMT_n-ym-HMT_n-ox-hmt_n-ex1-HMT_tbl&fv=1.0&a=cm&dmt=1&gdpr_consent=&ex-pl-n-g-hmt=2CuaFF1zTc2_9N1OhYef8Q&gdpr=0&ep=F0f25mlWxYYQHKeU6uvCVjPj5618PdDPTmuqex0xhNzBp3bW_SGEF2FRdSsosGAeR9hXSNSZsV-LaqsZH4wdhovumuB63FZIFxU_bE4t2pRylvflpnQrJ_o8kCBOCcTWa3t_EXiCIo9WUyzZdWfSsISg8mrlgHwWianDM0KeHoBTsxljumflvHq4OTEYFGDDlrt-E4eCHegGpD7ZEu3BKllpdZmqQUuVj49VcTFSucWsrEyMB0F8mTbmePVvfzFWlpLhrpjJtWVqS4wyFqr8_Y7GWJBmsMlCtRYbbORtV3CHksBrEuObFcZSisco4TnDJhPjDPrmS-Hd8qSbLxyuIrskqL6_vUwg_DE0CeLMShUNCZKGcu-0jtx7KiByWLFrZiROj06qTYN6ar8pMyByQgXvnDwTnqklCljtN0lEmOiGAH0_nxx9QOOY1KNi9CRxqNwfdqY1Xk7qkcczG5_6dbKLAJmmySN2hnsIdkLatl9QJi7DDIDR3vpgIkjyKLjH8X5_jRVgHl5v2ffMIBMmPqnTt50630QMo-3U1GFqOcyQTbRvgzE2VAuBl8AcHuUVJhk77ME5hvssdI4Eu8CdAngjoamaZS0pgJFv43K_USRQbCBeOfvi40t1CBw_wNXDl3xsxeio-qq_OyXsMaYrBE2WBV79QEVqIxhJ2UtV_rRepGTz_Crzljdq1ilRQBwcSvQlaYSmWbPsDCZ9--FMJFLmEXbVhNkU0wL-3wv-wpl82CFYgZzHxe97SssZcSU-QHnUAETlMMrqSi0ReHRXG0ViUvh9e-cNRS-LG3aRXzvyWdeIxcOoTcANZ7N8XgzQ4BHwzdRUNq7UCPnC_sOK6D2rR2s5DlX59UBDP-EX8YA1Rgi34Bwv5wahyTBMWR2duKA5yJdVHh4QTz4q8-Jwxg8_pDJxQ2RxToIUkwd8kwiEbtpB_6a09gWdcLOEWw-BTsgZJ76QzX0YM4BFUbs-DJCre_LL-ALrlhbkzyvIqQYOvvEBBTD1uTQmjLOxCzGFXo60krPr0s9HqKOlQwq-5Bu_x4iv2RTpFz_V7WJifUDn1rEEcAQIk9GrlOY86XCMhNpipMqYyzLHuddN7Ih7Sej3mt2PAkWsrqDX_s3TRJ4FlFTdRLE3r2G8JFENUzl7FnSMKbb3s4LgbxYWvUPpymQ5A3O0GKhWrpky8KZDGjtcIngWki4DqqBXbtMFxsj7cnvduwT7u7fst9sxf3S50E0kv3_brdfcexahRn625NqVehbQw9A-a0jdvIFJxy-yHhgkpDTlWQh2cS3oqUTPU1KYUZ7hYH9wQfqN4oNC3O-o39edHllrS7umOk2ad2Eu7IaAwNSCxSAAWU-PZPXxvTmks11LYT3N8z5XzUvBQEeYfygSl4TsLyjX7zzg52e38yG7boAdY-BHaE-hgACcLDL4BoUDHhDiVapinhRm2Mdwq6i5kZYuyaicn5hSRnvh:0
[   39378ms] [WARNING] The resource https://redirect.prod.experiment.routing.cloudfront.aws.a2z.com/x.png?timestamp=1784883077975 was preloaded using link preload but not used within a few seconds from the window's load event. Please make sure it has an appropriate `as` value and it is preloaded intentionally. @ https://www.amazon.com/:0
[   55245ms] [WARNING] The resource https://redirect.prod.experiment.routing.cloudfront.aws.a2z.com/x.png?timestamp=1784883077975 was preloaded using link preload but not used within a few seconds from the window's load event. Please make sure it has an appropriate `as` value and it is preloaded intentionally. @ https://www.amazon.com/:0
[   80384ms] [WARNING] The resource https://redirect.prod.experiment.routing.cloudfront.aws.a2z.com/x.png?timestamp=1784883077975 was preloaded using link preload but not used within a few seconds from the window's load event. Please make sure it has an appropriate `as` value and it is preloaded intentionally. @ https://www.amazon.com/:0
[   85689ms] [WARNING] The resource https://redirect.prod.experiment.routing.cloudfront.aws.a2z.com/x.png?timestamp=1784883077975 was preloaded using link preload but not used within a few seconds from the window's load event. Please make sure it has an appropriate `as` value and it is preloaded intentionally. @ https://www.amazon.com/:0
[  100920ms] TypeError: Cannot redefine property: languages
    at Object.defineProperty (<anonymous>)
    at <anonymous>:22:12
    at <anonymous>:32:5
    at <anonymous>:33:7
[  100932ms] TypeError: Cannot redefine property: languages
    at Object.defineProperty (<anonymous>)
    at <anonymous>:22:12
    at <anonymous>:32:5
    at <anonymous>:33:7
[  101373ms] [INFO] Slow network is detected. See https://www.chromestatus.com/feature/5636954674692096 for more details. Fallback font will be used while loading: https://m.media-amazon.com/images/S/sash/pDxWAF1pBB0dzGB.woff2 @ https://www.amazon.com/s/ref=nb_sb_noss?url=search-alias%3Daps&field-keywords=wireless+mouse:1682
[  101378ms] [INFO] Slow network is detected. See https://www.chromestatus.com/feature/5636954674692096 for more details. Fallback font will be used while loading: https://m.media-amazon.com/images/S/sash/KFPk-9IF4FqAqY-.woff2 @ https://www.amazon.com/s/ref=nb_sb_noss?url=search-alias%3Daps&field-keywords=wireless+mouse:1682
[  101488ms] [INFO] Slow network is detected. See https://www.chromestatus.com/feature/5636954674692096 for more details. Fallback font will be used while loading: https://m.media-amazon.com/images/S/sash/WOnTLzkiaEccV7F.woff2 @ https://www.amazon.com/s/ref=nb_sb_noss?url=search-alias%3Daps&field-keywords=wireless+mouse:2544
[  101799ms] TypeError: Cannot redefine property: languages
    at Object.defineProperty (<anonymous>)
    at <anonymous>:22:12
    at <anonymous>:32:5
    at <anonymous>:33:7
[  101808ms] TypeError: Cannot redefine property: languages
    at Object.defineProperty (<anonymous>)
    at <anonymous>:22:12
    at <anonymous>:32:5
    at <anonymous>:33:7
[  102047ms] TypeError: Cannot redefine property: languages
    at Object.defineProperty (<anonymous>)
    at <anonymous>:22:12
    at <anonymous>:32:5
    at <anonymous>:33:7
[  102063ms] TypeError: Cannot redefine property: languages
    at Object.defineProperty (<anonymous>)
    at <anonymous>:22:12
    at <anonymous>:32:5
    at <anonymous>:33:7
[  106950ms] [ERROR] Error logged with the Track&Report JS errors API(http://tiny/1covqr6l8/wamazindeClieUserJava): {"m":"ARA:RegisterTriggerResponseError:SEARCH. Error receiving response from ARAServiceFailed to execute 'json' on 'Response': Unexpected end of JSON input","name":"SyntaxError","csm":"v5 ueLogError stack","logLevel":"ERROR","attribution":"ARARegisterTrigger","pageURL":"https://www.amazon.com/s?k=wireless+mouse&ref=nb_sb_noss","f":"https://m.media-amazon.com/images/I/21vARlfe4pL._RC%7C11s0wiXngEL.js_.js?AUIClients/ARARegisterTriggerSubAssets-search","l":"7","s":["SyntaxError: Unexpected end of JSON input","at https://m.media-amazon.com/images/I/21vARlfe4pL._RC%7C11s0wiXngEL.js_.js?AUIClients/ARARegisterTriggerSubAssets-search:7:384"],"t":6096} {m: ARA:RegisterTriggerResponseError:SEARCH. Error rec…json' on 'Response': Unexpected end of JSON input, name: SyntaxError, type: undefined, csm: v5 ueLogError stack, logLevel: ERROR} @ https://images-na.ssl-images-amazon.com/images/I/215h87l68bL.js:3
[  106973ms] TypeError: Cannot redefine property: languages
    at Object.defineProperty (<anonymous>)
    at <anonymous>:22:12
    at <anonymous>:32:5
    at <anonymous>:33:7
[  106983ms] TypeError: Cannot redefine property: languages
    at Object.defineProperty (<anonymous>)
    at <anonymous>:22:12
    at <anonymous>:32:5
    at <anonymous>:33:7
[  108067ms] TypeError: Cannot redefine property: languages
    at Object.defineProperty (<anonymous>)
    at <anonymous>:22:12
    at <anonymous>:32:5
    at <anonymous>:33:7
[  108076ms] TypeError: Cannot redefine property: languages
    at Object.defineProperty (<anonymous>)
    at <anonymous>:22:12
    at <anonymous>:32:5
    at <anonymous>:33:7
[  122216ms] [WARNING] The resource https://redirect.prod.experiment.routing.cloudfront.aws.a2z.com/x.png?timestamp=1784883166916 was preloaded using link preload but not used within a few seconds from the window's load event. Please make sure it has an appropriate `as` value and it is preloaded intentionally. @ https://www.amazon.com/s?k=wireless+mouse&ref=nb_sb_noss:0
[  129720ms] TypeError: Cannot redefine property: languages
    at Object.defineProperty (<anonymous>)
    at <anonymous>:22:12
    at <anonymous>:32:5
    at <anonymous>:33:7
[  129722ms] TypeError: Cannot redefine property: languages
    at Object.defineProperty (<anonymous>)
    at <anonymous>:22:12
    at <anonymous>:32:5
    at <anonymous>:33:7
[  132082ms] TypeError: Cannot redefine property: languages
    at Object.defineProperty (<anonymous>)
    at <anonymous>:22:12
    at <anonymous>:32:5
    at <anonymous>:33:7
[  132085ms] TypeError: Cannot redefine property: languages
    at Object.defineProperty (<anonymous>)
    at <anonymous>:22:12
    at <anonymous>:32:5
    at <anonymous>:33:7
[  132548ms] TypeError: Cannot redefine property: languages
    at Object.defineProperty (<anonymous>)
    at <anonymous>:22:12
    at <anonymous>:32:5
    at <anonymous>:33:7
[  132556ms] TypeError: Cannot redefine property: languages
    at Object.defineProperty (<anonymous>)
    at <anonymous>:22:12
    at <anonymous>:32:5
    at <anonymous>:33:7
[  133513ms] TypeError: Cannot redefine property: languages
    at Object.defineProperty (<anonymous>)
    at <anonymous>:22:12
    at <anonymous>:32:5
    at <anonymous>:33:7
[  133526ms] TypeError: Cannot redefine property: languages
    at Object.defineProperty (<anonymous>)
    at <anonymous>:22:12
    at <anonymous>:32:5
    at <anonymous>:33:7
[  135188ms] [ERROR] Failed to load resource: the server responded with a status of 404 () @ https://www.amazon.com/gp/product/ajax/billOfMaterial?ref=bom_pw_initialLoad&viewID=billOfMaterial-primary-widget&bomPageNum=1&searchTerm=&_=1784883195752:0
[  136062ms] TypeError: Cannot redefine property: languages
    at Object.defineProperty (<anonymous>)
    at <anonymous>:22:12
    at <anonymous>:32:5
    at <anonymous>:33:7
[  136068ms] TypeError: Cannot redefine property: languages
    at Object.defineProperty (<anonymous>)
    at <anonymous>:22:12
    at <anonymous>:32:5
    at <anonymous>:33:7
[  136220ms] [WARNING] VIDEOJS: WARN: Using hls options is deprecated. Use vhs instead. @ https://m.media-amazon.com/images/I/3175HHgX+OL._RC%7C01x4giTy+uL.js,01r9LpT6pbL.js,41NWBkfooBL.js,11QfrzttlqL.js,91VXiFQ1TCL.js,01ELLYeIOkL.js_.js?AUIClients/Brila:491
[  136256ms] [WARNING] VIDEOJS: WARN: Using hls options is deprecated. Use vhs instead. @ https://m.media-amazon.com/images/I/3175HHgX+OL._RC%7C01x4giTy+uL.js,01r9LpT6pbL.js,41NWBkfooBL.js,11QfrzttlqL.js,91VXiFQ1TCL.js,01ELLYeIOkL.js_.js?AUIClients/Brila:491
[  136404ms] TypeError: Cannot redefine property: languages
    at Object.defineProperty (<anonymous>)
    at <anonymous>:22:12
    at <anonymous>:32:5
    at <anonymous>:33:7
[  136409ms] TypeError: Cannot redefine property: languages
    at Object.defineProperty (<anonymous>)
    at <anonymous>:22:12
    at <anonymous>:32:5
    at <anonymous>:33:7
[  138222ms] [WARNING] The resource https://m.media-amazon.com/images/I/51On6pZ2rqL.js?AUIClients/ was preloaded using link preload but not used within a few seconds from the window's load event. Please make sure it has an appropriate `as` value and it is preloaded intentionally. @ https://www.amazon.com/Logitech-Wireless-Mouse-M185-Swift/dp/B004YAVF8I/ref=sr_1_1?dib=eyJ2IjoiMSJ9.5ImJyMbbi4eC20AvYHbPTaoSiARzsMs4oD-6dicZ2UQO9-lEc0HNXx8nkl6TFAcDGUDVLWXLWjSM-OByJknVrcNmh5LmiQtPnQwDE-SyNjBUNnbXQUuJYvADSw31265pSWD_n1yXPtOctWzAIoGzF7_6Pa6X_E16UtYAPerR3NgnI4kN-ROXZFHOmMLVbyww2AWvHWpNrPQUkJYdiIOo4WeeX1kklF17kf8tGTmT82k.Z64ZvQMhfElb1dXCMWudriw0hpz3zk7McGxQ-y6hL2w&dib_tag=se&keywords=wireless%2Bmouse&qid=1784883161&sr=8-1&th=1:0
[  138222ms] [WARNING] The resource https://m.media-amazon.com/images/S/sash/cqKHmwD3Ut9oj5s.js#sfClientUrl was preloaded using link preload but not used within a few seconds from the window's load event. Please make sure it has an appropriate `as` value and it is preloaded intentionally. @ https://www.amazon.com/Logitech-Wireless-Mouse-M185-Swift/dp/B004YAVF8I/ref=sr_1_1?dib=eyJ2IjoiMSJ9.5ImJyMbbi4eC20AvYHbPTaoSiARzsMs4oD-6dicZ2UQO9-lEc0HNXx8nkl6TFAcDGUDVLWXLWjSM-OByJknVrcNmh5LmiQtPnQwDE-SyNjBUNnbXQUuJYvADSw31265pSWD_n1yXPtOctWzAIoGzF7_6Pa6X_E16UtYAPerR3NgnI4kN-ROXZFHOmMLVbyww2AWvHWpNrPQUkJYdiIOo4WeeX1kklF17kf8tGTmT82k.Z64ZvQMhfElb1dXCMWudriw0hpz3zk7McGxQ-y6hL2w&dib_tag=se&keywords=wireless%2Bmouse&qid=1784883161&sr=8-1&th=1:0
[  138224ms] [WARNING] The resource https://m.media-amazon.com/images/I/61lGvbxWIUL.js?AUIClients/ was preloaded using link preload but not used within a few seconds from the window's load event. Please make sure it has an appropriate `as` value and it is preloaded intentionally. @ https://www.amazon.com/Logitech-Wireless-Mouse-M185-Swift/dp/B004YAVF8I/ref=sr_1_1?dib=eyJ2IjoiMSJ9.5ImJyMbbi4eC20AvYHbPTaoSiARzsMs4oD-6dicZ2UQO9-lEc0HNXx8nkl6TFAcDGUDVLWXLWjSM-OByJknVrcNmh5LmiQtPnQwDE-SyNjBUNnbXQUuJYvADSw31265pSWD_n1yXPtOctWzAIoGzF7_6Pa6X_E16UtYAPerR3NgnI4kN-ROXZFHOmMLVbyww2AWvHWpNrPQUkJYdiIOo4WeeX1kklF17kf8tGTmT82k.Z64ZvQMhfElb1dXCMWudriw0hpz3zk7McGxQ-y6hL2w&dib_tag=se&keywords=wireless%2Bmouse&qid=1784883161&sr=8-1&th=1:0
[  138226ms] [WARNING] The resource https://m.media-amazon.com/images/I/617wb09azWL._RC%7C81ZLs-rhJOL.js,31jsB13JlVL.js_.js?AUIClients/ was preloaded using link preload but not used within a few seconds from the window's load event. Please make sure it has an appropriate `as` value and it is preloaded intentionally. @ https://www.amazon.com/Logitech-Wireless-Mouse-M185-Swift/dp/B004YAVF8I/ref=sr_1_1?dib=eyJ2IjoiMSJ9.5ImJyMbbi4eC20AvYHbPTaoSiARzsMs4oD-6dicZ2UQO9-lEc0HNXx8nkl6TFAcDGUDVLWXLWjSM-OByJknVrcNmh5LmiQtPnQwDE-SyNjBUNnbXQUuJYvADSw31265pSWD_n1yXPtOctWzAIoGzF7_6Pa6X_E16UtYAPerR3NgnI4kN-ROXZFHOmMLVbyww2AWvHWpNrPQUkJYdiIOo4WeeX1kklF17kf8tGTmT82k.Z64ZvQMhfElb1dXCMWudriw0hpz3zk7McGxQ-y6hL2w&dib_tag=se&keywords=wireless%2Bmouse&qid=1784883161&sr=8-1&th=1:0
[  138227ms] [WARNING] The resource https://m.media-amazon.com/images/S/sash/1dcKWNtgTsXnwBt.html#sfClientHtmlUrl was preloaded using link preload but not used within a few seconds from the window's load event. Please make sure it has an appropriate `as` value and it is preloaded intentionally. @ https://www.amazon.com/Logitech-Wireless-Mouse-M185-Swift/dp/B004YAVF8I/ref=sr_1_1?dib=eyJ2IjoiMSJ9.5ImJyMbbi4eC20AvYHbPTaoSiARzsMs4oD-6dicZ2UQO9-lEc0HNXx8nkl6TFAcDGUDVLWXLWjSM-OByJknVrcNmh5LmiQtPnQwDE-SyNjBUNnbXQUuJYvADSw31265pSWD_n1yXPtOctWzAIoGzF7_6Pa6X_E16UtYAPerR3NgnI4kN-ROXZFHOmMLVbyww2AWvHWpNrPQUkJYdiIOo4WeeX1kklF17kf8tGTmT82k.Z64ZvQMhfElb1dXCMWudriw0hpz3zk7McGxQ-y6hL2w&dib_tag=se&keywords=wireless%2Bmouse&qid=1784883161&sr=8-1&th=1:0
[  138227ms] [WARNING] The resource https://m.media-amazon.com/images/I/119lYNyqoQL.js?AUIClients/ was preloaded using link preload but not used within a few seconds from the window's load event. Please make sure it has an appropriate `as` value and it is preloaded intentionally. @ https://www.amazon.com/Logitech-Wireless-Mouse-M185-Swift/dp/B004YAVF8I/ref=sr_1_1?dib=eyJ2IjoiMSJ9.5ImJyMbbi4eC20AvYHbPTaoSiARzsMs4oD-6dicZ2UQO9-lEc0HNXx8nkl6TFAcDGUDVLWXLWjSM-OByJknVrcNmh5LmiQtPnQwDE-SyNjBUNnbXQUuJYvADSw31265pSWD_n1yXPtOctWzAIoGzF7_6Pa6X_E16UtYAPerR3NgnI4kN-ROXZFHOmMLVbyww2AWvHWpNrPQUkJYdiIOo4WeeX1kklF17kf8tGTmT82k.Z64ZvQMhfElb1dXCMWudriw0hpz3zk7McGxQ-y6hL2w&dib_tag=se&keywords=wireless%2Bmouse&qid=1784883161&sr=8-1&th=1:0
[  138227ms] [WARNING] The resource https://m.media-amazon.com/images/I/51S-qOAsDtL.js?AUIClients/ was preloaded using link preload but not used within a few seconds from the window's load event. Please make sure it has an appropriate `as` value and it is preloaded intentionally. @ https://www.amazon.com/Logitech-Wireless-Mouse-M185-Swift/dp/B004YAVF8I/ref=sr_1_1?dib=eyJ2IjoiMSJ9.5ImJyMbbi4eC20AvYHbPTaoSiARzsMs4oD-6dicZ2UQO9-lEc0HNXx8nkl6TFAcDGUDVLWXLWjSM-OByJknVrcNmh5LmiQtPnQwDE-SyNjBUNnbXQUuJYvADSw31265pSWD_n1yXPtOctWzAIoGzF7_6Pa6X_E16UtYAPerR3NgnI4kN-ROXZFHOmMLVbyww2AWvHWpNrPQUkJYdiIOo4WeeX1kklF17kf8tGTmT82k.Z64ZvQMhfElb1dXCMWudriw0hpz3zk7McGxQ-y6hL2w&dib_tag=se&keywords=wireless%2Bmouse&qid=1784883161&sr=8-1&th=1:0
[  138231ms] [WARNING] The resource https://m.media-amazon.com/images/I/31lqqqMDjxL.js?AUIClients/ was preloaded using link preload but not used within a few seconds from the window's load event. Please make sure it has an appropriate `as` value and it is preloaded intentionally. @ https://www.amazon.com/Logitech-Wireless-Mouse-M185-Swift/dp/B004YAVF8I/ref=sr_1_1?dib=eyJ2IjoiMSJ9.5ImJyMbbi4eC20AvYHbPTaoSiARzsMs4oD-6dicZ2UQO9-lEc0HNXx8nkl6TFAcDGUDVLWXLWjSM-OByJknVrcNmh5LmiQtPnQwDE-SyNjBUNnbXQUuJYvADSw31265pSWD_n1yXPtOctWzAIoGzF7_6Pa6X_E16UtYAPerR3NgnI4kN-ROXZFHOmMLVbyww2AWvHWpNrPQUkJYdiIOo4WeeX1kklF17kf8tGTmT82k.Z64ZvQMhfElb1dXCMWudriw0hpz3zk7McGxQ-y6hL2w&dib_tag=se&keywords=wireless%2Bmouse&qid=1784883161&sr=8-1&th=1:0
[  138233ms] [WARNING] The resource https://m.media-amazon.com/images/I/31xJau8gMoL.js?AUIClients/ was preloaded using link preload but not used within a few seconds from the window's load event. Please make sure it has an appropriate `as` value and it is preloaded intentionally. @ https://www.amazon.com/Logitech-Wireless-Mouse-M185-Swift/dp/B004YAVF8I/ref=sr_1_1?dib=eyJ2IjoiMSJ9.5ImJyMbbi4eC20AvYHbPTaoSiARzsMs4oD-6dicZ2UQO9-lEc0HNXx8nkl6TFAcDGUDVLWXLWjSM-OByJknVrcNmh5LmiQtPnQwDE-SyNjBUNnbXQUuJYvADSw31265pSWD_n1yXPtOctWzAIoGzF7_6Pa6X_E16UtYAPerR3NgnI4kN-ROXZFHOmMLVbyww2AWvHWpNrPQUkJYdiIOo4WeeX1kklF17kf8tGTmT82k.Z64ZvQMhfElb1dXCMWudriw0hpz3zk7McGxQ-y6hL2w&dib_tag=se&keywords=wireless%2Bmouse&qid=1784883161&sr=8-1&th=1:0
[  138909ms] [ERROR] Error logged with the Track&Report JS errors API(http://tiny/1covqr6l8/wamazindeClieUserJava): {"m":"ARA:RegisterTriggerResponseError:DPV. Error receiving response from ARAServiceFailed to execute 'json' on 'Response': Unexpected end of JSON input","name":"SyntaxError","csm":"v5 ueLogError stack","logLevel":"ERROR","attribution":"ARARegisterTrigger","pageURL":"https://www.amazon.com/Logitech-Wireless-Mouse-M185-Swift/dp/B004YAVF8I/ref=sr_1_1?dib=eyJ2IjoiMSJ9.5ImJyMbbi4eC20AvYHbPTaoSiARzsMs4oD-6dicZ2UQO9-lEc0HNXx8nkl6TFAcDGUDVLWXLWjSM-OByJknVrcNmh5LmiQtPnQwDE-SyNjBUNnbXQUuJYvADSw31265pSWD_n1yXPtOctWzAIoGzF7_6Pa6X_E16UtYAPerR3NgnI4kN-ROXZFHOmMLVbyww2AWvHWpNrPQUkJYdiIOo4WeeX1kklF17kf8tGTmT82k.Z64ZvQMhfElb1dXCMWudriw0hpz3zk7McGxQ-y6hL2w&dib_tag=se&keywords=wireless%2Bmouse&qid=1784883161&sr=8-1&th=1","f":"https://m.media-amazon.com/images/I/21vARlfe4pL._RC%7C11WTF6kPMoL.js_.js?AUIClients/ARARegisterTriggerSubAssets-dpv","l":"7","s":["SyntaxError: Unexpected end of JSON input","at https://m.media-amazon.com/images/I/21vARlfe4pL._RC%7C11WTF6kPMoL.js_.js?AUIClients/ARARegisterTriggerSubAssets-dpv:7:384"],"t":9175} {m: ARA:RegisterTriggerResponseError:DPV. Error receiv…json' on 'Response': Unexpected end of JSON input, name: SyntaxError, type: undefined, csm: v5 ueLogError stack, logLevel: ERROR} @ https://images-na.ssl-images-amazon.com/images/I/215h87l68bL.js:3
[  153464ms] [WARNING] The resource https://m.media-amazon.com/images/I/51On6pZ2rqL.js?AUIClients/ was preloaded using link preload but not used within a few seconds from the window's load event. Please make sure it has an appropriate `as` value and it is preloaded intentionally. @ https://www.amazon.com/Logitech-Wireless-Mouse-M185-Swift/dp/B004YAVF8I/ref=sr_1_1?dib=eyJ2IjoiMSJ9.5ImJyMbbi4eC20AvYHbPTaoSiARzsMs4oD-6dicZ2UQO9-lEc0HNXx8nkl6TFAcDGUDVLWXLWjSM-OByJknVrcNmh5LmiQtPnQwDE-SyNjBUNnbXQUuJYvADSw31265pSWD_n1yXPtOctWzAIoGzF7_6Pa6X_E16UtYAPerR3NgnI4kN-ROXZFHOmMLVbyww2AWvHWpNrPQUkJYdiIOo4WeeX1kklF17kf8tGTmT82k.Z64ZvQMhfElb1dXCMWudriw0hpz3zk7McGxQ-y6hL2w&dib_tag=se&keywords=wireless%2Bmouse&qid=1784883161&sr=8-1&th=1:0
[  153464ms] [WARNING] The resource https://m.media-amazon.com/images/S/sash/cqKHmwD3Ut9oj5s.js#sfClientUrl was preloaded using link preload but not used within a few seconds from the window's load event. Please make sure it has an appropriate `as` value and it is preloaded intentionally. @ https://www.amazon.com/Logitech-Wireless-Mouse-M185-Swift/dp/B004YAVF8I/ref=sr_1_1?dib=eyJ2IjoiMSJ9.5ImJyMbbi4eC20AvYHbPTaoSiARzsMs4oD-6dicZ2UQO9-lEc0HNXx8nkl6TFAcDGUDVLWXLWjSM-OByJknVrcNmh5LmiQtPnQwDE-SyNjBUNnbXQUuJYvADSw31265pSWD_n1yXPtOctWzAIoGzF7_6Pa6X_E16UtYAPerR3NgnI4kN-ROXZFHOmMLVbyww2AWvHWpNrPQUkJYdiIOo4WeeX1kklF17kf8tGTmT82k.Z64ZvQMhfElb1dXCMWudriw0hpz3zk7McGxQ-y6hL2w&dib_tag=se&keywords=wireless%2Bmouse&qid=1784883161&sr=8-1&th=1:0
[  153464ms] [WARNING] The resource https://m.media-amazon.com/images/I/61lGvbxWIUL.js?AUIClients/ was preloaded using link preload but not used within a few seconds from the window's load event. Please make sure it has an appropriate `as` value and it is preloaded intentionally. @ https://www.amazon.com/Logitech-Wireless-Mouse-M185-Swift/dp/B004YAVF8I/ref=sr_1_1?dib=eyJ2IjoiMSJ9.5ImJyMbbi4eC20AvYHbPTaoSiARzsMs4oD-6dicZ2UQO9-lEc0HNXx8nkl6TFAcDGUDVLWXLWjSM-OByJknVrcNmh5LmiQtPnQwDE-SyNjBUNnbXQUuJYvADSw31265pSWD_n1yXPtOctWzAIoGzF7_6Pa6X_E16UtYAPerR3NgnI4kN-ROXZFHOmMLVbyww2AWvHWpNrPQUkJYdiIOo4WeeX1kklF17kf8tGTmT82k.Z64ZvQMhfElb1dXCMWudriw0hpz3zk7McGxQ-y6hL2w&dib_tag=se&keywords=wireless%2Bmouse&qid=1784883161&sr=8-1&th=1:0
[  153464ms] [WARNING] The resource https://m.media-amazon.com/images/I/617wb09azWL._RC%7C81ZLs-rhJOL.js,31jsB13JlVL.js_.js?AUIClients/ was preloaded using link preload but not used within a few seconds from the window's load event. Please make sure it has an appropriate `as` value and it is preloaded intentionally. @ https://www.amazon.com/Logitech-Wireless-Mouse-M185-Swift/dp/B004YAVF8I/ref=sr_1_1?dib=eyJ2IjoiMSJ9.5ImJyMbbi4eC20AvYHbPTaoSiARzsMs4oD-6dicZ2UQO9-lEc0HNXx8nkl6TFAcDGUDVLWXLWjSM-OByJknVrcNmh5LmiQtPnQwDE-SyNjBUNnbXQUuJYvADSw31265pSWD_n1yXPtOctWzAIoGzF7_6Pa6X_E16UtYAPerR3NgnI4kN-ROXZFHOmMLVbyww2AWvHWpNrPQUkJYdiIOo4WeeX1kklF17kf8tGTmT82k.Z64ZvQMhfElb1dXCMWudriw0hpz3zk7McGxQ-y6hL2w&dib_tag=se&keywords=wireless%2Bmouse&qid=1784883161&sr=8-1&th=1:0
[  153464ms] [WARNING] The resource https://m.media-amazon.com/images/S/sash/1dcKWNtgTsXnwBt.html#sfClientHtmlUrl was preloaded using link preload but not used within a few seconds from the window's load event. Please make sure it has an appropriate `as` value and it is preloaded intentionally. @ https://www.amazon.com/Logitech-Wireless-Mouse-M185-Swift/dp/B004YAVF8I/ref=sr_1_1?dib=eyJ2IjoiMSJ9.5ImJyMbbi4eC20AvYHbPTaoSiARzsMs4oD-6dicZ2UQO9-lEc0HNXx8nkl6TFAcDGUDVLWXLWjSM-OByJknVrcNmh5LmiQtPnQwDE-SyNjBUNnbXQUuJYvADSw31265pSWD_n1yXPtOctWzAIoGzF7_6Pa6X_E16UtYAPerR3NgnI4kN-ROXZFHOmMLVbyww2AWvHWpNrPQUkJYdiIOo4WeeX1kklF17kf8tGTmT82k.Z64ZvQMhfElb1dXCMWudriw0hpz3zk7McGxQ-y6hL2w&dib_tag=se&keywords=wireless%2Bmouse&qid=1784883161&sr=8-1&th=1:0
[  153465ms] [WARNING] The resource https://m.media-amazon.com/images/I/119lYNyqoQL.js?AUIClients/ was preloaded using link preload but not used within a few seconds from the window's load event. Please make sure it has an appropriate `as` value and it is preloaded intentionally. @ https://www.amazon.com/Logitech-Wireless-Mouse-M185-Swift/dp/B004YAVF8I/ref=sr_1_1?dib=eyJ2IjoiMSJ9.5ImJyMbbi4eC20AvYHbPTaoSiARzsMs4oD-6dicZ2UQO9-lEc0HNXx8nkl6TFAcDGUDVLWXLWjSM-OByJknVrcNmh5LmiQtPnQwDE-SyNjBUNnbXQUuJYvADSw31265pSWD_n1yXPtOctWzAIoGzF7_6Pa6X_E16UtYAPerR3NgnI4kN-ROXZFHOmMLVbyww2AWvHWpNrPQUkJYdiIOo4WeeX1kklF17kf8tGTmT82k.Z64ZvQMhfElb1dXCMWudriw0hpz3zk7McGxQ-y6hL2w&dib_tag=se&keywords=wireless%2Bmouse&qid=1784883161&sr=8-1&th=1:0
[  153465ms] [WARNING] The resource https://m.media-amazon.com/images/I/51S-qOAsDtL.js?AUIClients/ was preloaded using link preload but not used within a few seconds from the window's load event. Please make sure it has an appropriate `as` value and it is preloaded intentionally. @ https://www.amazon.com/Logitech-Wireless-Mouse-M185-Swift/dp/B004YAVF8I/ref=sr_1_1?dib=eyJ2IjoiMSJ9.5ImJyMbbi4eC20AvYHbPTaoSiARzsMs4oD-6dicZ2UQO9-lEc0HNXx8nkl6TFAcDGUDVLWXLWjSM-OByJknVrcNmh5LmiQtPnQwDE-SyNjBUNnbXQUuJYvADSw31265pSWD_n1yXPtOctWzAIoGzF7_6Pa6X_E16UtYAPerR3NgnI4kN-ROXZFHOmMLVbyww2AWvHWpNrPQUkJYdiIOo4WeeX1kklF17kf8tGTmT82k.Z64ZvQMhfElb1dXCMWudriw0hpz3zk7McGxQ-y6hL2w&dib_tag=se&keywords=wireless%2Bmouse&qid=1784883161&sr=8-1&th=1:0
[  153465ms] [WARNING] The resource https://m.media-amazon.com/images/I/31lqqqMDjxL.js?AUIClients/ was preloaded using link preload but not used within a few seconds from the window's load event. Please make sure it has an appropriate `as` value and it is preloaded intentionally. @ https://www.amazon.com/Logitech-Wireless-Mouse-M185-Swift/dp/B004YAVF8I/ref=sr_1_1?dib=eyJ2IjoiMSJ9.5ImJyMbbi4eC20AvYHbPTaoSiARzsMs4oD-6dicZ2UQO9-lEc0HNXx8nkl6TFAcDGUDVLWXLWjSM-OByJknVrcNmh5LmiQtPnQwDE-SyNjBUNnbXQUuJYvADSw31265pSWD_n1yXPtOctWzAIoGzF7_6Pa6X_E16UtYAPerR3NgnI4kN-ROXZFHOmMLVbyww2AWvHWpNrPQUkJYdiIOo4WeeX1kklF17kf8tGTmT82k.Z64ZvQMhfElb1dXCMWudriw0hpz3zk7McGxQ-y6hL2w&dib_tag=se&keywords=wireless%2Bmouse&qid=1784883161&sr=8-1&th=1:0
[  153473ms] [WARNING] The resource https://m.media-amazon.com/images/I/31xJau8gMoL.js?AUIClients/ was preloaded using link preload but not used within a few seconds from the window's load event. Please make sure it has an appropriate `as` value and it is preloaded intentionally. @ https://www.amazon.com/Logitech-Wireless-Mouse-M185-Swift/dp/B004YAVF8I/ref=sr_1_1?dib=eyJ2IjoiMSJ9.5ImJyMbbi4eC20AvYHbPTaoSiARzsMs4oD-6dicZ2UQO9-lEc0HNXx8nkl6TFAcDGUDVLWXLWjSM-OByJknVrcNmh5LmiQtPnQwDE-SyNjBUNnbXQUuJYvADSw31265pSWD_n1yXPtOctWzAIoGzF7_6Pa6X_E16UtYAPerR3NgnI4kN-ROXZFHOmMLVbyww2AWvHWpNrPQUkJYdiIOo4WeeX1kklF17kf8tGTmT82k.Z64ZvQMhfElb1dXCMWudriw0hpz3zk7McGxQ-y6hL2w&dib_tag=se&keywords=wireless%2Bmouse&qid=1784883161&sr=8-1&th=1:0
[  156657ms] [WARNING] The resource https://m.media-amazon.com/images/I/51On6pZ2rqL.js?AUIClients/ was preloaded using link preload but not used within a few seconds from the window's load event. Please make sure it has an appropriate `as` value and it is preloaded intentionally. @ https://www.amazon.com/Logitech-Wireless-Mouse-M185-Swift/dp/B004YAVF8I/ref=sr_1_1?dib=eyJ2IjoiMSJ9.5ImJyMbbi4eC20AvYHbPTaoSiARzsMs4oD-6dicZ2UQO9-lEc0HNXx8nkl6TFAcDGUDVLWXLWjSM-OByJknVrcNmh5LmiQtPnQwDE-SyNjBUNnbXQUuJYvADSw31265pSWD_n1yXPtOctWzAIoGzF7_6Pa6X_E16UtYAPerR3NgnI4kN-ROXZFHOmMLVbyww2AWvHWpNrPQUkJYdiIOo4WeeX1kklF17kf8tGTmT82k.Z64ZvQMhfElb1dXCMWudriw0hpz3zk7McGxQ-y6hL2w&dib_tag=se&keywords=wireless%2Bmouse&qid=1784883161&sr=8-1&th=1:0
[  156657ms] [WARNING] The resource https://m.media-amazon.com/images/S/sash/cqKHmwD3Ut9oj5s.js#sfClientUrl was preloaded using link preload but not used within a few seconds from the window's load event. Please make sure it has an appropriate `as` value and it is preloaded intentionally. @ https://www.amazon.com/Logitech-Wireless-Mouse-M185-Swift/dp/B004YAVF8I/ref=sr_1_1?dib=eyJ2IjoiMSJ9.5ImJyMbbi4eC20AvYHbPTaoSiARzsMs4oD-6dicZ2UQO9-lEc0HNXx8nkl6TFAcDGUDVLWXLWjSM-OByJknVrcNmh5LmiQtPnQwDE-SyNjBUNnbXQUuJYvADSw31265pSWD_n1yXPtOctWzAIoGzF7_6Pa6X_E16UtYAPerR3NgnI4kN-ROXZFHOmMLVbyww2AWvHWpNrPQUkJYdiIOo4WeeX1kklF17kf8tGTmT82k.Z64ZvQMhfElb1dXCMWudriw0hpz3zk7McGxQ-y6hL2w&dib_tag=se&keywords=wireless%2Bmouse&qid=1784883161&sr=8-1&th=1:0
[  156658ms] [WARNING] The resource https://m.media-amazon.com/images/I/61lGvbxWIUL.js?AUIClients/ was preloaded using link preload but not used within a few seconds from the window's load event. Please make sure it has an appropriate `as` value and it is preloaded intentionally. @ https://www.amazon.com/Logitech-Wireless-Mouse-M185-Swift/dp/B004YAVF8I/ref=sr_1_1?dib=eyJ2IjoiMSJ9.5ImJyMbbi4eC20AvYHbPTaoSiARzsMs4oD-6dicZ2UQO9-lEc0HNXx8nkl6TFAcDGUDVLWXLWjSM-OByJknVrcNmh5LmiQtPnQwDE-SyNjBUNnbXQUuJYvADSw31265pSWD_n1yXPtOctWzAIoGzF7_6Pa6X_E16UtYAPerR3NgnI4kN-ROXZFHOmMLVbyww2AWvHWpNrPQUkJYdiIOo4WeeX1kklF17kf8tGTmT82k.Z64ZvQMhfElb1dXCMWudriw0hpz3zk7McGxQ-y6hL2w&dib_tag=se&keywords=wireless%2Bmouse&qid=1784883161&sr=8-1&th=1:0
[  156660ms] [WARNING] The resource https://m.media-amazon.com/images/I/617wb09azWL._RC%7C81ZLs-rhJOL.js,31jsB13JlVL.js_.js?AUIClients/ was preloaded using link preload but not used within a few seconds from the window's load event. Please make sure it has an appropriate `as` value and it is preloaded intentionally. @ https://www.amazon.com/Logitech-Wireless-Mouse-M185-Swift/dp/B004YAVF8I/ref=sr_1_1?dib=eyJ2IjoiMSJ9.5ImJyMbbi4eC20AvYHbPTaoSiARzsMs4oD-6dicZ2UQO9-lEc0HNXx8nkl6TFAcDGUDVLWXLWjSM-OByJknVrcNmh5LmiQtPnQwDE-SyNjBUNnbXQUuJYvADSw31265pSWD_n1yXPtOctWzAIoGzF7_6Pa6X_E16UtYAPerR3NgnI4kN-ROXZFHOmMLVbyww2AWvHWpNrPQUkJYdiIOo4WeeX1kklF17kf8tGTmT82k.Z64ZvQMhfElb1dXCMWudriw0hpz3zk7McGxQ-y6hL2w&dib_tag=se&keywords=wireless%2Bmouse&qid=1784883161&sr=8-1&th=1:0
[  156661ms] [WARNING] The resource https://m.media-amazon.com/images/S/sash/1dcKWNtgTsXnwBt.html#sfClientHtmlUrl was preloaded using link preload but not used within a few seconds from the window's load event. Please make sure it has an appropriate `as` value and it is preloaded intentionally. @ https://www.amazon.com/Logitech-Wireless-Mouse-M185-Swift/dp/B004YAVF8I/ref=sr_1_1?dib=eyJ2IjoiMSJ9.5ImJyMbbi4eC20AvYHbPTaoSiARzsMs4oD-6dicZ2UQO9-lEc0HNXx8nkl6TFAcDGUDVLWXLWjSM-OByJknVrcNmh5LmiQtPnQwDE-SyNjBUNnbXQUuJYvADSw31265pSWD_n1yXPtOctWzAIoGzF7_6Pa6X_E16UtYAPerR3NgnI4kN-ROXZFHOmMLVbyww2AWvHWpNrPQUkJYdiIOo4WeeX1kklF17kf8tGTmT82k.Z64ZvQMhfElb1dXCMWudriw0hpz3zk7McGxQ-y6hL2w&dib_tag=se&keywords=wireless%2Bmouse&qid=1784883161&sr=8-1&th=1:0
[  156664ms] [WARNING] The resource https://m.media-amazon.com/images/I/119lYNyqoQL.js?AUIClients/ was preloaded using link preload but not used within a few seconds from the window's load event. Please make sure it has an appropriate `as` value and it is preloaded intentionally. @ https://www.amazon.com/Logitech-Wireless-Mouse-M185-Swift/dp/B004YAVF8I/ref=sr_1_1?dib=eyJ2IjoiMSJ9.5ImJyMbbi4eC20AvYHbPTaoSiARzsMs4oD-6dicZ2UQO9-lEc0HNXx8nkl6TFAcDGUDVLWXLWjSM-OByJknVrcNmh5LmiQtPnQwDE-SyNjBUNnbXQUuJYvADSw31265pSWD_n1yXPtOctWzAIoGzF7_6Pa6X_E16UtYAPerR3NgnI4kN-ROXZFHOmMLVbyww2AWvHWpNrPQUkJYdiIOo4WeeX1kklF17kf8tGTmT82k.Z64ZvQMhfElb1dXCMWudriw0hpz3zk7McGxQ-y6hL2w&dib_tag=se&keywords=wireless%2Bmouse&qid=1784883161&sr=8-1&th=1:0
[  156665ms] [WARNING] The resource https://m.media-amazon.com/images/I/51S-qOAsDtL.js?AUIClients/ was preloaded using link preload but not used within a few seconds from the window's load event. Please make sure it has an appropriate `as` value and it is preloaded intentionally. @ https://www.amazon.com/Logitech-Wireless-Mouse-M185-Swift/dp/B004YAVF8I/ref=sr_1_1?dib=eyJ2IjoiMSJ9.5ImJyMbbi4eC20AvYHbPTaoSiARzsMs4oD-6dicZ2UQO9-lEc0HNXx8nkl6TFAcDGUDVLWXLWjSM-OByJknVrcNmh5LmiQtPnQwDE-SyNjBUNnbXQUuJYvADSw31265pSWD_n1yXPtOctWzAIoGzF7_6Pa6X_E16UtYAPerR3NgnI4kN-ROXZFHOmMLVbyww2AWvHWpNrPQUkJYdiIOo4WeeX1kklF17kf8tGTmT82k.Z64ZvQMhfElb1dXCMWudriw0hpz3zk7McGxQ-y6hL2w&dib_tag=se&keywords=wireless%2Bmouse&qid=1784883161&sr=8-1&th=1:0
[  156668ms] [WARNING] The resource https://m.media-amazon.com/images/I/31lqqqMDjxL.js?AUIClients/ was preloaded using link preload but not used within a few seconds from the window's load event. Please make sure it has an appropriate `as` value and it is preloaded intentionally. @ https://www.amazon.com/Logitech-Wireless-Mouse-M185-Swift/dp/B004YAVF8I/ref=sr_1_1?dib=eyJ2IjoiMSJ9.5ImJyMbbi4eC20AvYHbPTaoSiARzsMs4oD-6dicZ2UQO9-lEc0HNXx8nkl6TFAcDGUDVLWXLWjSM-OByJknVrcNmh5LmiQtPnQwDE-SyNjBUNnbXQUuJYvADSw31265pSWD_n1yXPtOctWzAIoGzF7_6Pa6X_E16UtYAPerR3NgnI4kN-ROXZFHOmMLVbyww2AWvHWpNrPQUkJYdiIOo4WeeX1kklF17kf8tGTmT82k.Z64ZvQMhfElb1dXCMWudriw0hpz3zk7McGxQ-y6hL2w&dib_tag=se&keywords=wireless%2Bmouse&qid=1784883161&sr=8-1&th=1:0
[  156669ms] [WARNING] The resource https://m.media-amazon.com/images/I/31xJau8gMoL.js?AUIClients/ was preloaded using link preload but not used within a few seconds from the window's load event. Please make sure it has an appropriate `as` value and it is preloaded intentionally. @ https://www.amazon.com/Logitech-Wireless-Mouse-M185-Swift/dp/B004YAVF8I/ref=sr_1_1?dib=eyJ2IjoiMSJ9.5ImJyMbbi4eC20AvYHbPTaoSiARzsMs4oD-6dicZ2UQO9-lEc0HNXx8nkl6TFAcDGUDVLWXLWjSM-OByJknVrcNmh5LmiQtPnQwDE-SyNjBUNnbXQUuJYvADSw31265pSWD_n1yXPtOctWzAIoGzF7_6Pa6X_E16UtYAPerR3NgnI4kN-ROXZFHOmMLVbyww2AWvHWpNrPQUkJYdiIOo4WeeX1kklF17kf8tGTmT82k.Z64ZvQMhfElb1dXCMWudriw0hpz3zk7McGxQ-y6hL2w&dib_tag=se&keywords=wireless%2Bmouse&qid=1784883161&sr=8-1&th=1:0
[  161935ms] [WARNING] The resource https://m.media-amazon.com/images/I/51On6pZ2rqL.js?AUIClients/ was preloaded using link preload but not used within a few seconds from the window's load event. Please make sure it has an appropriate `as` value and it is preloaded intentionally. @ https://www.amazon.com/Logitech-Wireless-Mouse-M185-Swift/dp/B004YAVF8I/ref=sr_1_1?dib=eyJ2IjoiMSJ9.5ImJyMbbi4eC20AvYHbPTaoSiARzsMs4oD-6dicZ2UQO9-lEc0HNXx8nkl6TFAcDGUDVLWXLWjSM-OByJknVrcNmh5LmiQtPnQwDE-SyNjBUNnbXQUuJYvADSw31265pSWD_n1yXPtOctWzAIoGzF7_6Pa6X_E16UtYAPerR3NgnI4kN-ROXZFHOmMLVbyww2AWvHWpNrPQUkJYdiIOo4WeeX1kklF17kf8tGTmT82k.Z64ZvQMhfElb1dXCMWudriw0hpz3zk7McGxQ-y6hL2w&dib_tag=se&keywords=wireless%2Bmouse&qid=1784883161&sr=8-1&th=1:0
[  161936ms] [WARNING] The resource https://m.media-amazon.com/images/S/sash/cqKHmwD3Ut9oj5s.js#sfClientUrl was preloaded using link preload but not used within a few seconds from the window's load event. Please make sure it has an appropriate `as` value and it is preloaded intentionally. @ https://www.amazon.com/Logitech-Wireless-Mouse-M185-Swift/dp/B004YAVF8I/ref=sr_1_1?dib=eyJ2IjoiMSJ9.5ImJyMbbi4eC20AvYHbPTaoSiARzsMs4oD-6dicZ2UQO9-lEc0HNXx8nkl6TFAcDGUDVLWXLWjSM-OByJknVrcNmh5LmiQtPnQwDE-SyNjBUNnbXQUuJYvADSw31265pSWD_n1yXPtOctWzAIoGzF7_6Pa6X_E16UtYAPerR3NgnI4kN-ROXZFHOmMLVbyww2AWvHWpNrPQUkJYdiIOo4WeeX1kklF17kf8tGTmT82k.Z64ZvQMhfElb1dXCMWudriw0hpz3zk7McGxQ-y6hL2w&dib_tag=se&keywords=wireless%2Bmouse&qid=1784883161&sr=8-1&th=1:0
[  161936ms] [WARNING] The resource https://m.media-amazon.com/images/I/61lGvbxWIUL.js?AUIClients/ was preloaded using link preload but not used within a few seconds from the window's load event. Please make sure it has an appropriate `as` value and it is preloaded intentionally. @ https://www.amazon.com/Logitech-Wireless-Mouse-M185-Swift/dp/B004YAVF8I/ref=sr_1_1?dib=eyJ2IjoiMSJ9.5ImJyMbbi4eC20AvYHbPTaoSiARzsMs4oD-6dicZ2UQO9-lEc0HNXx8nkl6TFAcDGUDVLWXLWjSM-OByJknVrcNmh5LmiQtPnQwDE-SyNjBUNnbXQUuJYvADSw31265pSWD_n1yXPtOctWzAIoGzF7_6Pa6X_E16UtYAPerR3NgnI4kN-ROXZFHOmMLVbyww2AWvHWpNrPQUkJYdiIOo4WeeX1kklF17kf8tGTmT82k.Z64ZvQMhfElb1dXCMWudriw0hpz3zk7McGxQ-y6hL2w&dib_tag=se&keywords=wireless%2Bmouse&qid=1784883161&sr=8-1&th=1:0
[  161936ms] [WARNING] The resource https://m.media-amazon.com/images/I/617wb09azWL._RC%7C81ZLs-rhJOL.js,31jsB13JlVL.js_.js?AUIClients/ was preloaded using link preload but not used within a few seconds from the window's load event. Please make sure it has an appropriate `as` value and it is preloaded intentionally. @ https://www.amazon.com/Logitech-Wireless-Mouse-M185-Swift/dp/B004YAVF8I/ref=sr_1_1?dib=eyJ2IjoiMSJ9.5ImJyMbbi4eC20AvYHbPTaoSiARzsMs4oD-6dicZ2UQO9-lEc0HNXx8nkl6TFAcDGUDVLWXLWjSM-OByJknVrcNmh5LmiQtPnQwDE-SyNjBUNnbXQUuJYvADSw31265pSWD_n1yXPtOctWzAIoGzF7_6Pa6X_E16UtYAPerR3NgnI4kN-ROXZFHOmMLVbyww2AWvHWpNrPQUkJYdiIOo4WeeX1kklF17kf8tGTmT82k.Z64ZvQMhfElb1dXCMWudriw0hpz3zk7McGxQ-y6hL2w&dib_tag=se&keywords=wireless%2Bmouse&qid=1784883161&sr=8-1&th=1:0
[  161936ms] [WARNING] The resource https://m.media-amazon.com/images/S/sash/1dcKWNtgTsXnwBt.html#sfClientHtmlUrl was preloaded using link preload but not used within a few seconds from the window's load event. Please make sure it has an appropriate `as` value and it is preloaded intentionally. @ https://www.amazon.com/Logitech-Wireless-Mouse-M185-Swift/dp/B004YAVF8I/ref=sr_1_1?dib=eyJ2IjoiMSJ9.5ImJyMbbi4eC20AvYHbPTaoSiARzsMs4oD-6dicZ2UQO9-lEc0HNXx8nkl6TFAcDGUDVLWXLWjSM-OByJknVrcNmh5LmiQtPnQwDE-SyNjBUNnbXQUuJYvADSw31265pSWD_n1yXPtOctWzAIoGzF7_6Pa6X_E16UtYAPerR3NgnI4kN-ROXZFHOmMLVbyww2AWvHWpNrPQUkJYdiIOo4WeeX1kklF17kf8tGTmT82k.Z64ZvQMhfElb1dXCMWudriw0hpz3zk7McGxQ-y6hL2w&dib_tag=se&keywords=wireless%2Bmouse&qid=1784883161&sr=8-1&th=1:0
[  161937ms] [WARNING] The resource https://m.media-amazon.com/images/I/119lYNyqoQL.js?AUIClients/ was preloaded using link preload but not used within a few seconds from the window's load event. Please make sure it has an appropriate `as` value and it is preloaded intentionally. @ https://www.amazon.com/Logitech-Wireless-Mouse-M185-Swift/dp/B004YAVF8I/ref=sr_1_1?dib=eyJ2IjoiMSJ9.5ImJyMbbi4eC20AvYHbPTaoSiARzsMs4oD-6dicZ2UQO9-lEc0HNXx8nkl6TFAcDGUDVLWXLWjSM-OByJknVrcNmh5LmiQtPnQwDE-SyNjBUNnbXQUuJYvADSw31265pSWD_n1yXPtOctWzAIoGzF7_6Pa6X_E16UtYAPerR3NgnI4kN-ROXZFHOmMLVbyww2AWvHWpNrPQUkJYdiIOo4WeeX1kklF17kf8tGTmT82k.Z64ZvQMhfElb1dXCMWudriw0hpz3zk7McGxQ-y6hL2w&dib_tag=se&keywords=wireless%2Bmouse&qid=1784883161&sr=8-1&th=1:0
[  161944ms] [WARNING] The resource https://m.media-amazon.com/images/I/51S-qOAsDtL.js?AUIClients/ was preloaded using link preload but not used within a few seconds from the window's load event. Please make sure it has an appropriate `as` value and it is preloaded intentionally. @ https://www.amazon.com/Logitech-Wireless-Mouse-M185-Swift/dp/B004YAVF8I/ref=sr_1_1?dib=eyJ2IjoiMSJ9.5ImJyMbbi4eC20AvYHbPTaoSiARzsMs4oD-6dicZ2UQO9-lEc0HNXx8nkl6TFAcDGUDVLWXLWjSM-OByJknVrcNmh5LmiQtPnQwDE-SyNjBUNnbXQUuJYvADSw31265pSWD_n1yXPtOctWzAIoGzF7_6Pa6X_E16UtYAPerR3NgnI4kN-ROXZFHOmMLVbyww2AWvHWpNrPQUkJYdiIOo4WeeX1kklF17kf8tGTmT82k.Z64ZvQMhfElb1dXCMWudriw0hpz3zk7McGxQ-y6hL2w&dib_tag=se&keywords=wireless%2Bmouse&qid=1784883161&sr=8-1&th=1:0
[  161948ms] [WARNING] The resource https://m.media-amazon.com/images/I/31lqqqMDjxL.js?AUIClients/ was preloaded using link preload but not used within a few seconds from the window's load event. Please make sure it has an appropriate `as` value and it is preloaded intentionally. @ https://www.amazon.com/Logitech-Wireless-Mouse-M185-Swift/dp/B004YAVF8I/ref=sr_1_1?dib=eyJ2IjoiMSJ9.5ImJyMbbi4eC20AvYHbPTaoSiARzsMs4oD-6dicZ2UQO9-lEc0HNXx8nkl6TFAcDGUDVLWXLWjSM-OByJknVrcNmh5LmiQtPnQwDE-SyNjBUNnbXQUuJYvADSw31265pSWD_n1yXPtOctWzAIoGzF7_6Pa6X_E16UtYAPerR3NgnI4kN-ROXZFHOmMLVbyww2AWvHWpNrPQUkJYdiIOo4WeeX1kklF17kf8tGTmT82k.Z64ZvQMhfElb1dXCMWudriw0hpz3zk7McGxQ-y6hL2w&dib_tag=se&keywords=wireless%2Bmouse&qid=1784883161&sr=8-1&th=1:0
[  161950ms] [WARNING] The resource https://m.media-amazon.com/images/I/31xJau8gMoL.js?AUIClients/ was preloaded using link preload but not used within a few seconds from the window's load event. Please make sure it has an appropriate `as` value and it is preloaded intentionally. @ https://www.amazon.com/Logitech-Wireless-Mouse-M185-Swift/dp/B004YAVF8I/ref=sr_1_1?dib=eyJ2IjoiMSJ9.5ImJyMbbi4eC20AvYHbPTaoSiARzsMs4oD-6dicZ2UQO9-lEc0HNXx8nkl6TFAcDGUDVLWXLWjSM-OByJknVrcNmh5LmiQtPnQwDE-SyNjBUNnbXQUuJYvADSw31265pSWD_n1yXPtOctWzAIoGzF7_6Pa6X_E16UtYAPerR3NgnI4kN-ROXZFHOmMLVbyww2AWvHWpNrPQUkJYdiIOo4WeeX1kklF17kf8tGTmT82k.Z64ZvQMhfElb1dXCMWudriw0hpz3zk7McGxQ-y6hL2w&dib_tag=se&keywords=wireless%2Bmouse&qid=1784883161&sr=8-1&th=1:0
[  182300ms] [WARNING] The resource https://m.media-amazon.com/images/I/51On6pZ2rqL.js?AUIClients/ was preloaded using link preload but not used within a few seconds from the window's load event. Please make sure it has an appropriate `as` value and it is preloaded intentionally. @ https://www.amazon.com/Logitech-Wireless-Mouse-M185-Swift/dp/B004YAVF8I/ref=sr_1_1?dib=eyJ2IjoiMSJ9.5ImJyMbbi4eC20AvYHbPTaoSiARzsMs4oD-6dicZ2UQO9-lEc0HNXx8nkl6TFAcDGUDVLWXLWjSM-OByJknVrcNmh5LmiQtPnQwDE-SyNjBUNnbXQUuJYvADSw31265pSWD_n1yXPtOctWzAIoGzF7_6Pa6X_E16UtYAPerR3NgnI4kN-ROXZFHOmMLVbyww2AWvHWpNrPQUkJYdiIOo4WeeX1kklF17kf8tGTmT82k.Z64ZvQMhfElb1dXCMWudriw0hpz3zk7McGxQ-y6hL2w&dib_tag=se&keywords=wireless%2Bmouse&qid=1784883161&sr=8-1&th=1:0
[  182300ms] [WARNING] The resource https://m.media-amazon.com/images/S/sash/cqKHmwD3Ut9oj5s.js#sfClientUrl was preloaded using link preload but not used within a few seconds from the window's load event. Please make sure it has an appropriate `as` value and it is preloaded intentionally. @ https://www.amazon.com/Logitech-Wireless-Mouse-M185-Swift/dp/B004YAVF8I/ref=sr_1_1?dib=eyJ2IjoiMSJ9.5ImJyMbbi4eC20AvYHbPTaoSiARzsMs4oD-6dicZ2UQO9-lEc0HNXx8nkl6TFAcDGUDVLWXLWjSM-OByJknVrcNmh5LmiQtPnQwDE-SyNjBUNnbXQUuJYvADSw31265pSWD_n1yXPtOctWzAIoGzF7_6Pa6X_E16UtYAPerR3NgnI4kN-ROXZFHOmMLVbyww2AWvHWpNrPQUkJYdiIOo4WeeX1kklF17kf8tGTmT82k.Z64ZvQMhfElb1dXCMWudriw0hpz3zk7McGxQ-y6hL2w&dib_tag=se&keywords=wireless%2Bmouse&qid=1784883161&sr=8-1&th=1:0
[  182300ms] [WARNING] The resource https://m.media-amazon.com/images/I/61lGvbxWIUL.js?AUIClients/ was preloaded using link preload but not used within a few seconds from the window's load event. Please make sure it has an appropriate `as` value and it is preloaded intentionally. @ https://www.amazon.com/Logitech-Wireless-Mouse-M185-Swift/dp/B004YAVF8I/ref=sr_1_1?dib=eyJ2IjoiMSJ9.5ImJyMbbi4eC20AvYHbPTaoSiARzsMs4oD-6dicZ2UQO9-lEc0HNXx8nkl6TFAcDGUDVLWXLWjSM-OByJknVrcNmh5LmiQtPnQwDE-SyNjBUNnbXQUuJYvADSw31265pSWD_n1yXPtOctWzAIoGzF7_6Pa6X_E16UtYAPerR3NgnI4kN-ROXZFHOmMLVbyww2AWvHWpNrPQUkJYdiIOo4WeeX1kklF17kf8tGTmT82k.Z64ZvQMhfElb1dXCMWudriw0hpz3zk7McGxQ-y6hL2w&dib_tag=se&keywords=wireless%2Bmouse&qid=1784883161&sr=8-1&th=1:0
[  182302ms] [WARNING] The resource https://m.media-amazon.com/images/I/617wb09azWL._RC%7C81ZLs-rhJOL.js,31jsB13JlVL.js_.js?AUIClients/ was preloaded using link preload but not used within a few seconds from the window's load event. Please make sure it has an appropriate `as` value and it is preloaded intentionally. @ https://www.amazon.com/Logitech-Wireless-Mouse-M185-Swift/dp/B004YAVF8I/ref=sr_1_1?dib=eyJ2IjoiMSJ9.5ImJyMbbi4eC20AvYHbPTaoSiARzsMs4oD-6dicZ2UQO9-lEc0HNXx8nkl6TFAcDGUDVLWXLWjSM-OByJknVrcNmh5LmiQtPnQwDE-SyNjBUNnbXQUuJYvADSw31265pSWD_n1yXPtOctWzAIoGzF7_6Pa6X_E16UtYAPerR3NgnI4kN-ROXZFHOmMLVbyww2AWvHWpNrPQUkJYdiIOo4WeeX1kklF17kf8tGTmT82k.Z64ZvQMhfElb1dXCMWudriw0hpz3zk7McGxQ-y6hL2w&dib_tag=se&keywords=wireless%2Bmouse&qid=1784883161&sr=8-1&th=1:0
[  182306ms] [WARNING] The resource https://m.media-amazon.com/images/S/sash/1dcKWNtgTsXnwBt.html#sfClientHtmlUrl was preloaded using link preload but not used within a few seconds from the window's load event. Please make sure it has an appropriate `as` value and it is preloaded intentionally. @ https://www.amazon.com/Logitech-Wireless-Mouse-M185-Swift/dp/B004YAVF8I/ref=sr_1_1?dib=eyJ2IjoiMSJ9.5ImJyMbbi4eC20AvYHbPTaoSiARzsMs4oD-6dicZ2UQO9-lEc0HNXx8nkl6TFAcDGUDVLWXLWjSM-OByJknVrcNmh5LmiQtPnQwDE-SyNjBUNnbXQUuJYvADSw31265pSWD_n1yXPtOctWzAIoGzF7_6Pa6X_E16UtYAPerR3NgnI4kN-ROXZFHOmMLVbyww2AWvHWpNrPQUkJYdiIOo4WeeX1kklF17kf8tGTmT82k.Z64ZvQMhfElb1dXCMWudriw0hpz3zk7McGxQ-y6hL2w&dib_tag=se&keywords=wireless%2Bmouse&qid=1784883161&sr=8-1&th=1:0
[  182309ms] [WARNING] The resource https://m.media-amazon.com/images/I/119lYNyqoQL.js?AUIClients/ was preloaded using link preload but not used within a few seconds from the window's load event. Please make sure it has an appropriate `as` value and it is preloaded intentionally. @ https://www.amazon.com/Logitech-Wireless-Mouse-M185-Swift/dp/B004YAVF8I/ref=sr_1_1?dib=eyJ2IjoiMSJ9.5ImJyMbbi4eC20AvYHbPTaoSiARzsMs4oD-6dicZ2UQO9-lEc0HNXx8nkl6TFAcDGUDVLWXLWjSM-OByJknVrcNmh5LmiQtPnQwDE-SyNjBUNnbXQUuJYvADSw31265pSWD_n1yXPtOctWzAIoGzF7_6Pa6X_E16UtYAPerR3NgnI4kN-ROXZFHOmMLVbyww2AWvHWpNrPQUkJYdiIOo4WeeX1kklF17kf8tGTmT82k.Z64ZvQMhfElb1dXCMWudriw0hpz3zk7McGxQ-y6hL2w&dib_tag=se&keywords=wireless%2Bmouse&qid=1784883161&sr=8-1&th=1:0
[  182309ms] [WARNING] The resource https://m.media-amazon.com/images/I/51S-qOAsDtL.js?AUIClients/ was preloaded using link preload but not used within a few seconds from the window's load event. Please make sure it has an appropriate `as` value and it is preloaded intentionally. @ https://www.amazon.com/Logitech-Wireless-Mouse-M185-Swift/dp/B004YAVF8I/ref=sr_1_1?dib=eyJ2IjoiMSJ9.5ImJyMbbi4eC20AvYHbPTaoSiARzsMs4oD-6dicZ2UQO9-lEc0HNXx8nkl6TFAcDGUDVLWXLWjSM-OByJknVrcNmh5LmiQtPnQwDE-SyNjBUNnbXQUuJYvADSw31265pSWD_n1yXPtOctWzAIoGzF7_6Pa6X_E16UtYAPerR3NgnI4kN-ROXZFHOmMLVbyww2AWvHWpNrPQUkJYdiIOo4WeeX1kklF17kf8tGTmT82k.Z64ZvQMhfElb1dXCMWudriw0hpz3zk7McGxQ-y6hL2w&dib_tag=se&keywords=wireless%2Bmouse&qid=1784883161&sr=8-1&th=1:0
[  182310ms] [WARNING] The resource https://m.media-amazon.com/images/I/31lqqqMDjxL.js?AUIClients/ was preloaded using link preload but not used within a few seconds from the window's load event. Please make sure it has an appropriate `as` value and it is preloaded intentionally. @ https://www.amazon.com/Logitech-Wireless-Mouse-M185-Swift/dp/B004YAVF8I/ref=sr_1_1?dib=eyJ2IjoiMSJ9.5ImJyMbbi4eC20AvYHbPTaoSiARzsMs4oD-6dicZ2UQO9-lEc0HNXx8nkl6TFAcDGUDVLWXLWjSM-OByJknVrcNmh5LmiQtPnQwDE-SyNjBUNnbXQUuJYvADSw31265pSWD_n1yXPtOctWzAIoGzF7_6Pa6X_E16UtYAPerR3NgnI4kN-ROXZFHOmMLVbyww2AWvHWpNrPQUkJYdiIOo4WeeX1kklF17kf8tGTmT82k.Z64ZvQMhfElb1dXCMWudriw0hpz3zk7McGxQ-y6hL2w&dib_tag=se&keywords=wireless%2Bmouse&qid=1784883161&sr=8-1&th=1:0
[  182311ms] [WARNING] The resource https://m.media-amazon.com/images/I/31xJau8gMoL.js?AUIClients/ was preloaded using link preload but not used within a few seconds from the window's load event. Please make sure it has an appropriate `as` value and it is preloaded intentionally. @ https://www.amazon.com/Logitech-Wireless-Mouse-M185-Swift/dp/B004YAVF8I/ref=sr_1_1?dib=eyJ2IjoiMSJ9.5ImJyMbbi4eC20AvYHbPTaoSiARzsMs4oD-6dicZ2UQO9-lEc0HNXx8nkl6TFAcDGUDVLWXLWjSM-OByJknVrcNmh5LmiQtPnQwDE-SyNjBUNnbXQUuJYvADSw31265pSWD_n1yXPtOctWzAIoGzF7_6Pa6X_E16UtYAPerR3NgnI4kN-ROXZFHOmMLVbyww2AWvHWpNrPQUkJYdiIOo4WeeX1kklF17kf8tGTmT82k.Z64ZvQMhfElb1dXCMWudriw0hpz3zk7McGxQ-y6hL2w&dib_tag=se&keywords=wireless%2Bmouse&qid=1784883161&sr=8-1&th=1:0
