[     658ms] TypeError: Cannot redefine property: languages
    at Object.defineProperty (<anonymous>)
    at <anonymous>:28:12
    at <anonymous>:40:5
    at <anonymous>:41:7
[     660ms] TypeError: Cannot redefine property: languages
    at Object.defineProperty (<anonymous>)
    at <anonymous>:28:12
    at <anonymous>:40:5
    at <anonymous>:41:7
[     973ms] TypeError: Cannot redefine property: languages
    at Object.defineProperty (<anonymous>)
    at <anonymous>:28:12
    at <anonymous>:40:5
    at <anonymous>:41:7
[     973ms] TypeError: Cannot redefine property: languages
    at Object.defineProperty (<anonymous>)
    at <anonymous>:28:12
    at <anonymous>:40:5
    at <anonymous>:41:7
[    1060ms] TypeError: Cannot redefine property: languages
    at Object.defineProperty (<anonymous>)
    at <anonymous>:28:12
    at <anonymous>:40:5
    at <anonymous>:41:7
[    1061ms] TypeError: Cannot redefine property: languages
    at Object.defineProperty (<anonymous>)
    at <anonymous>:28:12
    at <anonymous>:40:5
    at <anonymous>:41:7
[    1111ms] TypeError: Cannot redefine property: languages
    at Object.defineProperty (<anonymous>)
    at <anonymous>:28:12
    at <anonymous>:40:5
    at <anonymous>:41:7
[    1112ms] TypeError: Cannot redefine property: languages
    at Object.defineProperty (<anonymous>)
    at <anonymous>:28:12
    at <anonymous>:40:5
    at <anonymous>:41:7
[    1210ms] TypeError: Cannot redefine property: languages
    at Object.defineProperty (<anonymous>)
    at <anonymous>:28:12
    at <anonymous>:40:5
    at <anonymous>:41:7
[    1212ms] TypeError: Cannot redefine property: languages
    at Object.defineProperty (<anonymous>)
    at <anonymous>:28:12
    at <anonymous>:40:5
    at <anonymous>:41:7
[    1234ms] TypeError: Cannot redefine property: languages
    at Object.defineProperty (<anonymous>)
    at <anonymous>:28:12
    at <anonymous>:40:5
    at <anonymous>:41:7
[    1235ms] TypeError: Cannot redefine property: languages
    at Object.defineProperty (<anonymous>)
    at <anonymous>:28:12
    at <anonymous>:40:5
    at <anonymous>:41:7
[    2175ms] [WARNING] VIDEOJS: WARN: Using hls options is deprecated. Use vhs instead. @ https://m.media-amazon.com/images/I/3175HHgX+OL._RC%7C01x4giTy+uL.js,01r9LpT6pbL.js,41NWBkfooBL.js,11QfrzttlqL.js,91VXiFQ1TCL.js,01ELLYeIOkL.js_.js?AUIClients/Brila:491
[    2309ms] [WARNING] VIDEOJS: WARN: Using hls options is deprecated. Use vhs instead. @ https://m.media-amazon.com/images/I/3175HHgX+OL._RC%7C01x4giTy+uL.js,01r9LpT6pbL.js,41NWBkfooBL.js,11QfrzttlqL.js,91VXiFQ1TCL.js,01ELLYeIOkL.js_.js?AUIClients/Brila:491
[    2473ms] [ERROR] Failed to load resource: the server responded with a status of 404 () @ https://www.amazon.com/gp/product/ajax/billOfMaterial?ref=bom_pw_initialLoad&viewID=billOfMaterial-primary-widget&bomPageNum=1&searchTerm=&_=1784890484310:0
[    3850ms] TypeError: Cannot redefine property: languages
    at Object.defineProperty (<anonymous>)
    at <anonymous>:28:12
    at <anonymous>:40:5
    at <anonymous>:41:7
[    3851ms] TypeError: Cannot redefine property: languages
    at Object.defineProperty (<anonymous>)
    at <anonymous>:28:12
    at <anonymous>:40:5
    at <anonymous>:41:7
[    4136ms] TypeError: Cannot redefine property: languages
    at Object.defineProperty (<anonymous>)
    at <anonymous>:28:12
    at <anonymous>:40:5
    at <anonymous>:41:7
[    4137ms] TypeError: Cannot redefine property: languages
    at Object.defineProperty (<anonymous>)
    at <anonymous>:28:12
    at <anonymous>:40:5
    at <anonymous>:41:7
[    4361ms] [ERROR] Error logged with the Track&Report JS errors API(http://tiny/1covqr6l8/wamazindeClieUserJava): {"m":"ARA:RegisterTriggerResponseError:DPV. Error receiving response from ARAServiceFailed to execute 'json' on 'Response': Unexpected end of JSON input","name":"SyntaxError","csm":"v5 ueLogError stack","logLevel":"ERROR","attribution":"ARARegisterTrigger","pageURL":"https://www.amazon.com/Logitech-Wireless-Mouse-M185-Swift/dp/B004YAVF8I?th=1","f":"https://m.media-amazon.com/images/I/21vARlfe4pL._RC%7C11WTF6kPMoL.js_.js?AUIClients/ARARegisterTriggerSubAssets-dpv","l":"7","s":["SyntaxError: Unexpected end of JSON input","at https://m.media-amazon.com/images/I/21vARlfe4pL._RC%7C11WTF6kPMoL.js_.js?AUIClients/ARARegisterTriggerSubAssets-dpv:7:384"],"t":3776} {m: ARA:RegisterTriggerResponseError:DPV. Error receiv…json' on 'Response': Unexpected end of JSON input, name: SyntaxError, type: undefined, csm: v5 ueLogError stack, logLevel: ERROR} @ https://images-na.ssl-images-amazon.com/images/I/215h87l68bL.js:3
[   15284ms] [WARNING] The resource https://m.media-amazon.com/images/I/51On6pZ2rqL.js?AUIClients/ was preloaded using link preload but not used within a few seconds from the window's load event. Please make sure it has an appropriate `as` value and it is preloaded intentionally. @ https://www.amazon.com/Logitech-Wireless-Mouse-M185-Swift/dp/B004YAVF8I?th=1:0
[   15284ms] [WARNING] The resource https://m.media-amazon.com/images/I/61lGvbxWIUL.js?AUIClients/ was preloaded using link preload but not used within a few seconds from the window's load event. Please make sure it has an appropriate `as` value and it is preloaded intentionally. @ https://www.amazon.com/Logitech-Wireless-Mouse-M185-Swift/dp/B004YAVF8I?th=1:0
[   15284ms] [WARNING] The resource https://m.media-amazon.com/images/S/sash/cqKHmwD3Ut9oj5s.js#sfClientUrl was preloaded using link preload but not used within a few seconds from the window's load event. Please make sure it has an appropriate `as` value and it is preloaded intentionally. @ https://www.amazon.com/Logitech-Wireless-Mouse-M185-Swift/dp/B004YAVF8I?th=1:0
[   15284ms] [WARNING] The resource https://m.media-amazon.com/images/I/617wb09azWL._RC%7C81ZLs-rhJOL.js,31jsB13JlVL.js_.js?AUIClients/ was preloaded using link preload but not used within a few seconds from the window's load event. Please make sure it has an appropriate `as` value and it is preloaded intentionally. @ https://www.amazon.com/Logitech-Wireless-Mouse-M185-Swift/dp/B004YAVF8I?th=1:0
[   15284ms] [WARNING] The resource https://m.media-amazon.com/images/I/51cAwpAndtL._RC%7C01zCndFsf4L.js,019K6hE9zSL.js,31xJau8gMoL.js_.js?AUIClients/ was preloaded using link preload but not used within a few seconds from the window's load event. Please make sure it has an appropriate `as` value and it is preloaded intentionally. @ https://www.amazon.com/Logitech-Wireless-Mouse-M185-Swift/dp/B004YAVF8I?th=1:0
[   15284ms] [WARNING] The resource https://m.media-amazon.com/images/S/sash/1dcKWNtgTsXnwBt.html#sfClientHtmlUrl was preloaded using link preload but not used within a few seconds from the window's load event. Please make sure it has an appropriate `as` value and it is preloaded intentionally. @ https://www.amazon.com/Logitech-Wireless-Mouse-M185-Swift/dp/B004YAVF8I?th=1:0
[   15284ms] [WARNING] The resource https://m.media-amazon.com/images/I/119lYNyqoQL.js?AUIClients/ was preloaded using link preload but not used within a few seconds from the window's load event. Please make sure it has an appropriate `as` value and it is preloaded intentionally. @ https://www.amazon.com/Logitech-Wireless-Mouse-M185-Swift/dp/B004YAVF8I?th=1:0
[   15284ms] [WARNING] The resource https://m.media-amazon.com/images/I/51S-qOAsDtL.js?AUIClients/ was preloaded using link preload but not used within a few seconds from the window's load event. Please make sure it has an appropriate `as` value and it is preloaded intentionally. @ https://www.amazon.com/Logitech-Wireless-Mouse-M185-Swift/dp/B004YAVF8I?th=1:0
[   15284ms] [WARNING] The resource https://m.media-amazon.com/images/I/31lqqqMDjxL.js?AUIClients/ was preloaded using link preload but not used within a few seconds from the window's load event. Please make sure it has an appropriate `as` value and it is preloaded intentionally. @ https://www.amazon.com/Logitech-Wireless-Mouse-M185-Swift/dp/B004YAVF8I?th=1:0
[   22805ms] [WARNING] The resource https://m.media-amazon.com/images/I/51On6pZ2rqL.js?AUIClients/ was preloaded using link preload but not used within a few seconds from the window's load event. Please make sure it has an appropriate `as` value and it is preloaded intentionally. @ https://www.amazon.com/Logitech-Wireless-Mouse-M185-Swift/dp/B004YAVF8I?th=1:0
[   22806ms] [WARNING] The resource https://m.media-amazon.com/images/I/61lGvbxWIUL.js?AUIClients/ was preloaded using link preload but not used within a few seconds from the window's load event. Please make sure it has an appropriate `as` value and it is preloaded intentionally. @ https://www.amazon.com/Logitech-Wireless-Mouse-M185-Swift/dp/B004YAVF8I?th=1:0
[   22806ms] [WARNING] The resource https://m.media-amazon.com/images/S/sash/cqKHmwD3Ut9oj5s.js#sfClientUrl was preloaded using link preload but not used within a few seconds from the window's load event. Please make sure it has an appropriate `as` value and it is preloaded intentionally. @ https://www.amazon.com/Logitech-Wireless-Mouse-M185-Swift/dp/B004YAVF8I?th=1:0
[   22806ms] [WARNING] The resource https://m.media-amazon.com/images/I/617wb09azWL._RC%7C81ZLs-rhJOL.js,31jsB13JlVL.js_.js?AUIClients/ was preloaded using link preload but not used within a few seconds from the window's load event. Please make sure it has an appropriate `as` value and it is preloaded intentionally. @ https://www.amazon.com/Logitech-Wireless-Mouse-M185-Swift/dp/B004YAVF8I?th=1:0
[   22806ms] [WARNING] The resource https://m.media-amazon.com/images/I/51cAwpAndtL._RC%7C01zCndFsf4L.js,019K6hE9zSL.js,31xJau8gMoL.js_.js?AUIClients/ was preloaded using link preload but not used within a few seconds from the window's load event. Please make sure it has an appropriate `as` value and it is preloaded intentionally. @ https://www.amazon.com/Logitech-Wireless-Mouse-M185-Swift/dp/B004YAVF8I?th=1:0
[   22806ms] [WARNING] The resource https://m.media-amazon.com/images/S/sash/1dcKWNtgTsXnwBt.html#sfClientHtmlUrl was preloaded using link preload but not used within a few seconds from the window's load event. Please make sure it has an appropriate `as` value and it is preloaded intentionally. @ https://www.amazon.com/Logitech-Wireless-Mouse-M185-Swift/dp/B004YAVF8I?th=1:0
[   22806ms] [WARNING] The resource https://m.media-amazon.com/images/I/119lYNyqoQL.js?AUIClients/ was preloaded using link preload but not used within a few seconds from the window's load event. Please make sure it has an appropriate `as` value and it is preloaded intentionally. @ https://www.amazon.com/Logitech-Wireless-Mouse-M185-Swift/dp/B004YAVF8I?th=1:0
[   22806ms] [WARNING] The resource https://m.media-amazon.com/images/I/51S-qOAsDtL.js?AUIClients/ was preloaded using link preload but not used within a few seconds from the window's load event. Please make sure it has an appropriate `as` value and it is preloaded intentionally. @ https://www.amazon.com/Logitech-Wireless-Mouse-M185-Swift/dp/B004YAVF8I?th=1:0
[   22806ms] [WARNING] The resource https://m.media-amazon.com/images/I/31lqqqMDjxL.js?AUIClients/ was preloaded using link preload but not used within a few seconds from the window's load event. Please make sure it has an appropriate `as` value and it is preloaded intentionally. @ https://www.amazon.com/Logitech-Wireless-Mouse-M185-Swift/dp/B004YAVF8I?th=1:0
[   34020ms] [WARNING] The resource https://m.media-amazon.com/images/I/51On6pZ2rqL.js?AUIClients/ was preloaded using link preload but not used within a few seconds from the window's load event. Please make sure it has an appropriate `as` value and it is preloaded intentionally. @ https://www.amazon.com/Logitech-Wireless-Mouse-M185-Swift/dp/B004YAVF8I?th=1:0
[   34021ms] [WARNING] The resource https://m.media-amazon.com/images/I/61lGvbxWIUL.js?AUIClients/ was preloaded using link preload but not used within a few seconds from the window's load event. Please make sure it has an appropriate `as` value and it is preloaded intentionally. @ https://www.amazon.com/Logitech-Wireless-Mouse-M185-Swift/dp/B004YAVF8I?th=1:0
[   34021ms] [WARNING] The resource https://m.media-amazon.com/images/S/sash/cqKHmwD3Ut9oj5s.js#sfClientUrl was preloaded using link preload but not used within a few seconds from the window's load event. Please make sure it has an appropriate `as` value and it is preloaded intentionally. @ https://www.amazon.com/Logitech-Wireless-Mouse-M185-Swift/dp/B004YAVF8I?th=1:0
[   34021ms] [WARNING] The resource https://m.media-amazon.com/images/I/617wb09azWL._RC%7C81ZLs-rhJOL.js,31jsB13JlVL.js_.js?AUIClients/ was preloaded using link preload but not used within a few seconds from the window's load event. Please make sure it has an appropriate `as` value and it is preloaded intentionally. @ https://www.amazon.com/Logitech-Wireless-Mouse-M185-Swift/dp/B004YAVF8I?th=1:0
[   34021ms] [WARNING] The resource https://m.media-amazon.com/images/I/51cAwpAndtL._RC%7C01zCndFsf4L.js,019K6hE9zSL.js,31xJau8gMoL.js_.js?AUIClients/ was preloaded using link preload but not used within a few seconds from the window's load event. Please make sure it has an appropriate `as` value and it is preloaded intentionally. @ https://www.amazon.com/Logitech-Wireless-Mouse-M185-Swift/dp/B004YAVF8I?th=1:0
[   34021ms] [WARNING] The resource https://m.media-amazon.com/images/S/sash/1dcKWNtgTsXnwBt.html#sfClientHtmlUrl was preloaded using link preload but not used within a few seconds from the window's load event. Please make sure it has an appropriate `as` value and it is preloaded intentionally. @ https://www.amazon.com/Logitech-Wireless-Mouse-M185-Swift/dp/B004YAVF8I?th=1:0
[   34021ms] [WARNING] The resource https://m.media-amazon.com/images/I/119lYNyqoQL.js?AUIClients/ was preloaded using link preload but not used within a few seconds from the window's load event. Please make sure it has an appropriate `as` value and it is preloaded intentionally. @ https://www.amazon.com/Logitech-Wireless-Mouse-M185-Swift/dp/B004YAVF8I?th=1:0
[   34021ms] [WARNING] The resource https://m.media-amazon.com/images/I/51S-qOAsDtL.js?AUIClients/ was preloaded using link preload but not used within a few seconds from the window's load event. Please make sure it has an appropriate `as` value and it is preloaded intentionally. @ https://www.amazon.com/Logitech-Wireless-Mouse-M185-Swift/dp/B004YAVF8I?th=1:0
[   34021ms] [WARNING] The resource https://m.media-amazon.com/images/I/31lqqqMDjxL.js?AUIClients/ was preloaded using link preload but not used within a few seconds from the window's load event. Please make sure it has an appropriate `as` value and it is preloaded intentionally. @ https://www.amazon.com/Logitech-Wireless-Mouse-M185-Swift/dp/B004YAVF8I?th=1:0
[   51058ms] [WARNING] The resource https://m.media-amazon.com/images/I/51On6pZ2rqL.js?AUIClients/ was preloaded using link preload but not used within a few seconds from the window's load event. Please make sure it has an appropriate `as` value and it is preloaded intentionally. @ https://www.amazon.com/Logitech-Wireless-Mouse-M185-Swift/dp/B004YAVF8I?th=1:0
[   51058ms] [WARNING] The resource https://m.media-amazon.com/images/I/61lGvbxWIUL.js?AUIClients/ was preloaded using link preload but not used within a few seconds from the window's load event. Please make sure it has an appropriate `as` value and it is preloaded intentionally. @ https://www.amazon.com/Logitech-Wireless-Mouse-M185-Swift/dp/B004YAVF8I?th=1:0
[   51059ms] [WARNING] The resource https://m.media-amazon.com/images/S/sash/cqKHmwD3Ut9oj5s.js#sfClientUrl was preloaded using link preload but not used within a few seconds from the window's load event. Please make sure it has an appropriate `as` value and it is preloaded intentionally. @ https://www.amazon.com/Logitech-Wireless-Mouse-M185-Swift/dp/B004YAVF8I?th=1:0
[   51059ms] [WARNING] The resource https://m.media-amazon.com/images/I/617wb09azWL._RC%7C81ZLs-rhJOL.js,31jsB13JlVL.js_.js?AUIClients/ was preloaded using link preload but not used within a few seconds from the window's load event. Please make sure it has an appropriate `as` value and it is preloaded intentionally. @ https://www.amazon.com/Logitech-Wireless-Mouse-M185-Swift/dp/B004YAVF8I?th=1:0
[   51059ms] [WARNING] The resource https://m.media-amazon.com/images/I/51cAwpAndtL._RC%7C01zCndFsf4L.js,019K6hE9zSL.js,31xJau8gMoL.js_.js?AUIClients/ was preloaded using link preload but not used within a few seconds from the window's load event. Please make sure it has an appropriate `as` value and it is preloaded intentionally. @ https://www.amazon.com/Logitech-Wireless-Mouse-M185-Swift/dp/B004YAVF8I?th=1:0
[   51059ms] [WARNING] The resource https://m.media-amazon.com/images/S/sash/1dcKWNtgTsXnwBt.html#sfClientHtmlUrl was preloaded using link preload but not used within a few seconds from the window's load event. Please make sure it has an appropriate `as` value and it is preloaded intentionally. @ https://www.amazon.com/Logitech-Wireless-Mouse-M185-Swift/dp/B004YAVF8I?th=1:0
[   51059ms] [WARNING] The resource https://m.media-amazon.com/images/I/119lYNyqoQL.js?AUIClients/ was preloaded using link preload but not used within a few seconds from the window's load event. Please make sure it has an appropriate `as` value and it is preloaded intentionally. @ https://www.amazon.com/Logitech-Wireless-Mouse-M185-Swift/dp/B004YAVF8I?th=1:0
[   51059ms] [WARNING] The resource https://m.media-amazon.com/images/I/51S-qOAsDtL.js?AUIClients/ was preloaded using link preload but not used within a few seconds from the window's load event. Please make sure it has an appropriate `as` value and it is preloaded intentionally. @ https://www.amazon.com/Logitech-Wireless-Mouse-M185-Swift/dp/B004YAVF8I?th=1:0
[   51059ms] [WARNING] The resource https://m.media-amazon.com/images/I/31lqqqMDjxL.js?AUIClients/ was preloaded using link preload but not used within a few seconds from the window's load event. Please make sure it has an appropriate `as` value and it is preloaded intentionally. @ https://www.amazon.com/Logitech-Wireless-Mouse-M185-Swift/dp/B004YAVF8I?th=1:0
[   57371ms] [WARNING] The resource https://m.media-amazon.com/images/I/51On6pZ2rqL.js?AUIClients/ was preloaded using link preload but not used within a few seconds from the window's load event. Please make sure it has an appropriate `as` value and it is preloaded intentionally. @ https://www.amazon.com/Logitech-Wireless-Mouse-M185-Swift/dp/B004YAVF8I?th=1:0
[   57371ms] [WARNING] The resource https://m.media-amazon.com/images/I/61lGvbxWIUL.js?AUIClients/ was preloaded using link preload but not used within a few seconds from the window's load event. Please make sure it has an appropriate `as` value and it is preloaded intentionally. @ https://www.amazon.com/Logitech-Wireless-Mouse-M185-Swift/dp/B004YAVF8I?th=1:0
[   57371ms] [WARNING] The resource https://m.media-amazon.com/images/S/sash/cqKHmwD3Ut9oj5s.js#sfClientUrl was preloaded using link preload but not used within a few seconds from the window's load event. Please make sure it has an appropriate `as` value and it is preloaded intentionally. @ https://www.amazon.com/Logitech-Wireless-Mouse-M185-Swift/dp/B004YAVF8I?th=1:0
[   57371ms] [WARNING] The resource https://m.media-amazon.com/images/I/617wb09azWL._RC%7C81ZLs-rhJOL.js,31jsB13JlVL.js_.js?AUIClients/ was preloaded using link preload but not used within a few seconds from the window's load event. Please make sure it has an appropriate `as` value and it is preloaded intentionally. @ https://www.amazon.com/Logitech-Wireless-Mouse-M185-Swift/dp/B004YAVF8I?th=1:0
[   57371ms] [WARNING] The resource https://m.media-amazon.com/images/I/51cAwpAndtL._RC%7C01zCndFsf4L.js,019K6hE9zSL.js,31xJau8gMoL.js_.js?AUIClients/ was preloaded using link preload but not used within a few seconds from the window's load event. Please make sure it has an appropriate `as` value and it is preloaded intentionally. @ https://www.amazon.com/Logitech-Wireless-Mouse-M185-Swift/dp/B004YAVF8I?th=1:0
[   57371ms] [WARNING] The resource https://m.media-amazon.com/images/S/sash/1dcKWNtgTsXnwBt.html#sfClientHtmlUrl was preloaded using link preload but not used within a few seconds from the window's load event. Please make sure it has an appropriate `as` value and it is preloaded intentionally. @ https://www.amazon.com/Logitech-Wireless-Mouse-M185-Swift/dp/B004YAVF8I?th=1:0
[   57371ms] [WARNING] The resource https://m.media-amazon.com/images/I/119lYNyqoQL.js?AUIClients/ was preloaded using link preload but not used within a few seconds from the window's load event. Please make sure it has an appropriate `as` value and it is preloaded intentionally. @ https://www.amazon.com/Logitech-Wireless-Mouse-M185-Swift/dp/B004YAVF8I?th=1:0
[   57371ms] [WARNING] The resource https://m.media-amazon.com/images/I/51S-qOAsDtL.js?AUIClients/ was preloaded using link preload but not used within a few seconds from the window's load event. Please make sure it has an appropriate `as` value and it is preloaded intentionally. @ https://www.amazon.com/Logitech-Wireless-Mouse-M185-Swift/dp/B004YAVF8I?th=1:0
[   57371ms] [WARNING] The resource https://m.media-amazon.com/images/I/31lqqqMDjxL.js?AUIClients/ was preloaded using link preload but not used within a few seconds from the window's load event. Please make sure it has an appropriate `as` value and it is preloaded intentionally. @ https://www.amazon.com/Logitech-Wireless-Mouse-M185-Swift/dp/B004YAVF8I?th=1:0
[   66325ms] TypeError: Cannot redefine property: languages
    at Object.defineProperty (<anonymous>)
    at <anonymous>:28:12
    at <anonymous>:40:5
    at <anonymous>:41:7
[   66325ms] TypeError: Cannot redefine property: languages
    at Object.defineProperty (<anonymous>)
    at <anonymous>:28:12
    at <anonymous>:40:5
    at <anonymous>:41:7
[   66326ms] TypeError: Cannot redefine property: languages
    at Object.defineProperty (<anonymous>)
    at <anonymous>:28:12
    at <anonymous>:40:5
    at <anonymous>:41:7
[   66326ms] TypeError: Cannot redefine property: languages
    at Object.defineProperty (<anonymous>)
    at <anonymous>:28:12
    at <anonymous>:40:5
    at <anonymous>:41:7
[   66326ms] TypeError: Cannot redefine property: languages
    at Object.defineProperty (<anonymous>)
    at <anonymous>:28:12
    at <anonymous>:40:5
    at <anonymous>:41:7
[   66327ms] TypeError: Cannot redefine property: languages
    at Object.defineProperty (<anonymous>)
    at <anonymous>:28:12
    at <anonymous>:40:5
    at <anonymous>:41:7
[   66328ms] TypeError: Cannot redefine property: languages
    at Object.defineProperty (<anonymous>)
    at <anonymous>:28:12
    at <anonymous>:40:5
    at <anonymous>:41:7
[   66328ms] TypeError: Cannot redefine property: languages
    at Object.defineProperty (<anonymous>)
    at <anonymous>:28:12
    at <anonymous>:40:5
    at <anonymous>:41:7
[   66329ms] TypeError: Cannot redefine property: languages
    at Object.defineProperty (<anonymous>)
    at <anonymous>:28:12
    at <anonymous>:40:5
    at <anonymous>:41:7
[   66329ms] TypeError: Cannot redefine property: languages
    at Object.defineProperty (<anonymous>)
    at <anonymous>:28:12
    at <anonymous>:40:5
    at <anonymous>:41:7
[   66332ms] TypeError: Cannot redefine property: languages
    at Object.defineProperty (<anonymous>)
    at <anonymous>:28:12
    at <anonymous>:40:5
    at <anonymous>:41:7
[   66333ms] TypeError: Cannot redefine property: languages
    at Object.defineProperty (<anonymous>)
    at <anonymous>:28:12
    at <anonymous>:40:5
    at <anonymous>:41:7
[   66334ms] TypeError: Cannot redefine property: languages
    at Object.defineProperty (<anonymous>)
    at <anonymous>:28:12
    at <anonymous>:40:5
    at <anonymous>:41:7
[   66335ms] TypeError: Cannot redefine property: languages
    at Object.defineProperty (<anonymous>)
    at <anonymous>:28:12
    at <anonymous>:40:5
    at <anonymous>:41:7
[   66336ms] TypeError: Cannot redefine property: languages
    at Object.defineProperty (<anonymous>)
    at <anonymous>:28:12
    at <anonymous>:40:5
    at <anonymous>:41:7
[   66336ms] TypeError: Cannot redefine property: languages
    at Object.defineProperty (<anonymous>)
    at <anonymous>:28:12
    at <anonymous>:40:5
    at <anonymous>:41:7
[   66511ms] TypeError: Cannot redefine property: languages
    at Object.defineProperty (<anonymous>)
    at <anonymous>:28:12
    at <anonymous>:40:5
    at <anonymous>:41:7
[   66511ms] TypeError: Cannot redefine property: languages
    at Object.defineProperty (<anonymous>)
    at <anonymous>:28:12
    at <anonymous>:40:5
    at <anonymous>:41:7
[   66512ms] Uncaught TypeError: Cannot redefine property: languages
    at <anonymous> (:27:11)
    at <anonymous> (:39:4)
    at <anonymous> (:40:6)
[   66513ms] Uncaught TypeError: Cannot redefine property: languages
    at <anonymous> (:27:11)
    at <anonymous> (:39:4)
    at <anonymous> (:40:6)
[   66513ms] TypeError: Cannot redefine property: languages
    at Object.defineProperty (<anonymous>)
    at <anonymous>:28:12
    at <anonymous>:40:5
    at <anonymous>:41:7
[   66513ms] TypeError: Cannot redefine property: languages
    at Object.defineProperty (<anonymous>)
    at <anonymous>:28:12
    at <anonymous>:40:5
    at <anonymous>:41:7
[ -191721ms] [ERROR] Error logged with the Track&Report JS errors API(http://tiny/1covqr6l8/wamazindeClieUserJava): {"m":"ARA:RegisterTriggerResponseError:SEARCH. Error receiving response from ARAServiceFailed to execute 'json' on 'Response': Unexpected end of JSON input","name":"SyntaxError","csm":"v5 ueLogError stack","logLevel":"ERROR","attribution":"ARARegisterTrigger","pageURL":"https://www.amazon.com/s?k=wireless+mouse&ref=nb_sb_noss","f":"https://m.media-amazon.com/images/I/21vARlfe4pL._RC%7C11s0wiXngEL.js_.js?AUIClients/ARARegisterTriggerSubAssets-search","l":"7","s":["SyntaxError: Unexpected end of JSON input","at https://m.media-amazon.com/images/I/21vARlfe4pL._RC%7C11s0wiXngEL.js_.js?AUIClients/ARARegisterTriggerSubAssets-search:7:384"],"t":4744} Object @ https://images-na.ssl-images-amazon.com/images/I/215h87l68bL.js:3
