[     668ms] TypeError: Cannot redefine property: languages
    at Object.defineProperty (<anonymous>)
    at <anonymous>:28:12
    at <anonymous>:46:5
    at <anonymous>:47:7
[     669ms] TypeError: Cannot redefine property: languages
    at Object.defineProperty (<anonymous>)
    at <anonymous>:28:12
    at <anonymous>:46:5
    at <anonymous>:47:7
[    4275ms] [INFO] Slow network is detected. See https://www.chromestatus.com/feature/5636954674692096 for more details. Fallback font will be used while loading: https://duckduckgo.com/font/DuckSansDisplay-Regular.woff2 @ https://duckduckgo.com/dist/lib/l.3ae6f13dc257d9500d18.js:46
[    4277ms] [INFO] Slow network is detected. See https://www.chromestatus.com/feature/5636954674692096 for more details. Fallback font will be used while loading: https://duckduckgo.com/font/DuckSansDisplay-Bold.woff2 @ https://duckduckgo.com/dist/lib/l.3ae6f13dc257d9500d18.js:46
[    4452ms] TypeError: Cannot redefine property: languages
    at Object.defineProperty (<anonymous>)
    at <anonymous>:28:12
    at <anonymous>:46:5
    at <anonymous>:47:7
[    4453ms] TypeError: Cannot redefine property: languages
    at Object.defineProperty (<anonymous>)
    at <anonymous>:28:12
    at <anonymous>:46:5
    at <anonymous>:47:7
[    4438ms] [WARNING] useTranslation: DISMISS is not available @ https://duckduckgo.com/dist/wpm.main.5ce8922b119acc3b7f2e.js:0
[    4518ms] [WARNING] useTranslation: DISMISS is not available @ https://duckduckgo.com/dist/wpm.main.5ce8922b119acc3b7f2e.js:0
